IQ-TREE version 3.0.1 for Linux x86 64-bit built Jul  9 2025
Developed by Bui Quang Minh, Thomas Wong, Nhan Ly-Trong, Huaiyan Ren
Contributed by Lam-Tung Nguyen, Dominik Schrempf, Chris Bielow,
Olga Chernomor, Michael Woodhams, Diep Thi Hoang, Heiko Schmidt

Host:    thecomputer2 (AVX512, FMA3, 31 GB RAM)
Command: iqtree -s part1_trimmed.afa -m MFP -B 1000 -bnni -nt AUTO -redo
Seed:    561079 (Using SPRNG - Scalable Parallel Random Number Generator)
Time:    Wed Nov 19 11:50:34 2025
Kernel:  AVX+FMA - auto-detect threads (8 CPU cores detected)

Reading alignment file part1_trimmed.afa ... Fasta format detected
Reading fasta file: done in 0.000272696 secs using 90.58% CPU
Alignment most likely contains protein sequences
Constructing alignment: done in 0.000141361 secs using 98.33% CPU
Alignment has 34 sequences with 173 columns, 87 distinct patterns
7 parsimony-informative, 19 singleton sites, 147 constant sites
                                       Gap/Ambiguity  Composition  p-value
Analyzing sequences: done in 2.0502e-05 secs using 92.67% CPU
   1  sampleC_part1                           32.37%    passed     98.46%
   2  AB201257.1_Balaenoptera_omurai           0.58%    passed    100.00%
   3  AP006468.1_Balaenoptera_acutorostrata    0.58%    passed    100.00%
   4  KF369191.1_Thunnus_sp.                  36.42%    passed    100.00%
   5  KJ531382.1_Thunnus_sp.                  36.42%    passed    100.00%
   6  KT719293.1_Thunnus_sp.                  36.42%    passed    100.00%
   7  KY018834.1_Thunnus_sp.                  36.42%    passed    100.00%
   8  KY438800.1_Thunnus_environmental        36.42%    passed    100.00%
   9  MG204905.1_Thunnus_sp.                  36.42%    passed    100.00%
  10  KY676041.1_Thunnus_tonggol              36.42%    passed    100.00%
  11  MZ892564.1_Thunnus_albacares            36.42%    passed    100.00%
  12  DQ107585.1_Thunnus_thynnus              36.42%    passed    100.00%
  13  JN097817.1_Thunnus_orientalis           36.42%    passed    100.00%
  14  PP661813.1_Thunnus_sp.                  36.42%    passed    100.00%
  15  KF925362.1_Thunnus_maccoyii             36.42%    passed    100.00%
  16  KP975906.1_Thunnus_obesus               36.42%    passed    100.00%
  17  AB097669.1_Thunnus_thynnus              36.42%    passed    100.00%
  18  sampleA_part1                            2.89%    passed    100.00%
  19  sampleB_part1                            3.47%    passed    100.00%
  20  EU496283.1_Balaenoptera_ricei            1.16%    passed    100.00%
  21  MT251226.1_Monodon_monoceros             0.00%    passed    100.00%
  22  DQ095155.1_Eubalaena_australis           0.00%    passed    100.00%
  23  AB201259.1_Balaenoptera_brydei           0.00%    passed    100.00%
  24  AP006472.1_Balaena_mysticetus            0.00%    passed    100.00%
  25  AP006475.1_Caperea_marginata             0.00%    passed    100.00%
  26  DQ095154.1_Eubalaena_glacialis           0.00%    passed    100.00%
  27  NC_006931.1_Eubalaena_japonica           0.00%    passed    100.00%
  28  NC_006926.1_Balaenoptera_bonaerensis     0.00%    passed    100.00%
  29  MF409248.1_Balaenoptera_borealis         0.00%    passed    100.00%
  30  MW984423.1_Balaenoptera_edeni            0.00%    passed    100.00%
  31  AP006471.1_Eschrichtius_robustus         0.00%    passed    100.00%
  32  KC572709.1_Balaenoptera_physalus         0.00%    passed    100.00%
  33  MF409242.1_Balaenoptera_musculus         0.00%    passed    100.00%
  34  EU496288.1_Delphinapterus_leucas         1.73%    passed    100.00%
****  TOTAL                                   16.25%  0 sequences failed composition chi2 test (p-value<5%; df=19)
NOTE: KJ531382.1_Thunnus_sp. is identical to KF369191.1_Thunnus_sp. but kept for subsequent analysis
NOTE: AB201259.1_Balaenoptera_brydei is identical to DQ095155.1_Eubalaena_australis but kept for subsequent analysis
NOTE: MF409242.1_Balaenoptera_musculus is identical to KC572709.1_Balaenoptera_physalus but kept for subsequent analysis
Checking for duplicate sequences: done in 0.0119604 secs using 644.1% CPU
Identifying sites to remove: done in 9.4742e-05 secs using 99.22% CPU
NOTE: 19 identical sequences (see below) will be ignored for subsequent analysis
NOTE: KT719293.1_Thunnus_sp. (identical to KF369191.1_Thunnus_sp.) is ignored but added at the end
NOTE: KY018834.1_Thunnus_sp. (identical to KF369191.1_Thunnus_sp.) is ignored but added at the end
NOTE: KY438800.1_Thunnus_environmental (identical to KF369191.1_Thunnus_sp.) is ignored but added at the end
NOTE: MG204905.1_Thunnus_sp. (identical to KF369191.1_Thunnus_sp.) is ignored but added at the end
NOTE: KY676041.1_Thunnus_tonggol (identical to KF369191.1_Thunnus_sp.) is ignored but added at the end
NOTE: MZ892564.1_Thunnus_albacares (identical to KF369191.1_Thunnus_sp.) is ignored but added at the end
NOTE: DQ107585.1_Thunnus_thynnus (identical to KF369191.1_Thunnus_sp.) is ignored but added at the end
NOTE: JN097817.1_Thunnus_orientalis (identical to KF369191.1_Thunnus_sp.) is ignored but added at the end
NOTE: PP661813.1_Thunnus_sp. (identical to KF369191.1_Thunnus_sp.) is ignored but added at the end
NOTE: KF925362.1_Thunnus_maccoyii (identical to KF369191.1_Thunnus_sp.) is ignored but added at the end
NOTE: KP975906.1_Thunnus_obesus (identical to KF369191.1_Thunnus_sp.) is ignored but added at the end
NOTE: AB097669.1_Thunnus_thynnus (identical to KF369191.1_Thunnus_sp.) is ignored but added at the end
NOTE: AP006472.1_Balaena_mysticetus (identical to DQ095155.1_Eubalaena_australis) is ignored but added at the end
NOTE: AP006475.1_Caperea_marginata (identical to DQ095155.1_Eubalaena_australis) is ignored but added at the end
NOTE: DQ095154.1_Eubalaena_glacialis (identical to DQ095155.1_Eubalaena_australis) is ignored but added at the end
NOTE: NC_006931.1_Eubalaena_japonica (identical to DQ095155.1_Eubalaena_australis) is ignored but added at the end
NOTE: NC_006926.1_Balaenoptera_bonaerensis (identical to DQ095155.1_Eubalaena_australis) is ignored but added at the end
NOTE: MF409248.1_Balaenoptera_borealis (identical to DQ095155.1_Eubalaena_australis) is ignored but added at the end
NOTE: MW984423.1_Balaenoptera_edeni (identical to DQ095155.1_Eubalaena_australis) is ignored but added at the end
Alignment was printed to part1_trimmed.afa.uniqueseq.phy

For your convenience alignment with unique sequences printed to part1_trimmed.afa.uniqueseq.phy


Create initial parsimony tree by phylogenetic likelihood library (PLL)... 0.000 seconds
Measuring multi-threading efficiency up to 8 CPU cores
Increase to 10 rounds for branch lengths
916 trees examined
Threads: 1 / Time: 8.005 sec / Speedup: 1.000 / Efficiency: 100% / LogL: -730
Threads: 2 / Time: 5.286 sec / Speedup: 1.514 / Efficiency: 76% / LogL: -730
Threads: 3 / Time: 4.412 sec / Speedup: 1.815 / Efficiency: 60% / LogL: -730
Threads: 4 / Time: 6.320 sec / Speedup: 1.267 / Efficiency: 32% / LogL: -730
Determining AUTO threadcount: done in 24.0241 secs using 235.7% CPU
BEST NUMBER OF THREADS: 3

Perform fast likelihood tree search using LG+I+G model...
Estimate model parameters (epsilon = 5.000)
Perform nearest neighbor interchange...
Optimizing NNI: done in 0.0323348 secs using 297.9% CPU
Estimate model parameters (epsilon = 1.000)
1. Initial log-likelihood: -674.432
Optimal log-likelihood: -674.403
Proportion of invariable sites: 0.424
Gamma shape alpha: 0.730
Parameters optimization took 1 rounds (0.013 sec)
Time for fast ML tree search: 0.062 seconds

NOTE: ModelFinder requires 2 MB RAM!
ModelFinder will test up to 1232 protein models (sample size: 173 epsilon: 0.100) ...
 No. Model         -LnL         df  AIC          AICc         BIC
  1  LG            677.356      27  1408.712     1419.140     1493.851
  2  LG+I          674.455      28  1404.910     1416.188     1493.202
  3  LG+G4         674.409      28  1404.818     1416.096     1493.110
  4  LG+I+G4       674.401      29  1406.802     1418.970     1498.248
  5  LG+R2         675.046      29  1408.093     1420.261     1499.538
  6  LG+R3         674.448      31  1410.896     1424.967     1508.648
 14  LG+I+R2       674.484      30  1408.968     1422.066     1503.566
 15  LG+I+R3       674.458      32  1412.915     1428.001     1513.821
 23  LG+F          642.130      46  1376.261     1410.578     1521.312
 24  LG+F+I        638.899      47  1371.797     1407.893     1520.002
 25  LG+F+G4       638.912      47  1371.824     1407.920     1520.029
 26  LG+F+I+G4     638.937      48  1373.874     1411.810     1525.232
 27  LG+F+R2       639.425      48  1374.850     1412.785     1526.208
 45  WAG           674.634      27  1403.269     1413.697     1488.408
 46  WAG+I         672.646      28  1401.292     1412.569     1489.584
 47  WAG+G4        672.573      28  1401.146     1412.424     1489.438
 48  WAG+I+G4      672.563      29  1403.126     1415.294     1494.571
 49  WAG+R2        672.776      29  1403.552     1415.720     1494.997
 67  WAG+F         640.037      46  1372.075     1406.392     1517.126
 68  WAG+F+I       638.120      47  1370.241     1406.337     1518.446
 69  WAG+F+G4      638.097      47  1370.194     1406.290     1518.399
 70  WAG+F+I+G4    638.088      48  1372.176     1410.112     1523.534
 71  WAG+F+R2      638.207      48  1372.415     1410.350     1523.773
 89  JTT           673.780      27  1401.560     1411.987     1486.699
 90  JTT+I         671.174      28  1398.348     1409.626     1486.640
 91  JTT+G4        671.163      28  1398.326     1409.603     1486.618
 92  JTT+I+G4      671.189      29  1400.379     1412.547     1491.824
 93  JTT+R2        671.404      29  1400.808     1412.976     1492.253
111  JTT+F         641.900      46  1375.799     1410.117     1520.851
112  JTT+F+I       639.578      47  1373.156     1409.252     1521.361
113  JTT+F+G4      639.606      47  1373.212     1409.308     1521.416
114  JTT+F+I+G4    639.620      48  1375.241     1413.176     1526.599
115  JTT+F+R2      639.692      48  1375.384     1413.320     1526.742
133  Q.PFAM        675.380      27  1404.760     1415.188     1489.899
134  Q.PFAM+I      672.907      28  1401.814     1413.091     1490.106
135  Q.PFAM+G4     672.872      28  1401.744     1413.022     1490.036
136  Q.PFAM+I+G4   672.867      29  1403.734     1415.901     1495.179
137  Q.PFAM+R2     673.045      29  1404.089     1416.257     1495.535
155  Q.PFAM+F      641.892      46  1375.784     1410.101     1520.835
156  Q.PFAM+F+I    638.902      47  1371.803     1407.899     1520.008
157  Q.PFAM+F+G4   638.959      47  1371.918     1408.014     1520.123
158  Q.PFAM+F+I+G4 638.988      48  1373.975     1411.911     1525.333
159  Q.PFAM+F+R2   639.089      48  1374.177     1412.113     1525.535
177  Q.BIRD        688.409      27  1430.819     1441.247     1515.958
178  Q.BIRD+I      683.345      28  1422.689     1433.967     1510.981
179  Q.BIRD+G4     683.324      28  1422.647     1433.925     1510.940
180  Q.BIRD+I+G4   683.388      29  1424.776     1436.944     1516.221
181  Q.BIRD+R2     683.490      29  1424.981     1437.148     1516.426
199  Q.BIRD+F      649.856      46  1391.713     1426.030     1536.764
200  Q.BIRD+F+I    645.199      47  1384.397     1420.493     1532.602
201  Q.BIRD+F+G4   645.200      47  1384.401     1420.497     1532.605
202  Q.BIRD+F+I+G4 645.235      48  1386.469     1424.405     1537.827
203  Q.BIRD+F+R2   645.242      48  1386.484     1424.419     1537.842
221  Q.MAMMAL      687.040      27  1428.080     1438.507     1513.218
222  Q.MAMMAL+I    683.380      28  1422.760     1434.038     1511.052
223  Q.MAMMAL+G4   683.378      28  1422.757     1434.035     1511.049
224  Q.MAMMAL+I+G4 683.444      29  1424.889     1437.056     1516.334
225  Q.MAMMAL+R2   683.388      29  1424.776     1436.944     1516.221
243  Q.MAMMAL+F    646.679      46  1385.357     1419.675     1530.409
244  Q.MAMMAL+F+I  643.242      47  1380.483     1416.579     1528.688
245  Q.MAMMAL+F+G4 643.328      47  1380.656     1416.752     1528.861
246  Q.MAMMAL+F+I+G4 643.398      48  1382.797     1420.732     1534.155
247  Q.MAMMAL+F+R2 643.256      48  1382.511     1420.447     1533.869
265  Q.INSECT      686.595      27  1427.189     1437.617     1512.328
266  Q.INSECT+I    684.181      28  1424.362     1435.640     1512.654
267  Q.INSECT+G4   684.159      28  1424.317     1435.595     1512.609
268  Q.INSECT+I+G4 684.163      29  1426.326     1438.494     1517.772
269  Q.INSECT+R2   684.188      29  1426.375     1438.543     1517.821
287  Q.INSECT+F    641.016      46  1374.031     1408.349     1519.083
288  Q.INSECT+F+I  638.603      47  1371.207     1407.303     1519.412
289  Q.INSECT+F+G4 638.629      47  1371.258     1407.354     1519.463
290  Q.INSECT+F+I+G4 638.646      48  1373.291     1411.227     1524.649
291  Q.INSECT+F+R2 638.621      48  1373.241     1411.177     1524.599
309  Q.PLANT       682.572      27  1419.144     1429.572     1504.283
310  Q.PLANT+I     676.849      28  1409.698     1420.976     1497.990
311  Q.PLANT+G4    676.795      28  1409.590     1420.867     1497.882
312  Q.PLANT+I+G4  676.782      29  1411.565     1423.733     1503.010
313  Q.PLANT+R2    676.880      29  1411.760     1423.928     1503.205
331  Q.PLANT+F     647.353      46  1386.706     1421.023     1531.757
332  Q.PLANT+F+I   641.896      47  1377.792     1413.888     1525.997
333  Q.PLANT+F+G4  641.881      47  1377.763     1413.859     1525.968
334  Q.PLANT+F+I+G4 641.920      48  1379.840     1417.776     1531.198
335  Q.PLANT+F+R2  641.897      48  1379.793     1417.729     1531.151
353  Q.YEAST       686.879      27  1427.758     1438.186     1512.897
354  Q.YEAST+I     684.050      28  1424.100     1435.378     1512.393
355  Q.YEAST+G4    684.028      28  1424.057     1435.335     1512.349
356  Q.YEAST+I+G4  684.032      29  1426.065     1438.232     1517.510
357  Q.YEAST+R2    684.070      29  1426.141     1438.309     1517.586
375  Q.YEAST+F     642.150      46  1376.301     1410.618     1521.352
376  Q.YEAST+F+I   639.096      47  1372.193     1408.289     1520.398
377  Q.YEAST+F+G4  639.147      47  1372.294     1408.390     1520.499
378  Q.YEAST+F+I+G4 639.183      48  1374.367     1412.302     1525.725
379  Q.YEAST+F+R2  639.123      48  1374.246     1412.182     1525.604
397  JTTDCMUT      674.099      27  1402.198     1412.626     1487.337
398  JTTDCMUT+I    671.565      28  1399.130     1410.408     1487.422
399  JTTDCMUT+G4   671.547      28  1399.093     1410.371     1487.385
400  JTTDCMUT+I+G4 671.569      29  1401.138     1413.305     1492.583
401  JTTDCMUT+R2   671.574      29  1401.147     1413.315     1492.593
419  JTTDCMUT+F    641.798      46  1375.596     1409.913     1520.647
420  JTTDCMUT+F+I  639.562      47  1373.124     1409.220     1521.329
421  JTTDCMUT+F+G4 639.584      47  1373.168     1409.264     1521.372
422  JTTDCMUT+F+I+G4 639.596      48  1375.191     1413.127     1526.549
423  JTTDCMUT+F+R2 639.605      48  1375.209     1413.145     1526.567
441  DCMUT         686.023      27  1426.045     1436.473     1511.184
442  DCMUT+I       681.522      28  1419.044     1430.322     1507.336
443  DCMUT+G4      681.504      28  1419.008     1430.285     1507.300
444  DCMUT+I+G4    681.568      29  1421.135     1433.303     1512.581
445  DCMUT+R2      681.537      29  1421.074     1433.242     1512.519
463  DCMUT+F       643.221      46  1378.441     1412.759     1523.493
464  DCMUT+F+I     638.990      47  1371.980     1408.076     1520.184
465  DCMUT+F+G4    639.046      47  1372.092     1408.188     1520.297
466  DCMUT+F+I+G4  639.137      48  1374.273     1412.209     1525.631
467  DCMUT+F+R2    639.015      48  1374.030     1411.966     1525.388
485  VT            671.992      27  1397.985     1408.412     1483.124
486  VT+I          670.641      28  1397.282     1408.560     1485.574
487  VT+G4         670.581      28  1397.161     1408.439     1485.453
488  VT+I+G4       670.587      29  1399.173     1411.341     1490.619
489  VT+R2         670.716      29  1399.432     1411.600     1490.878
507  VT+F          639.291      46  1370.582     1404.899     1515.633
508  VT+F+I        637.973      47  1369.945     1406.041     1518.150
509  VT+F+G4       637.949      47  1369.898     1405.994     1518.102
510  VT+F+I+G4     637.948      48  1371.896     1409.831     1523.254
511  VT+F+R2       638.043      48  1372.086     1410.022     1523.444
529  PMB           669.693      27  1393.386     1403.813     1478.524
530  PMB+I         668.730      28  1393.460     1404.737     1481.752
531  PMB+G4        668.600      28  1393.200     1404.477     1481.492
532  PMB+I+G4      668.625      29  1395.249     1407.417     1486.695
533  PMB+R2        668.799      29  1395.598     1407.766     1487.043
551  PMB+F         638.724      46  1369.449     1403.766     1514.500
552  PMB+F+I       637.646      47  1369.291     1405.387     1517.496
553  PMB+F+G4      637.549      47  1369.097     1405.193     1517.302
554  PMB+F+I+G4    637.557      48  1371.115     1409.050     1522.473
555  PMB+F+R2      637.663      48  1371.325     1409.261     1522.683
573  BLOSUM62      670.075      27  1394.149     1404.577     1479.288
574  BLOSUM62+I    668.921      28  1393.842     1405.120     1482.135
575  BLOSUM62+G4   668.799      28  1393.599     1404.877     1481.891
576  BLOSUM62+I+G4 668.808      29  1395.616     1407.784     1487.062
577  BLOSUM62+R2   668.884      29  1395.768     1407.936     1487.214
595  BLOSUM62+F    638.662      46  1369.324     1403.641     1514.375
596  BLOSUM62+F+I  637.384      47  1368.768     1404.864     1516.972
597  BLOSUM62+F+G4 637.304      47  1368.607     1404.703     1516.812
598  BLOSUM62+F+I+G4 637.300      48  1370.599     1408.535     1521.957
599  BLOSUM62+F+R2 637.351      48  1370.701     1408.637     1522.059
617  DAYHOFF       686.085      27  1426.171     1436.598     1511.310
618  DAYHOFF+I     681.527      28  1419.054     1430.332     1507.346
619  DAYHOFF+G4    681.506      28  1419.012     1430.289     1507.304
620  DAYHOFF+I+G4  681.575      29  1421.149     1433.317     1512.595
621  DAYHOFF+R2    681.769      29  1421.538     1433.705     1512.983
639  DAYHOFF+F     643.284      46  1378.567     1412.885     1523.619
640  DAYHOFF+F+I   638.989      47  1371.979     1408.075     1520.184
641  DAYHOFF+F+G4  639.046      47  1372.093     1408.189     1520.298
642  DAYHOFF+F+I+G4 639.141      48  1374.283     1412.218     1525.641
643  DAYHOFF+F+R2  639.189      48  1374.377     1412.313     1525.735
661  MTREV         659.693      27  1373.387     1383.814     1458.526
662  MTREV+I       653.988      28  1363.975     1375.253     1452.267
663  MTREV+G4      653.817      28  1363.633     1374.911     1451.925
664  MTREV+I+G4    653.749      29  1365.498     1377.666     1456.944
665  MTREV+R2      653.879      29  1365.757     1377.925     1457.203
683  MTREV+F       648.519      46  1389.038     1423.356     1534.090
684  MTREV+F+I     643.084      47  1380.169     1416.265     1528.373
685  MTREV+F+G4    642.905      47  1379.810     1415.906     1528.015
686  MTREV+F+I+G4  642.829      48  1381.657     1419.592     1533.015
687  MTREV+F+R2    642.897      48  1381.794     1419.729     1533.152
705  MTART         664.958      27  1383.916     1394.343     1469.054
706  MTART+I       653.642      28  1363.284     1374.561     1451.576
707  MTART+G4      653.523      28  1363.046     1374.324     1451.338
708  MTART+I+G4    653.583      29  1365.167     1377.334     1456.612
709  MTART+R2      653.798      29  1365.597     1377.765     1457.042
727  MTART+F       652.174      46  1396.347     1430.665     1541.399
728  MTART+F+I     641.622      47  1377.245     1413.341     1525.449
729  MTART+F+G4    641.525      47  1377.051     1413.147     1525.255
730  MTART+F+I+G4  641.425      48  1378.850     1416.785     1530.208
731  MTART+F+R2    641.636      48  1379.272     1417.208     1530.630
749  MTZOA         657.497      27  1368.994     1379.421     1454.133
750  MTZOA+I       650.205      28  1356.410     1367.688     1444.703
751  MTZOA+G4      650.159      28  1356.318     1367.596     1444.610
752  MTZOA+I+G4    650.196      29  1358.392     1370.560     1449.837
753  MTZOA+R2      650.218      29  1358.436     1370.604     1449.882
771  MTZOA+F       647.293      46  1386.587     1420.904     1531.638
772  MTZOA+F+I     640.524      47  1375.048     1411.144     1523.252
773  MTZOA+F+G4    640.537      47  1375.074     1411.170     1523.278
774  MTZOA+F+I+G4  640.557      48  1377.115     1415.050     1528.473
775  MTZOA+F+R2    640.616      48  1377.232     1415.167     1528.590
793  MTMET         668.901      27  1391.803     1402.230     1476.941
794  MTMET+I       662.978      28  1381.956     1393.234     1470.248
795  MTMET+G4      663.075      28  1382.151     1393.428     1470.443
796  MTMET+I+G4    663.291      29  1384.582     1396.750     1476.028
797  MTMET+R2      663.216      29  1384.433     1396.601     1475.878
815  MTMET+F       646.950      46  1385.899     1420.217     1530.951
816  MTMET+F+I     641.670      47  1377.340     1413.436     1525.544
817  MTMET+F+G4    641.753      47  1377.507     1413.603     1525.711
818  MTMET+F+I+G4  641.900      48  1379.800     1417.735     1531.158
819  MTMET+F+R2    641.846      48  1379.692     1417.627     1531.050
837  MTVER         668.555      27  1391.109     1401.537     1476.248
838  MTVER+I       660.040      28  1376.079     1387.357     1464.371
839  MTVER+G4      660.021      28  1376.041     1387.319     1464.334
840  MTVER+I+G4    660.137      29  1378.273     1390.441     1469.719
841  MTVER+R2      660.264      29  1378.528     1390.695     1469.973
859  MTVER+F       652.969      46  1397.938     1432.255     1542.989
860  MTVER+F+I     645.049      47  1384.099     1420.195     1532.303
861  MTVER+F+G4    644.999      47  1383.998     1420.094     1532.203
862  MTVER+F+I+G4  645.037      48  1386.073     1424.009     1537.431
863  MTVER+F+R2    645.086      48  1386.173     1424.108     1537.531
881  MTINV         676.783      27  1407.565     1417.993     1492.704
882  MTINV+I       672.400      28  1400.799     1412.077     1489.091
883  MTINV+G4      672.485      28  1400.970     1412.248     1489.262
884  MTINV+I+G4    672.582      29  1403.164     1415.332     1494.609
885  MTINV+R2      672.566      29  1403.132     1415.300     1494.578
903  MTINV+F       642.797      46  1377.595     1411.912     1522.646
904  MTINV+F+I     639.079      47  1372.159     1408.255     1520.364
905  MTINV+F+G4    639.182      47  1372.364     1408.460     1520.568
906  MTINV+F+I+G4  639.236      48  1374.471     1412.407     1525.829
907  MTINV+F+R2    639.255      48  1374.510     1412.446     1525.868
925  MTMAM         670.579      27  1395.157     1405.585     1480.296
926  MTMAM+I       656.545      28  1369.089     1380.367     1457.381
927  MTMAM+G4      656.577      28  1369.154     1380.432     1457.446
928  MTMAM+I+G4    656.728      29  1371.457     1383.624     1462.902
929  MTMAM+R2      657.662      29  1373.325     1385.493     1464.770
947  MTMAM+F       659.341      46  1410.682     1445.000     1555.734
948  MTMAM+F+I     645.387      47  1384.773     1420.869     1532.978
949  MTMAM+F+G4    645.370      47  1384.740     1420.836     1532.944
950  MTMAM+F+I+G4  645.535      48  1387.071     1425.006     1538.429
951  MTMAM+F+R2    646.202      48  1388.405     1426.340     1539.763
969  FLAVI         679.202      27  1412.405     1422.832     1497.544
970  FLAVI+I       669.346      28  1394.691     1405.969     1482.983
971  FLAVI+G4      669.347      28  1394.694     1405.971     1482.986
972  FLAVI+I+G4    669.725      29  1397.450     1409.618     1488.896
973  FLAVI+R2      669.890      29  1397.779     1409.947     1489.225
991  FLAVI+F       657.402      46  1406.803     1441.121     1551.854
992  FLAVI+F+I     647.475      47  1388.949     1425.045     1537.154
993  FLAVI+F+G4    647.444      47  1388.888     1424.984     1537.093
994  FLAVI+F+I+G4  647.566      48  1391.133     1429.068     1542.491
995  FLAVI+F+R2    647.831      48  1391.661     1429.597     1543.019
1013  HIVB          689.317      27  1432.633     1443.061     1517.772
1014  HIVB+I        681.832      28  1419.664     1430.942     1507.957
1015  HIVB+G4       681.844      28  1419.689     1430.967     1507.981
1016  HIVB+I+G4     682.001      29  1422.001     1434.169     1513.447
1017  HIVB+R2       681.920      29  1421.840     1434.008     1513.286
1035  HIVB+F        651.530      46  1395.059     1429.377     1540.111
1036  HIVB+F+I      644.152      47  1382.305     1418.401     1530.509
1037  HIVB+F+G4     644.055      47  1382.109     1418.205     1530.314
1038  HIVB+F+I+G4   643.901      48  1383.802     1421.737     1535.160
1039  HIVB+F+R2     643.869      48  1383.737     1421.673     1535.095
1057  HIVW          704.938      27  1463.875     1474.303     1549.014
1058  HIVW+I        696.713      28  1449.427     1460.705     1537.719
1059  HIVW+G4       696.729      28  1449.458     1460.735     1537.750
1060  HIVW+I+G4     696.904      29  1451.807     1463.975     1543.253
1061  HIVW+R2       696.849      29  1451.699     1463.867     1543.144
1079  HIVW+F        655.583      46  1403.165     1437.483     1548.217
1080  HIVW+F+I      647.847      47  1389.694     1425.790     1537.899
1081  HIVW+F+G4     647.841      47  1389.681     1425.777     1537.886
1082  HIVW+F+I+G4   647.872      48  1391.744     1429.680     1543.102
1083  HIVW+F+R2     647.914      48  1391.828     1429.764     1543.186
1101  FLU           689.213      27  1432.425     1442.853     1517.564
1102  FLU+I         682.183      28  1420.366     1431.644     1508.659
1103  FLU+G4        682.149      28  1420.299     1431.576     1508.591
1104  FLU+I+G4      682.158      29  1422.316     1434.484     1513.761
1105  FLU+R2        682.155      29  1422.310     1434.478     1513.755
1123  FLU+F         650.364      46  1392.728     1427.045     1537.779
1124  FLU+F+I       642.589      47  1379.178     1415.274     1527.382
1125  FLU+F+G4      642.656      47  1379.313     1415.409     1527.517
1126  FLU+F+I+G4    642.806      48  1381.613     1419.548     1532.971
1127  FLU+F+R2      642.851      48  1381.703     1419.638     1533.061
1145  RTREV         679.126      27  1412.252     1422.680     1497.391
1146  RTREV+I       676.986      28  1409.973     1421.251     1498.265
1147  RTREV+G4      676.948      28  1409.896     1421.174     1498.188
1148  RTREV+I+G4    676.949      29  1411.898     1424.065     1503.343
1149  RTREV+R2      676.965      29  1411.931     1424.098     1503.376
1167  RTREV+F       639.627      46  1371.254     1405.572     1516.306
1168  RTREV+F+I     637.004      47  1368.008     1404.104     1516.212
1169  RTREV+F+G4    637.038      47  1368.075     1404.171     1516.280
1170  RTREV+F+I+G4  637.059      48  1370.118     1408.054     1521.476
1171  RTREV+F+R2    637.075      48  1370.150     1408.086     1521.508
1189  CPREV         666.738      27  1387.475     1397.903     1472.614
1190  CPREV+I       663.996      28  1383.992     1395.270     1472.284
1191  CPREV+G4      664.010      28  1384.020     1395.298     1472.312
1192  CPREV+I+G4    664.023      29  1386.047     1398.215     1477.492
1193  CPREV+R2      664.033      29  1386.065     1398.233     1477.511
1211  CPREV+F       641.087      46  1374.174     1408.491     1519.225
1212  CPREV+F+I     638.604      47  1371.209     1407.305     1519.414
1213  CPREV+F+G4    638.617      47  1371.234     1407.330     1519.439
1214  CPREV+F+I+G4  638.620      48  1373.240     1411.175     1524.598
1215  CPREV+F+R2    638.637      48  1373.273     1411.209     1524.631
Akaike Information Criterion:           MTZOA+G4
Corrected Akaike Information Criterion: MTZOA+G4
Bayesian Information Criterion:         MTZOA+G4
Best-fit model: MTZOA+G4 chosen according to BIC

All model information printed to part1_trimmed.afa.model.gz
CPU time for ModelFinder: 66.165 seconds (0h:1m:6s)
Wall-clock time for ModelFinder: 27.217 seconds (0h:0m:27s)
WARNING: States(s) C rarely appear in alignment and may cause numerical problems
Generating 1000 samples for ultrafast bootstrap (seed: 561079)...

NOTE: 1 MB RAM (0 GB) is required!
Estimate model parameters (epsilon = 0.100)
1. Initial log-likelihood: -651.811
2. Current log-likelihood: -650.402
3. Current log-likelihood: -650.166
Optimal log-likelihood: -650.162
Gamma shape alpha: 0.124
Parameters optimization took 3 rounds (0.030 sec)
Wrote distance file to... 
Computing ML distances based on estimated model parameters...
Calculating distance matrix: done in 0.0161508 secs using 307.4% CPU
Computing ML distances took 0.016251 sec (of wall-clock time) 0.049756 sec (of CPU time)
Setting up auxiliary I and S matrices: done in 0.000266086 secs using 247.7% CPU
Constructing RapidNJ tree: done in 0.00235216 secs using 132.2% CPU
Computing RapidNJ tree took 0.002732 sec (of wall-clock time) 0.004163 sec (of CPU time)
Log-likelihood of RapidNJ tree: -652.860
--------------------------------------------------------------------
|             INITIALIZING CANDIDATE TREE SET                      |
--------------------------------------------------------------------
Generating 98 parsimony trees... 0.042 second
Computing log-likelihood of 98 initial trees ... 0.190 seconds
Current best score: -650.162

Do NNI search on 20 best initial trees
Optimizing NNI: done in 0.0113939 secs using 293.1% CPU
Estimate model parameters (epsilon = 0.100)
BETTER TREE FOUND at iteration 1: -650.162
Optimizing NNI: done in 0.0243644 secs using 292.9% CPU
Estimate model parameters (epsilon = 0.100)
BETTER TREE FOUND at iteration 2: -649.928
Optimizing NNI: done in 0.0229477 secs using 300.4% CPU
Optimizing NNI: done in 0.0220829 secs using 299.2% CPU
Optimizing NNI: done in 0.0225542 secs using 295.1% CPU
Optimizing NNI: done in 0.0215929 secs using 299.1% CPU
Optimizing NNI: done in 0.0211046 secs using 298.9% CPU
Optimizing NNI: done in 0.0219551 secs using 300.4% CPU
Optimizing NNI: done in 0.0321546 secs using 299% CPU
BETTER TREE FOUND at iteration 9: -649.928
Optimizing NNI: done in 0.0323258 secs using 301.1% CPU
Iteration 10 / LogL: -649.928 / Time: 0h:0m:27s
Optimizing NNI: done in 0.0317691 secs using 292% CPU
Optimizing NNI: done in 0.0314875 secs using 293.7% CPU
Optimizing NNI: done in 0.0357882 secs using 301.2% CPU
Optimizing NNI: done in 0.0420906 secs using 299.2% CPU
Optimizing NNI: done in 0.0327082 secs using 301.8% CPU
Optimizing NNI: done in 0.0224982 secs using 295.6% CPU
Optimizing NNI: done in 0.0234835 secs using 287.3% CPU
Optimizing NNI: done in 0.0230517 secs using 295.2% CPU
Optimizing NNI: done in 0.0213849 secs using 291.7% CPU
Optimizing NNI: done in 0.0213603 secs using 291.9% CPU
Iteration 20 / LogL: -650.158 / Time: 0h:0m:28s
Finish initializing candidate tree set (20)
Current best tree score: -649.928 / CPU time: 0.779
Number of iterations: 20
--------------------------------------------------------------------
|               OPTIMIZING CANDIDATE TREE SET                      |
--------------------------------------------------------------------
Optimizing NNI: done in 0.0324736 secs using 294% CPU
Optimizing NNI: done in 0.0684004 secs using 297.3% CPU
Optimizing NNI: done in 0.0400368 secs using 297.3% CPU
Optimizing NNI: done in 0.0507023 secs using 295.2% CPU
Optimizing NNI: done in 0.0177128 secs using 303.2% CPU
Optimizing NNI: done in 0.0195638 secs using 289% CPU
Optimizing NNI: done in 0.0577709 secs using 299% CPU
Optimizing NNI: done in 0.0104745 secs using 310% CPU
Optimizing NNI: done in 0.0202124 secs using 297.9% CPU
Optimizing NNI: done in 0.0109223 secs using 283.1% CPU
Iteration 30 / LogL: -649.928 / Time: 0h:0m:28s (0h:0m:3s left)
Optimizing NNI: done in 0.0419601 secs using 300.2% CPU
Optimizing NNI: done in 0.0179719 secs using 294.7% CPU
Optimizing NNI: done in 0.0423237 secs using 298.4% CPU
Optimizing NNI: done in 0.0203546 secs using 296.5% CPU
Optimizing NNI: done in 0.020714 secs using 297.9% CPU
Optimizing NNI: done in 0.0302144 secs using 298.6% CPU
Optimizing NNI: done in 0.0096419 secs using 307.4% CPU
Optimizing NNI: done in 0.021368 secs using 296.5% CPU
Optimizing NNI: done in 0.0302123 secs using 292% CPU
Optimizing NNI: done in 0.0609305 secs using 295.3% CPU
Iteration 40 / LogL: -650.507 / Time: 0h:0m:28s (0h:0m:2s left)
Optimizing NNI: done in 0.0209343 secs using 300.6% CPU
Optimizing NNI: done in 0.0370794 secs using 302.3% CPU
Optimizing NNI: done in 0.032431 secs using 303.5% CPU
Optimizing NNI: done in 0.09611 secs using 297.7% CPU
Optimizing NNI: done in 0.01004 secs using 299.2% CPU
Optimizing NNI: done in 0.0605792 secs using 296.4% CPU
Optimizing NNI: done in 0.040063 secs using 297.1% CPU
Optimizing NNI: done in 0.0304394 secs using 297.1% CPU
Optimizing NNI: done in 0.0112879 secs using 312.6% CPU
Optimizing NNI: done in 0.0429878 secs using 295.4% CPU
Iteration 50 / LogL: -649.929 / Time: 0h:0m:29s (0h:0m:2s left)
Optimizing NNI: done in 0.0209943 secs using 300% CPU
Optimizing NNI: done in 0.0334858 secs using 303% CPU
Optimizing NNI: done in 0.032176 secs using 305.1% CPU
Optimizing NNI: done in 0.00972299 secs using 274.8% CPU
Optimizing NNI: done in 0.00997605 secs using 300.4% CPU
Optimizing NNI: done in 0.0307449 secs using 295.2% CPU
Optimizing NNI: done in 0.0339951 secs using 297.1% CPU
Optimizing NNI: done in 0.0406057 secs using 297% CPU
Optimizing NNI: done in 0.0400852 secs using 297.1% CPU
Optimizing NNI: done in 0.00982437 secs using 303.5% CPU
Iteration 60 / LogL: -649.928 / Time: 0h:0m:29s (0h:0m:1s left)
Optimizing NNI: done in 0.0491968 secs using 297.2% CPU
Optimizing NNI: done in 0.0181785 secs using 298% CPU
Optimizing NNI: done in 0.0520324 secs using 297.9% CPU
Optimizing NNI: done in 0.0392751 secs using 296% CPU
Optimizing NNI: done in 0.00982731 secs using 303.5% CPU
Optimizing NNI: done in 0.0317611 secs using 301.5% CPU
Optimizing NNI: done in 0.0301414 secs using 299% CPU
Optimizing NNI: done in 0.049005 secs using 297.9% CPU
Optimizing NNI: done in 0.0608604 secs using 300.4% CPU
Optimizing NNI: done in 0.0258967 secs using 296.9% CPU
Iteration 70 / LogL: -649.929 / Time: 0h:0m:29s (0h:0m:1s left)
Optimizing NNI: done in 0.0130265 secs using 299.6% CPU
Optimizing NNI: done in 0.0332191 secs using 298.7% CPU
Optimizing NNI: done in 0.0423758 secs using 298.2% CPU
Optimizing NNI: done in 0.080341 secs using 297.9% CPU
Optimizing NNI: done in 0.0144164 secs using 294.2% CPU
Optimizing NNI: done in 0.0763792 secs using 297.7% CPU
Optimizing NNI: done in 0.0393299 secs using 298.3% CPU
Optimizing NNI: done in 0.064663 secs using 296.4% CPU
Optimizing NNI: done in 0.0326649 secs using 295.9% CPU
Optimizing NNI: done in 0.0373879 secs using 289.9% CPU
Iteration 80 / LogL: -649.929 / Time: 0h:0m:30s (0h:0m:1s left)
Optimizing NNI: done in 0.0552305 secs using 302.7% CPU
Optimizing NNI: done in 0.0294797 secs using 289.9% CPU
Optimizing NNI: done in 0.0742926 secs using 297.8% CPU
Optimizing NNI: done in 0.0658807 secs using 297.3% CPU
Optimizing NNI: done in 0.0722287 secs using 293.6% CPU
Optimizing NNI: done in 0.0829945 secs using 296.8% CPU
Optimizing NNI: done in 0.0539658 secs using 295.1% CPU
Optimizing NNI: done in 0.0433687 secs using 287.5% CPU
Optimizing NNI: done in 0.11424 secs using 279.1% CPU
Optimizing NNI: done in 0.0917485 secs using 293.2% CPU
Iteration 90 / LogL: -649.930 / Time: 0h:0m:31s (0h:0m:0s left)
Optimizing NNI: done in 0.0827559 secs using 290.4% CPU
Optimizing NNI: done in 0.0296026 secs using 301.8% CPU
Optimizing NNI: done in 0.0433724 secs using 299.5% CPU
Optimizing NNI: done in 0.0633215 secs using 291.3% CPU
Optimizing NNI: done in 0.0737651 secs using 299.2% CPU
Optimizing NNI: done in 0.0565791 secs using 292.6% CPU
Optimizing NNI: done in 0.0543895 secs using 291.2% CPU
Optimizing NNI: done in 0.0867309 secs using 300.6% CPU
Optimizing NNI: done in 0.0267872 secs using 301.6% CPU
Optimizing NNI: done in 0.03067 secs using 295.6% CPU
Iteration 100 / LogL: -649.929 / Time: 0h:0m:31s (0h:0m:0s left)
Optimizing NNI: done in 0.0612394 secs using 297.6% CPU
Optimizing NNI: done in 0.0904854 secs using 295.6% CPU
Optimizing NNI: done in 0.0147412 secs using 303.4% CPU
Optimizing NNI: done in 0.0287675 secs using 301.6% CPU
Optimizing NNI: done in 0.0433122 secs using 298.4% CPU
Optimizing NNI: done in 0.0563464 secs using 295.2% CPU
Optimizing NNI: done in 0.0447404 secs using 298.9% CPU
Optimizing NNI: done in 0.0424315 secs using 295.4% CPU
Optimizing NNI: done in 0.0262064 secs using 293.4% CPU
Optimizing NNI: done in 0.0721633 secs using 299.5% CPU
Iteration 110 / LogL: -649.928 / Time: 0h:0m:32s (0h:0m:-1s left)
Refining ufboot trees with NNI 1 branch...
Optimizing NNI: done in 0.00546033 secs using 319.7% CPU
Optimizing NNI: done in 0.00473163 secs using 311.3% CPU
Optimizing NNI: done in 0.00478154 secs using 288.2% CPU
Optimizing NNI: done in 0.0115828 secs using 289.9% CPU
Optimizing NNI: done in 0.0054945 secs using 318.4% CPU
Optimizing NNI: done in 0.0050282 secs using 298.9% CPU
Optimizing NNI: done in 0.00396635 secs using 301.6% CPU
Optimizing NNI: done in 0.00833234 secs using 315.9% CPU
Optimizing NNI: done in 0.0171606 secs using 298.1% CPU
Optimizing NNI: done in 0.00460499 secs using 317.1% CPU
Optimizing NNI: done in 0.0110542 secs using 299% CPU
Optimizing NNI: done in 0.00404725 secs using 297.6% CPU
Optimizing NNI: done in 0.00683302 secs using 304.8% CPU
Optimizing NNI: done in 0.0254199 secs using 304.5% CPU
Optimizing NNI: done in 0.00729668 secs using 305.6% CPU
Optimizing NNI: done in 0.00460051 secs using 273.8% CPU
Optimizing NNI: done in 0.00434743 secs using 307.1% CPU
Optimizing NNI: done in 0.00762275 secs using 283.5% CPU
Optimizing NNI: done in 0.00401269 secs using 299.2% CPU
Optimizing NNI: done in 0.00506382 secs using 297.4% CPU
Optimizing NNI: done in 0.00419362 secs using 266.9% CPU
Optimizing NNI: done in 0.0204048 secs using 285.6% CPU
Optimizing NNI: done in 0.00727145 secs using 320% CPU
Optimizing NNI: done in 0.0128946 secs using 283.9% CPU
Optimizing NNI: done in 0.00834665 secs using 290.2% CPU
Optimizing NNI: done in 0.00827806 secs using 302.2% CPU
Optimizing NNI: done in 0.0032165 secs using 286.4% CPU
Optimizing NNI: done in 0.00422748 secs using 285.5% CPU
Optimizing NNI: done in 0.00372262 secs using 314.2% CPU
Optimizing NNI: done in 0.00336825 secs using 276.5% CPU
Optimizing NNI: done in 0.0037915 secs using 307.1% CPU
Optimizing NNI: done in 0.00334928 secs using 279.1% CPU
Optimizing NNI: done in 0.0169142 secs using 292.8% CPU
Optimizing NNI: done in 0.00729732 secs using 290.6% CPU
Optimizing NNI: done in 0.00410616 secs using 294.8% CPU
Optimizing NNI: done in 0.00929788 secs using 292.2% CPU
Optimizing NNI: done in 0.0109267 secs using 299.1% CPU
Optimizing NNI: done in 0.0039508 secs using 301.5% CPU
Optimizing NNI: done in 0.00623058 secs using 259.8% CPU
Optimizing NNI: done in 0.00349611 secs using 327.9% CPU
Optimizing NNI: done in 0.00810894 secs using 283.7% CPU
Optimizing NNI: done in 0.00787372 secs using 287.8% CPU
Optimizing NNI: done in 0.00334548 secs using 279.3% CPU
Optimizing NNI: done in 0.00646529 secs using 269.3% CPU
Optimizing NNI: done in 0.0093351 secs using 292.3% CPU
Optimizing NNI: done in 0.0144283 secs using 285.5% CPU
Optimizing NNI: done in 0.00318178 secs using 288.5% CPU
Optimizing NNI: done in 0.0073687 secs using 313.8% CPU
Optimizing NNI: done in 0.00340254 secs using 273.8% CPU
Optimizing NNI: done in 0.00414641 secs using 340.2% CPU
Optimizing NNI: done in 0.00670781 secs using 308% CPU
Optimizing NNI: done in 0.00433966 secs using 324.2% CPU
Optimizing NNI: done in 0.00326241 secs using 282.8% CPU
Optimizing NNI: done in 0.00287434 secs using 274.5% CPU
Optimizing NNI: done in 0.00406246 secs using 267.1% CPU
Optimizing NNI: done in 0.00312688 secs using 290.8% CPU
Optimizing NNI: done in 0.00434171 secs using 280.9% CPU
Optimizing NNI: done in 0.00859576 secs using 307.5% CPU
Optimizing NNI: done in 0.00903163 secs using 298.5% CPU
Optimizing NNI: done in 0.0103751 secs using 291.6% CPU
Optimizing NNI: done in 0.00323036 secs using 285.6% CPU
Optimizing NNI: done in 0.00420198 secs using 266.4% CPU
Optimizing NNI: done in 0.0129386 secs using 299.3% CPU
Optimizing NNI: done in 0.00495552 secs using 279% CPU
Optimizing NNI: done in 0.00784277 secs using 277.7% CPU
Optimizing NNI: done in 0.0108608 secs using 291.1% CPU
Optimizing NNI: done in 0.00347779 secs using 272.4% CPU
Optimizing NNI: done in 0.00711118 secs using 293.6% CPU
Optimizing NNI: done in 0.00338411 secs using 277.3% CPU
Optimizing NNI: done in 0.00756019 secs using 310.1% CPU
Optimizing NNI: done in 0.00345676 secs using 302.5% CPU
Optimizing NNI: done in 0.0151291 secs using 290% CPU
Optimizing NNI: done in 0.00379093 secs using 307.8% CPU
Optimizing NNI: done in 0.00942917 secs using 298.2% CPU
Optimizing NNI: done in 0.0109773 secs using 287.9% CPU
Optimizing NNI: done in 0.00469006 secs using 308.4% CPU
Optimizing NNI: done in 0.00811407 secs using 295.9% CPU
Optimizing NNI: done in 0.0042286 secs using 287.4% CPU
Optimizing NNI: done in 0.00879918 secs using 281.1% CPU
Optimizing NNI: done in 0.0114306 secs using 291.7% CPU
Optimizing NNI: done in 0.00431569 secs using 262.2% CPU
Optimizing NNI: done in 0.00422287 secs using 286% CPU
Optimizing NNI: done in 0.00289319 secs using 236.9% CPU
Optimizing NNI: done in 0.0118019 secs using 284.4% CPU
Optimizing NNI: done in 0.013758 secs using 301.7% CPU
Optimizing NNI: done in 0.00812981 secs using 295.6% CPU
Optimizing NNI: done in 0.0105289 secs using 306.8% CPU
Optimizing NNI: done in 0.0130181 secs using 297.7% CPU
Optimizing NNI: done in 0.0053227 secs using 323.8% CPU
Optimizing NNI: done in 0.00904215 secs using 298.5% CPU
Optimizing NNI: done in 0.0113291 secs using 283.5% CPU
Optimizing NNI: done in 0.00408435 secs using 294.5% CPU
Optimizing NNI: done in 0.00354135 secs using 268.5% CPU
Optimizing NNI: done in 0.00370769 secs using 257.6% CPU
Optimizing NNI: done in 0.00339224 secs using 334.9% CPU
Optimizing NNI: done in 0.00436029 secs using 281.1% CPU
Optimizing NNI: done in 0.0119467 secs using 290.4% CPU
Optimizing NNI: done in 0.0169195 secs using 300.3% CPU
Optimizing NNI: done in 0.00558769 secs using 310.9% CPU
Optimizing NNI: done in 0.0204816 secs using 303.5% CPU
100 samples done
Optimizing NNI: done in 0.00432976 secs using 283.5% CPU
Optimizing NNI: done in 0.00380569 secs using 306.5% CPU
Optimizing NNI: done in 0.00334939 secs using 338.8% CPU
Optimizing NNI: done in 0.00350079 secs using 270.6% CPU
Optimizing NNI: done in 0.00591558 secs using 269% CPU
Optimizing NNI: done in 0.00358632 secs using 263.6% CPU
Optimizing NNI: done in 0.00686544 secs using 301.2% CPU
Optimizing NNI: done in 0.00722678 secs using 319.2% CPU
Optimizing NNI: done in 0.00559137 secs using 314.6% CPU
Optimizing NNI: done in 0.0123506 secs using 292% CPU
Optimizing NNI: done in 0.00677574 secs using 306.6% CPU
Optimizing NNI: done in 0.00404259 secs using 296.7% CPU
Optimizing NNI: done in 0.00429169 secs using 286.3% CPU
Optimizing NNI: done in 0.00441377 secs using 280.4% CPU
Optimizing NNI: done in 0.020627 secs using 293.5% CPU
Optimizing NNI: done in 0.00358065 secs using 264.9% CPU
Optimizing NNI: done in 0.00432625 secs using 261.5% CPU
Optimizing NNI: done in 0.00323477 secs using 285.3% CPU
Optimizing NNI: done in 0.00393514 secs using 303.2% CPU
Optimizing NNI: done in 0.0106794 secs using 304.1% CPU
Optimizing NNI: done in 0.0117094 secs using 286.4% CPU
Optimizing NNI: done in 0.00645689 secs using 284.1% CPU
Optimizing NNI: done in 0.014086 secs using 297.9% CPU
Optimizing NNI: done in 0.00455372 secs using 275.6% CPU
Optimizing NNI: done in 0.0050217 secs using 299.1% CPU
Optimizing NNI: done in 0.00840118 secs using 290.4% CPU
Optimizing NNI: done in 0.00483538 secs using 305.9% CPU
Optimizing NNI: done in 0.00534296 secs using 286.3% CPU
Optimizing NNI: done in 0.00561088 secs using 296.1% CPU
Optimizing NNI: done in 0.00537879 secs using 286.5% CPU
Optimizing NNI: done in 0.0114654 secs using 288.7% CPU
Optimizing NNI: done in 0.00724738 secs using 278.3% CPU
Optimizing NNI: done in 0.00528238 secs using 305.5% CPU
Optimizing NNI: done in 0.0308884 secs using 293.3% CPU
Optimizing NNI: done in 0.00623011 secs using 291.1% CPU
Optimizing NNI: done in 0.00742873 secs using 314.5% CPU
Optimizing NNI: done in 0.0156772 secs using 283.5% CPU
Optimizing NNI: done in 0.00474337 secs using 310.7% CPU
Optimizing NNI: done in 0.00400479 secs using 299.7% CPU
Optimizing NNI: done in 0.00382773 secs using 308.9% CPU
Optimizing NNI: done in 0.00498089 secs using 297.6% CPU
Optimizing NNI: done in 0.0118721 secs using 292.1% CPU
Optimizing NNI: done in 0.00657261 secs using 279.9% CPU
Optimizing NNI: done in 0.00614455 secs using 292.5% CPU
Optimizing NNI: done in 0.0118129 secs using 293% CPU
Optimizing NNI: done in 0.0104289 secs using 288.7% CPU
Optimizing NNI: done in 0.00801003 secs using 296.9% CPU
Optimizing NNI: done in 0.0086612 secs using 281.3% CPU
Optimizing NNI: done in 0.00896164 secs using 298.4% CPU
Optimizing NNI: done in 0.00642664 secs using 304.6% CPU
Optimizing NNI: done in 0.0100087 secs using 287.6% CPU
Optimizing NNI: done in 0.00723918 secs using 273.7% CPU
Optimizing NNI: done in 0.00887219 secs using 300.4% CPU
Optimizing NNI: done in 0.00929896 secs using 291% CPU
Optimizing NNI: done in 0.00548206 secs using 282.3% CPU
Optimizing NNI: done in 0.00487657 secs using 304.9% CPU
Optimizing NNI: done in 0.0120942 secs using 297.2% CPU
Optimizing NNI: done in 0.00500133 secs using 298.1% CPU
Optimizing NNI: done in 0.00436569 secs using 329% CPU
Optimizing NNI: done in 0.00419353 secs using 338.4% CPU
Optimizing NNI: done in 0.00518336 secs using 291.3% CPU
Optimizing NNI: done in 0.00428202 secs using 331.9% CPU
Optimizing NNI: done in 0.0127894 secs using 294% CPU
Optimizing NNI: done in 0.00911921 secs using 295.6% CPU
Optimizing NNI: done in 0.0103836 secs using 311% CPU
Optimizing NNI: done in 0.00397933 secs using 301% CPU
Optimizing NNI: done in 0.00374092 secs using 313.7% CPU
Optimizing NNI: done in 0.00555589 secs using 315.9% CPU
Optimizing NNI: done in 0.0112167 secs using 284.7% CPU
Optimizing NNI: done in 0.00445818 secs using 323.2% CPU
Optimizing NNI: done in 0.0127327 secs using 301.9% CPU
Optimizing NNI: done in 0.00337629 secs using 277.6% CPU
Optimizing NNI: done in 0.00365065 secs using 263.1% CPU
Optimizing NNI: done in 0.0075976 secs using 268% CPU
Optimizing NNI: done in 0.0044233 secs using 302.9% CPU
Optimizing NNI: done in 0.00398289 secs using 300.8% CPU
Optimizing NNI: done in 0.00504801 secs using 294% CPU
Optimizing NNI: done in 0.0118607 secs using 297.1% CPU
Optimizing NNI: done in 0.00586009 secs using 300.5% CPU
Optimizing NNI: done in 0.00548606 secs using 262.1% CPU
Optimizing NNI: done in 0.00515013 secs using 293.5% CPU
Optimizing NNI: done in 0.00689443 secs using 302.5% CPU
Optimizing NNI: done in 0.0115059 secs using 288.3% CPU
Optimizing NNI: done in 0.00461166 secs using 273.4% CPU
Optimizing NNI: done in 0.00471834 secs using 311.9% CPU
Optimizing NNI: done in 0.00466671 secs using 314.2% CPU
Optimizing NNI: done in 0.00955742 secs using 308.8% CPU
Optimizing NNI: done in 0.0121622 secs using 304.9% CPU
Optimizing NNI: done in 0.00447341 secs using 323.4% CPU
Optimizing NNI: done in 0.00750643 secs using 286.4% CPU
Optimizing NNI: done in 0.00443268 secs using 279.2% CPU
Optimizing NNI: done in 0.00351141 secs using 323.3% CPU
Optimizing NNI: done in 0.006742 secs using 275.3% CPU
Optimizing NNI: done in 0.0109555 secs using 299% CPU
Optimizing NNI: done in 0.00898512 secs using 283.7% CPU
Optimizing NNI: done in 0.00348377 secs using 270.6% CPU
Optimizing NNI: done in 0.00421421 secs using 285.3% CPU
Optimizing NNI: done in 0.00914245 secs using 283.4% CPU
Optimizing NNI: done in 0.00470381 secs using 267.7% CPU
Optimizing NNI: done in 0.00341093 secs using 271.6% CPU
200 samples done
Optimizing NNI: done in 0.00720431 secs using 292.2% CPU
Optimizing NNI: done in 0.00429638 secs using 282.9% CPU
Optimizing NNI: done in 0.00741772 secs using 273.1% CPU
Optimizing NNI: done in 0.00794227 secs using 297.1% CPU
Optimizing NNI: done in 0.00346718 secs using 272.8% CPU
Optimizing NNI: done in 0.0079976 secs using 299.6% CPU
Optimizing NNI: done in 0.00398163 secs using 300.7% CPU
Optimizing NNI: done in 0.00400789 secs using 298.6% CPU
Optimizing NNI: done in 0.0142095 secs using 309.8% CPU
Optimizing NNI: done in 0.0127139 secs using 284.5% CPU
Optimizing NNI: done in 0.00843989 secs using 285.6% CPU
Optimizing NNI: done in 0.00380665 secs using 256.7% CPU
Optimizing NNI: done in 0.00628942 secs using 288.4% CPU
Optimizing NNI: done in 0.00347084 secs using 272.6% CPU
Optimizing NNI: done in 0.00523003 secs using 306.4% CPU
Optimizing NNI: done in 0.00704165 secs using 298.2% CPU
Optimizing NNI: done in 0.00924065 secs using 282.3% CPU
Optimizing NNI: done in 0.0117521 secs using 276.5% CPU
Optimizing NNI: done in 0.00344033 secs using 332.4% CPU
Optimizing NNI: done in 0.00458271 secs using 315.1% CPU
Optimizing NNI: done in 0.0044189 secs using 321% CPU
Optimizing NNI: done in 0.0139434 secs using 290.6% CPU
Optimizing NNI: done in 0.0036156 secs using 320.5% CPU
Optimizing NNI: done in 0.00359569 secs using 266% CPU
Optimizing NNI: done in 0.0080207 secs using 297.2% CPU
Optimizing NNI: done in 0.00402725 secs using 273.2% CPU
Optimizing NNI: done in 0.00355275 secs using 324.5% CPU
Optimizing NNI: done in 0.00783392 secs using 263% CPU
Optimizing NNI: done in 0.00529849 secs using 267.2% CPU
Optimizing NNI: done in 0.00328414 secs using 279.7% CPU
Optimizing NNI: done in 0.00427136 secs using 239.5% CPU
Optimizing NNI: done in 0.00455464 secs using 271% CPU
Optimizing NNI: done in 0.00814294 secs using 294.2% CPU
Optimizing NNI: done in 0.00343654 secs using 328.8% CPU
Optimizing NNI: done in 0.00390823 secs using 303.2% CPU
Optimizing NNI: done in 0.00408102 secs using 295.7% CPU
Optimizing NNI: done in 0.00347301 secs using 272.6% CPU
Optimizing NNI: done in 0.00829423 secs using 274.9% CPU
Optimizing NNI: done in 0.00702382 secs using 296.9% CPU
Optimizing NNI: done in 0.0145022 secs using 289.6% CPU
Optimizing NNI: done in 0.00412274 secs using 291% CPU
Optimizing NNI: done in 0.00573562 secs using 308.3% CPU
Optimizing NNI: done in 0.00351348 secs using 270.7% CPU
Optimizing NNI: done in 0.00398733 secs using 294.7% CPU
Optimizing NNI: done in 0.00364033 secs using 316.9% CPU
Optimizing NNI: done in 0.00392572 secs using 299.2% CPU
Optimizing NNI: done in 0.00441427 secs using 325.6% CPU
Optimizing NNI: done in 0.00359972 secs using 322.2% CPU
Optimizing NNI: done in 0.00679599 secs using 273.3% CPU
Optimizing NNI: done in 0.0138226 secs using 285.7% CPU
Optimizing NNI: done in 0.00400633 secs using 299.6% CPU
Optimizing NNI: done in 0.0124265 secs using 282.3% CPU
Optimizing NNI: done in 0.0054207 secs using 260% CPU
Optimizing NNI: done in 0.0115236 secs using 274.8% CPU
Optimizing NNI: done in 0.00598552 secs using 290.2% CPU
Optimizing NNI: done in 0.00380972 secs using 226.7% CPU
Optimizing NNI: done in 0.00607458 secs using 291.3% CPU
Optimizing NNI: done in 0.0130184 secs using 284.7% CPU
Optimizing NNI: done in 0.00474772 secs using 310.5% CPU
Optimizing NNI: done in 0.00475938 secs using 310.1% CPU
Optimizing NNI: done in 0.00502894 secs using 298.8% CPU
Optimizing NNI: done in 0.00503637 secs using 298.5% CPU
Optimizing NNI: done in 0.0172905 secs using 296.6% CPU
Optimizing NNI: done in 0.0075556 secs using 285.2% CPU
Optimizing NNI: done in 0.00961641 secs using 306.8% CPU
Optimizing NNI: done in 0.00648087 secs using 315.9% CPU
Optimizing NNI: done in 0.00660776 secs using 311.8% CPU
Optimizing NNI: done in 0.00428634 secs using 283.6% CPU
Optimizing NNI: done in 0.0033705 secs using 277.9% CPU
Optimizing NNI: done in 0.0123634 secs using 285.5% CPU
Optimizing NNI: done in 0.00348706 secs using 329.2% CPU
Optimizing NNI: done in 0.00406558 secs using 293% CPU
Optimizing NNI: done in 0.00848177 secs using 309.8% CPU
Optimizing NNI: done in 0.00356103 secs using 268.4% CPU
Optimizing NNI: done in 0.0036606 secs using 318.4% CPU
Optimizing NNI: done in 0.0152069 secs using 302.7% CPU
Optimizing NNI: done in 0.00419775 secs using 334.2% CPU
Optimizing NNI: done in 0.0031848 secs using 287% CPU
Optimizing NNI: done in 0.00370915 secs using 315.3% CPU
Optimizing NNI: done in 0.00468094 secs using 313.5% CPU
Optimizing NNI: done in 0.00310672 secs using 291.5% CPU
Optimizing NNI: done in 0.00366267 secs using 260.7% CPU
Optimizing NNI: done in 0.00967471 secs using 305.8% CPU
Optimizing NNI: done in 0.00419137 secs using 286.3% CPU
Optimizing NNI: done in 0.00534568 secs using 324.4% CPU
Optimizing NNI: done in 0.00346897 secs using 271.6% CPU
Optimizing NNI: done in 0.00381024 secs using 251.3% CPU
Optimizing NNI: done in 0.00350494 secs using 328.1% CPU
Optimizing NNI: done in 0.0074783 secs using 313.9% CPU
Optimizing NNI: done in 0.00367629 secs using 313% CPU
Optimizing NNI: done in 0.00342752 secs using 275% CPU
Optimizing NNI: done in 0.00360517 secs using 317.8% CPU
Optimizing NNI: done in 0.00328096 secs using 252.2% CPU
Optimizing NNI: done in 0.00377222 secs using 311.9% CPU
Optimizing NNI: done in 0.00876061 secs using 280.1% CPU
Optimizing NNI: done in 0.00359789 secs using 321% CPU
Optimizing NNI: done in 0.00856798 secs using 309.3% CPU
Optimizing NNI: done in 0.0122681 secs using 310.3% CPU
Optimizing NNI: done in 0.0035553 secs using 324.9% CPU
Optimizing NNI: done in 0.00736192 secs using 300.6% CPU
300 samples done
Optimizing NNI: done in 0.0114016 secs using 289.7% CPU
Optimizing NNI: done in 0.00422895 secs using 284.9% CPU
Optimizing NNI: done in 0.003213 secs using 286.6% CPU
Optimizing NNI: done in 0.00632096 secs using 289.8% CPU
Optimizing NNI: done in 0.00399132 secs using 295.3% CPU
Optimizing NNI: done in 0.00369696 secs using 287.3% CPU
Optimizing NNI: done in 0.00467919 secs using 245% CPU
Optimizing NNI: done in 0.0078583 secs using 301.2% CPU
Optimizing NNI: done in 0.00333076 secs using 280.1% CPU
Optimizing NNI: done in 0.00390271 secs using 304.1% CPU
Optimizing NNI: done in 0.00325693 secs using 345.5% CPU
Optimizing NNI: done in 0.0183553 secs using 287.9% CPU
Optimizing NNI: done in 0.00349448 secs using 271.3% CPU
Optimizing NNI: done in 0.00345417 secs using 272% CPU
Optimizing NNI: done in 0.0041422 secs using 285.4% CPU
Optimizing NNI: done in 0.00318545 secs using 288.2% CPU
Optimizing NNI: done in 0.0034507 secs using 271.6% CPU
Optimizing NNI: done in 0.00365433 secs using 318.6% CPU
Optimizing NNI: done in 0.00349398 secs using 270.9% CPU
Optimizing NNI: done in 0.00358517 secs using 322.9% CPU
Optimizing NNI: done in 0.00360379 secs using 320.3% CPU
Optimizing NNI: done in 0.00330988 secs using 341.6% CPU
Optimizing NNI: done in 0.00366009 secs using 317.9% CPU
Optimizing NNI: done in 0.00322065 secs using 284.9% CPU
Optimizing NNI: done in 0.00305347 secs using 294.7% CPU
Optimizing NNI: done in 0.00393876 secs using 299.6% CPU
Optimizing NNI: done in 0.00328569 secs using 251.9% CPU
Optimizing NNI: done in 0.00848311 secs using 287.5% CPU
Optimizing NNI: done in 0.00813179 secs using 284% CPU
Optimizing NNI: done in 0.0151077 secs using 296.7% CPU
Optimizing NNI: done in 0.0035066 secs using 268.5% CPU
Optimizing NNI: done in 0.00845253 secs using 299.4% CPU
Optimizing NNI: done in 0.00505325 secs using 274.7% CPU
Optimizing NNI: done in 0.0104861 secs using 269.3% CPU
Optimizing NNI: done in 0.00379715 secs using 256.7% CPU
Optimizing NNI: done in 0.00350508 secs using 270.4% CPU
Optimizing NNI: done in 0.00486884 secs using 302.2% CPU
Optimizing NNI: done in 0.010356 secs using 310.9% CPU
Optimizing NNI: done in 0.00333034 secs using 278.4% CPU
Optimizing NNI: done in 0.0129773 secs using 298.9% CPU
Optimizing NNI: done in 0.00298566 secs using 267.8% CPU
Optimizing NNI: done in 0.00336981 secs using 277.1% CPU
Optimizing NNI: done in 0.0031562 secs using 290% CPU
Optimizing NNI: done in 0.00416295 secs using 267.2% CPU
Optimizing NNI: done in 0.00825013 secs using 291.8% CPU
Optimizing NNI: done in 0.00340911 secs using 275.9% CPU
Optimizing NNI: done in 0.00443062 secs using 325.6% CPU
Optimizing NNI: done in 0.00385614 secs using 253.6% CPU
Optimizing NNI: done in 0.00374094 secs using 312.7% CPU
Optimizing NNI: done in 0.00394295 secs using 302.5% CPU
Optimizing NNI: done in 0.0034203 secs using 333.8% CPU
Optimizing NNI: done in 0.0148527 secs using 301.3% CPU
Optimizing NNI: done in 0.00336401 secs using 278.3% CPU
Optimizing NNI: done in 0.0113867 secs using 292.4% CPU
Optimizing NNI: done in 0.00350715 secs using 328% CPU
Optimizing NNI: done in 0.00358211 secs using 265.9% CPU
Optimizing NNI: done in 0.00354149 secs using 269.2% CPU
Optimizing NNI: done in 0.00387766 secs using 305.4% CPU
Optimizing NNI: done in 0.0034673 secs using 329.7% CPU
Optimizing NNI: done in 0.00373861 secs using 258.9% CPU
Optimizing NNI: done in 0.0064347 secs using 264.9% CPU
Optimizing NNI: done in 0.00950253 secs using 287% CPU
Optimizing NNI: done in 0.00523668 secs using 287.3% CPU
Optimizing NNI: done in 0.015302 secs using 294.9% CPU
Optimizing NNI: done in 0.0123778 secs using 300.3% CPU
Optimizing NNI: done in 0.00673153 secs using 277.8% CPU
Optimizing NNI: done in 0.00508869 secs using 335.7% CPU
Optimizing NNI: done in 0.00343768 secs using 243.2% CPU
Optimizing NNI: done in 0.00428668 secs using 285.4% CPU
Optimizing NNI: done in 0.00919219 secs using 305.1% CPU
Optimizing NNI: done in 0.0033166 secs using 341.1% CPU
Optimizing NNI: done in 0.00385753 secs using 302.9% CPU
Optimizing NNI: done in 0.0032965 secs using 281.9% CPU
Optimizing NNI: done in 0.00725323 secs using 278.5% CPU
Optimizing NNI: done in 0.0036146 secs using 234.2% CPU
Optimizing NNI: done in 0.00337822 secs using 336.7% CPU
Optimizing NNI: done in 0.0119874 secs using 264.8% CPU
Optimizing NNI: done in 0.00307336 secs using 295.1% CPU
Optimizing NNI: done in 0.00364103 secs using 314.3% CPU
Optimizing NNI: done in 0.00322741 secs using 285.9% CPU
Optimizing NNI: done in 0.00385964 secs using 277.7% CPU
Optimizing NNI: done in 0.00820654 secs using 292.8% CPU
Optimizing NNI: done in 0.0188421 secs using 300.4% CPU
Optimizing NNI: done in 0.00451143 secs using 276.5% CPU
Optimizing NNI: done in 0.00461597 secs using 312.7% CPU
Optimizing NNI: done in 0.00613305 secs using 277.3% CPU
Optimizing NNI: done in 0.00297858 secs using 299.1% CPU
Optimizing NNI: done in 0.00688898 secs using 302.3% CPU
Optimizing NNI: done in 0.00737076 secs using 313.3% CPU
Optimizing NNI: done in 0.00332499 secs using 279.2% CPU
Optimizing NNI: done in 0.00335152 secs using 247.7% CPU
Optimizing NNI: done in 0.00845586 secs using 311.9% CPU
Optimizing NNI: done in 0.00346262 secs using 269.7% CPU
Optimizing NNI: done in 0.00689818 secs using 286.6% CPU
Optimizing NNI: done in 0.00432493 secs using 328.9% CPU
Optimizing NNI: done in 0.00332263 secs using 310.1% CPU
Optimizing NNI: done in 0.00756906 secs using 282% CPU
Optimizing NNI: done in 0.0046225 secs using 290.4% CPU
Optimizing NNI: done in 0.0086058 secs using 308% CPU
Optimizing NNI: done in 0.00351319 secs using 270.2% CPU
400 samples done
Optimizing NNI: done in 0.00336971 secs using 276% CPU
Optimizing NNI: done in 0.0064364 secs using 285% CPU
Optimizing NNI: done in 0.00305979 secs using 296% CPU
Optimizing NNI: done in 0.00901488 secs using 286.5% CPU
Optimizing NNI: done in 0.00494783 secs using 298.4% CPU
Optimizing NNI: done in 0.00355287 secs using 320.7% CPU
Optimizing NNI: done in 0.00366901 secs using 262.2% CPU
Optimizing NNI: done in 0.0078883 secs using 288.5% CPU
Optimizing NNI: done in 0.0161663 secs using 281.8% CPU
Optimizing NNI: done in 0.00746246 secs using 311.6% CPU
Optimizing NNI: done in 0.00830321 secs using 289.4% CPU
Optimizing NNI: done in 0.0122008 secs using 277.9% CPU
Optimizing NNI: done in 0.00727472 secs using 290.6% CPU
Optimizing NNI: done in 0.00322446 secs using 317.2% CPU
Optimizing NNI: done in 0.00354434 secs using 267.7% CPU
Optimizing NNI: done in 0.00923399 secs using 290.8% CPU
Optimizing NNI: done in 0.00822208 secs using 278% CPU
Optimizing NNI: done in 0.010487 secs using 288.4% CPU
Optimizing NNI: done in 0.00848282 secs using 310.3% CPU
Optimizing NNI: done in 0.00891152 secs using 289.4% CPU
Optimizing NNI: done in 0.00331224 secs using 281% CPU
Optimizing NNI: done in 0.0063205 secs using 320.8% CPU
Optimizing NNI: done in 0.00633759 secs using 320.9% CPU
Optimizing NNI: done in 0.0059781 secs using 298.1% CPU
Optimizing NNI: done in 0.0121019 secs using 297.1% CPU
Optimizing NNI: done in 0.00350299 secs using 242.8% CPU
Optimizing NNI: done in 0.00339099 secs using 247.4% CPU
Optimizing NNI: done in 0.00318567 secs using 288.2% CPU
Optimizing NNI: done in 0.00685917 secs using 303.4% CPU
Optimizing NNI: done in 0.0034361 secs using 274.5% CPU
Optimizing NNI: done in 0.00325959 secs using 284% CPU
Optimizing NNI: done in 0.00638813 secs using 316.8% CPU
Optimizing NNI: done in 0.00380777 secs using 305.2% CPU
Optimizing NNI: done in 0.00760959 secs using 295.6% CPU
Optimizing NNI: done in 0.00629289 secs using 290.2% CPU
Optimizing NNI: done in 0.00336633 secs using 336.7% CPU
Optimizing NNI: done in 0.00440989 secs using 278% CPU
Optimizing NNI: done in 0.00712509 secs using 322.5% CPU
Optimizing NNI: done in 0.00661707 secs using 311.1% CPU
Optimizing NNI: done in 0.00869492 secs using 283.3% CPU
Optimizing NNI: done in 0.00547043 secs using 316.3% CPU
Optimizing NNI: done in 0.00384957 secs using 252.5% CPU
Optimizing NNI: done in 0.00334946 secs using 336.4% CPU
Optimizing NNI: done in 0.00798077 secs using 285.7% CPU
Optimizing NNI: done in 0.0103289 secs using 310.5% CPU
Optimizing NNI: done in 0.00931581 secs using 291% CPU
Optimizing NNI: done in 0.0068379 secs using 300.8% CPU
Optimizing NNI: done in 0.0064501 secs using 269.2% CPU
Optimizing NNI: done in 0.00640654 secs using 270.9% CPU
Optimizing NNI: done in 0.00694121 secs using 300.8% CPU
Optimizing NNI: done in 0.00362068 secs using 318.9% CPU
Optimizing NNI: done in 0.00349097 secs using 269.3% CPU
Optimizing NNI: done in 0.00684969 secs using 274.4% CPU
Optimizing NNI: done in 0.00395387 secs using 300.6% CPU
Optimizing NNI: done in 0.0166316 secs using 295.4% CPU
Optimizing NNI: done in 0.00405328 secs using 243.3% CPU
Optimizing NNI: done in 0.0033714 secs using 277.8% CPU
Optimizing NNI: done in 0.00846747 secs using 288.2% CPU
Optimizing NNI: done in 0.00455651 secs using 275.5% CPU
Optimizing NNI: done in 0.0170652 secs using 291.8% CPU
Optimizing NNI: done in 0.00388095 secs using 301.3% CPU
Optimizing NNI: done in 0.00399792 secs using 298.3% CPU
Optimizing NNI: done in 0.0033608 secs using 248.6% CPU
Optimizing NNI: done in 0.00789045 secs using 302.1% CPU
Optimizing NNI: done in 0.00380573 secs using 278.9% CPU
Optimizing NNI: done in 0.00888541 secs using 301.3% CPU
Optimizing NNI: done in 0.00406847 secs using 296.2% CPU
Optimizing NNI: done in 0.00317649 secs using 288.8% CPU
Optimizing NNI: done in 0.00738815 secs using 287.9% CPU
Optimizing NNI: done in 0.00559612 secs using 313.7% CPU
Optimizing NNI: done in 0.00315068 secs using 290.4% CPU
Optimizing NNI: done in 0.00374788 secs using 313.4% CPU
Optimizing NNI: done in 0.00469282 secs using 313% CPU
Optimizing NNI: done in 0.00219579 secs using 282% CPU
Optimizing NNI: done in 0.0129763 secs using 291.1% CPU
Optimizing NNI: done in 0.0043051 secs using 281.8% CPU
Optimizing NNI: done in 0.00304522 secs using 297% CPU
Optimizing NNI: done in 0.00611562 secs using 293.3% CPU
Optimizing NNI: done in 0.00818566 secs using 293% CPU
Optimizing NNI: done in 0.00423294 secs using 335% CPU
Optimizing NNI: done in 0.0118081 secs using 301.3% CPU
Optimizing NNI: done in 0.0183342 secs using 288.3% CPU
Optimizing NNI: done in 0.00458795 secs using 273.5% CPU
Optimizing NNI: done in 0.00452005 secs using 295.1% CPU
Optimizing NNI: done in 0.00558688 secs using 291% CPU
Optimizing NNI: done in 0.0120974 secs using 303.9% CPU
Optimizing NNI: done in 0.0113788 secs using 301.3% CPU
Optimizing NNI: done in 0.00432421 secs using 327.8% CPU
Optimizing NNI: done in 0.00375597 secs using 312.9% CPU
Optimizing NNI: done in 0.00677929 secs using 276.2% CPU
Optimizing NNI: done in 0.00440715 secs using 280.4% CPU
Optimizing NNI: done in 0.0040685 secs using 292.5% CPU
Optimizing NNI: done in 0.00421104 secs using 289.9% CPU
Optimizing NNI: done in 0.00911093 secs using 297% CPU
Optimizing NNI: done in 0.00969372 secs using 305.8% CPU
Optimizing NNI: done in 0.0115631 secs using 307.1% CPU
Optimizing NNI: done in 0.020167 secs using 291.2% CPU
Optimizing NNI: done in 0.0085808 secs using 308.5% CPU
Optimizing NNI: done in 0.00801615 secs using 297.6% CPU
Optimizing NNI: done in 0.00315871 secs using 289.9% CPU
500 samples done
Optimizing NNI: done in 0.00711564 secs using 291.7% CPU
Optimizing NNI: done in 0.00800961 secs using 285.6% CPU
Optimizing NNI: done in 0.00933251 secs using 292.1% CPU
Optimizing NNI: done in 0.00637214 secs using 286% CPU
Optimizing NNI: done in 0.00946155 secs using 309% CPU
Optimizing NNI: done in 0.0142312 secs using 288.1% CPU
Optimizing NNI: done in 0.00394783 secs using 300.8% CPU
Optimizing NNI: done in 0.0054056 secs using 321.5% CPU
Optimizing NNI: done in 0.00330116 secs using 280.4% CPU
Optimizing NNI: done in 0.00436682 secs using 323.8% CPU
Optimizing NNI: done in 0.00793931 secs using 300.3% CPU
Optimizing NNI: done in 0.0132264 secs using 293.8% CPU
Optimizing NNI: done in 0.00325389 secs using 284.2% CPU
Optimizing NNI: done in 0.0117053 secs using 304.3% CPU
Optimizing NNI: done in 0.00315838 secs using 289.8% CPU
Optimizing NNI: done in 0.00443661 secs using 276.2% CPU
Optimizing NNI: done in 0.00564986 secs using 312.1% CPU
Optimizing NNI: done in 0.00868061 secs using 282.6% CPU
Optimizing NNI: done in 0.00896907 secs using 300.1% CPU
Optimizing NNI: done in 0.00942851 secs using 290.3% CPU
Optimizing NNI: done in 0.00516536 secs using 329.4% CPU
Optimizing NNI: done in 0.00431444 secs using 325.8% CPU
Optimizing NNI: done in 0.0032692 secs using 344.5% CPU
Optimizing NNI: done in 0.00367163 secs using 313.8% CPU
Optimizing NNI: done in 0.0106087 secs using 305.7% CPU
Optimizing NNI: done in 0.00813209 secs using 295.2% CPU
Optimizing NNI: done in 0.00343134 secs using 332.4% CPU
Optimizing NNI: done in 0.00364778 secs using 262.9% CPU
Optimizing NNI: done in 0.00348357 secs using 267.8% CPU
Optimizing NNI: done in 0.00490884 secs using 303.2% CPU
Optimizing NNI: done in 0.00422269 secs using 287.2% CPU
Optimizing NNI: done in 0.00366116 secs using 318.5% CPU
Optimizing NNI: done in 0.00345551 secs using 330.9% CPU
Optimizing NNI: done in 0.00761177 secs using 281.5% CPU
Optimizing NNI: done in 0.00339208 secs using 335.8% CPU
Optimizing NNI: done in 0.00359288 secs using 265.9% CPU
Optimizing NNI: done in 0.00471197 secs using 308.6% CPU
Optimizing NNI: done in 0.00615137 secs using 293.1% CPU
Optimizing NNI: done in 0.00328667 secs using 281.4% CPU
Optimizing NNI: done in 0.00675347 secs using 304.6% CPU
Optimizing NNI: done in 0.00913552 secs using 295.3% CPU
Optimizing NNI: done in 0.00694467 secs using 269.7% CPU
Optimizing NNI: done in 0.00342031 secs using 275.2% CPU
Optimizing NNI: done in 0.00734846 secs using 289.6% CPU
Optimizing NNI: done in 0.00398033 secs using 299.5% CPU
Optimizing NNI: done in 0.00464617 secs using 316% CPU
Optimizing NNI: done in 0.00965315 secs using 296.3% CPU
Optimizing NNI: done in 0.00946622 secs using 288.5% CPU
Optimizing NNI: done in 0.00770872 secs using 304.4% CPU
Optimizing NNI: done in 0.00373295 secs using 259.3% CPU
Optimizing NNI: done in 0.00340786 secs using 273% CPU
Optimizing NNI: done in 0.00409679 secs using 294.6% CPU
Optimizing NNI: done in 0.00683625 secs using 302.1% CPU
Optimizing NNI: done in 0.0119493 secs using 297.6% CPU
Optimizing NNI: done in 0.0176876 secs using 302.1% CPU
Optimizing NNI: done in 0.0042358 secs using 286.6% CPU
Optimizing NNI: done in 0.0112019 secs using 313.4% CPU
Optimizing NNI: done in 0.0189194 secs using 293.8% CPU
Optimizing NNI: done in 0.0087495 secs using 302.3% CPU
Optimizing NNI: done in 0.0165079 secs using 304.8% CPU
Optimizing NNI: done in 0.00371989 secs using 309.5% CPU
Optimizing NNI: done in 0.00842986 secs using 312% CPU
Optimizing NNI: done in 0.00348364 secs using 328.6% CPU
Optimizing NNI: done in 0.00357568 secs using 262.9% CPU
Optimizing NNI: done in 0.00461286 secs using 270.8% CPU
Optimizing NNI: done in 0.00641493 secs using 270.3% CPU
Optimizing NNI: done in 0.00818534 secs using 315.9% CPU
Optimizing NNI: done in 0.00333317 secs using 279.8% CPU
Optimizing NNI: done in 0.00788548 secs using 297.9% CPU
Optimizing NNI: done in 0.00862369 secs using 270.7% CPU
Optimizing NNI: done in 0.00328313 secs using 280.6% CPU
Optimizing NNI: done in 0.00653803 secs using 268% CPU
Optimizing NNI: done in 0.0113069 secs using 291.9% CPU
Optimizing NNI: done in 0.00393624 secs using 303.1% CPU
Optimizing NNI: done in 0.00648594 secs using 282% CPU
Optimizing NNI: done in 0.00632447 secs using 286.4% CPU
Optimizing NNI: done in 0.00491786 secs using 259.3% CPU
Optimizing NNI: done in 0.0137901 secs using 303% CPU
Optimizing NNI: done in 0.00466441 secs using 314.3% CPU
Optimizing NNI: done in 0.00606339 secs using 291.1% CPU
Optimizing NNI: done in 0.00974161 secs using 271% CPU
Optimizing NNI: done in 0.00555578 secs using 303.6% CPU
Optimizing NNI: done in 0.00510979 secs using 294.7% CPU
Optimizing NNI: done in 0.0298855 secs using 293.6% CPU
Optimizing NNI: done in 0.00697129 secs using 282.8% CPU
Optimizing NNI: done in 0.0099515 secs using 290.6% CPU
Optimizing NNI: done in 0.00668723 secs using 297.8% CPU
Optimizing NNI: done in 0.00846283 secs using 289% CPU
Optimizing NNI: done in 0.0156528 secs using 303.7% CPU
Optimizing NNI: done in 0.0041218 secs using 294% CPU
Optimizing NNI: done in 0.00367996 secs using 262.7% CPU
Optimizing NNI: done in 0.0137794 secs using 303.2% CPU
Optimizing NNI: done in 0.0110659 secs using 298.8% CPU
Optimizing NNI: done in 0.0076162 secs using 296.9% CPU
Optimizing NNI: done in 0.00875447 secs using 305.6% CPU
Optimizing NNI: done in 0.00362226 secs using 320.8% CPU
Optimizing NNI: done in 0.00350141 secs using 328.4% CPU
Optimizing NNI: done in 0.00369605 secs using 316.3% CPU
Optimizing NNI: done in 0.00427175 secs using 287.2% CPU
Optimizing NNI: done in 0.00331061 secs using 341% CPU
600 samples done
Optimizing NNI: done in 0.00365926 secs using 318.5% CPU
Optimizing NNI: done in 0.0112206 secs using 286.9% CPU
Optimizing NNI: done in 0.00385126 secs using 307.6% CPU
Optimizing NNI: done in 0.00372421 secs using 288.2% CPU
Optimizing NNI: done in 0.00681198 secs using 305.3% CPU
Optimizing NNI: done in 0.00419246 secs using 338.4% CPU
Optimizing NNI: done in 0.00484326 secs using 306.4% CPU
Optimizing NNI: done in 0.00893341 secs using 301.5% CPU
Optimizing NNI: done in 0.00360852 secs using 321.6% CPU
Optimizing NNI: done in 0.00370544 secs using 261.8% CPU
Optimizing NNI: done in 0.00467999 secs using 292.4% CPU
Optimizing NNI: done in 0.00330783 secs using 341.8% CPU
Optimizing NNI: done in 0.00372982 secs using 314.3% CPU
Optimizing NNI: done in 0.00339377 secs using 276.8% CPU
Optimizing NNI: done in 0.00617178 secs using 294.3% CPU
Optimizing NNI: done in 0.00436418 secs using 283.2% CPU
Optimizing NNI: done in 0.00407055 secs using 296.2% CPU
Optimizing NNI: done in 0.00340124 secs using 276.3% CPU
Optimizing NNI: done in 0.00839316 secs using 290.6% CPU
Optimizing NNI: done in 0.0038785 secs using 306.1% CPU
Optimizing NNI: done in 0.00725585 secs using 320.5% CPU
Optimizing NNI: done in 0.00895604 secs using 300.5% CPU
Optimizing NNI: done in 0.00347771 secs using 272.4% CPU
Optimizing NNI: done in 0.00369176 secs using 316.5% CPU
Optimizing NNI: done in 0.00395048 secs using 302.5% CPU
Optimizing NNI: done in 0.00415509 secs using 292.4% CPU
Optimizing NNI: done in 0.00442068 secs using 326.1% CPU
Optimizing NNI: done in 0.00458983 secs using 274.3% CPU
Optimizing NNI: done in 0.00438561 secs using 282.3% CPU
Optimizing NNI: done in 0.0109634 secs using 300.6% CPU
Optimizing NNI: done in 0.00792068 secs using 302% CPU
Optimizing NNI: done in 0.00324237 secs using 284.9% CPU
Optimizing NNI: done in 0.00387714 secs using 306.3% CPU
Optimizing NNI: done in 0.0036717 secs using 317.8% CPU
Optimizing NNI: done in 0.00430097 secs using 332.4% CPU
Optimizing NNI: done in 0.00627803 secs using 275.1% CPU
Optimizing NNI: done in 0.00323343 secs using 316.7% CPU
Optimizing NNI: done in 0.00367052 secs using 263.2% CPU
Optimizing NNI: done in 0.00735129 secs using 290.4% CPU
Optimizing NNI: done in 0.0034472 secs using 332% CPU
Optimizing NNI: done in 0.0130066 secs using 299.9% CPU
Optimizing NNI: done in 0.00479194 secs using 308.6% CPU
Optimizing NNI: done in 0.00937027 secs using 313.4% CPU
Optimizing NNI: done in 0.00448236 secs using 278.3% CPU
Optimizing NNI: done in 0.00311395 secs using 292.5% CPU
Optimizing NNI: done in 0.00373018 secs using 314.4% CPU
Optimizing NNI: done in 0.00811432 secs using 297.3% CPU
Optimizing NNI: done in 0.0110964 secs using 289.2% CPU
Optimizing NNI: done in 0.00541163 secs using 303.3% CPU
Optimizing NNI: done in 0.00339224 secs using 276.7% CPU
Optimizing NNI: done in 0.00800443 secs using 299.8% CPU
Optimizing NNI: done in 0.00440182 secs using 304.6% CPU
Optimizing NNI: done in 0.00561034 secs using 278.1% CPU
Optimizing NNI: done in 0.00314906 secs using 290.4% CPU
Optimizing NNI: done in 0.0072199 secs using 293.9% CPU
Optimizing NNI: done in 0.00309047 secs using 294.1% CPU
Optimizing NNI: done in 0.00343417 secs using 274.5% CPU
Optimizing NNI: done in 0.00584066 secs using 288.2% CPU
Optimizing NNI: done in 0.00325877 secs using 284% CPU
Optimizing NNI: done in 0.00991818 secs using 301.6% CPU
Optimizing NNI: done in 0.0038098 secs using 231.2% CPU
Optimizing NNI: done in 0.0103487 secs using 293.2% CPU
Optimizing NNI: done in 0.00902639 secs using 288.3% CPU
Optimizing NNI: done in 0.00831181 secs using 280.5% CPU
Optimizing NNI: done in 0.0104911 secs using 290.6% CPU
Optimizing NNI: done in 0.00361676 secs using 321.1% CPU
Optimizing NNI: done in 0.00321483 secs using 348.7% CPU
Optimizing NNI: done in 0.00902889 secs using 299.3% CPU
Optimizing NNI: done in 0.00460655 secs using 273.6% CPU
Optimizing NNI: done in 0.00316589 secs using 289.4% CPU
Optimizing NNI: done in 0.00427942 secs using 333.6% CPU
Optimizing NNI: done in 0.00790594 secs using 302.4% CPU
Optimizing NNI: done in 0.00351876 secs using 327.3% CPU
Optimizing NNI: done in 0.00503189 secs using 298.6% CPU
Optimizing NNI: done in 0.00444156 secs using 325.1% CPU
Optimizing NNI: done in 0.0115327 secs using 290.7% CPU
Optimizing NNI: done in 0.00269788 secs using 322.3% CPU
Optimizing NNI: done in 0.00384151 secs using 256% CPU
Optimizing NNI: done in 0.0066875 secs using 279.3% CPU
Optimizing NNI: done in 0.00312022 secs using 292.2% CPU
Optimizing NNI: done in 0.00424425 secs using 288.4% CPU
Optimizing NNI: done in 0.00327623 secs using 283% CPU
Optimizing NNI: done in 0.00500898 secs using 279.6% CPU
Optimizing NNI: done in 0.00591187 secs using 302.7% CPU
Optimizing NNI: done in 0.00301648 secs using 298.9% CPU
Optimizing NNI: done in 0.00336183 secs using 337.9% CPU
Optimizing NNI: done in 0.0108069 secs using 303.5% CPU
Optimizing NNI: done in 0.00443487 secs using 257.8% CPU
Optimizing NNI: done in 0.0120529 secs using 299% CPU
Optimizing NNI: done in 0.00991158 secs using 301.7% CPU
Optimizing NNI: done in 0.0132748 secs using 295.8% CPU
Optimizing NNI: done in 0.00355894 secs using 268.5% CPU
Optimizing NNI: done in 0.00745486 secs using 301.1% CPU
Optimizing NNI: done in 0.00470988 secs using 312.3% CPU
Optimizing NNI: done in 0.00568452 secs using 275.8% CPU
Optimizing NNI: done in 0.00339972 secs using 335.2% CPU
Optimizing NNI: done in 0.00466837 secs using 314.2% CPU
Optimizing NNI: done in 0.0109755 secs using 291.3% CPU
Optimizing NNI: done in 0.0072686 secs using 292.6% CPU
Optimizing NNI: done in 0.00403402 secs using 298.2% CPU
700 samples done
Optimizing NNI: done in 0.00386705 secs using 306.7% CPU
Optimizing NNI: done in 0.00325555 secs using 345.7% CPU
Optimizing NNI: done in 0.00326404 secs using 283.7% CPU
Optimizing NNI: done in 0.00869152 secs using 307.1% CPU
Optimizing NNI: done in 0.00349066 secs using 329.3% CPU
Optimizing NNI: done in 0.0102306 secs using 295.4% CPU
Optimizing NNI: done in 0.00899754 secs using 300% CPU
Optimizing NNI: done in 0.00467371 secs using 271.1% CPU
Optimizing NNI: done in 0.00390791 secs using 304.7% CPU
Optimizing NNI: done in 0.0224758 secs using 304.6% CPU
Optimizing NNI: done in 0.0047771 secs using 309.2% CPU
Optimizing NNI: done in 0.00396852 secs using 301.5% CPU
Optimizing NNI: done in 0.0102698 secs using 294.6% CPU
Optimizing NNI: done in 0.00430187 secs using 285.9% CPU
Optimizing NNI: done in 0.0040176 secs using 299% CPU
Optimizing NNI: done in 0.00341043 secs using 275.9% CPU
Optimizing NNI: done in 0.00984811 secs using 303% CPU
Optimizing NNI: done in 0.00726316 secs using 320.2% CPU
Optimizing NNI: done in 0.00342573 secs using 274.9% CPU
Optimizing NNI: done in 0.00700839 secs using 299.7% CPU
Optimizing NNI: done in 0.00497534 secs using 300.9% CPU
Optimizing NNI: done in 0.00349749 secs using 328.2% CPU
Optimizing NNI: done in 0.00478235 secs using 309.1% CPU
Optimizing NNI: done in 0.0138185 secs using 302.6% CPU
Optimizing NNI: done in 0.00378041 secs using 258.6% CPU
Optimizing NNI: done in 0.00362275 secs using 265.5% CPU
Optimizing NNI: done in 0.00349635 secs using 271.2% CPU
Optimizing NNI: done in 0.00320764 secs using 256% CPU
Optimizing NNI: done in 0.00234984 secs using 269.8% CPU
Optimizing NNI: done in 0.00306509 secs using 295.6% CPU
Optimizing NNI: done in 0.00332997 secs using 340.1% CPU
Optimizing NNI: done in 0.00426451 secs using 287.5% CPU
Optimizing NNI: done in 0.00341507 secs using 275.7% CPU
Optimizing NNI: done in 0.00374614 secs using 312.5% CPU
Optimizing NNI: done in 0.00685286 secs using 304.3% CPU
Optimizing NNI: done in 0.014828 secs using 302.3% CPU
Optimizing NNI: done in 0.00455212 secs using 319.6% CPU
Optimizing NNI: done in 0.00353846 secs using 269.5% CPU
Optimizing NNI: done in 0.00346492 secs using 272.3% CPU
Optimizing NNI: done in 0.00971754 secs using 305.7% CPU
Optimizing NNI: done in 0.00804734 secs using 298.8% CPU
Optimizing NNI: done in 0.00591956 secs using 302.7% CPU
Optimizing NNI: done in 0.0032348 secs using 347.2% CPU
Optimizing NNI: done in 0.00689771 secs using 302.5% CPU
Optimizing NNI: done in 0.00435375 secs using 283.6% CPU
Optimizing NNI: done in 0.00342682 secs using 333.4% CPU
Optimizing NNI: done in 0.00349227 secs using 242.9% CPU
Optimizing NNI: done in 0.0106538 secs using 278.4% CPU
Optimizing NNI: done in 0.00443355 secs using 325.5% CPU
Optimizing NNI: done in 0.00673196 secs using 307.9% CPU
Optimizing NNI: done in 0.00340659 secs using 276% CPU
Optimizing NNI: done in 0.00965819 secs using 286.3% CPU
Optimizing NNI: done in 0.00393522 secs using 303.2% CPU
Optimizing NNI: done in 0.00614338 secs using 295.2% CPU
Optimizing NNI: done in 0.00392714 secs using 303.6% CPU
Optimizing NNI: done in 0.00408089 secs using 296% CPU
Optimizing NNI: done in 0.00302201 secs using 298.4% CPU
Optimizing NNI: done in 0.00770475 secs using 307.6% CPU
Optimizing NNI: done in 0.00343458 secs using 332.9% CPU
Optimizing NNI: done in 0.00644098 secs using 317.3% CPU
Optimizing NNI: done in 0.0112237 secs using 295.9% CPU
Optimizing NNI: done in 0.00662515 secs using 311.3% CPU
Optimizing NNI: done in 0.0107329 secs using 286.3% CPU
Optimizing NNI: done in 0.00736707 secs using 289.8% CPU
Optimizing NNI: done in 0.00469935 secs using 312.6% CPU
Optimizing NNI: done in 0.0128522 secs using 302.2% CPU
Optimizing NNI: done in 0.00476333 secs using 309.9% CPU
Optimizing NNI: done in 0.00360541 secs using 321.8% CPU
Optimizing NNI: done in 0.00574311 secs using 274.1% CPU
Optimizing NNI: done in 0.00354682 secs using 325.5% CPU
Optimizing NNI: done in 0.00323301 secs using 285.4% CPU
Optimizing NNI: done in 0.00372167 secs using 261% CPU
Optimizing NNI: done in 0.00331711 secs using 311.1% CPU
Optimizing NNI: done in 0.0061933 secs using 293.6% CPU
Optimizing NNI: done in 0.00622257 secs using 324.9% CPU
Optimizing NNI: done in 0.00849275 secs using 288.3% CPU
Optimizing NNI: done in 0.00916556 secs using 296.3% CPU
Optimizing NNI: done in 0.00343077 secs using 274.8% CPU
Optimizing NNI: done in 0.00787581 secs using 303.1% CPU
Optimizing NNI: done in 0.0130616 secs using 299% CPU
Optimizing NNI: done in 0.00473763 secs using 290% CPU
Optimizing NNI: done in 0.00712171 secs using 296.5% CPU
Optimizing NNI: done in 0.0129869 secs using 300.2% CPU
Optimizing NNI: done in 0.011407 secs using 310.4% CPU
Optimizing NNI: done in 0.00440343 secs using 281.6% CPU
Optimizing NNI: done in 0.0123772 secs using 285.8% CPU
Optimizing NNI: done in 0.00369626 secs using 262.1% CPU
Optimizing NNI: done in 0.00664349 secs using 310.7% CPU
Optimizing NNI: done in 0.00644478 secs using 286.1% CPU
Optimizing NNI: done in 0.00361248 secs using 321.3% CPU
Optimizing NNI: done in 0.00318389 secs using 288.3% CPU
Optimizing NNI: done in 0.00687509 secs using 303.5% CPU
Optimizing NNI: done in 0.011562 secs using 307.5% CPU
Optimizing NNI: done in 0.00358784 secs using 267.2% CPU
Optimizing NNI: done in 0.00391758 secs using 304.1% CPU
Optimizing NNI: done in 0.00613603 secs using 295.5% CPU
Optimizing NNI: done in 0.00920402 secs using 295.5% CPU
Optimizing NNI: done in 0.00761729 secs using 309.9% CPU
Optimizing NNI: done in 0.00406399 secs using 296.8% CPU
Optimizing NNI: done in 0.00410288 secs using 294.9% CPU
800 samples done
Optimizing NNI: done in 0.00410166 secs using 294.9% CPU
Optimizing NNI: done in 0.00798914 secs using 287.3% CPU
Optimizing NNI: done in 0.0103176 secs using 292.7% CPU
Optimizing NNI: done in 0.0146408 secs using 277.2% CPU
Optimizing NNI: done in 0.0159166 secs using 301% CPU
Optimizing NNI: done in 0.0049969 secs using 300% CPU
Optimizing NNI: done in 0.00576524 secs using 273.3% CPU
Optimizing NNI: done in 0.00583762 secs using 305.4% CPU
Optimizing NNI: done in 0.018891 secs using 252.2% CPU
Optimizing NNI: done in 0.0128546 secs using 294.5% CPU
Optimizing NNI: done in 0.0117289 secs using 286.6% CPU
Optimizing NNI: done in 0.0139358 secs using 284.8% CPU
Optimizing NNI: done in 0.00574768 secs using 308.7% CPU
Optimizing NNI: done in 0.00479233 secs using 307.9% CPU
Optimizing NNI: done in 0.00544775 secs using 302% CPU
Optimizing NNI: done in 0.0052174 secs using 287.9% CPU
Optimizing NNI: done in 0.0060253 secs using 292% CPU
Optimizing NNI: done in 0.0115583 secs using 306.1% CPU
Optimizing NNI: done in 0.0250341 secs using 299.7% CPU
Optimizing NNI: done in 0.0153332 secs using 295.6% CPU
Optimizing NNI: done in 0.0045101 secs using 277.3% CPU
Optimizing NNI: done in 0.00891751 secs using 301.8% CPU
Optimizing NNI: done in 0.00769944 secs using 307.7% CPU
Optimizing NNI: done in 0.00804246 secs using 298.9% CPU
Optimizing NNI: done in 0.00493686 secs using 302.5% CPU
Optimizing NNI: done in 0.00467371 secs using 292.6% CPU
Optimizing NNI: done in 0.0097238 secs using 285.1% CPU
Optimizing NNI: done in 0.0152899 secs using 295% CPU
Optimizing NNI: done in 0.00336829 secs using 278% CPU
Optimizing NNI: done in 0.0100154 secs using 299.7% CPU
Optimizing NNI: done in 0.00424291 secs using 335.6% CPU
Optimizing NNI: done in 0.00963983 secs using 286.7% CPU
Optimizing NNI: done in 0.00632116 secs using 289.8% CPU
Optimizing NNI: done in 0.00944487 secs using 311.7% CPU
Optimizing NNI: done in 0.0113261 secs using 294.2% CPU
Optimizing NNI: done in 0.0135639 secs using 284.3% CPU
Optimizing NNI: done in 0.00458851 secs using 317.9% CPU
Optimizing NNI: done in 0.00397535 secs using 301.2% CPU
Optimizing NNI: done in 0.00996096 secs using 299.5% CPU
Optimizing NNI: done in 0.0131679 secs using 295.8% CPU
Optimizing NNI: done in 0.00620123 secs using 292.5% CPU
Optimizing NNI: done in 0.00380473 secs using 297.5% CPU
Optimizing NNI: done in 0.00701132 secs using 297.6% CPU
Optimizing NNI: done in 0.00536441 secs using 281.7% CPU
Optimizing NNI: done in 0.0101798 secs using 312.7% CPU
Optimizing NNI: done in 0.00365376 secs using 314.6% CPU
Optimizing NNI: done in 0.00860549 secs using 306.4% CPU
Optimizing NNI: done in 0.00406635 secs using 297.4% CPU
Optimizing NNI: done in 0.00665756 secs using 292.9% CPU
Optimizing NNI: done in 0.01085 secs using 301% CPU
Optimizing NNI: done in 0.0038029 secs using 308.9% CPU
Optimizing NNI: done in 0.0101728 secs using 296% CPU
Optimizing NNI: done in 0.0039535 secs using 295.9% CPU
Optimizing NNI: done in 0.00962419 secs using 286.2% CPU
Optimizing NNI: done in 0.00307417 secs using 295% CPU
Optimizing NNI: done in 0.00939999 secs using 311.1% CPU
Optimizing NNI: done in 0.00487798 secs using 262.5% CPU
Optimizing NNI: done in 0.00393379 secs using 299.4% CPU
Optimizing NNI: done in 0.029638 secs using 299.1% CPU
Optimizing NNI: done in 0.00397783 secs using 296.2% CPU
Optimizing NNI: done in 0.00358995 secs using 322.7% CPU
Optimizing NNI: done in 0.00374539 secs using 304.7% CPU
Optimizing NNI: done in 0.00425848 secs using 333.9% CPU
Optimizing NNI: done in 0.00343159 secs using 269.8% CPU
Optimizing NNI: done in 0.00418928 secs using 288.6% CPU
Optimizing NNI: done in 0.003706 secs using 279.8% CPU
Optimizing NNI: done in 0.00360756 secs using 281.3% CPU
Optimizing NNI: done in 0.00344537 secs using 328.7% CPU
Optimizing NNI: done in 0.00471339 secs using 309.5% CPU
Optimizing NNI: done in 0.00337877 secs using 277.5% CPU
Optimizing NNI: done in 0.00404395 secs using 294.5% CPU
Optimizing NNI: done in 0.00406317 secs using 295.1% CPU
Optimizing NNI: done in 0.00873654 secs using 310.2% CPU
Optimizing NNI: done in 0.00346885 secs using 268.6% CPU
Optimizing NNI: done in 0.0140248 secs using 284.6% CPU
Optimizing NNI: done in 0.00375695 secs using 318% CPU
Optimizing NNI: done in 0.00440168 secs using 280.4% CPU
Optimizing NNI: done in 0.00343828 secs using 331.6% CPU
Optimizing NNI: done in 0.00464845 secs using 250.5% CPU
Optimizing NNI: done in 0.0153001 secs using 287.2% CPU
Optimizing NNI: done in 0.0039459 secs using 302.6% CPU
Optimizing NNI: done in 0.00366394 secs using 278.7% CPU
Optimizing NNI: done in 0.00332027 secs using 296.6% CPU
Optimizing NNI: done in 0.0116526 secs using 301.6% CPU
Optimizing NNI: done in 0.00392334 secs using 303.8% CPU
Optimizing NNI: done in 0.00328649 secs using 282.5% CPU
Optimizing NNI: done in 0.00353447 secs using 269.7% CPU
Optimizing NNI: done in 0.00777809 secs using 276.6% CPU
Optimizing NNI: done in 0.00378706 secs using 309.6% CPU
Optimizing NNI: done in 0.00909642 secs using 296.2% CPU
Optimizing NNI: done in 0.00412541 secs using 289% CPU
Optimizing NNI: done in 0.00337288 secs using 277.8% CPU
Optimizing NNI: done in 0.00328063 secs using 282.8% CPU
Optimizing NNI: done in 0.00476337 secs using 309.8% CPU
Optimizing NNI: done in 0.00871583 secs using 302.6% CPU
Optimizing NNI: done in 0.00805209 secs using 297.2% CPU
Optimizing NNI: done in 0.00497669 secs using 300.3% CPU
Optimizing NNI: done in 0.00497214 secs using 286.5% CPU
Optimizing NNI: done in 0.00487742 secs using 263.9% CPU
Optimizing NNI: done in 0.0191712 secs using 288.5% CPU
900 samples done
Optimizing NNI: done in 0.00379498 secs using 306.7% CPU
Optimizing NNI: done in 0.00502568 secs using 298.9% CPU
Optimizing NNI: done in 0.00645735 secs using 312.9% CPU
Optimizing NNI: done in 0.003478 secs using 328.5% CPU
Optimizing NNI: done in 0.0092102 secs using 294.1% CPU
Optimizing NNI: done in 0.00355454 secs using 280.5% CPU
Optimizing NNI: done in 0.00236076 secs using 266.7% CPU
Optimizing NNI: done in 0.011168 secs using 295.6% CPU
Optimizing NNI: done in 0.00413168 secs using 290.7% CPU
Optimizing NNI: done in 0.00384541 secs using 308% CPU
Optimizing NNI: done in 0.00386298 secs using 305.8% CPU
Optimizing NNI: done in 0.00419449 secs using 265.9% CPU
Optimizing NNI: done in 0.0105844 secs using 269.8% CPU
Optimizing NNI: done in 0.00425804 secs using 286.9% CPU
Optimizing NNI: done in 0.0155699 secs using 291.4% CPU
Optimizing NNI: done in 0.00424366 secs using 297.6% CPU
Optimizing NNI: done in 0.0034677 secs using 272.1% CPU
Optimizing NNI: done in 0.00402015 secs using 297.6% CPU
Optimizing NNI: done in 0.00447187 secs using 321.4% CPU
Optimizing NNI: done in 0.0127086 secs using 306% CPU
Optimizing NNI: done in 0.0037592 secs using 259.5% CPU
Optimizing NNI: done in 0.00433329 secs using 288.3% CPU
Optimizing NNI: done in 0.0106934 secs using 305% CPU
Optimizing NNI: done in 0.00952549 secs using 309.1% CPU
Optimizing NNI: done in 0.00932588 secs using 280.5% CPU
Optimizing NNI: done in 0.0144494 secs using 305.3% CPU
Optimizing NNI: done in 0.00827051 secs using 304.7% CPU
Optimizing NNI: done in 0.00575873 secs using 290.2% CPU
Optimizing NNI: done in 0.00824186 secs using 292.8% CPU
Optimizing NNI: done in 0.00502016 secs using 303.1% CPU
Optimizing NNI: done in 0.00333542 secs using 249.9% CPU
Optimizing NNI: done in 0.012553 secs using 294.3% CPU
Optimizing NNI: done in 0.0085652 secs using 297.9% CPU
Optimizing NNI: done in 0.00815922 secs using 283.3% CPU
Optimizing NNI: done in 0.00699595 secs using 285.3% CPU
Optimizing NNI: done in 0.0123449 secs using 292.4% CPU
Optimizing NNI: done in 0.0108781 secs using 300.4% CPU
Optimizing NNI: done in 0.00330306 secs using 281.5% CPU
Optimizing NNI: done in 0.00505575 secs using 294.8% CPU
Optimizing NNI: done in 0.0123756 secs using 290.8% CPU
Optimizing NNI: done in 0.00337225 secs using 337.1% CPU
Optimizing NNI: done in 0.00349749 secs using 270.4% CPU
Optimizing NNI: done in 0.00473444 secs using 301.5% CPU
Optimizing NNI: done in 0.00993232 secs using 300.6% CPU
Optimizing NNI: done in 0.00730469 secs using 290.2% CPU
Optimizing NNI: done in 0.00827292 secs using 316.9% CPU
Optimizing NNI: done in 0.00497637 secs using 294.6% CPU
Optimizing NNI: done in 0.00651423 secs using 281.8% CPU
Optimizing NNI: done in 0.00580591 secs using 283.1% CPU
Optimizing NNI: done in 0.0030172 secs using 298% CPU
Optimizing NNI: done in 0.00361919 secs using 320.2% CPU
Optimizing NNI: done in 0.00328467 secs using 282.2% CPU
Optimizing NNI: done in 0.00363674 secs using 319.4% CPU
Optimizing NNI: done in 0.0038514 secs using 304% CPU
Optimizing NNI: done in 0.0072149 secs using 318.5% CPU
Optimizing NNI: done in 0.00328251 secs using 325.1% CPU
Optimizing NNI: done in 0.00684637 secs using 287.1% CPU
Optimizing NNI: done in 0.00326261 secs using 282.9% CPU
Optimizing NNI: done in 0.00339931 secs using 275.5% CPU
Optimizing NNI: done in 0.00664525 secs using 278.4% CPU
Optimizing NNI: done in 0.0052882 secs using 269.4% CPU
Optimizing NNI: done in 0.00363181 secs using 264.9% CPU
Optimizing NNI: done in 0.00352777 secs using 323.2% CPU
Optimizing NNI: done in 0.00499636 secs using 299.4% CPU
Optimizing NNI: done in 0.0039006 secs using 279.4% CPU
Optimizing NNI: done in 0.0033173 secs using 280.7% CPU
Optimizing NNI: done in 0.00906118 secs using 287.1% CPU
Optimizing NNI: done in 0.00333991 secs using 283.8% CPU
Optimizing NNI: done in 0.0098115 secs using 302.8% CPU
Optimizing NNI: done in 0.00822567 secs using 293.1% CPU
Optimizing NNI: done in 0.00627157 secs using 313.8% CPU
Optimizing NNI: done in 0.00339599 secs using 334.4% CPU
Optimizing NNI: done in 0.00383861 secs using 282% CPU
Optimizing NNI: done in 0.0035789 secs using 266.3% CPU
Optimizing NNI: done in 0.0038415 secs using 308.1% CPU
Optimizing NNI: done in 0.00870124 secs using 281.9% CPU
Optimizing NNI: done in 0.00752369 secs using 310.8% CPU
Optimizing NNI: done in 0.00372692 secs using 256.6% CPU
Optimizing NNI: done in 0.00688409 secs using 279% CPU
Optimizing NNI: done in 0.0050378 secs using 297.1% CPU
Optimizing NNI: done in 0.00910379 secs using 297.1% CPU
Optimizing NNI: done in 0.00525629 secs using 292.8% CPU
Optimizing NNI: done in 0.0143066 secs using 294.2% CPU
Optimizing NNI: done in 0.00992177 secs using 290.2% CPU
Optimizing NNI: done in 0.00939465 secs using 290.3% CPU
Optimizing NNI: done in 0.00325755 secs using 284.1% CPU
Optimizing NNI: done in 0.00608959 secs using 297% CPU
Optimizing NNI: done in 0.00480127 secs using 304.5% CPU
Optimizing NNI: done in 0.00622445 secs using 324.9% CPU
Optimizing NNI: done in 0.0149608 secs using 293.6% CPU
Optimizing NNI: done in 0.00304435 secs using 297% CPU
Optimizing NNI: done in 0.00403335 secs using 347.2% CPU
Optimizing NNI: done in 0.0076991 secs using 292.7% CPU
Optimizing NNI: done in 0.00302279 secs using 301.5% CPU
Optimizing NNI: done in 0.00458504 secs using 318% CPU
Optimizing NNI: done in 0.00352015 secs using 333.2% CPU
Optimizing NNI: done in 0.0033894 secs using 276% CPU
Optimizing NNI: done in 0.00559228 secs using 282.4% CPU
Optimizing NNI: done in 0.00385029 secs using 307.9% CPU
Optimizing NNI: done in 0.00407381 secs using 295.3% CPU
1000 samples done
Total 991 ufboot trees refined
TREE SEARCH COMPLETED AFTER 110 ITERATIONS / Time: 0h:0m:45s

--------------------------------------------------------------------
|                    FINALIZING TREE SEARCH                        |
--------------------------------------------------------------------
Performs final model parameters optimization
Estimate model parameters (epsilon = 0.010)
1. Initial log-likelihood: -649.928
Optimal log-likelihood: -649.928
Gamma shape alpha: 0.126
Parameters optimization took 1 rounds (0.005 sec)
BEST SCORE FOUND : -649.928
Creating bootstrap support values...
Split supports printed to NEXUS file part1_trimmed.afa.splits.nex
Total tree length: 0.497

Total number of iterations: 110
CPU time used for tree search: 54.918 sec (0h:0m:54s)
Wall-clock time used for tree search: 18.638 sec (0h:0m:18s)
Total CPU time used: 121.399 sec (0h:2m:1s)
Total wall-clock time used: 45.977 sec (0h:0m:45s)
UFBoot trees printed to part1_trimmed.afa.ufboot

Computing bootstrap consensus tree...
Reading input file part1_trimmed.afa.splits.nex...
15 taxa and 300 splits.
Consensus tree written to part1_trimmed.afa.contree
Reading input trees file part1_trimmed.afa.contree
Log-likelihood of consensus tree: -649.932

Analysis results written to: 
  IQ-TREE report:                part1_trimmed.afa.iqtree
  Maximum-likelihood tree:       part1_trimmed.afa.treefile
  Likelihood distances:          part1_trimmed.afa.mldist

Ultrafast bootstrap approximation results written to:
  Split support values:          part1_trimmed.afa.splits.nex
  Consensus tree:                part1_trimmed.afa.contree
  UFBoot trees:                  part1_trimmed.afa.ufboot
  Screen log file:               part1_trimmed.afa.log

Date and Time: Wed Nov 19 11:51:20 2025
