IQ-TREE version 3.0.1 for Linux x86 64-bit built Jul  9 2025
Developed by Bui Quang Minh, Thomas Wong, Nhan Ly-Trong, Huaiyan Ren
Contributed by Lam-Tung Nguyen, Dominik Schrempf, Chris Bielow,
Olga Chernomor, Michael Woodhams, Diep Thi Hoang, Heiko Schmidt

Host:    thecomputer2 (AVX512, FMA3, 31 GB RAM)
Command: iqtree3 -s 11_alignment_files/part1_trimmed.afa -m MFP -B 1000 -bnni -T AUTO -redo
Seed:    886847 (Using SPRNG - Scalable Parallel Random Number Generator)
Time:    Sat Nov 29 20:51:19 2025
Kernel:  AVX+FMA - auto-detect threads (8 CPU cores detected)

Reading alignment file 11_alignment_files/part1_trimmed.afa ... Fasta format detected
Reading fasta file: done in 9.5965e-05 secs using 33.35% CPU
Alignment most likely contains protein sequences
Constructing alignment: done in 0.000174293 secs using 98.68% CPU
Alignment has 24 sequences with 169 columns, 108 distinct patterns
25 parsimony-informative, 12 singleton sites, 132 constant sites
                        Gap/Ambiguity  Composition  p-value
Analyzing sequences: done in 0.00484269 secs using 634.8% CPU
   1  Natator_depressus         0.00%    passed    100.00%
   2  sampleC_part1            41.42%    passed     99.83%
   3  sampleD_part1             4.14%    passed     99.93%
   4  Eretmochelys_imbricata    0.59%    passed    100.00%
   5  Caretta_caretta           0.59%    passed    100.00%
   6  Lepidochelys_kempii       0.59%    passed    100.00%
   7  Heptranchias_perlo       10.06%    passed    100.00%
   8  Delphinapterus_leucas     0.00%    passed    100.00%
   9  Monodon_monoceros         0.00%    passed    100.00%
  10  Dermochelys_coriacea      0.00%    passed    100.00%
  11  sampleA_part1             2.96%    passed    100.00%
  12  sampleB_part1             3.55%    passed    100.00%
  13  Eubalaena_japonica        0.00%    passed    100.00%
  14  Eubalaena_glacialis       0.00%    passed    100.00%
  15  Eubalaena_australis       0.00%    passed    100.00%
  16  Balaena_mysticetus        0.00%    passed    100.00%
  17  Eschrichtius_robustus     0.00%    passed    100.00%
  18  Etmopterus_pusillus      13.61%    passed    100.00%
  19  Thunnus_thynnus          34.91%    passed     99.96%
  20  Thunnus_orientalis       34.91%    passed     99.96%
  21  Thunnus_albacares        34.91%    passed     99.96%
  22  Thunnus_maccoyii         34.91%    passed     99.96%
  23  Thunnus_obesus           34.91%    passed     99.96%
  24  Etmopterus_spinax         7.10%    passed    100.00%
****  TOTAL                    10.80%  0 sequences failed composition chi2 test (p-value<5%; df=19)
NOTE: Caretta_caretta is identical to Eretmochelys_imbricata but kept for subsequent analysis
NOTE: Eubalaena_glacialis is identical to Eubalaena_japonica but kept for subsequent analysis
NOTE: Thunnus_orientalis is identical to Thunnus_thynnus but kept for subsequent analysis
Checking for duplicate sequences: done in 0.00574147 secs using 631.7% CPU
Identifying sites to remove: done in 9.3364e-05 secs using 173.5% CPU
NOTE: 5 identical sequences (see below) will be ignored for subsequent analysis
NOTE: Eubalaena_australis (identical to Eubalaena_japonica) is ignored but added at the end
NOTE: Balaena_mysticetus (identical to Eubalaena_japonica) is ignored but added at the end
NOTE: Thunnus_albacares (identical to Thunnus_thynnus) is ignored but added at the end
NOTE: Thunnus_maccoyii (identical to Thunnus_thynnus) is ignored but added at the end
NOTE: Thunnus_obesus (identical to Thunnus_thynnus) is ignored but added at the end
Alignment was printed to 11_alignment_files/part1_trimmed.afa.uniqueseq.phy

For your convenience alignment with unique sequences printed to 11_alignment_files/part1_trimmed.afa.uniqueseq.phy


Create initial parsimony tree by phylogenetic likelihood library (PLL)... 0.002 seconds
Measuring multi-threading efficiency up to 8 CPU cores
Increase to 10 rounds for branch lengths
337 trees examined
Threads: 1 / Time: 8.008 sec / Speedup: 1.000 / Efficiency: 100% / LogL: -1063
Threads: 2 / Time: 5.460 sec / Speedup: 1.467 / Efficiency: 73% / LogL: -1063
Threads: 3 / Time: 4.166 sec / Speedup: 1.922 / Efficiency: 64% / LogL: -1063
Threads: 4 / Time: 3.546 sec / Speedup: 2.258 / Efficiency: 56% / LogL: -1063
Threads: 5 / Time: 5.651 sec / Speedup: 1.417 / Efficiency: 28% / LogL: -1063
Determining AUTO threadcount: done in 26.8309 secs using 273.6% CPU
BEST NUMBER OF THREADS: 4

Perform fast likelihood tree search using LG+I+G model...
Estimate model parameters (epsilon = 5.000)
Perform nearest neighbor interchange...
Optimizing NNI: done in 0.0152047 secs using 395.9% CPU
Estimate model parameters (epsilon = 1.000)
1. Initial log-likelihood: -778.485
Optimal log-likelihood: -778.472
Proportion of invariable sites: 0.368
Gamma shape alpha: 998.441
Parameters optimization took 1 rounds (0.012 sec)
Time for fast ML tree search: 0.058 seconds

NOTE: ModelFinder requires 4 MB RAM!
ModelFinder will test up to 1232 protein models (sample size: 169 epsilon: 0.100) ...
 No. Model         -LnL         df  AIC          AICc         BIC
  1  LG            778.661      35  1627.321     1646.269     1736.868
  2  LG+I          778.319      36  1628.638     1648.819     1741.314
  3  LG+G4         778.520      36  1629.041     1649.222     1741.717
  4  LG+I+G4       778.461      37  1630.921     1652.387     1746.727
  5  LG+R2         778.506      37  1631.011     1652.477     1746.817
  6  LG+R3         778.526      39  1635.053     1659.239     1757.119
 14  LG+I+R2       778.529      38  1633.059     1655.859     1751.995
 15  LG+I+R3       778.441      40  1636.882     1662.507     1762.078
 23  LG+F          739.419      54  1586.837     1638.943     1755.852
 24  LG+F+I        739.149      55  1588.298     1642.811     1760.443
 25  LG+F+G4       739.341      55  1588.681     1643.194     1760.826
 26  LG+F+I+G4     739.350      56  1590.700     1647.700     1765.974
 27  LG+F+R2       739.318      56  1590.635     1647.635     1765.910
 45  WAG           779.766      35  1629.533     1648.480     1739.079
 46  WAG+I         779.362      36  1630.724     1650.906     1743.400
 47  WAG+G4        779.556      36  1631.112     1651.294     1743.788
 48  WAG+I+G4      779.442      37  1632.884     1654.350     1748.690
 49  WAG+R2        779.549      37  1633.098     1654.564     1748.904
 67  WAG+F         740.211      54  1588.422     1640.527     1757.436
 68  WAG+F+I       739.996      55  1589.993     1644.506     1762.137
 69  WAG+F+G4      740.156      55  1590.312     1644.826     1762.457
 70  WAG+F+I+G4    740.211      56  1592.422     1649.422     1767.697
 71  WAG+F+R2      740.139      56  1592.277     1649.277     1767.552
 89  JTT           775.955      35  1621.910     1640.858     1731.457
 90  JTT+I         775.674      36  1623.347     1643.529     1736.024
 91  JTT+G4        775.841      36  1623.681     1643.863     1736.358
 92  JTT+I+G4      775.808      37  1625.615     1647.081     1741.421
 93  JTT+R2        775.815      37  1625.631     1647.096     1741.437
111  JTT+F         738.401      54  1584.803     1636.908     1753.817
112  JTT+F+I       738.279      55  1586.558     1641.072     1758.703
113  JTT+F+G4      738.391      55  1586.783     1641.296     1758.927
114  JTT+F+I+G4    738.590      56  1589.181     1646.181     1764.455
115  JTT+F+R2      738.412      56  1588.825     1645.825     1764.099
133  Q.PFAM        777.106      35  1624.212     1643.160     1733.759
134  Q.PFAM+I      776.789      36  1625.578     1645.760     1738.255
135  Q.PFAM+G4     776.996      36  1625.993     1646.175     1738.669
136  Q.PFAM+I+G4   776.888      37  1627.775     1649.241     1743.581
137  Q.PFAM+R2     776.968      37  1627.936     1649.401     1743.742
155  Q.PFAM+F      740.510      54  1589.019     1641.125     1758.034
156  Q.PFAM+F+I    740.245      55  1590.490     1645.003     1762.634
157  Q.PFAM+F+G4   740.443      55  1590.886     1645.399     1763.030
158  Q.PFAM+F+I+G4 740.386      56  1592.772     1649.772     1768.047
159  Q.PFAM+F+R2   740.418      56  1592.836     1649.836     1768.110
177  Q.BIRD        791.381      35  1652.761     1671.708     1762.308
178  Q.BIRD+I      790.785      36  1653.570     1673.752     1766.246
179  Q.BIRD+G4     790.984      36  1653.968     1674.150     1766.644
180  Q.BIRD+I+G4   790.795      37  1655.590     1677.055     1771.396
181  Q.BIRD+R2     791.006      37  1656.011     1677.477     1771.818
199  Q.BIRD+F      747.638      54  1603.277     1655.382     1772.291
200  Q.BIRD+F+I    747.287      55  1604.573     1659.086     1776.718
201  Q.BIRD+F+G4   747.476      55  1604.952     1659.465     1777.096
202  Q.BIRD+F+I+G4 747.395      56  1606.791     1663.791     1782.065
203  Q.BIRD+F+R2   747.444      56  1606.888     1663.888     1782.163
221  Q.MAMMAL      789.199      35  1648.398     1667.345     1757.944
222  Q.MAMMAL+I    788.866      36  1649.733     1669.915     1762.409
223  Q.MAMMAL+G4   789.060      36  1650.119     1670.301     1762.796
224  Q.MAMMAL+I+G4 788.934      37  1651.868     1673.333     1767.674
225  Q.MAMMAL+R2   789.022      37  1652.045     1673.510     1767.851
243  Q.MAMMAL+F    744.001      54  1596.001     1648.107     1765.016
244  Q.MAMMAL+F+I  743.825      55  1597.651     1652.164     1769.795
245  Q.MAMMAL+F+G4 743.978      55  1597.956     1652.470     1770.101
246  Q.MAMMAL+F+I+G4 744.031      56  1600.063     1657.063     1775.337
247  Q.MAMMAL+F+R2 743.992      56  1599.983     1656.983     1775.258
265  Q.INSECT      785.385      35  1640.770     1659.718     1750.317
266  Q.INSECT+I    785.115      36  1642.230     1662.412     1754.906
267  Q.INSECT+G4   785.302      36  1642.603     1662.785     1755.280
268  Q.INSECT+I+G4 785.198      37  1644.396     1665.862     1760.202
269  Q.INSECT+R2   785.270      37  1644.540     1666.006     1760.346
287  Q.INSECT+F    737.931      54  1583.863     1635.968     1752.877
288  Q.INSECT+F+I  737.738      55  1585.476     1639.989     1757.620
289  Q.INSECT+F+G4 737.896      55  1585.792     1640.305     1757.937
290  Q.INSECT+F+I+G4 737.879      56  1587.758     1644.758     1763.033
291  Q.INSECT+F+R2 737.888      56  1587.777     1644.777     1763.051
309  Q.PLANT       779.047      35  1628.094     1647.041     1737.640
310  Q.PLANT+I     778.615      36  1629.231     1649.413     1741.907
311  Q.PLANT+G4    778.801      36  1629.603     1649.784     1742.279
312  Q.PLANT+I+G4  778.638      37  1631.275     1652.741     1747.081
313  Q.PLANT+R2    778.775      37  1631.550     1653.016     1747.357
331  Q.PLANT+F     741.200      54  1590.401     1642.506     1759.415
332  Q.PLANT+F+I   740.931      55  1591.861     1646.375     1764.006
333  Q.PLANT+F+G4  741.102      55  1592.204     1646.717     1764.349
334  Q.PLANT+F+I+G4 741.026      56  1594.052     1651.052     1769.327
335  Q.PLANT+F+R2  741.073      56  1594.147     1651.147     1769.421
353  Q.YEAST       785.402      35  1640.805     1659.752     1750.351
354  Q.YEAST+I     785.009      36  1642.018     1662.200     1754.695
355  Q.YEAST+G4    785.244      36  1642.488     1662.670     1755.165
356  Q.YEAST+I+G4  785.033      37  1644.066     1665.532     1759.873
357  Q.YEAST+R2    785.198      37  1644.395     1665.861     1760.202
375  Q.YEAST+F     738.390      54  1584.780     1636.885     1753.795
376  Q.YEAST+F+I   738.131      55  1586.263     1640.776     1758.407
377  Q.YEAST+F+G4  738.325      55  1586.649     1641.162     1758.794
378  Q.YEAST+F+I+G4 738.213      56  1588.426     1645.426     1763.700
379  Q.YEAST+F+R2  738.297      56  1588.594     1645.594     1763.869
397  JTTDCMUT      776.262      35  1622.525     1641.472     1732.071
398  JTTDCMUT+I    775.982      36  1623.963     1644.145     1736.640
399  JTTDCMUT+G4   776.146      36  1624.292     1644.474     1736.968
400  JTTDCMUT+I+G4 776.037      37  1626.073     1647.539     1741.879
401  JTTDCMUT+R2   776.111      37  1626.221     1647.687     1742.028
419  JTTDCMUT+F    738.275      54  1584.551     1636.656     1753.565
420  JTTDCMUT+F+I  738.157      55  1586.314     1640.827     1758.458
421  JTTDCMUT+F+G4 738.266      55  1586.531     1641.045     1758.676
422  JTTDCMUT+F+I+G4 738.345      56  1588.689     1645.689     1763.963
423  JTTDCMUT+F+R2 738.301      56  1588.602     1645.602     1763.877
441  DCMUT         788.049      35  1646.099     1665.046     1755.645
442  DCMUT+I       787.560      36  1647.121     1667.303     1759.797
443  DCMUT+G4      787.768      36  1647.536     1667.718     1760.212
444  DCMUT+I+G4    787.564      37  1649.128     1670.594     1764.935
445  DCMUT+R2      787.744      37  1649.487     1670.953     1765.293
463  DCMUT+F       739.077      54  1586.155     1638.260     1755.169
464  DCMUT+F+I     738.894      55  1587.789     1642.302     1759.933
465  DCMUT+F+G4    739.041      55  1588.083     1642.596     1760.227
466  DCMUT+F+I+G4  739.002      56  1590.004     1647.004     1765.279
467  DCMUT+F+R2    739.036      56  1590.072     1647.072     1765.347
485  VT            777.357      35  1624.714     1643.662     1734.261
486  VT+I          777.072      36  1626.144     1646.325     1738.820
487  VT+G4         777.254      36  1626.507     1646.689     1739.184
488  VT+I+G4       777.110      37  1628.220     1649.686     1744.026
489  VT+R2         777.215      37  1628.430     1649.895     1744.236
507  VT+F          739.593      54  1587.186     1639.292     1756.201
508  VT+F+I        739.435      55  1588.871     1643.384     1761.015
509  VT+F+G4       739.572      55  1589.145     1643.658     1761.289
510  VT+F+I+G4     739.551      56  1591.102     1648.102     1766.377
511  VT+F+R2       739.579      56  1591.159     1648.159     1766.433
529  PMB           776.323      35  1622.647     1641.594     1732.193
530  PMB+I         776.086      36  1624.172     1644.354     1736.849
531  PMB+G4        776.255      36  1624.511     1644.692     1737.187
532  PMB+I+G4      776.140      37  1626.279     1647.745     1742.086
533  PMB+R2        776.225      37  1626.450     1647.916     1742.257
551  PMB+F         741.254      54  1590.509     1642.614     1759.523
552  PMB+F+I       741.066      55  1592.133     1646.646     1764.277
553  PMB+F+G4      741.219      55  1592.439     1646.952     1764.583
554  PMB+F+I+G4    741.151      56  1594.302     1651.302     1769.577
555  PMB+F+R2      741.207      56  1594.414     1651.414     1769.689
573  BLOSUM62      776.376      35  1622.753     1641.700     1732.299
574  BLOSUM62+I    776.113      36  1624.227     1644.409     1736.903
575  BLOSUM62+G4   776.295      36  1624.590     1644.772     1737.267
576  BLOSUM62+I+G4 776.152      37  1626.305     1647.770     1742.111
577  BLOSUM62+R2   776.260      37  1626.520     1647.986     1742.326
595  BLOSUM62+F    740.540      54  1589.080     1641.185     1758.094
596  BLOSUM62+F+I  740.326      55  1590.653     1645.166     1762.797
597  BLOSUM62+F+G4 740.494      55  1590.988     1645.501     1763.132
598  BLOSUM62+F+I+G4 740.391      56  1592.781     1649.781     1768.055
599  BLOSUM62+F+R2 740.472      56  1592.944     1649.944     1768.218
617  DAYHOFF       788.078      35  1646.155     1665.103     1755.702
618  DAYHOFF+I     787.583      36  1647.165     1667.347     1759.842
619  DAYHOFF+G4    787.792      36  1647.583     1667.765     1760.260
620  DAYHOFF+I+G4  787.584      37  1649.167     1670.633     1764.973
621  DAYHOFF+R2    787.770      37  1649.540     1671.006     1765.346
639  DAYHOFF+F     739.108      54  1586.217     1638.322     1755.231
640  DAYHOFF+F+I   738.923      55  1587.847     1642.360     1759.991
641  DAYHOFF+F+G4  739.071      55  1588.143     1642.656     1760.287
642  DAYHOFF+F+I+G4 739.002      56  1590.004     1647.004     1765.278
643  DAYHOFF+F+R2  739.061      56  1590.122     1647.122     1765.396
661  MTREV         751.711      35  1573.422     1592.369     1682.968
662  MTREV+I       751.366      36  1574.732     1594.914     1687.408
663  MTREV+G4      751.541      36  1575.083     1595.264     1687.759
664  MTREV+I+G4    751.394      37  1576.787     1598.253     1692.593
665  MTREV+R2      751.503      37  1577.005     1598.471     1692.812
683  MTREV+F       738.628      54  1585.257     1637.362     1754.272
684  MTREV+F+I     738.427      55  1586.853     1641.366     1758.998
685  MTREV+F+G4    738.547      55  1587.095     1641.608     1759.239
686  MTREV+F+I+G4  738.517      56  1589.034     1646.034     1764.309
687  MTREV+F+R2    738.531      56  1589.062     1646.062     1764.336
705  MTART         752.930      35  1575.860     1594.807     1685.406
706  MTART+I       752.274      36  1576.548     1596.730     1689.225
707  MTART+G4      752.484      36  1576.969     1597.150     1689.645
708  MTART+I+G4    752.276      37  1578.551     1600.017     1694.358
709  MTART+R2      752.473      37  1578.946     1600.412     1694.752
727  MTART+F       737.997      54  1583.994     1636.099     1753.008
728  MTART+F+I     737.475      55  1584.951     1639.464     1757.095
729  MTART+F+G4    737.635      55  1585.269     1639.783     1757.414
730  MTART+F+I+G4  737.480      56  1586.959     1643.959     1762.234
731  MTART+F+R2    737.604      56  1587.208     1644.208     1762.482
749  MTZOA         744.550      35  1559.100     1578.047     1668.646
750  MTZOA+I       744.343      36  1560.687     1580.869     1673.363
751  MTZOA+G4      744.518      36  1561.036     1581.218     1673.713
752  MTZOA+I+G4    744.427      37  1562.855     1584.321     1678.661
753  MTZOA+R2      744.524      37  1563.049     1584.514     1678.855
771  MTZOA+F       734.351      54  1576.702     1628.807     1745.716
772  MTZOA+F+I     734.166      55  1578.332     1632.845     1750.476
773  MTZOA+F+G4    734.321      55  1578.643     1633.156     1750.787
774  MTZOA+F+I+G4  734.260      56  1580.519     1637.519     1755.794
775  MTZOA+F+R2    734.329      56  1580.658     1637.658     1755.932
793  MTMET         760.075      35  1590.150     1609.097     1699.696
794  MTMET+I       759.892      36  1591.784     1611.966     1704.461
795  MTMET+G4      760.056      36  1592.112     1612.294     1704.788
796  MTMET+I+G4    759.970      37  1593.941     1615.406     1709.747
797  MTMET+R2      760.061      37  1594.122     1615.588     1709.928
815  MTMET+F       735.918      54  1579.836     1631.942     1748.851
816  MTMET+F+I     735.806      55  1581.612     1636.126     1753.757
817  MTMET+F+G4    735.916      55  1581.831     1636.345     1753.976
818  MTMET+F+I+G4  735.951      56  1583.902     1640.902     1759.177
819  MTMET+F+R2    735.965      56  1583.931     1640.931     1759.205
837  MTVER         759.122      35  1588.243     1607.191     1697.790
838  MTVER+I       758.656      36  1589.312     1609.494     1701.988
839  MTVER+G4      758.964      36  1589.928     1610.110     1702.604
840  MTVER+I+G4    758.658      37  1591.316     1612.781     1707.122
841  MTVER+R2      758.906      37  1591.811     1613.277     1707.618
859  MTVER+F       742.289      54  1592.578     1644.683     1761.592
860  MTVER+F+I     742.026      55  1594.051     1648.565     1766.196
861  MTVER+F+G4    742.231      55  1594.462     1648.975     1766.606
862  MTVER+F+I+G4  742.067      56  1596.135     1653.135     1771.409
863  MTVER+F+R2    742.199      56  1596.397     1653.397     1771.672
881  MTINV         771.286      35  1612.572     1631.519     1722.118
882  MTINV+I       771.142      36  1614.284     1634.466     1726.961
883  MTINV+G4      771.274      36  1614.547     1634.729     1727.223
884  MTINV+I+G4    771.227      37  1616.454     1637.920     1732.260
885  MTINV+R2      771.285      37  1616.569     1638.035     1732.376
903  MTINV+F       734.658      54  1577.315     1629.421     1746.330
904  MTINV+F+I     734.559      55  1579.119     1633.632     1751.263
905  MTINV+F+G4    734.654      55  1579.308     1633.821     1751.453
906  MTINV+F+I+G4  734.691      56  1581.381     1638.381     1756.656
907  MTINV+F+R2    734.690      56  1581.380     1638.380     1756.655
925  MTMAM         765.029      35  1600.058     1619.006     1709.605
926  MTMAM+I       762.473      36  1596.946     1617.128     1709.622
927  MTMAM+G4      763.083      36  1598.166     1618.348     1710.842
928  MTMAM+I+G4    762.834      37  1599.669     1621.134     1715.475
929  MTMAM+R2      763.111      37  1600.223     1621.689     1716.029
947  MTMAM+F       752.401      54  1612.802     1664.908     1781.817
948  MTMAM+F+I     750.313      55  1610.627     1665.140     1782.771
949  MTMAM+F+G4    750.876      55  1611.753     1666.266     1783.897
950  MTMAM+F+I+G4  750.567      56  1613.135     1670.135     1788.409
951  MTMAM+F+R2    750.762      56  1613.523     1670.523     1788.797
969  FLAVI         781.383      35  1632.766     1651.714     1742.313
970  FLAVI+I       780.863      36  1633.727     1653.909     1746.403
971  FLAVI+G4      780.987      36  1633.974     1654.155     1746.650
972  FLAVI+I+G4    780.864      37  1635.728     1657.193     1751.534
973  FLAVI+R2      780.937      37  1635.874     1657.340     1751.680
991  FLAVI+F       755.437      54  1618.874     1670.979     1787.888
992  FLAVI+F+I     754.972      55  1619.944     1674.457     1792.088
993  FLAVI+F+G4    755.096      55  1620.192     1674.705     1792.336
994  FLAVI+F+I+G4  754.976      56  1621.952     1678.952     1797.226
995  FLAVI+F+R2    755.065      56  1622.131     1679.131     1797.405
1013  HIVB          796.355      35  1662.710     1681.657     1772.256
1014  HIVB+I        795.162      36  1662.325     1682.507     1775.001
1015  HIVB+G4       795.313      36  1662.626     1682.807     1775.302
1016  HIVB+I+G4     795.226      37  1664.451     1685.917     1780.258
1017  HIVB+R2       795.303      37  1664.606     1686.072     1780.413
1035  HIVB+F        751.421      54  1610.841     1662.947     1779.856
1036  HIVB+F+I      750.848      55  1611.697     1666.210     1783.841
1037  HIVB+F+G4     750.948      55  1611.896     1666.409     1784.041
1038  HIVB+F+I+G4   750.849      56  1613.699     1670.699     1788.973
1039  HIVB+F+R2     750.915      56  1613.831     1670.831     1789.105
1057  HIVW          818.163      35  1706.327     1725.274     1815.873
1058  HIVW+I        815.355      36  1702.711     1722.893     1815.387
1059  HIVW+G4       815.353      36  1702.706     1722.888     1815.382
1060  HIVW+I+G4     815.312      37  1704.625     1726.090     1820.431
1061  HIVW+R2       816.019      37  1706.037     1727.503     1821.843
1079  HIVW+F        758.526      54  1625.053     1677.158     1794.067
1080  HIVW+F+I      757.234      55  1624.468     1678.981     1796.612
1081  HIVW+F+G4     757.210      55  1624.421     1678.934     1796.565
1082  HIVW+F+I+G4   757.179      56  1626.359     1683.359     1801.633
1083  HIVW+F+R2     757.296      56  1626.592     1683.592     1801.866
1101  FLU           787.960      35  1645.920     1664.868     1755.467
1102  FLU+I         787.265      36  1646.530     1666.712     1759.206
1103  FLU+G4        787.540      36  1647.080     1667.262     1759.756
1104  FLU+I+G4      787.285      37  1648.571     1670.037     1764.377
1105  FLU+R2        787.420      37  1648.839     1670.305     1764.646
1123  FLU+F         741.212      54  1590.424     1642.529     1759.439
1124  FLU+F+I       740.795      55  1591.591     1646.104     1763.735
1125  FLU+F+G4      741.021      55  1592.042     1646.556     1764.187
1126  FLU+F+I+G4    740.805      56  1593.610     1650.610     1768.884
1127  FLU+F+R2      740.992      56  1593.983     1650.983     1769.258
1145  RTREV         788.938      35  1647.876     1666.823     1757.422
1146  RTREV+I       788.146      36  1648.293     1668.475     1760.969
1147  RTREV+G4      788.338      36  1648.675     1668.857     1761.352
1148  RTREV+I+G4    788.187      37  1650.374     1671.840     1766.181
1149  RTREV+R2      788.252      37  1650.505     1671.970     1766.311
1167  RTREV+F       742.753      54  1593.506     1645.611     1762.520
1168  RTREV+F+I     742.097      55  1594.194     1648.708     1766.339
1169  RTREV+F+G4    742.282      55  1594.564     1649.078     1766.709
1170  RTREV+F+I+G4  742.110      56  1596.220     1653.220     1771.494
1171  RTREV+F+R2    742.203      56  1596.406     1653.406     1771.680
1189  CPREV         767.967      35  1605.935     1624.882     1715.481
1190  CPREV+I       767.711      36  1607.422     1627.604     1720.098
1191  CPREV+G4      767.840      36  1607.679     1627.861     1720.356
1192  CPREV+I+G4    767.738      37  1609.477     1630.942     1725.283
1193  CPREV+R2      767.856      37  1609.712     1631.177     1725.518
1211  CPREV+F       737.520      54  1583.040     1635.145     1752.054
1212  CPREV+F+I     737.443      55  1584.886     1639.399     1757.030
1213  CPREV+F+G4    737.512      55  1585.023     1639.537     1757.168
1214  CPREV+F+I+G4  737.606      56  1587.213     1644.213     1762.487
1215  CPREV+F+R2    737.686      56  1587.373     1644.373     1762.647
Akaike Information Criterion:           MTZOA
Corrected Akaike Information Criterion: MTZOA
Bayesian Information Criterion:         MTZOA
Best-fit model: MTZOA chosen according to BIC

All model information printed to 11_alignment_files/part1_trimmed.afa.model.gz
CPU time for ModelFinder: 88.080 seconds (0h:1m:28s)
Wall-clock time for ModelFinder: 30.538 seconds (0h:0m:30s)
WARNING: States(s) C rarely appear in alignment and may cause numerical problems
Generating 1000 samples for ultrafast bootstrap (seed: 886847)...

NOTE: 0 MB RAM (0 GB) is required!
Estimate model parameters (epsilon = 0.100)
1. Initial log-likelihood: -744.571
Optimal log-likelihood: -744.550
Parameters optimization took 1 rounds (0.002 sec)
Wrote distance file to... 
Computing ML distances based on estimated model parameters...
Calculating distance matrix: done in 0.00592744 secs using 422.1% CPU
Computing ML distances took 0.005993 sec (of wall-clock time) 0.025091 sec (of CPU time)
Setting up auxiliary I and S matrices: done in 0.000713901 secs using 40.06% CPU
Constructing RapidNJ tree: done in 0.00526052 secs using 287.7% CPU
Computing RapidNJ tree took 0.006066 sec (of wall-clock time) 0.015687 sec (of CPU time)
Log-likelihood of RapidNJ tree: -743.567
--------------------------------------------------------------------
|             INITIALIZING CANDIDATE TREE SET                      |
--------------------------------------------------------------------
Generating 98 parsimony trees... 0.067 second
Computing log-likelihood of 98 initial trees ... 0.115 seconds
Current best score: -743.250

Do NNI search on 20 best initial trees
Optimizing NNI: done in 0.0148449 secs using 389.2% CPU
Estimate model parameters (epsilon = 0.100)
BETTER TREE FOUND at iteration 1: -742.918
Optimizing NNI: done in 0.0140233 secs using 398.5% CPU
Optimizing NNI: done in 0.0199989 secs using 398.3% CPU
Optimizing NNI: done in 0.0196467 secs using 396.1% CPU
Optimizing NNI: done in 0.0194554 secs using 402.9% CPU
Optimizing NNI: done in 0.0192084 secs using 411.7% CPU
UPDATE BEST LOG-LIKELIHOOD: -742.918
Optimizing NNI: done in 0.0192215 secs using 385.3% CPU
Optimizing NNI: done in 0.0198556 secs using 396.7% CPU
Optimizing NNI: done in 0.0195996 secs using 395.7% CPU
Optimizing NNI: done in 0.0130552 secs using 398.7% CPU
Iteration 10 / LogL: -742.922 / Time: 0h:0m:30s
Optimizing NNI: done in 0.0202335 secs using 381% CPU
Optimizing NNI: done in 0.0195435 secs using 401.8% CPU
Optimizing NNI: done in 0.0202346 secs using 400.3% CPU
Optimizing NNI: done in 0.0193066 secs using 395% CPU
Optimizing NNI: done in 0.0198243 secs using 392.4% CPU
Optimizing NNI: done in 0.0194404 secs using 382.8% CPU
Optimizing NNI: done in 0.0205165 secs using 387.3% CPU
Optimizing NNI: done in 0.0216418 secs using 381.7% CPU
Optimizing NNI: done in 0.0239742 secs using 385.3% CPU
Optimizing NNI: done in 0.0343662 secs using 366.6% CPU
Iteration 20 / LogL: -742.918 / Time: 0h:0m:31s
Finish initializing candidate tree set (2)
Current best tree score: -742.918 / CPU time: 0.604
Number of iterations: 20
--------------------------------------------------------------------
|               OPTIMIZING CANDIDATE TREE SET                      |
--------------------------------------------------------------------
Optimizing NNI: done in 0.0379614 secs using 364.9% CPU
Optimizing NNI: done in 0.0340235 secs using 374.5% CPU
Optimizing NNI: done in 0.033754 secs using 392.5% CPU
Optimizing NNI: done in 0.0217112 secs using 403.8% CPU
UPDATE BEST LOG-LIKELIHOOD: -742.911
Optimizing NNI: done in 0.0526952 secs using 384.4% CPU
Optimizing NNI: done in 0.0311198 secs using 389% CPU
Optimizing NNI: done in 0.0318008 secs using 389.1% CPU
Optimizing NNI: done in 0.0244711 secs using 402.4% CPU
Optimizing NNI: done in 0.032788 secs using 398.8% CPU
Optimizing NNI: done in 0.0393302 secs using 394.7% CPU
Iteration 30 / LogL: -745.252 / Time: 0h:0m:31s (0h:0m:2s left)
Optimizing NNI: done in 0.016831 secs using 397% CPU
Optimizing NNI: done in 0.0201167 secs using 392.7% CPU
Optimizing NNI: done in 0.0251857 secs using 393.7% CPU
Optimizing NNI: done in 0.0332962 secs using 403.2% CPU
Optimizing NNI: done in 0.0306685 secs using 399.9% CPU
Optimizing NNI: done in 0.0423134 secs using 395.3% CPU
Optimizing NNI: done in 0.0309498 secs using 390.6% CPU
Optimizing NNI: done in 0.0250357 secs using 399.4% CPU
Optimizing NNI: done in 0.0195083 secs using 392.1% CPU
Optimizing NNI: done in 0.0163198 secs using 387.9% CPU
Iteration 40 / LogL: -743.475 / Time: 0h:0m:31s (0h:0m:2s left)
Optimizing NNI: done in 0.0382537 secs using 390% CPU
Optimizing NNI: done in 0.0340808 secs using 392.6% CPU
Optimizing NNI: done in 0.0186106 secs using 395.4% CPU
Optimizing NNI: done in 0.0259396 secs using 396.8% CPU
Optimizing NNI: done in 0.0220226 secs using 390% CPU
Optimizing NNI: done in 0.0129463 secs using 393.3% CPU
Optimizing NNI: done in 0.0194356 secs using 393.2% CPU
Optimizing NNI: done in 0.0208388 secs using 382.5% CPU
Optimizing NNI: done in 0.0185507 secs using 374.8% CPU
Optimizing NNI: done in 0.0368172 secs using 398.6% CPU
Iteration 50 / LogL: -742.912 / Time: 0h:0m:32s (0h:0m:1s left)
Optimizing NNI: done in 0.0256931 secs using 383% CPU
Optimizing NNI: done in 0.017554 secs using 390.4% CPU
Optimizing NNI: done in 0.0398561 secs using 393.5% CPU
Optimizing NNI: done in 0.0187493 secs using 403.9% CPU
Optimizing NNI: done in 0.0364159 secs using 388.2% CPU
Optimizing NNI: done in 0.0317832 secs using 392.5% CPU
Optimizing NNI: done in 0.0304941 secs using 398.3% CPU
Optimizing NNI: done in 0.0194253 secs using 403.6% CPU
Optimizing NNI: done in 0.0281691 secs using 398% CPU
Optimizing NNI: done in 0.0252829 secs using 380.6% CPU
Iteration 60 / LogL: -742.911 / Time: 0h:0m:32s (0h:0m:1s left)
Optimizing NNI: done in 0.0266165 secs using 381.7% CPU
Optimizing NNI: done in 0.0308621 secs using 375.3% CPU
Optimizing NNI: done in 0.0396163 secs using 382.6% CPU
Optimizing NNI: done in 0.0241599 secs using 406% CPU
Optimizing NNI: done in 0.0269072 secs using 393.5% CPU
Optimizing NNI: done in 0.033406 secs using 390.2% CPU
Optimizing NNI: done in 0.0130881 secs using 389.6% CPU
Optimizing NNI: done in 0.0333692 secs using 390% CPU
Optimizing NNI: done in 0.0128592 secs using 395.1% CPU
Optimizing NNI: done in 0.0262717 secs using 392% CPU
Iteration 70 / LogL: -746.540 / Time: 0h:0m:32s (0h:0m:0s left)
Optimizing NNI: done in 0.0322648 secs using 393.8% CPU
Optimizing NNI: done in 0.0231049 secs using 398.2% CPU
Optimizing NNI: done in 0.0283216 secs using 392.8% CPU
Optimizing NNI: done in 0.0130359 secs using 375.9% CPU
Optimizing NNI: done in 0.0188394 secs using 396.8% CPU
Optimizing NNI: done in 0.0185822 secs using 385% CPU
Optimizing NNI: done in 0.0271112 secs using 394.9% CPU
Optimizing NNI: done in 0.024532 secs using 384.8% CPU
Optimizing NNI: done in 0.0362936 secs using 391.6% CPU
Optimizing NNI: done in 0.0241883 secs using 388.6% CPU
Iteration 80 / LogL: -743.815 / Time: 0h:0m:33s (0h:0m:0s left)
Optimizing NNI: done in 0.017702 secs using 387.7% CPU
Optimizing NNI: done in 0.0200046 secs using 389% CPU
Optimizing NNI: done in 0.0303406 secs using 389.4% CPU
Optimizing NNI: done in 0.0326842 secs using 399.5% CPU
Optimizing NNI: done in 0.0354647 secs using 401.1% CPU
Optimizing NNI: done in 0.0192236 secs using 390.7% CPU
Optimizing NNI: done in 0.0390796 secs using 396.1% CPU
Optimizing NNI: done in 0.0254067 secs using 394.7% CPU
Optimizing NNI: done in 0.021124 secs using 388.4% CPU
Optimizing NNI: done in 0.0238754 secs using 392.5% CPU
Iteration 90 / LogL: -742.912 / Time: 0h:0m:33s (0h:0m:0s left)
Optimizing NNI: done in 0.0255025 secs using 398.9% CPU
Optimizing NNI: done in 0.0242241 secs using 401.2% CPU
Optimizing NNI: done in 0.0302078 secs using 391.3% CPU
Optimizing NNI: done in 0.0349851 secs using 391.5% CPU
Optimizing NNI: done in 0.030438 secs using 391.9% CPU
Optimizing NNI: done in 0.0252123 secs using 385.5% CPU
Optimizing NNI: done in 0.0356967 secs using 394.1% CPU
Optimizing NNI: done in 0.0205834 secs using 390.9% CPU
Optimizing NNI: done in 0.0227937 secs using 402.5% CPU
Optimizing NNI: done in 0.0331993 secs using 403.9% CPU
Iteration 100 / LogL: -743.815 / Time: 0h:0m:33s (0h:0m:0s left)
Optimizing NNI: done in 0.0260269 secs using 395.7% CPU
Optimizing NNI: done in 0.0186895 secs using 404.5% CPU
Refining ufboot trees with NNI 1 branch...
Optimizing NNI: done in 0.00195606 secs using 355.5% CPU
Optimizing NNI: done in 0.00391562 secs using 406.4% CPU
Optimizing NNI: done in 0.00656418 secs using 419.3% CPU
Optimizing NNI: done in 0.00194481 secs using 408.3% CPU
Optimizing NNI: done in 0.00583874 secs using 390.9% CPU
Optimizing NNI: done in 0.00197876 secs using 403.2% CPU
Optimizing NNI: done in 0.0019373 secs using 409.5% CPU
Optimizing NNI: done in 0.00198799 secs using 401.8% CPU
Optimizing NNI: done in 0.0041698 secs using 363.8% CPU
Optimizing NNI: done in 0.00191258 secs using 413.7% CPU
Optimizing NNI: done in 0.00542209 secs using 376.5% CPU
Optimizing NNI: done in 0.00446595 secs using 435.3% CPU
Optimizing NNI: done in 0.00456518 secs using 362.8% CPU
Optimizing NNI: done in 0.00200777 secs using 398.8% CPU
Optimizing NNI: done in 0.00191415 secs using 412.6% CPU
Optimizing NNI: done in 0.00699174 secs using 400.3% CPU
Optimizing NNI: done in 0.00199184 secs using 401.2% CPU
Optimizing NNI: done in 0.00201719 secs using 348.1% CPU
Optimizing NNI: done in 0.00205748 secs using 391.5% CPU
Optimizing NNI: done in 0.00340604 secs using 363.4% CPU
Optimizing NNI: done in 0.00276046 secs using 425.9% CPU
Optimizing NNI: done in 0.00202907 secs using 395.6% CPU
Optimizing NNI: done in 0.0153682 secs using 378.8% CPU
Optimizing NNI: done in 0.00414141 secs using 388.8% CPU
Optimizing NNI: done in 0.00196894 secs using 404.6% CPU
Optimizing NNI: done in 0.00195384 secs using 407% CPU
Optimizing NNI: done in 0.0019567 secs using 406.6% CPU
Optimizing NNI: done in 0.00330269 secs using 372.4% CPU
Optimizing NNI: done in 0.00249407 secs using 460.4% CPU
Optimizing NNI: done in 0.00261515 secs using 329.3% CPU
Optimizing NNI: done in 0.0034122 secs using 363.6% CPU
Optimizing NNI: done in 0.0035288 secs using 440% CPU
Optimizing NNI: done in 0.00638167 secs using 382% CPU
Optimizing NNI: done in 0.00207194 secs using 341.4% CPU
Optimizing NNI: done in 0.00420242 secs using 456.9% CPU
Optimizing NNI: done in 0.00640574 secs using 380.3% CPU
Optimizing NNI: done in 0.00208674 secs using 387.3% CPU
Optimizing NNI: done in 0.00214898 secs using 379.1% CPU
Optimizing NNI: done in 0.0207065 secs using 380% CPU
Optimizing NNI: done in 0.0018165 secs using 430.2% CPU
Optimizing NNI: done in 0.00199795 secs using 400.2% CPU
Optimizing NNI: done in 0.00516409 secs using 390.4% CPU
Optimizing NNI: done in 0.00228607 secs using 493.6% CPU
Optimizing NNI: done in 0.00219411 secs using 372.7% CPU
Optimizing NNI: done in 0.00337858 secs using 366.3% CPU
Optimizing NNI: done in 0.00394976 secs using 403.7% CPU
Optimizing NNI: done in 0.00402471 secs using 373.3% CPU
Optimizing NNI: done in 0.00410163 secs using 441.4% CPU
Optimizing NNI: done in 0.0021218 secs using 382.7% CPU
Optimizing NNI: done in 0.0228147 secs using 393.5% CPU
Optimizing NNI: done in 0.00476746 secs using 414.2% CPU
Optimizing NNI: done in 0.00337163 secs using 455.9% CPU
Optimizing NNI: done in 0.00757178 secs using 377.1% CPU
Optimizing NNI: done in 0.00479874 secs using 412.5% CPU
Optimizing NNI: done in 0.00201571 secs using 397.7% CPU
Optimizing NNI: done in 0.00197956 secs using 403.1% CPU
Optimizing NNI: done in 0.00597196 secs using 401.3% CPU
Optimizing NNI: done in 0.00444142 secs using 369.7% CPU
Optimizing NNI: done in 0.00201522 secs using 397.8% CPU
Optimizing NNI: done in 0.00740272 secs using 410.6% CPU
Optimizing NNI: done in 0.00212901 secs using 381.9% CPU
Optimizing NNI: done in 0.00385935 secs using 333% CPU
Optimizing NNI: done in 0.0046087 secs using 425.4% CPU
Optimizing NNI: done in 0.00630586 secs using 369.5% CPU
Optimizing NNI: done in 0.0035277 secs using 440.1% CPU
Optimizing NNI: done in 0.0048559 secs using 408.8% CPU
Optimizing NNI: done in 0.00525453 secs using 385.4% CPU
Optimizing NNI: done in 0.00218407 secs using 374.6% CPU
Optimizing NNI: done in 0.00721481 secs using 390.8% CPU
Optimizing NNI: done in 0.005338 secs using 381% CPU
Optimizing NNI: done in 0.00338786 secs using 454.1% CPU
Optimizing NNI: done in 0.00272666 secs using 393.5% CPU
Optimizing NNI: done in 0.00387001 secs using 331.3% CPU
Optimizing NNI: done in 0.00140889 secs using 525.9% CPU
Optimizing NNI: done in 0.00192201 secs using 360.1% CPU
Optimizing NNI: done in 0.00797218 secs using 375.5% CPU
Optimizing NNI: done in 0.00224295 secs using 501.2% CPU
Optimizing NNI: done in 0.00441289 secs using 371.5% CPU
Optimizing NNI: done in 0.00215014 secs using 379.2% CPU
Optimizing NNI: done in 0.0147388 secs using 405% CPU
Optimizing NNI: done in 0.00175322 secs using 442.2% CPU
Optimizing NNI: done in 0.0022514 secs using 366.4% CPU
Optimizing NNI: done in 0.00453258 secs using 430.9% CPU
Optimizing NNI: done in 0.00203666 secs using 541.7% CPU
Optimizing NNI: done in 0.00208007 secs using 532.5% CPU
Optimizing NNI: done in 0.00418237 secs using 386.5% CPU
Optimizing NNI: done in 0.00368087 secs using 344.5% CPU
Optimizing NNI: done in 0.00368375 secs using 395.4% CPU
Optimizing NNI: done in 0.00206818 secs using 390% CPU
Optimizing NNI: done in 0.0038614 secs using 410.7% CPU
Optimizing NNI: done in 0.00218131 secs using 329.2% CPU
Optimizing NNI: done in 0.00207249 secs using 389.2% CPU
Optimizing NNI: done in 0.00219625 secs using 327.6% CPU
Optimizing NNI: done in 0.00183763 secs using 262.7% CPU
Optimizing NNI: done in 0.00536896 secs using 435.3% CPU
Optimizing NNI: done in 0.00191233 secs using 413.7% CPU
Optimizing NNI: done in 0.00221173 secs using 371.2% CPU
Optimizing NNI: done in 0.0019278 secs using 411.2% CPU
Optimizing NNI: done in 0.0036289 secs using 426.2% CPU
Optimizing NNI: done in 0.00417884 secs using 387.1% CPU
100 samples done
Optimizing NNI: done in 0.00207067 secs using 389.7% CPU
Optimizing NNI: done in 0.00604507 secs using 380.4% CPU
Optimizing NNI: done in 0.00219884 secs using 464.1% CPU
Optimizing NNI: done in 0.00198311 secs using 402.4% CPU
Optimizing NNI: done in 0.002004 secs using 399.2% CPU
Optimizing NNI: done in 0.00210343 secs using 385.1% CPU
Optimizing NNI: done in 0.00375713 secs using 419.3% CPU
Optimizing NNI: done in 0.0049745 secs using 401.5% CPU
Optimizing NNI: done in 0.00527292 secs using 422.3% CPU
Optimizing NNI: done in 0.00183291 secs using 263.1% CPU
Optimizing NNI: done in 0.00204953 secs using 392.7% CPU
Optimizing NNI: done in 0.00306863 secs using 360% CPU
Optimizing NNI: done in 0.00289623 secs using 410.6% CPU
Optimizing NNI: done in 0.00216714 secs using 398.8% CPU
Optimizing NNI: done in 0.00193998 secs using 409.2% CPU
Optimizing NNI: done in 0.00226841 secs using 495.6% CPU
Optimizing NNI: done in 0.00409954 secs using 465.3% CPU
Optimizing NNI: done in 0.00232281 secs using 357.8% CPU
Optimizing NNI: done in 0.00196262 secs using 405.5% CPU
Optimizing NNI: done in 0.00218517 secs using 328.1% CPU
Optimizing NNI: done in 0.00809939 secs using 371.6% CPU
Optimizing NNI: done in 0.00969827 secs using 398.6% CPU
Optimizing NNI: done in 0.00489468 secs using 406.4% CPU
Optimizing NNI: done in 0.0029468 secs using 405.4% CPU
Optimizing NNI: done in 0.00199343 secs using 400.9% CPU
Optimizing NNI: done in 0.0020702 secs using 389.3% CPU
Optimizing NNI: done in 0.00218205 secs using 374.8% CPU
Optimizing NNI: done in 0.0022276 secs using 368.5% CPU
Optimizing NNI: done in 0.00711274 secs using 352% CPU
Optimizing NNI: done in 0.00225106 secs using 366.3% CPU
Optimizing NNI: done in 0.00244961 secs using 338.2% CPU
Optimizing NNI: done in 0.00972227 secs using 397.6% CPU
Optimizing NNI: done in 0.0127712 secs using 350% CPU
Optimizing NNI: done in 0.0167182 secs using 348% CPU
Optimizing NNI: done in 0.0025955 secs using 312.6% CPU
Optimizing NNI: done in 0.00250126 secs using 333.7% CPU
Optimizing NNI: done in 0.00555641 secs using 397.8% CPU
Optimizing NNI: done in 0.00252426 secs using 449.2% CPU
Optimizing NNI: done in 0.00538464 secs using 377.1% CPU
Optimizing NNI: done in 0.00759192 secs using 399.8% CPU
Optimizing NNI: done in 0.00188247 secs using 418.7% CPU
Optimizing NNI: done in 0.00234465 secs using 354.3% CPU
Optimizing NNI: done in 0.00184477 secs using 424.3% CPU
Optimizing NNI: done in 0.00462347 secs using 397.1% CPU
Optimizing NNI: done in 0.00202424 secs using 362% CPU
Optimizing NNI: done in 0.00232721 secs using 478.4% CPU
Optimizing NNI: done in 0.00223783 secs using 488.5% CPU
Optimizing NNI: done in 0.00234951 secs using 312.5% CPU
Optimizing NNI: done in 0.00209786 secs using 385.7% CPU
Optimizing NNI: done in 0.00319945 secs using 381.2% CPU
Optimizing NNI: done in 0.00398291 secs using 401.1% CPU
Optimizing NNI: done in 0.00450508 secs using 344.1% CPU
Optimizing NNI: done in 0.00471405 secs using 397% CPU
Optimizing NNI: done in 0.00221692 secs using 370.6% CPU
Optimizing NNI: done in 0.00209675 secs using 386.2% CPU
Optimizing NNI: done in 0.00227318 secs using 319.9% CPU
Optimizing NNI: done in 0.00201815 secs using 395.6% CPU
Optimizing NNI: done in 0.00490558 secs using 402% CPU
Optimizing NNI: done in 0.00170347 secs using 259.6% CPU
Optimizing NNI: done in 0.00635897 secs using 372.6% CPU
Optimizing NNI: done in 0.00308045 secs using 392.1% CPU
Optimizing NNI: done in 0.00130661 secs using 329.3% CPU
Optimizing NNI: done in 0.00330267 secs using 339.8% CPU
Optimizing NNI: done in 0.00173568 secs using 272.7% CPU
Optimizing NNI: done in 0.00214283 secs using 378.5% CPU
Optimizing NNI: done in 0.00278648 secs using 387% CPU
Optimizing NNI: done in 0.00214254 secs using 379.9% CPU
Optimizing NNI: done in 0.00203931 secs using 492.7% CPU
Optimizing NNI: done in 0.00363677 secs using 358% CPU
Optimizing NNI: done in 0.00411519 secs using 389.9% CPU
Optimizing NNI: done in 0.00458024 secs using 405.8% CPU
Optimizing NNI: done in 0.00493313 secs using 404% CPU
Optimizing NNI: done in 0.00456147 secs using 341.2% CPU
Optimizing NNI: done in 0.00353272 secs using 354.5% CPU
Optimizing NNI: done in 0.00252724 secs using 450.6% CPU
Optimizing NNI: done in 0.00188451 secs using 418.1% CPU
Optimizing NNI: done in 0.00196734 secs using 404.9% CPU
Optimizing NNI: done in 0.00253071 secs using 321.6% CPU
Optimizing NNI: done in 0.00389231 secs using 407.1% CPU
Optimizing NNI: done in 0.00432179 secs using 377.5% CPU
Optimizing NNI: done in 0.00197171 secs using 404.2% CPU
Optimizing NNI: done in 0.00492801 secs using 402.2% CPU
Optimizing NNI: done in 0.0034547 secs using 360.5% CPU
Optimizing NNI: done in 0.00175569 secs using 441.1% CPU
Optimizing NNI: done in 0.00420435 secs using 385.4% CPU
Optimizing NNI: done in 0.00183107 secs using 445.2% CPU
Optimizing NNI: done in 0.0190968 secs using 401.8% CPU
WARNING: NNI search needs unusual large number of steps (19) to converge!
Optimizing NNI: done in 0.00198474 secs using 399.3% CPU
Optimizing NNI: done in 0.00178235 secs using 436.5% CPU
Optimizing NNI: done in 0.00441295 secs using 371.8% CPU
Optimizing NNI: done in 0.00178759 secs using 267.8% CPU
Optimizing NNI: done in 0.00583056 secs using 408.7% CPU
Optimizing NNI: done in 0.00169399 secs using 277% CPU
Optimizing NNI: done in 0.00213921 secs using 380.4% CPU
Optimizing NNI: done in 0.00199998 secs using 400% CPU
Optimizing NNI: done in 0.00192608 secs using 411.5% CPU
Optimizing NNI: done in 0.00207927 secs using 388.4% CPU
Optimizing NNI: done in 0.001819 secs using 264.9% CPU
Optimizing NNI: done in 0.018152 secs using 379.7% CPU
Optimizing NNI: done in 0.00527319 secs using 384.4% CPU
200 samples done
Optimizing NNI: done in 0.00699813 secs using 399.9% CPU
Optimizing NNI: done in 0.00207102 secs using 389.7% CPU
Optimizing NNI: done in 0.00232985 secs using 353.3% CPU
Optimizing NNI: done in 0.00211045 secs using 384.2% CPU
Optimizing NNI: done in 0.00994319 secs using 391.6% CPU
Optimizing NNI: done in 0.00659834 secs using 418.2% CPU
Optimizing NNI: done in 0.00195615 secs using 355.7% CPU
Optimizing NNI: done in 0.00381104 secs using 414.7% CPU
Optimizing NNI: done in 0.0018126 secs using 431% CPU
Optimizing NNI: done in 0.00202331 secs using 396.4% CPU
Optimizing NNI: done in 0.00376653 secs using 392.1% CPU
Optimizing NNI: done in 0.00403072 secs using 372.9% CPU
Optimizing NNI: done in 0.00184055 secs using 426% CPU
Optimizing NNI: done in 0.00585762 secs using 407.2% CPU
Optimizing NNI: done in 0.00337297 secs using 337.2% CPU
Optimizing NNI: done in 0.00196847 secs using 404.6% CPU
Optimizing NNI: done in 0.00571973 secs using 414.7% CPU
Optimizing NNI: done in 0.00621922 secs using 389.3% CPU
Optimizing NNI: done in 0.0040334 secs using 397.5% CPU
Optimizing NNI: done in 0.00151174 secs using 496.8% CPU
Optimizing NNI: done in 0.00224494 secs using 367.2% CPU
Optimizing NNI: done in 0.00205133 secs using 392.4% CPU
Optimizing NNI: done in 0.00202091 secs using 394.4% CPU
Optimizing NNI: done in 0.00687261 secs using 405.5% CPU
Optimizing NNI: done in 0.00323407 secs using 378.3% CPU
Optimizing NNI: done in 0.00217484 secs using 375.7% CPU
Optimizing NNI: done in 0.0066363 secs using 355.1% CPU
Optimizing NNI: done in 0.00197868 secs using 403.2% CPU
Optimizing NNI: done in 0.00200697 secs using 398.8% CPU
Optimizing NNI: done in 0.00190386 secs using 415.1% CPU
Optimizing NNI: done in 0.00196873 secs using 404.7% CPU
Optimizing NNI: done in 0.00190871 secs using 362.1% CPU
Optimizing NNI: done in 0.00203981 secs using 389.3% CPU
Optimizing NNI: done in 0.0022758 secs using 314.8% CPU
Optimizing NNI: done in 0.00296249 secs using 403.7% CPU
Optimizing NNI: done in 0.00352803 secs using 352.1% CPU
Optimizing NNI: done in 0.00291712 secs using 374.2% CPU
Optimizing NNI: done in 0.00220085 secs using 369.8% CPU
Optimizing NNI: done in 0.00201136 secs using 334.3% CPU
Optimizing NNI: done in 0.00342886 secs using 357.7% CPU
Optimizing NNI: done in 0.0021465 secs using 379.4% CPU
Optimizing NNI: done in 0.00396338 secs using 399.7% CPU
Optimizing NNI: done in 0.00565011 secs using 418.5% CPU
Optimizing NNI: done in 0.00384987 secs using 411.6% CPU
Optimizing NNI: done in 0.00185577 secs using 423.3% CPU
Optimizing NNI: done in 0.00231811 secs using 358.7% CPU
Optimizing NNI: done in 0.00201119 secs using 398.3% CPU
Optimizing NNI: done in 0.00386746 secs using 384.4% CPU
Optimizing NNI: done in 0.00178654 secs using 308% CPU
Optimizing NNI: done in 0.00177454 secs using 438.1% CPU
Optimizing NNI: done in 0.00505895 secs using 392.5% CPU
Optimizing NNI: done in 0.00185658 secs using 369.4% CPU
Optimizing NNI: done in 0.00463125 secs using 415.7% CPU
Optimizing NNI: done in 0.0018241 secs using 428.7% CPU
Optimizing NNI: done in 0.00402366 secs using 394.7% CPU
Optimizing NNI: done in 0.00180583 secs using 377.3% CPU
Optimizing NNI: done in 0.00198023 secs using 402.9% CPU
Optimizing NNI: done in 0.00192313 secs using 411.7% CPU
Optimizing NNI: done in 0.00188649 secs using 418% CPU
Optimizing NNI: done in 0.00389162 secs using 408.3% CPU
Optimizing NNI: done in 0.00198464 secs using 398.5% CPU
Optimizing NNI: done in 0.00216082 secs using 516.5% CPU
Optimizing NNI: done in 0.00454064 secs using 363.4% CPU
Optimizing NNI: done in 0.00331303 secs using 371.6% CPU
Optimizing NNI: done in 0.0024744 secs using 342.4% CPU
Optimizing NNI: done in 0.00286062 secs using 309.8% CPU
Optimizing NNI: done in 0.00197222 secs using 404% CPU
Optimizing NNI: done in 0.00331348 secs using 392.9% CPU
Optimizing NNI: done in 0.0018809 secs using 366% CPU
Optimizing NNI: done in 0.00267259 secs using 436.7% CPU
Optimizing NNI: done in 0.00428086 secs using 379.6% CPU
Optimizing NNI: done in 0.00305719 secs using 391.9% CPU
Optimizing NNI: done in 0.0037945 secs using 333.6% CPU
Optimizing NNI: done in 0.00558214 secs using 422.4% CPU
Optimizing NNI: done in 0.00421018 secs using 360.4% CPU
Optimizing NNI: done in 0.00184218 secs using 425.6% CPU
Optimizing NNI: done in 0.00367142 secs using 424.3% CPU
Optimizing NNI: done in 0.00213634 secs using 378.9% CPU
Optimizing NNI: done in 0.00369149 secs using 422.2% CPU
Optimizing NNI: done in 0.00761959 secs using 372.5% CPU
Optimizing NNI: done in 0.00197852 secs using 353.1% CPU
Optimizing NNI: done in 0.00199335 secs using 350.9% CPU
Optimizing NNI: done in 0.00415213 secs using 387.2% CPU
Optimizing NNI: done in 0.00440168 secs using 436.3% CPU
Optimizing NNI: done in 0.0028349 secs using 382.2% CPU
Optimizing NNI: done in 0.00200572 secs using 349.3% CPU
Optimizing NNI: done in 0.00353257 secs using 437.3% CPU
Optimizing NNI: done in 0.0016939 secs using 454.1% CPU
Optimizing NNI: done in 0.00353794 secs using 354.3% CPU
Optimizing NNI: done in 0.00382927 secs using 387.3% CPU
Optimizing NNI: done in 0.00199893 secs using 329.8% CPU
Optimizing NNI: done in 0.0017488 secs using 271.4% CPU
Optimizing NNI: done in 0.00395837 secs using 376.9% CPU
Optimizing NNI: done in 0.00249886 secs using 460.1% CPU
Optimizing NNI: done in 0.00447181 secs using 368.3% CPU
Optimizing NNI: done in 0.00186131 secs using 422.3% CPU
Optimizing NNI: done in 0.00440223 secs using 349.9% CPU
Optimizing NNI: done in 0.00520811 secs using 405.1% CPU
Optimizing NNI: done in 0.0019641 secs using 405.4% CPU
Optimizing NNI: done in 0.00352171 secs using 327.1% CPU
300 samples done
Optimizing NNI: done in 0.00516754 secs using 447.5% CPU
Optimizing NNI: done in 0.00720353 secs using 391.5% CPU
Optimizing NNI: done in 0.00442361 secs using 371.2% CPU
Optimizing NNI: done in 0.00197411 secs using 403.8% CPU
Optimizing NNI: done in 0.00405328 secs using 396% CPU
Optimizing NNI: done in 0.0018781 secs using 419.4% CPU
Optimizing NNI: done in 0.00229241 secs using 318.3% CPU
Optimizing NNI: done in 0.00562133 secs using 401.3% CPU
Optimizing NNI: done in 0.00372129 secs using 418.3% CPU
Optimizing NNI: done in 0.00180254 secs using 266.3% CPU
Optimizing NNI: done in 0.00235921 secs using 309% CPU
Optimizing NNI: done in 0.0017885 secs using 379.8% CPU
Optimizing NNI: done in 0.00231861 secs using 481.8% CPU
Optimizing NNI: done in 0.0019057 secs using 414.2% CPU
Optimizing NNI: done in 0.00517452 secs using 389.9% CPU
Optimizing NNI: done in 0.00219703 secs using 373% CPU
Optimizing NNI: done in 0.00393753 secs using 379.5% CPU
Optimizing NNI: done in 0.0018678 secs using 260.4% CPU
Optimizing NNI: done in 0.00191339 secs using 408.5% CPU
Optimizing NNI: done in 0.00295519 secs using 370.7% CPU
Optimizing NNI: done in 0.00657957 secs using 419.1% CPU
Optimizing NNI: done in 0.00195916 secs using 406% CPU
Optimizing NNI: done in 0.00188196 secs using 418.8% CPU
Optimizing NNI: done in 0.0037732 secs using 391.6% CPU
Optimizing NNI: done in 0.00412939 secs using 390.5% CPU
Optimizing NNI: done in 0.00230132 secs using 317.1% CPU
Optimizing NNI: done in 0.00653494 secs using 406% CPU
Optimizing NNI: done in 0.0022428 secs using 322.9% CPU
Optimizing NNI: done in 0.00226062 secs using 498% CPU
Optimizing NNI: done in 0.00410833 secs using 465.1% CPU
Optimizing NNI: done in 0.0019273 secs using 411.2% CPU
Optimizing NNI: done in 0.00504593 secs using 377.5% CPU
Optimizing NNI: done in 0.00287039 secs using 378.6% CPU
Optimizing NNI: done in 0.00240977 secs using 432.2% CPU
Optimizing NNI: done in 0.00317075 secs using 383.7% CPU
Optimizing NNI: done in 0.00199816 secs using 400.2% CPU
Optimizing NNI: done in 0.0028981 secs using 410.4% CPU
Optimizing NNI: done in 0.00208384 secs using 399.7% CPU
Optimizing NNI: done in 0.0019078 secs using 414.2% CPU
Optimizing NNI: done in 0.00176758 secs using 269.7% CPU
Optimizing NNI: done in 0.00249485 secs using 420.9% CPU
Optimizing NNI: done in 0.00593606 secs using 401.6% CPU
Optimizing NNI: done in 0.00707052 secs using 397% CPU
Optimizing NNI: done in 0.00347144 secs using 330.5% CPU
Optimizing NNI: done in 0.00320631 secs using 440.9% CPU
Optimizing NNI: done in 0.0040858 secs using 369.2% CPU
Optimizing NNI: done in 0.00387834 secs using 357.9% CPU
Optimizing NNI: done in 0.00526683 secs using 384.7% CPU
Optimizing NNI: done in 0.00341249 secs using 451.5% CPU
Optimizing NNI: done in 0.00370533 secs using 421.6% CPU
Optimizing NNI: done in 0.00406036 secs using 368.9% CPU
Optimizing NNI: done in 0.00466159 secs using 400.3% CPU
Optimizing NNI: done in 0.00265078 secs using 437.8% CPU
Optimizing NNI: done in 0.00529386 secs using 439.9% CPU
Optimizing NNI: done in 0.0027651 secs using 420.1% CPU
Optimizing NNI: done in 0.00260746 secs using 443.5% CPU
Optimizing NNI: done in 0.00807702 secs using 396% CPU
Optimizing NNI: done in 0.00369319 secs using 421.9% CPU
Optimizing NNI: done in 0.0132271 secs using 359.8% CPU
Optimizing NNI: done in 0.00739838 secs using 322.9% CPU
Optimizing NNI: done in 0.00267887 secs using 321.8% CPU
Optimizing NNI: done in 0.00255992 secs using 446.7% CPU
Optimizing NNI: done in 0.0135412 secs using 370.4% CPU
Optimizing NNI: done in 0.00188563 secs using 418% CPU
Optimizing NNI: done in 0.00230144 secs using 360.6% CPU
Optimizing NNI: done in 0.00216541 secs using 410.8% CPU
Optimizing NNI: done in 0.00301336 secs using 398.5% CPU
Optimizing NNI: done in 0.00858725 secs using 385% CPU
Optimizing NNI: done in 0.00227386 secs using 363.9% CPU
Optimizing NNI: done in 0.00327448 secs using 374.7% CPU
Optimizing NNI: done in 0.00357354 secs using 435.7% CPU
Optimizing NNI: done in 0.00365323 secs using 400.2% CPU
Optimizing NNI: done in 0.00372734 secs using 420.8% CPU
Optimizing NNI: done in 0.00571971 secs using 414.6% CPU
Optimizing NNI: done in 0.00663368 secs using 416.2% CPU
Optimizing NNI: done in 0.00659374 secs using 418.5% CPU
Optimizing NNI: done in 0.00632867 secs using 431.8% CPU
Optimizing NNI: done in 0.00671891 secs using 412% CPU
Optimizing NNI: done in 0.00223342 secs using 368.7% CPU
Optimizing NNI: done in 0.00365899 secs using 396.6% CPU
Optimizing NNI: done in 0.0024387 secs using 345.9% CPU
Optimizing NNI: done in 0.00197918 secs using 402.9% CPU
Optimizing NNI: done in 0.00404589 secs using 371% CPU
Optimizing NNI: done in 0.00315192 secs using 385.5% CPU
Optimizing NNI: done in 0.00381901 secs using 411.6% CPU
Optimizing NNI: done in 0.00422572 secs using 383.8% CPU
Optimizing NNI: done in 0.00277023 secs using 410.1% CPU
Optimizing NNI: done in 0.0020144 secs using 397.7% CPU
Optimizing NNI: done in 0.00195606 secs using 406.6% CPU
Optimizing NNI: done in 0.00666849 secs using 414.2% CPU
Optimizing NNI: done in 0.00544027 secs using 372.3% CPU
Optimizing NNI: done in 0.00362265 secs using 348.3% CPU
Optimizing NNI: done in 0.00299924 secs using 400% CPU
Optimizing NNI: done in 0.00206682 secs using 390.3% CPU
Optimizing NNI: done in 0.00213596 secs using 521.3% CPU
Optimizing NNI: done in 0.0022752 secs using 363.7% CPU
Optimizing NNI: done in 0.00225888 secs using 318.7% CPU
Optimizing NNI: done in 0.00848689 secs using 394% CPU
Optimizing NNI: done in 0.00771552 secs using 409.6% CPU
Optimizing NNI: done in 0.00225464 secs using 366.1% CPU
400 samples done
Optimizing NNI: done in 0.00225595 secs using 496.5% CPU
Optimizing NNI: done in 0.0019019 secs using 415.5% CPU
Optimizing NNI: done in 0.00326822 secs using 375.3% CPU
Optimizing NNI: done in 0.00224998 secs using 364.9% CPU
Optimizing NNI: done in 0.00519669 secs using 444.3% CPU
Optimizing NNI: done in 0.00204973 secs using 390.4% CPU
Optimizing NNI: done in 0.00215338 secs using 376.7% CPU
Optimizing NNI: done in 0.00173456 secs using 445.8% CPU
Optimizing NNI: done in 0.00215202 secs using 330.2% CPU
Optimizing NNI: done in 0.00219674 secs using 371.4% CPU
Optimizing NNI: done in 0.00202941 secs using 390.1% CPU
Optimizing NNI: done in 0.0022033 secs using 369.8% CPU
Optimizing NNI: done in 0.00136827 secs using 318.9% CPU
Optimizing NNI: done in 0.00765739 secs using 399.7% CPU
Optimizing NNI: done in 0.0030336 secs using 494.3% CPU
Optimizing NNI: done in 0.00192285 secs using 411.9% CPU
Optimizing NNI: done in 0.00210756 secs using 382.5% CPU
Optimizing NNI: done in 0.00485952 secs using 407.8% CPU
Optimizing NNI: done in 0.00327354 secs using 374.9% CPU
Optimizing NNI: done in 0.00195054 secs using 407.6% CPU
Optimizing NNI: done in 0.0018405 secs using 425.9% CPU
Optimizing NNI: done in 0.00349924 secs using 353% CPU
Optimizing NNI: done in 0.00526411 secs using 427.4% CPU
Optimizing NNI: done in 0.00423252 secs using 452.2% CPU
Optimizing NNI: done in 0.00341957 secs using 361.9% CPU
Optimizing NNI: done in 0.00213649 secs using 380.8% CPU
Optimizing NNI: done in 0.00216389 secs using 331.1% CPU
Optimizing NNI: done in 0.0021593 secs using 341.1% CPU
Optimizing NNI: done in 0.00389414 secs using 408.1% CPU
Optimizing NNI: done in 0.00748387 secs using 420.1% CPU
Optimizing NNI: done in 0.00673754 secs using 364.8% CPU
Optimizing NNI: done in 0.00188899 secs using 417.6% CPU
Optimizing NNI: done in 0.00200219 secs using 399.7% CPU
Optimizing NNI: done in 0.00362055 secs using 431.3% CPU
Optimizing NNI: done in 0.00774125 secs using 371.2% CPU
Optimizing NNI: done in 0.00507293 secs using 452.9% CPU
Optimizing NNI: done in 0.00195606 secs using 406.6% CPU
Optimizing NNI: done in 0.00555486 secs using 405.1% CPU
Optimizing NNI: done in 0.00416868 secs using 387.7% CPU
Optimizing NNI: done in 0.00197649 secs using 403.5% CPU
Optimizing NNI: done in 0.00668164 secs using 412.7% CPU
Optimizing NNI: done in 0.00207585 secs using 385.3% CPU
Optimizing NNI: done in 0.00430962 secs using 378.3% CPU
Optimizing NNI: done in 0.00203904 secs using 394.3% CPU
Optimizing NNI: done in 0.00190808 secs using 359.7% CPU
Optimizing NNI: done in 0.00432374 secs using 374.5% CPU
Optimizing NNI: done in 0.00217326 secs using 329.9% CPU
Optimizing NNI: done in 0.00201622 secs using 397.5% CPU
Optimizing NNI: done in 0.00222676 secs using 369.3% CPU
Optimizing NNI: done in 0.00408653 secs using 392.1% CPU
Optimizing NNI: done in 0.00324347 secs using 377.4% CPU
Optimizing NNI: done in 0.00187013 secs using 260.1% CPU
Optimizing NNI: done in 0.00234744 secs using 483.3% CPU
Optimizing NNI: done in 0.00195692 secs using 355.5% CPU
Optimizing NNI: done in 0.00546667 secs using 429.2% CPU
Optimizing NNI: done in 0.00197885 secs using 403.3% CPU
Optimizing NNI: done in 0.00485871 secs using 406.5% CPU
Optimizing NNI: done in 0.00349638 secs using 357.3% CPU
Optimizing NNI: done in 0.00370981 secs using 396.7% CPU
Optimizing NNI: done in 0.00195475 secs using 406.8% CPU
Optimizing NNI: done in 0.0022388 secs using 368% CPU
Optimizing NNI: done in 0.0021341 secs using 380.2% CPU
Optimizing NNI: done in 0.00200025 secs using 347.5% CPU
Optimizing NNI: done in 0.00311491 secs using 388.9% CPU
Optimizing NNI: done in 0.00203017 secs using 395.4% CPU
Optimizing NNI: done in 0.00317419 secs using 383.4% CPU
Optimizing NNI: done in 0.00190279 secs using 415.2% CPU
Optimizing NNI: done in 0.00304192 secs using 392.5% CPU
Optimizing NNI: done in 0.00184789 secs using 424.6% CPU
Optimizing NNI: done in 0.00220201 secs using 372.4% CPU
Optimizing NNI: done in 0.0032567 secs using 376.2% CPU
Optimizing NNI: done in 0.00755842 secs using 377.5% CPU
Optimizing NNI: done in 0.00214001 secs using 329.3% CPU
Optimizing NNI: done in 0.00325923 secs using 345.6% CPU
Optimizing NNI: done in 0.00278683 secs using 422.8% CPU
Optimizing NNI: done in 0.00586497 secs using 388.9% CPU
Optimizing NNI: done in 0.00197231 secs using 353.5% CPU
Optimizing NNI: done in 0.00222865 secs using 369.1% CPU
Optimizing NNI: done in 0.0053899 secs using 359.4% CPU
Optimizing NNI: done in 0.0035159 secs using 441.3% CPU
Optimizing NNI: done in 0.00740486 secs using 370.2% CPU
Optimizing NNI: done in 0.00214423 secs using 519.6% CPU
Optimizing NNI: done in 0.00192934 secs using 410.8% CPU
Optimizing NNI: done in 0.00363038 secs using 375.5% CPU
Optimizing NNI: done in 0.0074013 secs using 382.7% CPU
Optimizing NNI: done in 0.0020227 secs using 396.6% CPU
Optimizing NNI: done in 0.00181847 secs using 429.9% CPU
Optimizing NNI: done in 0.00208528 secs using 382.5% CPU
Optimizing NNI: done in 0.0020689 secs using 389.9% CPU
Optimizing NNI: done in 0.00222205 secs using 369.7% CPU
Optimizing NNI: done in 0.00211717 secs using 383.2% CPU
Optimizing NNI: done in 0.00279212 secs using 422.3% CPU
Optimizing NNI: done in 0.00463319 secs using 422.7% CPU
Optimizing NNI: done in 0.00851804 secs using 370% CPU
Optimizing NNI: done in 0.00596533 secs using 401.7% CPU
Optimizing NNI: done in 0.00303147 secs using 396.8% CPU
Optimizing NNI: done in 0.00221017 secs using 371.4% CPU
Optimizing NNI: done in 0.00260772 secs using 444.9% CPU
Optimizing NNI: done in 0.00207851 secs using 383.2% CPU
Optimizing NNI: done in 0.00632032 secs using 431.9% CPU
500 samples done
Optimizing NNI: done in 0.00208161 secs using 388.2% CPU
Optimizing NNI: done in 0.00499766 secs using 399.5% CPU
Optimizing NNI: done in 0.0042692 secs using 403.9% CPU
Optimizing NNI: done in 0.00496581 secs using 402% CPU
Optimizing NNI: done in 0.00631216 secs using 432.6% CPU
Optimizing NNI: done in 0.00213416 secs using 381% CPU
Optimizing NNI: done in 0.00187154 secs using 258% CPU
Optimizing NNI: done in 0.00390352 secs using 407.3% CPU
Optimizing NNI: done in 0.00427198 secs using 451% CPU
Optimizing NNI: done in 0.00293505 secs using 406.6% CPU
Optimizing NNI: done in 0.00207893 secs using 388.5% CPU
Optimizing NNI: done in 0.00338533 secs using 453.3% CPU
Optimizing NNI: done in 0.00588576 secs using 388.9% CPU
Optimizing NNI: done in 0.00182022 secs using 429.6% CPU
Optimizing NNI: done in 0.00200931 secs using 398.5% CPU
Optimizing NNI: done in 0.00182993 secs using 427.8% CPU
Optimizing NNI: done in 0.00252948 secs using 336.7% CPU
Optimizing NNI: done in 0.00238246 secs using 477.5% CPU
Optimizing NNI: done in 0.00426848 secs using 357.8% CPU
Optimizing NNI: done in 0.00428857 secs using 378.9% CPU
Optimizing NNI: done in 0.00303396 secs using 396.6% CPU
Optimizing NNI: done in 0.00201823 secs using 397.2% CPU
Optimizing NNI: done in 0.0028272 secs using 276.8% CPU
Optimizing NNI: done in 0.00198257 secs using 402.5% CPU
Optimizing NNI: done in 0.0046936 secs using 419.1% CPU
Optimizing NNI: done in 0.00516092 secs using 410.1% CPU
Optimizing NNI: done in 0.00230734 secs using 352.8% CPU
Optimizing NNI: done in 0.0090515 secs using 396.7% CPU
Optimizing NNI: done in 0.00200267 secs using 398.5% CPU
Optimizing NNI: done in 0.00185495 secs using 423.4% CPU
Optimizing NNI: done in 0.00633617 secs using 400% CPU
Optimizing NNI: done in 0.00185393 secs using 261.4% CPU
Optimizing NNI: done in 0.00149893 secs using 300.1% CPU
Optimizing NNI: done in 0.00212367 secs using 382.5% CPU
Optimizing NNI: done in 0.00200276 secs using 399.5% CPU
Optimizing NNI: done in 0.00422574 secs using 383.9% CPU
Optimizing NNI: done in 0.00329948 secs using 338.4% CPU
Optimizing NNI: done in 0.00399681 secs using 400.1% CPU
Optimizing NNI: done in 0.0022203 secs using 505.2% CPU
Optimizing NNI: done in 0.00397184 secs using 402.1% CPU
Optimizing NNI: done in 0.0031584 secs using 384.9% CPU
Optimizing NNI: done in 0.00216376 secs using 377.3% CPU
Optimizing NNI: done in 0.00661121 secs using 417.6% CPU
Optimizing NNI: done in 0.024795 secs using 385.9% CPU
Optimizing NNI: done in 0.00185909 secs using 261.3% CPU
Optimizing NNI: done in 0.00454475 secs using 408.1% CPU
Optimizing NNI: done in 0.00183854 secs using 426.3% CPU
Optimizing NNI: done in 0.00427045 secs using 427.8% CPU
Optimizing NNI: done in 0.00348967 secs using 441.8% CPU
Optimizing NNI: done in 0.00344596 secs using 361% CPU
Optimizing NNI: done in 0.00211684 secs using 525.1% CPU
Optimizing NNI: done in 0.0033569 secs using 368% CPU
Optimizing NNI: done in 0.00478428 secs using 413.4% CPU
Optimizing NNI: done in 0.00372506 secs using 422.1% CPU
Optimizing NNI: done in 0.00461931 secs using 359.7% CPU
Optimizing NNI: done in 0.00221303 secs using 370.3% CPU
Optimizing NNI: done in 0.0036085 secs using 432.4% CPU
Optimizing NNI: done in 0.00197518 secs using 403.7% CPU
Optimizing NNI: done in 0.00203883 secs using 394.2% CPU
Optimizing NNI: done in 0.00217061 secs using 376.3% CPU
Optimizing NNI: done in 0.0023185 secs using 315.5% CPU
Optimizing NNI: done in 0.00264979 secs using 439.5% CPU
Optimizing NNI: done in 0.00187358 secs using 260% CPU
Optimizing NNI: done in 0.00202635 secs using 396.1% CPU
Optimizing NNI: done in 0.00348425 secs using 415.7% CPU
Optimizing NNI: done in 0.00363047 secs using 347.8% CPU
Optimizing NNI: done in 0.00786514 secs using 392.2% CPU
Optimizing NNI: done in 0.00543933 secs using 375.7% CPU
Optimizing NNI: done in 0.00629507 secs using 385.7% CPU
Optimizing NNI: done in 0.00228613 secs using 386.7% CPU
Optimizing NNI: done in 0.00225436 secs using 366% CPU
Optimizing NNI: done in 0.00206797 secs using 390% CPU
Optimizing NNI: done in 0.00430338 secs using 372.1% CPU
Optimizing NNI: done in 0.0143802 secs using 301.9% CPU
Optimizing NNI: done in 0.00427317 secs using 333.3% CPU
Optimizing NNI: done in 0.00981152 secs using 347.8% CPU
Optimizing NNI: done in 0.00215578 secs using 378.2% CPU
Optimizing NNI: done in 0.00242439 secs using 440% CPU
Optimizing NNI: done in 0.0030619 secs using 350.3% CPU
Optimizing NNI: done in 0.00368634 secs using 390.1% CPU
Optimizing NNI: done in 0.00440165 secs using 440.7% CPU
Optimizing NNI: done in 0.0020914 secs using 367.4% CPU
Optimizing NNI: done in 0.00215246 secs using 331.4% CPU
Optimizing NNI: done in 0.00494216 secs using 403.4% CPU
Optimizing NNI: done in 0.00353864 secs using 353.2% CPU
Optimizing NNI: done in 0.0020969 secs using 529.1% CPU
Optimizing NNI: done in 0.00347385 secs using 357.6% CPU
Optimizing NNI: done in 0.00202732 secs using 395.8% CPU
Optimizing NNI: done in 0.00198684 secs using 401.8% CPU
Optimizing NNI: done in 0.00217659 secs using 373.7% CPU
Optimizing NNI: done in 0.00420834 secs using 384.9% CPU
Optimizing NNI: done in 0.0230319 secs using 381.3% CPU
Optimizing NNI: done in 0.00587211 secs using 406.5% CPU
Optimizing NNI: done in 0.00149507 secs using 300.7% CPU
Optimizing NNI: done in 0.00242806 secs using 469.9% CPU
Optimizing NNI: done in 0.00212349 secs using 382.5% CPU
Optimizing NNI: done in 0.00208409 secs using 387.7% CPU
Optimizing NNI: done in 0.002051 secs using 391.4% CPU
Optimizing NNI: done in 0.00325448 secs using 345.7% CPU
Optimizing NNI: done in 0.00232227 secs using 315.4% CPU
600 samples done
Optimizing NNI: done in 0.00412307 secs using 390.9% CPU
Optimizing NNI: done in 0.00217787 secs using 513.2% CPU
Optimizing NNI: done in 0.00399021 secs using 375.2% CPU
Optimizing NNI: done in 0.0021901 secs using 373.9% CPU
Optimizing NNI: done in 0.00603668 secs using 397.9% CPU
Optimizing NNI: done in 0.00318417 secs using 382.6% CPU
Optimizing NNI: done in 0.00731401 secs using 427.9% CPU
Optimizing NNI: done in 0.00501262 secs using 398% CPU
Optimizing NNI: done in 0.00325159 secs using 376.4% CPU
Optimizing NNI: done in 0.00605034 secs using 378.6% CPU
Optimizing NNI: done in 0.00211923 secs using 381.1% CPU
Optimizing NNI: done in 0.00663124 secs using 412.7% CPU
Optimizing NNI: done in 0.00174945 secs using 442.9% CPU
Optimizing NNI: done in 0.0211919 secs using 395.5% CPU
Optimizing NNI: done in 0.00174894 secs using 442.9% CPU
Optimizing NNI: done in 0.00227146 secs using 380.1% CPU
Optimizing NNI: done in 0.0197596 secs using 387.8% CPU
Optimizing NNI: done in 0.00185441 secs using 261.7% CPU
Optimizing NNI: done in 0.00588064 secs using 406% CPU
Optimizing NNI: done in 0.00502452 secs using 396% CPU
Optimizing NNI: done in 0.00521719 secs using 386% CPU
Optimizing NNI: done in 0.00344038 secs using 361.6% CPU
Optimizing NNI: done in 0.00171136 secs using 275.3% CPU
Optimizing NNI: done in 0.00452991 secs using 358.4% CPU
Optimizing NNI: done in 0.00388941 secs using 408.5% CPU
Optimizing NNI: done in 0.00237871 secs using 348.1% CPU
Optimizing NNI: done in 0.00273083 secs using 429.5% CPU
Optimizing NNI: done in 0.00201104 secs using 398.4% CPU
Optimizing NNI: done in 0.00177242 secs using 438.3% CPU
Optimizing NNI: done in 0.00188135 secs using 418.7% CPU
Optimizing NNI: done in 0.00328783 secs using 373.7% CPU
Optimizing NNI: done in 0.00199291 secs using 395.8% CPU
Optimizing NNI: done in 0.00249642 secs using 408.9% CPU
Optimizing NNI: done in 0.00275856 secs using 426.2% CPU
Optimizing NNI: done in 0.00673347 secs using 366.6% CPU
Optimizing NNI: done in 0.00169501 secs using 276.9% CPU
Optimizing NNI: done in 0.00228757 secs using 362.2% CPU
Optimizing NNI: done in 0.00322774 secs using 378.7% CPU
Optimizing NNI: done in 0.00231066 secs using 359.5% CPU
Optimizing NNI: done in 0.00326757 secs using 344.7% CPU
Optimizing NNI: done in 0.00288766 secs using 377.2% CPU
Optimizing NNI: done in 0.0044272 secs using 438.7% CPU
Optimizing NNI: done in 0.00192824 secs using 411.2% CPU
Optimizing NNI: done in 0.00360748 secs using 404% CPU
Optimizing NNI: done in 0.00178511 secs using 267.7% CPU
Optimizing NNI: done in 0.00182236 secs using 429.1% CPU
Optimizing NNI: done in 0.00304864 secs using 461.1% CPU
Optimizing NNI: done in 0.00642436 secs using 408.7% CPU
Optimizing NNI: done in 0.00242219 secs using 339.3% CPU
Optimizing NNI: done in 0.00167487 secs using 276.9% CPU
Optimizing NNI: done in 0.00353913 secs using 438.9% CPU
Optimizing NNI: done in 0.00179541 secs using 431.8% CPU
Optimizing NNI: done in 0.00325774 secs using 376.2% CPU
Optimizing NNI: done in 0.00480124 secs using 391.7% CPU
Optimizing NNI: done in 0.00338355 secs using 336.3% CPU
Optimizing NNI: done in 0.0131876 secs using 380.5% CPU
Optimizing NNI: done in 0.00180519 secs using 265.8% CPU
Optimizing NNI: done in 0.00141512 secs using 312.6% CPU
Optimizing NNI: done in 0.00219144 secs using 373.7% CPU
Optimizing NNI: done in 0.00189945 secs using 415.9% CPU
Optimizing NNI: done in 0.00842366 secs using 420.5% CPU
Optimizing NNI: done in 0.00214415 secs using 379.8% CPU
Optimizing NNI: done in 0.00796584 secs using 387.9% CPU
Optimizing NNI: done in 0.0017276 secs using 389.5% CPU
Optimizing NNI: done in 0.00605331 secs using 397.3% CPU
Optimizing NNI: done in 0.00236948 secs using 353.2% CPU
Optimizing NNI: done in 0.00189578 secs using 416.3% CPU
Optimizing NNI: done in 0.00225932 secs using 365.6% CPU
Optimizing NNI: done in 0.0020003 secs using 399.9% CPU
Optimizing NNI: done in 0.00533951 secs using 379.2% CPU
Optimizing NNI: done in 0.00257477 secs using 449.4% CPU
Optimizing NNI: done in 0.00350974 secs using 413.3% CPU
Optimizing NNI: done in 0.00516276 secs using 388.5% CPU
Optimizing NNI: done in 0.00183144 secs using 427.5% CPU
Optimizing NNI: done in 0.00230537 secs using 316.9% CPU
Optimizing NNI: done in 0.00183531 secs using 426.8% CPU
Optimizing NNI: done in 0.00444998 secs using 369.6% CPU
Optimizing NNI: done in 0.00362239 secs using 348.3% CPU
Optimizing NNI: done in 0.00406868 secs using 394.9% CPU
Optimizing NNI: done in 0.00365278 secs using 400.2% CPU
Optimizing NNI: done in 0.0042509 secs using 452.8% CPU
Optimizing NNI: done in 0.00191396 secs using 413.4% CPU
Optimizing NNI: done in 0.00363981 secs using 429.6% CPU
Optimizing NNI: done in 0.00172969 secs using 446.6% CPU
Optimizing NNI: done in 0.00636009 secs using 366.9% CPU
Optimizing NNI: done in 0.00657458 secs using 419.2% CPU
Optimizing NNI: done in 0.0021153 secs using 383.5% CPU
Optimizing NNI: done in 0.00170856 secs using 275.2% CPU
Optimizing NNI: done in 0.00636624 secs using 382.7% CPU
Optimizing NNI: done in 0.00303651 secs using 396.3% CPU
Optimizing NNI: done in 0.0059592 secs using 402% CPU
Optimizing NNI: done in 0.00193677 secs using 409.7% CPU
Optimizing NNI: done in 0.00225177 secs using 364.8% CPU
Optimizing NNI: done in 0.00244664 secs using 345.2% CPU
Optimizing NNI: done in 0.00199551 secs using 400.5% CPU
Optimizing NNI: done in 0.0020434 secs using 344.7% CPU
Optimizing NNI: done in 0.00433359 secs using 423.2% CPU
Optimizing NNI: done in 0.00294012 secs using 406% CPU
Optimizing NNI: done in 0.00322849 secs using 466.4% CPU
Optimizing NNI: done in 0.00192596 secs using 411.4% CPU
700 samples done
Optimizing NNI: done in 0.00301322 secs using 365.5% CPU
Optimizing NNI: done in 0.00360558 secs using 432.6% CPU
Optimizing NNI: done in 0.00197426 secs using 403.8% CPU
Optimizing NNI: done in 0.00317583 secs using 383.2% CPU
Optimizing NNI: done in 0.00734827 secs using 382.9% CPU
Optimizing NNI: done in 0.00311003 secs using 357.3% CPU
Optimizing NNI: done in 0.00223365 secs using 368.5% CPU
Optimizing NNI: done in 0.00537515 secs using 379% CPU
Optimizing NNI: done in 0.00245346 secs using 461.1% CPU
Optimizing NNI: done in 0.00292267 secs using 407.9% CPU
Optimizing NNI: done in 0.00216452 secs using 377.2% CPU
Optimizing NNI: done in 0.00581879 secs using 392.2% CPU
Optimizing NNI: done in 0.00246956 secs using 342.7% CPU
Optimizing NNI: done in 0.00188149 secs using 418.7% CPU
Optimizing NNI: done in 0.00299889 secs using 393% CPU
Optimizing NNI: done in 0.00290697 secs using 409.5% CPU
Optimizing NNI: done in 0.00205029 secs using 343.9% CPU
Optimizing NNI: done in 0.00319194 secs using 381.8% CPU
Optimizing NNI: done in 0.00929669 secs using 420.1% CPU
Optimizing NNI: done in 0.00177162 secs using 438.6% CPU
Optimizing NNI: done in 0.00392416 secs using 378.2% CPU
Optimizing NNI: done in 0.0019017 secs using 415.5% CPU
Optimizing NNI: done in 0.00223208 secs using 503.2% CPU
Optimizing NNI: done in 0.00186531 secs using 421.4% CPU
Optimizing NNI: done in 0.0025041 secs using 419.4% CPU
Optimizing NNI: done in 0.00178761 secs using 267.6% CPU
Optimizing NNI: done in 0.00214671 secs using 373.4% CPU
Optimizing NNI: done in 0.00321699 secs using 472.9% CPU
Optimizing NNI: done in 0.00207925 secs using 340.6% CPU
Optimizing NNI: done in 0.00371097 secs using 421.4% CPU
Optimizing NNI: done in 0.0018309 secs using 427.7% CPU
Optimizing NNI: done in 0.00375324 secs using 416.3% CPU
Optimizing NNI: done in 0.00173468 secs using 388.5% CPU
Optimizing NNI: done in 0.00348475 secs using 333.8% CPU
Optimizing NNI: done in 0.00204028 secs using 391.9% CPU
Optimizing NNI: done in 0.00213927 secs using 380.4% CPU
Optimizing NNI: done in 0.00332824 secs using 340.5% CPU
Optimizing NNI: done in 0.00378102 secs using 417.3% CPU
Optimizing NNI: done in 0.00300752 secs using 399.1% CPU
Optimizing NNI: done in 0.00229209 secs using 492.6% CPU
Optimizing NNI: done in 0.00201513 secs using 344.7% CPU
Optimizing NNI: done in 0.00190321 secs using 415.2% CPU
Optimizing NNI: done in 0.00240164 secs using 433.2% CPU
Optimizing NNI: done in 0.00237663 secs using 352.2% CPU
Optimizing NNI: done in 0.0049707 secs using 381.3% CPU
Optimizing NNI: done in 0.00266576 secs using 413.8% CPU
Optimizing NNI: done in 0.00718094 secs using 389.6% CPU
Optimizing NNI: done in 0.00236217 secs using 349.7% CPU
Optimizing NNI: done in 0.0144965 secs using 322.5% CPU
Optimizing NNI: done in 0.00841016 secs using 300.9% CPU
Optimizing NNI: done in 0.00198725 secs using 400% CPU
Optimizing NNI: done in 0.00473412 secs using 353.4% CPU
Optimizing NNI: done in 0.00408731 secs using 403.8% CPU
Optimizing NNI: done in 0.00253949 secs using 402.2% CPU
Optimizing NNI: done in 0.00712306 secs using 376.2% CPU
Optimizing NNI: done in 0.00377103 secs using 418.1% CPU
Optimizing NNI: done in 0.0023292 secs using 443.7% CPU
Optimizing NNI: done in 0.00492169 secs using 404.7% CPU
Optimizing NNI: done in 0.00454483 secs using 430% CPU
Optimizing NNI: done in 0.00187833 secs using 419.4% CPU
Optimizing NNI: done in 0.00503262 secs using 395.5% CPU
Optimizing NNI: done in 0.00283554 secs using 276.5% CPU
Optimizing NNI: done in 0.0021179 secs using 383.2% CPU
Optimizing NNI: done in 0.00191861 secs using 412.4% CPU
Optimizing NNI: done in 0.00671858 secs using 363.3% CPU
Optimizing NNI: done in 0.00180177 secs using 432.9% CPU
Optimizing NNI: done in 0.0182132 secs using 396.5% CPU
Optimizing NNI: done in 0.00197966 secs using 349.1% CPU
Optimizing NNI: done in 0.00441314 secs using 371.8% CPU
Optimizing NNI: done in 0.00269664 secs using 322.3% CPU
Optimizing NNI: done in 0.00173139 secs using 424.8% CPU
Optimizing NNI: done in 0.00206422 secs using 390.5% CPU
Optimizing NNI: done in 0.00185645 secs using 369.6% CPU
Optimizing NNI: done in 0.00239564 secs using 471.2% CPU
Optimizing NNI: done in 0.001894 secs using 416.6% CPU
Optimizing NNI: done in 0.00429615 secs using 378.6% CPU
Optimizing NNI: done in 0.00216706 secs using 515.2% CPU
Optimizing NNI: done in 0.00314416 secs using 386.2% CPU
Optimizing NNI: done in 0.00185399 secs using 207.7% CPU
Optimizing NNI: done in 0.00529594 secs using 381.7% CPU
Optimizing NNI: done in 0.00175382 secs using 441.9% CPU
Optimizing NNI: done in 0.00182922 secs using 428% CPU
Optimizing NNI: done in 0.00222366 secs using 369.8% CPU
Optimizing NNI: done in 0.00261708 secs using 443.8% CPU
Optimizing NNI: done in 0.00390663 secs using 403.7% CPU
Optimizing NNI: done in 0.00183903 secs using 426.2% CPU
Optimizing NNI: done in 0.00206405 secs using 390.7% CPU
Optimizing NNI: done in 0.00206666 secs using 390.2% CPU
Optimizing NNI: done in 0.0018341 secs using 427.1% CPU
Optimizing NNI: done in 0.00393225 secs using 404.7% CPU
Optimizing NNI: done in 0.00208361 secs using 336.1% CPU
Optimizing NNI: done in 0.00214787 secs using 379.4% CPU
Optimizing NNI: done in 0.00659998 secs using 402.9% CPU
Optimizing NNI: done in 0.00597151 secs using 401.4% CPU
Optimizing NNI: done in 0.00189495 secs using 416.6% CPU
Optimizing NNI: done in 0.00237108 secs using 349.3% CPU
Optimizing NNI: done in 0.00403019 secs using 397.5% CPU
Optimizing NNI: done in 0.00535766 secs using 398.7% CPU
Optimizing NNI: done in 0.00256359 secs using 333.9% CPU
Optimizing NNI: done in 0.00236843 secs using 479.9% CPU
800 samples done
Optimizing NNI: done in 0.00601457 secs using 397.9% CPU
Optimizing NNI: done in 0.00229587 secs using 361.3% CPU
Optimizing NNI: done in 0.00181882 secs using 428.7% CPU
Optimizing NNI: done in 0.00476158 secs using 414.9% CPU
Optimizing NNI: done in 0.00298553 secs using 401.4% CPU
Optimizing NNI: done in 0.00395731 secs using 378.2% CPU
Optimizing NNI: done in 0.00181414 secs using 430.6% CPU
Optimizing NNI: done in 0.00190265 secs using 362.9% CPU
Optimizing NNI: done in 0.00307359 secs using 392.6% CPU
Optimizing NNI: done in 0.00360254 secs using 349.8% CPU
Optimizing NNI: done in 0.00191408 secs using 413.4% CPU
Optimizing NNI: done in 0.00188594 secs using 418% CPU
Optimizing NNI: done in 0.00612725 secs using 392.5% CPU
Optimizing NNI: done in 0.00229648 secs using 491.8% CPU
Optimizing NNI: done in 0.00632359 secs using 384.5% CPU
Optimizing NNI: done in 0.00415263 secs using 461.2% CPU
Optimizing NNI: done in 0.00439804 secs using 350.1% CPU
Optimizing NNI: done in 0.00213266 secs using 381.3% CPU
Optimizing NNI: done in 0.00648165 secs using 408.6% CPU
Optimizing NNI: done in 0.00233118 secs using 314.5% CPU
Optimizing NNI: done in 0.00328065 secs using 465.7% CPU
Optimizing NNI: done in 0.00388715 secs using 408.7% CPU
Optimizing NNI: done in 0.00177805 secs using 437.4% CPU
Optimizing NNI: done in 0.00557733 secs using 422.7% CPU
Optimizing NNI: done in 0.00197922 secs using 403% CPU
Optimizing NNI: done in 0.00444862 secs using 437.1% CPU
Optimizing NNI: done in 0.00311584 secs using 354.4% CPU
Optimizing NNI: done in 0.00319139 secs using 369.9% CPU
Optimizing NNI: done in 0.00328751 secs using 343.3% CPU
Optimizing NNI: done in 0.00265979 secs using 391.1% CPU
Optimizing NNI: done in 0.00317091 secs using 383.5% CPU
Optimizing NNI: done in 0.00197866 secs using 403.1% CPU
Optimizing NNI: done in 0.00179978 secs using 433.3% CPU
Optimizing NNI: done in 0.00846365 secs using 383.6% CPU
Optimizing NNI: done in 0.00645266 secs using 378.2% CPU
Optimizing NNI: done in 0.00819005 secs using 379.9% CPU
Optimizing NNI: done in 0.00416139 secs using 385.3% CPU
Optimizing NNI: done in 0.00170539 secs using 451.8% CPU
Optimizing NNI: done in 0.00462424 secs using 424.3% CPU
Optimizing NNI: done in 0.00297276 secs using 402.7% CPU
Optimizing NNI: done in 0.00237014 secs using 479.6% CPU
Optimizing NNI: done in 0.0017721 secs using 382.1% CPU
Optimizing NNI: done in 0.00198836 secs using 401.7% CPU
Optimizing NNI: done in 0.00205968 secs using 391.1% CPU
Optimizing NNI: done in 0.00434351 secs using 445.3% CPU
Optimizing NNI: done in 0.00435534 secs using 374.7% CPU
Optimizing NNI: done in 0.00475672 secs using 329.6% CPU
Optimizing NNI: done in 0.00304189 secs using 395.7% CPU
Optimizing NNI: done in 0.00260475 secs using 330.1% CPU
Optimizing NNI: done in 0.0023467 secs using 483.4% CPU
Optimizing NNI: done in 0.00176574 secs using 439.7% CPU
Optimizing NNI: done in 0.00236128 secs using 359.9% CPU
Optimizing NNI: done in 0.00187484 secs using 419.9% CPU
Optimizing NNI: done in 0.0109834 secs using 391.3% CPU
Optimizing NNI: done in 0.00679054 secs using 394.6% CPU
Optimizing NNI: done in 0.00427657 secs using 333.9% CPU
Optimizing NNI: done in 0.00544792 secs using 412% CPU
Optimizing NNI: done in 0.00186169 secs using 422.3% CPU
Optimizing NNI: done in 0.00570008 secs using 328% CPU
Optimizing NNI: done in 0.00179045 secs using 379.7% CPU
Optimizing NNI: done in 0.00253538 secs using 332.1% CPU
Optimizing NNI: done in 0.00184146 secs using 371.8% CPU
Optimizing NNI: done in 0.00189393 secs using 416.7% CPU
Optimizing NNI: done in 0.0033044 secs using 371% CPU
Optimizing NNI: done in 0.004424 secs using 367.7% CPU
Optimizing NNI: done in 0.00184226 secs using 425.6% CPU
Optimizing NNI: done in 0.00179058 secs using 266.7% CPU
Optimizing NNI: done in 0.00273114 secs using 428% CPU
Optimizing NNI: done in 0.00179805 secs using 433.7% CPU
Optimizing NNI: done in 0.00185997 secs using 420.5% CPU
Optimizing NNI: done in 0.00302219 secs using 397.3% CPU
Optimizing NNI: done in 0.00483331 secs using 343.8% CPU
Optimizing NNI: done in 0.00179755 secs using 433.8% CPU
Optimizing NNI: done in 0.0020665 secs using 390.2% CPU
Optimizing NNI: done in 0.00200084 secs using 349.9% CPU
Optimizing NNI: done in 0.00815651 secs using 390.2% CPU
Optimizing NNI: done in 0.00189682 secs using 416.3% CPU
Optimizing NNI: done in 0.00594454 secs using 384.7% CPU
Optimizing NNI: done in 0.00171516 secs using 449.8% CPU
Optimizing NNI: done in 0.00242115 secs using 425% CPU
Optimizing NNI: done in 0.00361943 secs using 431.4% CPU
Optimizing NNI: done in 0.0022116 secs using 371.2% CPU
Optimizing NNI: done in 0.00178891 secs using 435.4% CPU
Optimizing NNI: done in 0.00308974 secs using 358.9% CPU
Optimizing NNI: done in 0.00442791 secs using 370.8% CPU
Optimizing NNI: done in 0.00204096 secs using 394% CPU
Optimizing NNI: done in 0.00168277 secs using 277.8% CPU
Optimizing NNI: done in 0.00442817 secs using 438.6% CPU
Optimizing NNI: done in 0.00552334 secs using 424% CPU
Optimizing NNI: done in 0.00172063 secs using 448.7% CPU
Optimizing NNI: done in 0.00313278 secs using 387.1% CPU
Optimizing NNI: done in 0.00269855 secs using 396.5% CPU
Optimizing NNI: done in 0.00364733 secs using 346.6% CPU
Optimizing NNI: done in 0.00197694 secs using 403.5% CPU
Optimizing NNI: done in 0.00195452 secs using 407% CPU
Optimizing NNI: done in 0.00349177 secs using 329.1% CPU
Optimizing NNI: done in 0.0034964 secs using 357.2% CPU
Optimizing NNI: done in 0.00587333 secs using 406.4% CPU
Optimizing NNI: done in 0.0035882 secs using 350.8% CPU
Optimizing NNI: done in 0.00216101 secs using 377.5% CPU
900 samples done
Optimizing NNI: done in 0.00226362 secs using 497.5% CPU
Optimizing NNI: done in 0.00179535 secs using 434% CPU
Optimizing NNI: done in 0.0040717 secs using 387.9% CPU
Optimizing NNI: done in 0.013518 secs using 364.9% CPU
Optimizing NNI: done in 0.00303817 secs using 363.4% CPU
Optimizing NNI: done in 0.00194051 secs using 409.1% CPU
Optimizing NNI: done in 0.00319731 secs using 381.3% CPU
Optimizing NNI: done in 0.00547088 secs using 428.6% CPU
Optimizing NNI: done in 0.00201004 secs using 394.6% CPU
Optimizing NNI: done in 0.00199956 secs using 400% CPU
Optimizing NNI: done in 0.00428087 secs using 380.2% CPU
Optimizing NNI: done in 0.00200751 secs using 345.9% CPU
Optimizing NNI: done in 0.00206525 secs using 390.4% CPU
Optimizing NNI: done in 0.00374382 secs using 420.5% CPU
Optimizing NNI: done in 0.00202641 secs using 396% CPU
Optimizing NNI: done in 0.00285978 secs using 414.6% CPU
Optimizing NNI: done in 0.00308577 secs using 406.1% CPU
Optimizing NNI: done in 0.00176439 secs using 269.8% CPU
Optimizing NNI: done in 0.00204093 secs using 393.9% CPU
Optimizing NNI: done in 0.00524348 secs using 365.6% CPU
Optimizing NNI: done in 0.00199907 secs using 400% CPU
Optimizing NNI: done in 0.00376637 secs using 338.8% CPU
Optimizing NNI: done in 0.00616963 secs using 391.7% CPU
Optimizing NNI: done in 0.00180274 secs using 432.8% CPU
Optimizing NNI: done in 0.00207148 secs using 385.5% CPU
Optimizing NNI: done in 0.00289609 secs using 407.1% CPU
Optimizing NNI: done in 0.00379961 secs using 336.8% CPU
Optimizing NNI: done in 0.00186856 secs using 421% CPU
Optimizing NNI: done in 0.00428853 secs using 377.5% CPU
Optimizing NNI: done in 0.00320264 secs using 378.8% CPU
Optimizing NNI: done in 0.00230403 secs using 355.8% CPU
Optimizing NNI: done in 0.00178624 secs using 435.7% CPU
Optimizing NNI: done in 0.00173954 secs using 272.5% CPU
Optimizing NNI: done in 0.00351033 secs using 413.6% CPU
Optimizing NNI: done in 0.00182444 secs using 374% CPU
Optimizing NNI: done in 0.00447327 secs using 435.1% CPU
Optimizing NNI: done in 0.00185704 secs using 423% CPU
Optimizing NNI: done in 0.00199981 secs using 399.9% CPU
Optimizing NNI: done in 0.00197117 secs using 404.2% CPU
Optimizing NNI: done in 0.00330923 secs using 311.6% CPU
Optimizing NNI: done in 0.00310853 secs using 389.4% CPU
Optimizing NNI: done in 0.00609764 secs using 389.2% CPU
Optimizing NNI: done in 0.00416021 secs using 340.1% CPU
Optimizing NNI: done in 0.00592332 secs using 381.7% CPU
Optimizing NNI: done in 0.00457461 secs using 406.1% CPU
Optimizing NNI: done in 0.00232921 secs using 357.4% CPU
Optimizing NNI: done in 0.00348361 secs using 358.2% CPU
Optimizing NNI: done in 0.00774335 secs using 358.3% CPU
Optimizing NNI: done in 0.00175331 secs using 385.6% CPU
Optimizing NNI: done in 0.00235365 secs using 482.3% CPU
Optimizing NNI: done in 0.00197399 secs using 403.9% CPU
Optimizing NNI: done in 0.00208959 secs using 333.3% CPU
Optimizing NNI: done in 0.00323629 secs using 377.9% CPU
Optimizing NNI: done in 0.00319377 secs using 350.5% CPU
Optimizing NNI: done in 0.00321087 secs using 349.2% CPU
Optimizing NNI: done in 0.00179493 secs using 434.2% CPU
Optimizing NNI: done in 0.00189492 secs using 416.4% CPU
Optimizing NNI: done in 0.00192982 secs using 410.9% CPU
Optimizing NNI: done in 0.00276494 secs using 303% CPU
Optimizing NNI: done in 0.0051853 secs using 389.2% CPU
Optimizing NNI: done in 0.00190908 secs using 414.3% CPU
Optimizing NNI: done in 0.00469093 secs using 419.7% CPU
Optimizing NNI: done in 0.00379598 secs using 387.2% CPU
Optimizing NNI: done in 0.00386937 secs using 358.3% CPU
Optimizing NNI: done in 0.00189986 secs using 415.8% CPU
Optimizing NNI: done in 0.00211256 secs using 379.7% CPU
Optimizing NNI: done in 0.00487152 secs using 346.2% CPU
Optimizing NNI: done in 0.0106744 secs using 397.7% CPU
Optimizing NNI: done in 0.00578382 secs using 392.5% CPU
Optimizing NNI: done in 0.0029022 secs using 398.7% CPU
Optimizing NNI: done in 0.00544864 secs using 346.9% CPU
Optimizing NNI: done in 0.00459895 secs using 389.9% CPU
Optimizing NNI: done in 0.0110774 secs using 321.6% CPU
Optimizing NNI: done in 0.00710673 secs using 291.5% CPU
Optimizing NNI: done in 0.006472 secs using 299% CPU
Optimizing NNI: done in 0.00606942 secs using 376% CPU
Optimizing NNI: done in 0.00717749 secs using 342.3% CPU
Optimizing NNI: done in 0.0022888 secs using 359.8% CPU
Optimizing NNI: done in 0.00388353 secs using 331.5% CPU
Optimizing NNI: done in 0.0049229 secs using 403.2% CPU
Optimizing NNI: done in 0.00379736 secs using 415.1% CPU
Optimizing NNI: done in 0.00220779 secs using 494.9% CPU
Optimizing NNI: done in 0.00401183 secs using 399% CPU
Optimizing NNI: done in 0.0063049 secs using 433% CPU
Optimizing NNI: done in 0.00707156 secs using 382.8% CPU
Optimizing NNI: done in 0.00422639 secs using 383.3% CPU
Optimizing NNI: done in 0.00206095 secs using 391% CPU
Optimizing NNI: done in 0.00209813 secs using 383.4% CPU
Optimizing NNI: done in 0.00344738 secs using 332.1% CPU
Optimizing NNI: done in 0.00194273 secs using 408.8% CPU
Optimizing NNI: done in 0.00409374 secs using 393.1% CPU
Optimizing NNI: done in 0.00202122 secs using 396.7% CPU
Optimizing NNI: done in 0.00192785 secs using 411.2% CPU
Optimizing NNI: done in 0.00328538 secs using 435% CPU
Optimizing NNI: done in 0.00237025 secs using 476% CPU
Optimizing NNI: done in 0.0198989 secs using 386% CPU
Optimizing NNI: done in 0.00231534 secs using 488.6% CPU
Optimizing NNI: done in 0.00224076 secs using 383.8% CPU
Optimizing NNI: done in 0.00202771 secs using 386.1% CPU
Optimizing NNI: done in 0.00197047 secs using 404.4% CPU
1000 samples done
Total 993 ufboot trees refined
TREE SEARCH COMPLETED AFTER 102 ITERATIONS / Time: 0h:0m:42s

--------------------------------------------------------------------
|                    FINALIZING TREE SEARCH                        |
--------------------------------------------------------------------
Performs final model parameters optimization
Estimate model parameters (epsilon = 0.010)
1. Initial log-likelihood: -742.911
Optimal log-likelihood: -742.911
Parameters optimization took 1 rounds (0.003 sec)
BEST SCORE FOUND : -742.911
Creating bootstrap support values...
Split supports printed to NEXUS file 11_alignment_files/part1_trimmed.afa.splits.nex
Total tree length: 0.294

Total number of iterations: 102
CPU time used for tree search: 46.415 sec (0h:0m:46s)
Wall-clock time used for tree search: 11.924 sec (0h:0m:11s)
Total CPU time used: 134.756 sec (0h:2m:14s)
Total wall-clock time used: 42.555 sec (0h:0m:42s)
UFBoot trees printed to 11_alignment_files/part1_trimmed.afa.ufboot

Computing bootstrap consensus tree...
Reading input file 11_alignment_files/part1_trimmed.afa.splits.nex...
19 taxa and 175 splits.
Consensus tree written to 11_alignment_files/part1_trimmed.afa.contree
Reading input trees file 11_alignment_files/part1_trimmed.afa.contree
Log-likelihood of consensus tree: -742.922

Analysis results written to: 
  IQ-TREE report:                11_alignment_files/part1_trimmed.afa.iqtree
  Maximum-likelihood tree:       11_alignment_files/part1_trimmed.afa.treefile
  Likelihood distances:          11_alignment_files/part1_trimmed.afa.mldist

Ultrafast bootstrap approximation results written to:
  Split support values:          11_alignment_files/part1_trimmed.afa.splits.nex
  Consensus tree:                11_alignment_files/part1_trimmed.afa.contree
  UFBoot trees:                  11_alignment_files/part1_trimmed.afa.ufboot
  Screen log file:               11_alignment_files/part1_trimmed.afa.log

Date and Time: Sat Nov 29 20:52:02 2025
