IQ-TREE version 3.0.1 for Linux x86 64-bit built Jul  9 2025
Developed by Bui Quang Minh, Thomas Wong, Nhan Ly-Trong, Huaiyan Ren
Contributed by Lam-Tung Nguyen, Dominik Schrempf, Chris Bielow,
Olga Chernomor, Michael Woodhams, Diep Thi Hoang, Heiko Schmidt

Host:    thecomputer2 (AVX512, FMA3, 31 GB RAM)
Command: iqtree3 -s 11_alignment_files/part3_trimmed.afa -m MFP -B 1000 -bnni -T AUTO -redo
Seed:    657917 (Using SPRNG - Scalable Parallel Random Number Generator)
Time:    Sun Nov 30 17:51:36 2025
Kernel:  AVX+FMA - auto-detect threads (8 CPU cores detected)

Reading alignment file 11_alignment_files/part3_trimmed.afa ... Fasta format detected
Reading fasta file: done in 0.000215167 secs using 10.22% CPU
Alignment most likely contains protein sequences
Constructing alignment: done in 9.7449e-05 secs using 97.49% CPU
Alignment has 13 sequences with 85 columns, 48 distinct patterns
17 parsimony-informative, 1 singleton sites, 67 constant sites
                       Gap/Ambiguity  Composition  p-value
Analyzing sequences: done in 1.1865e-05 secs using 92.71% CPU
   1  Thunnus_thynnus          0.00%    passed    100.00%
   2  Thunnus_maccoyii         0.00%    passed    100.00%
   3  Thunnus_obesus           0.00%    passed    100.00%
   4  Thunnus_tonggol          0.00%    passed    100.00%
   5  sampleC_part3           11.76%    passed     99.95%
   6  sampleA_part3            9.41%    passed     99.98%
   7  sampleB_part3            5.88%    passed    100.00%
   8  Eubalaena_japonica       0.00%    passed    100.00%
   9  Eubalaena_glacialis      0.00%    passed    100.00%
  10  Eubalaena_australis      0.00%    passed    100.00%
  11  Balaena_mysticetus       0.00%    passed    100.00%
  12  Monodon_monoceros        0.00%    passed    100.00%
  13  Delphinapterus_leucas    0.00%    passed    100.00%
****  TOTAL                    2.08%  0 sequences failed composition chi2 test (p-value<5%; df=19)
NOTE: Thunnus_maccoyii is identical to Thunnus_thynnus but kept for subsequent analysis
NOTE: Eubalaena_glacialis is identical to Eubalaena_japonica but kept for subsequent analysis
Checking for duplicate sequences: done in 0.000770622 secs using 856.1% CPU
Identifying sites to remove: done in 3.7414e-05 secs using 96.22% CPU
NOTE: 3 identical sequences (see below) will be ignored for subsequent analysis
NOTE: Thunnus_obesus (identical to Thunnus_thynnus) is ignored but added at the end
NOTE: Thunnus_tonggol (identical to Thunnus_thynnus) is ignored but added at the end
NOTE: Eubalaena_australis (identical to Eubalaena_japonica) is ignored but added at the end
Alignment was printed to 11_alignment_files/part3_trimmed.afa.uniqueseq.phy

For your convenience alignment with unique sequences printed to 11_alignment_files/part3_trimmed.afa.uniqueseq.phy


Create initial parsimony tree by phylogenetic likelihood library (PLL)... 0.000 seconds
Measuring multi-threading efficiency up to 8 CPU cores
Increase to 10 rounds for branch lengths
1918 trees examined
Threads: 1 / Time: 8.002 sec / Speedup: 1.000 / Efficiency: 100% / LogL: -475
Threads: 2 / Time: 6.471 sec / Speedup: 1.236 / Efficiency: 62% / LogL: -475
Threads: 3 / Time: 5.900 sec / Speedup: 1.356 / Efficiency: 45% / LogL: -475
Determining AUTO threadcount: done in 20.3743 secs using 188.1% CPU
BEST NUMBER OF THREADS: 2

Perform fast likelihood tree search using LG+I+G model...
Estimate model parameters (epsilon = 5.000)
Perform nearest neighbor interchange...
Optimizing NNI: done in 0.00486609 secs using 202.7% CPU
Estimate model parameters (epsilon = 1.000)
1. Initial log-likelihood: -372.031
Optimal log-likelihood: -372.029
Proportion of invariable sites: 0.391
Gamma shape alpha: 1.914
Parameters optimization took 1 rounds (0.004 sec)
Time for fast ML tree search: 0.015 seconds

NOTE: ModelFinder requires 1 MB RAM!
ModelFinder will test up to 1232 protein models (sample size: 85 epsilon: 0.100) ...
 No. Model         -LnL         df  AIC          AICc         BIC
  1  LG            373.507      17  781.014      790.149      822.540
  2  LG+I          372.226      18  780.451      790.815      824.419
  3  LG+G4         371.969      18  779.938      790.302      823.906
  4  LG+I+G4       372.028      19  782.056      793.749      828.467
  5  LG+R2         372.219      19  782.437      794.130      828.848
  6  LG+R3         371.982      21  785.964      800.631      837.260
 14  LG+I+R2       372.110      20  784.219      797.344      833.072
 15  LG+I+R3       372.066      22  788.132      804.455      841.871
 23  LG+F          354.920      36  781.839      837.339      869.775
 24  LG+F+I        353.643      37  781.286      841.116      871.665
 25  LG+F+G4       353.468      37  780.937      840.767      871.315
 26  LG+F+I+G4     353.517      38  783.033      847.468      875.854
 27  LG+F+R2       353.640      38  783.280      847.715      876.101
 45  WAG           376.812      17  787.625      796.759      829.150
 46  WAG+I         375.283      18  786.566      796.930      830.534
 47  WAG+G4        375.030      18  786.061      796.425      830.029
 48  WAG+I+G4      375.058      19  788.116      799.808      834.526
 49  WAG+R2        375.308      19  788.615      800.308      835.026
 67  WAG+F         356.640      36  785.280      840.780      873.215
 68  WAG+F+I       355.285      37  784.570      844.400      874.948
 69  WAG+F+G4      355.121      37  784.242      844.072      874.620
 70  WAG+F+I+G4    355.156      38  786.312      850.747      879.133
 71  WAG+F+R2      355.273      38  786.546      850.980      879.366
 89  JTT           374.625      17  783.250      792.384      824.775
 90  JTT+I         372.571      18  781.141      791.505      825.109
 91  JTT+G4        372.286      18  780.572      790.936      824.540
 92  JTT+I+G4      372.279      19  782.558      794.250      828.968
 93  JTT+R2        372.641      19  783.282      794.975      829.693
111  JTT+F         356.014      36  784.028      839.528      871.963
112  JTT+F+I       354.308      37  782.617      842.446      872.995
113  JTT+F+G4      354.102      37  782.204      842.034      872.582
114  JTT+F+I+G4    354.121      38  784.243      848.677      877.063
115  JTT+F+R2      354.291      38  784.583      849.017      877.403
133  Q.PFAM        372.988      17  779.975      789.109      821.500
134  Q.PFAM+I      371.824      18  779.647      790.011      823.615
135  Q.PFAM+G4     371.599      18  779.198      789.562      823.166
136  Q.PFAM+I+G4   371.667      19  781.334      793.026      827.744
137  Q.PFAM+R2     371.706      19  781.411      793.104      827.822
155  Q.PFAM+F      354.158      36  780.317      835.817      868.252
156  Q.PFAM+F+I    353.016      37  780.032      839.862      870.410
157  Q.PFAM+F+G4   352.877      37  779.753      839.583      870.132
158  Q.PFAM+F+I+G4 352.926      38  781.852      846.287      874.673
159  Q.PFAM+F+R2   352.935      38  781.870      846.305      874.691
177  Q.BIRD        376.259      17  786.517      795.652      828.042
178  Q.BIRD+I      373.351      18  782.702      793.066      826.670
179  Q.BIRD+G4     373.163      18  782.325      792.689      826.293
180  Q.BIRD+I+G4   373.160      19  784.320      796.012      830.730
181  Q.BIRD+R2     373.429      19  784.859      796.551      831.269
199  Q.BIRD+F      355.066      36  782.132      837.632      870.068
200  Q.BIRD+F+I    352.365      37  778.729      838.559      869.108
201  Q.BIRD+F+G4   352.282      37  778.564      838.394      868.942
202  Q.BIRD+F+I+G4 352.302      38  780.603      845.038      873.424
203  Q.BIRD+F+R2   352.369      38  780.739      845.173      873.559
221  Q.MAMMAL      376.124      17  786.249      795.383      827.774
222  Q.MAMMAL+I    373.986      18  783.972      794.336      827.940
223  Q.MAMMAL+G4   373.817      18  783.634      793.997      827.602
224  Q.MAMMAL+I+G4 373.830      19  785.660      797.353      832.071
225  Q.MAMMAL+R2   373.893      19  785.787      797.479      832.197
243  Q.MAMMAL+F    354.162      36  780.325      835.825      868.260
244  Q.MAMMAL+F+I  352.142      37  778.284      838.113      868.662
245  Q.MAMMAL+F+G4 352.068      37  778.136      837.965      868.514
246  Q.MAMMAL+F+I+G4 352.090      38  780.180      844.614      873.000
247  Q.MAMMAL+F+R2 352.078      38  780.155      844.590      872.976
265  Q.INSECT      374.568      17  783.136      792.270      824.661
266  Q.INSECT+I    373.162      18  782.325      792.688      826.292
267  Q.INSECT+G4   372.918      18  781.837      792.200      825.804
268  Q.INSECT+I+G4 372.959      19  783.917      795.609      830.327
269  Q.INSECT+R2   372.979      19  783.958      795.650      830.368
287  Q.INSECT+F    354.680      36  781.360      836.860      869.296
288  Q.INSECT+F+I  353.226      37  780.451      840.281      870.829
289  Q.INSECT+F+G4 353.044      37  780.089      839.919      870.467
290  Q.INSECT+F+I+G4 353.077      38  782.153      846.588      874.974
291  Q.INSECT+F+R2 353.080      38  782.160      846.595      874.981
309  Q.PLANT       372.355      17  778.711      787.845      820.236
310  Q.PLANT+I     370.488      18  776.976      787.340      820.944
311  Q.PLANT+G4    370.200      18  776.399      786.763      820.367
312  Q.PLANT+I+G4  370.199      19  778.399      790.091      824.809
313  Q.PLANT+R2    370.264      19  778.528      790.221      824.939
331  Q.PLANT+F     354.074      36  780.147      835.647      868.083
332  Q.PLANT+F+I   352.321      37  778.641      838.471      869.019
333  Q.PLANT+F+G4  352.115      37  778.230      838.059      868.608
334  Q.PLANT+F+I+G4 352.129      38  780.257      844.692      873.078
335  Q.PLANT+F+R2  352.149      38  780.297      844.732      873.118
353  Q.YEAST       374.499      17  782.998      792.132      824.523
354  Q.YEAST+I     373.202      18  782.404      792.767      826.372
355  Q.YEAST+G4    372.937      18  781.874      792.237      825.842
356  Q.YEAST+I+G4  372.988      19  783.975      795.668      830.386
357  Q.YEAST+R2    372.964      19  783.928      795.620      830.338
375  Q.YEAST+F     353.886      36  779.772      835.272      867.708
376  Q.YEAST+F+I   352.666      37  779.333      839.163      869.711
377  Q.YEAST+F+G4  352.473      37  778.946      838.775      869.324
378  Q.YEAST+F+I+G4 352.523      38  781.045      845.480      873.866
379  Q.YEAST+F+R2  352.482      38  780.963      845.398      873.784
397  JTTDCMUT      374.911      17  783.823      792.957      825.348
398  JTTDCMUT+I    372.867      18  781.734      792.097      825.701
399  JTTDCMUT+G4   372.575      18  781.151      791.514      825.118
400  JTTDCMUT+I+G4 372.561      19  783.122      794.815      829.533
401  JTTDCMUT+R2   372.639      19  783.278      794.970      829.688
419  JTTDCMUT+F    356.087      36  784.174      839.674      872.110
420  JTTDCMUT+F+I  354.400      37  782.800      842.630      873.178
421  JTTDCMUT+F+G4 354.187      37  782.374      842.204      872.752
422  JTTDCMUT+F+I+G4 354.200      38  784.401      848.836      877.222
423  JTTDCMUT+F+R2 354.191      38  784.382      848.817      877.203
441  DCMUT         383.086      17  800.172      809.307      841.697
442  DCMUT+I       381.208      18  798.416      808.780      842.384
443  DCMUT+G4      380.860      18  797.721      808.084      841.688
444  DCMUT+I+G4    380.847      19  799.693      811.386      846.104
445  DCMUT+R2      380.856      19  799.712      811.404      846.122
463  DCMUT+F       356.577      36  785.153      840.653      873.089
464  DCMUT+F+I     354.954      37  783.907      843.737      874.286
465  DCMUT+F+G4    354.713      37  783.426      843.255      873.804
466  DCMUT+F+I+G4  354.725      38  785.450      849.885      878.271
467  DCMUT+F+R2    354.688      38  785.376      849.811      878.197
485  VT            376.434      17  786.869      796.003      828.394
486  VT+I          374.920      18  785.841      796.204      829.808
487  VT+G4         374.713      18  785.425      795.789      829.393
488  VT+I+G4       374.731      19  787.461      799.153      833.871
489  VT+R2         374.682      19  787.365      799.057      833.775
507  VT+F          357.775      36  787.551      843.051      875.486
508  VT+F+I        356.395      37  786.790      846.620      877.168
509  VT+F+G4       356.252      37  786.504      846.333      876.882
510  VT+F+I+G4     356.275      38  788.550      852.985      881.371
511  VT+F+R2       356.228      38  788.455      852.890      881.276
529  PMB           376.210      17  786.420      795.554      827.945
530  PMB+I         374.826      18  785.652      796.016      829.620
531  PMB+G4        374.669      18  785.337      795.701      829.305
532  PMB+I+G4      374.692      19  787.385      799.077      833.795
533  PMB+R2        374.637      19  787.274      798.966      833.684
551  PMB+F         359.806      36  791.611      847.111      879.547
552  PMB+F+I       358.418      37  790.836      850.666      881.214
553  PMB+F+G4      358.307      37  790.615      850.445      880.993
554  PMB+F+I+G4    358.327      38  792.653      857.088      885.474
555  PMB+F+R2      358.284      38  792.568      857.003      885.389
573  BLOSUM62      376.092      17  786.183      795.318      827.709
574  BLOSUM62+I    374.734      18  785.469      795.832      829.437
575  BLOSUM62+G4   374.589      18  785.178      795.542      829.146
576  BLOSUM62+I+G4 374.615      19  787.230      798.922      833.641
577  BLOSUM62+R2   374.554      19  787.107      798.800      833.518
595  BLOSUM62+F    358.854      36  789.707      845.207      877.643
596  BLOSUM62+F+I  357.452      37  788.903      848.733      879.281
597  BLOSUM62+F+G4 357.355      37  788.710      848.540      879.088
598  BLOSUM62+F+I+G4 357.374      38  790.748      855.183      883.568
599  BLOSUM62+F+R2 357.331      38  790.662      855.097      883.483
617  DAYHOFF       383.054      17  800.108      809.242      841.633
618  DAYHOFF+I     381.172      18  798.343      808.707      842.311
619  DAYHOFF+G4    380.822      18  797.645      808.008      841.612
620  DAYHOFF+I+G4  380.806      19  799.612      811.304      846.022
621  DAYHOFF+R2    380.734      19  799.467      811.160      845.878
639  DAYHOFF+F     356.543      36  785.087      840.587      873.022
640  DAYHOFF+F+I   354.919      37  783.838      843.667      874.216
641  DAYHOFF+F+G4  354.677      37  783.353      843.183      873.732
642  DAYHOFF+F+I+G4 354.686      38  785.373      849.808      878.194
643  DAYHOFF+F+R2  354.594      38  785.187      849.622      878.008
661  MTREV         358.948      17  751.896      761.031      793.422
662  MTREV+I       357.190      18  750.380      760.744      794.348
663  MTREV+G4      356.903      18  749.806      760.170      793.774
664  MTREV+I+G4    356.936      19  751.872      763.564      798.283
665  MTREV+R2      356.789      19  751.577      763.269      797.987
683  MTREV+F       353.111      36  778.223      833.723      866.158
684  MTREV+F+I     351.393      37  776.787      836.617      867.165
685  MTREV+F+G4    351.116      37  776.231      836.061      866.609
686  MTREV+F+I+G4  351.149      38  778.297      842.732      871.118
687  MTREV+F+R2    350.998      38  777.997      842.432      870.818
705  MTART         355.080      17  744.160      753.294      785.685
706  MTART+I       353.960      18  743.919      754.283      787.887
707  MTART+G4      353.876      18  743.752      754.115      787.719
708  MTART+I+G4    353.911      19  745.822      757.514      792.232
709  MTART+R2      353.849      19  745.699      757.391      792.109
727  MTART+F       350.208      36  772.416      827.916      860.352
728  MTART+F+I     349.036      37  772.072      831.902      862.450
729  MTART+F+G4    348.949      37  771.898      831.728      862.276
730  MTART+F+I+G4  348.982      38  773.964      838.399      866.785
731  MTART+F+R2    348.917      38  773.834      838.269      866.655
749  MTZOA         354.945      17  743.890      753.024      785.415
750  MTZOA+I       353.758      18  743.516      753.879      787.483
751  MTZOA+G4      353.618      18  743.236      753.599      787.203
752  MTZOA+I+G4    353.664      19  745.327      757.020      791.738
753  MTZOA+R2      353.555      19  745.110      756.802      791.520
771  MTZOA+F       350.475      36  772.950      828.450      860.886
772  MTZOA+F+I     349.237      37  772.473      832.303      862.851
773  MTZOA+F+G4    349.104      37  772.207      832.037      862.585
774  MTZOA+F+I+G4  349.144      38  774.287      838.722      867.108
775  MTZOA+F+R2    349.045      38  774.090      838.524      866.910
793  MTMET         358.667      17  751.335      760.469      792.860
794  MTMET+I       357.001      18  750.002      760.366      793.970
795  MTMET+G4      356.881      18  749.762      760.126      793.730
796  MTMET+I+G4    356.902      19  751.804      763.496      798.214
797  MTMET+R2      356.832      19  751.664      763.356      798.074
815  MTMET+F       352.240      36  776.481      831.981      864.416
816  MTMET+F+I     350.558      37  775.117      834.947      865.495
817  MTMET+F+G4    350.408      37  774.815      834.645      865.193
818  MTMET+F+I+G4  350.430      38  776.861      841.295      869.681
819  MTMET+F+R2    350.339      38  776.677      841.112      869.498
837  MTVER         362.215      17  758.430      767.564      799.955
838  MTVER+I       359.287      18  754.575      764.938      798.543
839  MTVER+G4      359.163      18  754.327      764.691      798.295
840  MTVER+I+G4    359.156      19  756.311      768.004      802.722
841  MTVER+R2      359.118      19  756.236      767.929      802.647
859  MTVER+F       354.689      36  781.377      836.877      869.313
860  MTVER+F+I     351.929      37  777.859      837.688      868.237
861  MTVER+F+G4    351.754      37  777.507      837.337      867.885
862  MTVER+F+I+G4  351.735      38  779.471      843.905      872.291
863  MTVER+F+R2    351.670      38  779.340      843.775      872.161
881  MTINV         364.059      17  762.118      771.252      803.643
882  MTINV+I       362.642      18  761.285      771.648      805.252
883  MTINV+G4      362.493      18  760.986      771.350      804.954
884  MTINV+I+G4    362.523      19  763.047      774.739      809.457
885  MTINV+R2      362.409      19  762.817      774.509      809.228
903  MTINV+F       352.956      36  777.912      833.412      865.847
904  MTINV+F+I     351.572      37  777.143      836.973      867.521
905  MTINV+F+G4    351.389      37  776.778      836.608      867.156
906  MTINV+F+I+G4  351.421      38  778.843      843.278      871.664
907  MTINV+F+R2    351.277      38  778.554      842.989      871.375
925  MTMAM         359.376      17  752.753      761.887      794.278
926  MTMAM+I       355.579      18  747.159      757.523      791.127
927  MTMAM+G4      355.482      18  746.964      757.327      790.932
928  MTMAM+I+G4    355.471      19  748.942      760.635      795.353
929  MTMAM+R2      355.488      19  748.976      760.669      795.387
947  MTMAM+F       354.393      36  780.785      836.285      868.721
948  MTMAM+F+I     350.691      37  775.382      835.212      865.760
949  MTMAM+F+G4    350.553      37  775.106      834.936      865.484
950  MTMAM+F+I+G4  350.541      38  777.081      841.516      869.902
951  MTMAM+F+R2    350.532      38  777.064      841.499      869.885
969  FLAVI         372.569      17  779.137      788.272      820.662
970  FLAVI+I       368.113      18  772.226      782.590      816.194
971  FLAVI+G4      367.743      18  771.485      781.849      815.453
972  FLAVI+I+G4    367.644      19  773.287      784.980      819.698
973  FLAVI+R2      367.495      19  772.990      784.683      819.401
991  FLAVI+F       360.289      36  792.578      848.078      880.514
992  FLAVI+F+I     356.411      37  786.822      846.652      877.200
993  FLAVI+F+G4    356.073      37  786.145      845.975      876.523
994  FLAVI+F+I+G4  355.997      38  787.994      852.429      880.815
995  FLAVI+F+R2    355.826      38  787.652      852.087      880.473
1013  HIVB          382.431      17  798.862      807.996      840.387
1014  HIVB+I        377.906      18  791.813      802.176      835.781
1015  HIVB+G4       377.754      18  791.507      801.871      835.475
1016  HIVB+I+G4     377.700      19  793.400      805.092      839.810
1017  HIVB+R2       377.644      19  793.288      804.980      839.698
1035  HIVB+F        360.321      36  792.642      848.142      880.577
1036  HIVB+F+I      356.305      37  786.610      846.440      876.989
1037  HIVB+F+G4     356.131      37  786.261      846.091      876.639
1038  HIVB+F+I+G4   356.081      38  788.161      852.596      880.982
1039  HIVB+F+R2     356.038      38  788.076      852.511      880.897
1057  HIVW          385.049      17  804.098      813.232      845.623
1058  HIVW+I        380.085      18  796.170      806.534      840.138
1059  HIVW+G4       379.930      18  795.861      806.224      839.829
1060  HIVW+I+G4     379.902      19  797.805      809.497      844.215
1061  HIVW+R2       379.859      19  797.717      809.410      844.128
1079  HIVW+F        359.535      36  791.070      846.570      879.005
1080  HIVW+F+I      355.931      37  785.861      845.691      876.239
1081  HIVW+F+G4     355.759      37  785.518      845.348      875.896
1082  HIVW+F+I+G4   355.739      38  787.479      851.913      880.299
1083  HIVW+F+R2     355.671      38  787.343      851.777      880.163
1101  FLU           375.531      17  785.063      794.197      826.588
1102  FLU+I         372.579      18  781.159      791.522      825.126
1103  FLU+G4        372.261      18  780.521      790.885      824.489
1104  FLU+I+G4      372.226      19  782.452      794.144      828.862
1105  FLU+R2        371.975      19  781.951      793.643      828.361
1123  FLU+F         355.424      36  782.848      838.348      870.783
1124  FLU+F+I       352.930      37  779.861      839.690      870.239
1125  FLU+F+G4      352.610      37  779.220      839.050      869.598
1126  FLU+F+I+G4    352.604      38  781.208      845.643      874.029
1127  FLU+F+R2      352.379      38  780.757      845.192      873.578
1145  RTREV         378.021      17  790.041      799.176      831.567
1146  RTREV+I       376.873      18  789.746      800.109      833.714
1147  RTREV+G4      376.691      18  789.382      799.746      833.350
1148  RTREV+I+G4    376.732      19  791.463      803.155      837.873
1149  RTREV+R2      376.506      19  791.012      802.704      837.422
1167  RTREV+F       355.305      36  782.609      838.109      870.545
1168  RTREV+F+I     353.978      37  781.956      841.786      872.334
1169  RTREV+F+G4    353.873      37  781.745      841.575      872.123
1170  RTREV+F+I+G4  353.895      38  783.789      848.224      876.610
1171  RTREV+F+R2    353.796      38  783.591      848.026      876.412
1189  CPREV         375.819      17  785.639      794.773      827.164
1190  CPREV+I       372.987      18  781.973      792.337      825.941
1191  CPREV+G4      372.622      18  781.243      791.607      825.211
1192  CPREV+I+G4    372.506      19  783.012      794.704      829.422
1193  CPREV+R2      371.293      19  780.587      792.279      826.997
1211  CPREV+F       360.517      36  793.035      848.535      880.970
1212  CPREV+F+I     358.391      37  790.781      850.611      881.160
1213  CPREV+F+G4    358.052      37  790.104      849.934      880.482
1214  CPREV+F+I+G4  357.990      38  791.980      856.415      884.801
1215  CPREV+F+R2    356.680      38  789.360      853.795      882.181
Akaike Information Criterion:           MTZOA+G4
Corrected Akaike Information Criterion: MTZOA
Bayesian Information Criterion:         MTZOA
Best-fit model: MTZOA chosen according to BIC

All model information printed to 11_alignment_files/part3_trimmed.afa.model.gz
CPU time for ModelFinder: 40.952 seconds (0h:0m:40s)
Wall-clock time for ModelFinder: 21.674 seconds (0h:0m:21s)
WARNING: States(s) C rarely appear in alignment and may cause numerical problems
Generating 1000 samples for ultrafast bootstrap (seed: 657917)...

NOTE: 0 MB RAM (0 GB) is required!
Estimate model parameters (epsilon = 0.100)
1. Initial log-likelihood: -357.397
Optimal log-likelihood: -354.957
Parameters optimization took 1 rounds (0.001 sec)
Wrote distance file to... 
Computing ML distances based on estimated model parameters...
Calculating distance matrix: done in 0.00266717 secs using 230.5% CPU
Computing ML distances took 0.002732 sec (of wall-clock time) 0.006218 sec (of CPU time)
Setting up auxiliary I and S matrices: done in 9.3662e-05 secs
Constructing RapidNJ tree: done in 0.000652831 secs using 78.58% CPU
Computing RapidNJ tree took 0.000816 sec (of wall-clock time) 0.000580 sec (of CPU time)
Log-likelihood of RapidNJ tree: -354.946
--------------------------------------------------------------------
|             INITIALIZING CANDIDATE TREE SET                      |
--------------------------------------------------------------------
Generating 98 parsimony trees... 0.023 second
Computing log-likelihood of 97 initial trees ... 0.037 seconds
Current best score: -354.945

Do NNI search on 20 best initial trees
Optimizing NNI: done in 0.00221054 secs using 145% CPU
Estimate model parameters (epsilon = 0.100)
BETTER TREE FOUND at iteration 1: -354.945
Optimizing NNI: done in 0.00205566 secs using 197.3% CPU
Optimizing NNI: done in 0.0020626 secs using 196.8% CPU
Optimizing NNI: done in 0.00205089 secs using 197.4% CPU
Optimizing NNI: done in 0.00223509 secs using 234.2% CPU
Optimizing NNI: done in 0.00229599 secs using 187% CPU
UPDATE BEST LOG-LIKELIHOOD: -354.945
Optimizing NNI: done in 0.00233781 secs using 228.2% CPU
Optimizing NNI: done in 0.00225096 secs using 188.7% CPU
Optimizing NNI: done in 0.00217772 secs using 192.2% CPU
Optimizing NNI: done in 0.00206527 secs using 196.8% CPU
Iteration 10 / LogL: -354.945 / Time: 0h:0m:21s
Optimizing NNI: done in 0.00217244 secs using 191.9% CPU
Optimizing NNI: done in 0.00210515 secs using 195% CPU
Optimizing NNI: done in 0.00234398 secs using 142.7% CPU
Optimizing NNI: done in 0.0025021 secs using 219.8% CPU
Optimizing NNI: done in 0.00229131 secs using 187.1% CPU
Optimizing NNI: done in 0.00226584 secs using 188.1% CPU
Optimizing NNI: done in 0.00226414 secs using 188.1% CPU
Optimizing NNI: done in 0.00221439 secs using 145.4% CPU
Optimizing NNI: done in 0.00258657 secs using 215.9% CPU
Optimizing NNI: done in 0.00256422 secs using 216.9% CPU
Iteration 20 / LogL: -354.945 / Time: 0h:0m:21s
Finish initializing candidate tree set (11)
Current best tree score: -354.945 / CPU time: 0.113
Number of iterations: 20
--------------------------------------------------------------------
|               OPTIMIZING CANDIDATE TREE SET                      |
--------------------------------------------------------------------
Optimizing NNI: done in 0.00214909 secs using 193% CPU
Optimizing NNI: done in 0.00579548 secs using 151.8% CPU
Optimizing NNI: done in 0.00364414 secs using 182.3% CPU
Optimizing NNI: done in 0.0102055 secs using 188.1% CPU
Optimizing NNI: done in 0.00565073 secs using 188.4% CPU
Optimizing NNI: done in 0.00440997 secs using 190.6% CPU
Optimizing NNI: done in 0.00207132 secs using 146.4% CPU
Optimizing NNI: done in 0.00593808 secs using 201% CPU
Optimizing NNI: done in 0.00617517 secs using 213.3% CPU
Optimizing NNI: done in 0.00646423 secs using 192.6% CPU
Iteration 30 / LogL: -354.945 / Time: 0h:0m:21s (0h:0m:0s left)
Optimizing NNI: done in 0.00215688 secs using 146.4% CPU
Optimizing NNI: done in 0.0101909 secs using 188.4% CPU
Optimizing NNI: done in 0.00443739 secs using 190% CPU
Optimizing NNI: done in 0.00219206 secs using 191.1% CPU
Optimizing NNI: done in 0.00426834 secs using 193.6% CPU
Optimizing NNI: done in 0.00388027 secs using 203% CPU
Optimizing NNI: done in 0.00385528 secs using 203.7% CPU
Optimizing NNI: done in 0.00196855 secs using 201.6% CPU
Optimizing NNI: done in 0.00779657 secs using 189.7% CPU
Optimizing NNI: done in 0.00283401 secs using 205.8% CPU
Iteration 40 / LogL: -354.945 / Time: 0h:0m:21s (0h:0m:0s left)
Optimizing NNI: done in 0.00276247 secs using 208.4% CPU
Optimizing NNI: done in 0.013248 secs using 182.9% CPU
Optimizing NNI: done in 0.0134599 secs using 195.3% CPU
Optimizing NNI: done in 0.0102972 secs using 205.7% CPU
Optimizing NNI: done in 0.00337979 secs using 146.6% CPU
Optimizing NNI: done in 0.00691216 secs using 166.4% CPU
Optimizing NNI: done in 0.011992 secs using 200% CPU
Optimizing NNI: done in 0.00235414 secs using 185.2% CPU
Optimizing NNI: done in 0.0110756 secs using 190.3% CPU
Optimizing NNI: done in 0.0085773 secs using 204.9% CPU
Iteration 50 / LogL: -354.945 / Time: 0h:0m:22s (0h:0m:0s left)
Optimizing NNI: done in 0.00466657 secs using 185.7% CPU
Optimizing NNI: done in 0.00236285 secs using 184.6% CPU
UPDATE BEST LOG-LIKELIHOOD: -354.945
Optimizing NNI: done in 0.00427219 secs using 193.6% CPU
Optimizing NNI: done in 0.00401955 secs using 199.5% CPU
Optimizing NNI: done in 0.00544393 secs using 190.5% CPU
Optimizing NNI: done in 0.00415413 secs using 148.3% CPU
Optimizing NNI: done in 0.00731536 secs using 195.6% CPU
Optimizing NNI: done in 0.0036949 secs using 208.2% CPU
Optimizing NNI: done in 0.010823 secs using 201.6% CPU
Optimizing NNI: done in 0.00207468 secs using 244.5% CPU
Iteration 60 / LogL: -354.945 / Time: 0h:0m:22s (0h:0m:0s left)
Optimizing NNI: done in 0.00403744 secs using 199% CPU
Optimizing NNI: done in 0.00395223 secs using 201.2% CPU
UPDATE BEST LOG-LIKELIHOOD: -354.945
Optimizing NNI: done in 0.00620174 secs using 196.7% CPU
Optimizing NNI: done in 0.00409651 secs using 197.6% CPU
Optimizing NNI: done in 0.00224768 secs using 188.9% CPU
Optimizing NNI: done in 0.00683192 secs using 186.8% CPU
Optimizing NNI: done in 0.00491857 secs using 201.7% CPU
Optimizing NNI: done in 0.00655613 secs using 176.3% CPU
Optimizing NNI: done in 0.00380374 secs using 178.9% CPU
Optimizing NNI: done in 0.00374229 secs using 206.8% CPU
Iteration 70 / LogL: -354.945 / Time: 0h:0m:22s (0h:0m:0s left)
Optimizing NNI: done in 0.00253527 secs using 178.7% CPU
Optimizing NNI: done in 0.00406351 secs using 198.4% CPU
Optimizing NNI: done in 0.00423262 secs using 194.5% CPU
Optimizing NNI: done in 0.00214909 secs using 146.7% CPU
Optimizing NNI: done in 0.0036207 secs using 210.4% CPU
Optimizing NNI: done in 0.00426564 secs using 193.7% CPU
Optimizing NNI: done in 0.00258162 secs using 216.1% CPU
Optimizing NNI: done in 0.0053661 secs using 192.4% CPU
Optimizing NNI: done in 0.00245729 secs using 180.8% CPU
Optimizing NNI: done in 0.00935026 secs using 196.2% CPU
Iteration 80 / LogL: -354.945 / Time: 0h:0m:22s (0h:0m:0s left)
Optimizing NNI: done in 0.0103326 secs using 196.8% CPU
Optimizing NNI: done in 0.00209422 secs using 195.4% CPU
Optimizing NNI: done in 0.00502628 secs using 199.4% CPU
Optimizing NNI: done in 0.00385894 secs using 202.6% CPU
Optimizing NNI: done in 0.00216945 secs using 192.1% CPU
Optimizing NNI: done in 0.00424243 secs using 194.2% CPU
Optimizing NNI: done in 0.00737495 secs using 194.9% CPU
Optimizing NNI: done in 0.00196648 secs using 201.6% CPU
UPDATE BEST LOG-LIKELIHOOD: -354.945
Optimizing NNI: done in 0.00384274 secs using 204% CPU
Optimizing NNI: done in 0.00520254 secs using 196.1% CPU
Iteration 90 / LogL: -354.945 / Time: 0h:0m:22s (0h:0m:0s left)
Optimizing NNI: done in 0.00591149 secs using 167.7% CPU
Optimizing NNI: done in 0.00197608 secs using 201.2% CPU
Optimizing NNI: done in 0.00482828 secs using 203.5% CPU
Optimizing NNI: done in 0.00390063 secs using 202.5% CPU
Optimizing NNI: done in 0.0046894 secs using 206.6% CPU
Optimizing NNI: done in 0.00382046 secs using 178.5% CPU
Optimizing NNI: done in 0.00198904 secs using 200.5% CPU
Optimizing NNI: done in 0.00417051 secs using 195.9% CPU
Optimizing NNI: done in 0.00394324 secs using 201.4% CPU
Optimizing NNI: done in 0.00746659 secs using 193.7% CPU
Iteration 100 / LogL: -354.945 / Time: 0h:0m:22s (0h:0m:0s left)
Optimizing NNI: done in 0.0037066 secs using 180.9% CPU
Optimizing NNI: done in 0.00684892 secs using 173% CPU
Refining ufboot trees with NNI 1 branch...
Optimizing NNI: done in 0.000625439 secs using 99.45% CPU
Optimizing NNI: done in 0.000623717 secs using 260.1% CPU
Optimizing NNI: done in 0.000721195 secs using 238.4% CPU
Optimizing NNI: done in 0.000620205 secs using 261% CPU
Optimizing NNI: done in 0.000605661 secs using 264.7% CPU
Optimizing NNI: done in 0.000590286 secs using 99.78% CPU
Optimizing NNI: done in 0.000626305 secs using 259.6% CPU
Optimizing NNI: done in 0.000708076 secs using 99.71% CPU
Optimizing NNI: done in 0.000457835 secs using 99.6% CPU
Optimizing NNI: done in 0.000459158 secs using 317.8% CPU
Optimizing NNI: done in 0.000852534 secs using 216.9% CPU
Optimizing NNI: done in 0.000919212 secs using 208.4% CPU
Optimizing NNI: done in 0.000855921 secs using 216.4% CPU
Optimizing NNI: done in 0.000829046 secs using 220.4% CPU
Optimizing NNI: done in 0.000744589 secs using 234% CPU
Optimizing NNI: done in 0.00059085 secs using 268.9% CPU
Optimizing NNI: done in 0.000739214 secs using 234.8% CPU
Optimizing NNI: done in 0.000673463 secs using 248.3% CPU
Optimizing NNI: done in 0.000460487 secs using 316.8% CPU
Optimizing NNI: done in 0.000879409 secs using 213.3% CPU
Optimizing NNI: done in 0.000681979 secs using 246.3% CPU
Optimizing NNI: done in 0.000588683 secs using 269.8% CPU
Optimizing NNI: done in 0.000785192 secs using 227.2% CPU
Optimizing NNI: done in 0.00122729 secs using 262.9% CPU
Optimizing NNI: done in 0.000448516 secs using 322.4% CPU
Optimizing NNI: done in 0.000688118 secs using 99.84% CPU
Optimizing NNI: done in 0.00107594 secs using 100.6% CPU
Optimizing NNI: done in 0.000835658 secs using 219.5% CPU
Optimizing NNI: done in 0.000647154 secs using 254.2% CPU
Optimizing NNI: done in 0.00091859 secs using 208.5% CPU
Optimizing NNI: done in 0.000608625 secs using 100.6% CPU
Optimizing NNI: done in 0.000677639 secs using 99.32% CPU
Optimizing NNI: done in 0.000731498 secs using 236.5% CPU
Optimizing NNI: done in 0.000847341 secs using 217.7% CPU
Optimizing NNI: done in 0.000578547 secs using 99.73% CPU
Optimizing NNI: done in 0.000521175 secs using 98.62% CPU
Optimizing NNI: done in 0.000868542 secs using 215% CPU
Optimizing NNI: done in 0.00077206 secs using 99.73% CPU
Optimizing NNI: done in 0.000832607 secs using 219.8% CPU
Optimizing NNI: done in 0.000850048 secs using 99.76% CPU
Optimizing NNI: done in 0.00072072 secs using 238.4% CPU
Optimizing NNI: done in 0.000748468 secs using 233.3% CPU
Optimizing NNI: done in 0.00070808 secs using 99.71% CPU
Optimizing NNI: done in 0.000706049 secs using 241.5% CPU
Optimizing NNI: done in 0.000695943 secs using 243.3% CPU
Optimizing NNI: done in 0.00151076 secs using 232.3% CPU
Optimizing NNI: done in 0.000615394 secs using 262.1% CPU
Optimizing NNI: done in 0.00062525 secs using 99.64% CPU
Optimizing NNI: done in 0.000565797 secs using 276.4% CPU
Optimizing NNI: done in 0.000764457 secs using 230.5% CPU
Optimizing NNI: done in 0.000677079 secs using 248% CPU
Optimizing NNI: done in 0.000665205 secs using 98.77% CPU
Optimizing NNI: done in 0.000721069 secs using 238.4% CPU
Optimizing NNI: done in 0.000774964 secs using 228.8% CPU
Optimizing NNI: done in 0.000670476 secs using 248.8% CPU
Optimizing NNI: done in 0.000762794 secs using 230.9% CPU
Optimizing NNI: done in 0.000675025 secs using 99.85% CPU
Optimizing NNI: done in 0.000760041 secs using 231.2% CPU
Optimizing NNI: done in 0.000632013 secs using 99.68% CPU
Optimizing NNI: done in 0.000632834 secs using 257.9% CPU
Optimizing NNI: done in 0.000618122 secs using 99.82% CPU
Optimizing NNI: done in 0.0007758 secs using 100.8% CPU
Optimizing NNI: done in 0.000730376 secs using 100.2% CPU
Optimizing NNI: done in 0.000685387 secs using 245.7% CPU
Optimizing NNI: done in 0.000593943 secs using 99.17% CPU
Optimizing NNI: done in 0.000694661 secs using 243.7% CPU
Optimizing NNI: done in 0.000698543 secs using 242.8% CPU
Optimizing NNI: done in 0.000625797 secs using 259.3% CPU
Optimizing NNI: done in 0.000622762 secs using 99.88% CPU
Optimizing NNI: done in 0.000745732 secs using 234% CPU
Optimizing NNI: done in 0.000708211 secs using 241% CPU
Optimizing NNI: done in 0.000658214 secs using 251.6% CPU
Optimizing NNI: done in 0.000634209 secs using 99.81% CPU
Optimizing NNI: done in 0.000633339 secs using 257.5% CPU
Optimizing NNI: done in 0.000715794 secs using 239.5% CPU
Optimizing NNI: done in 0.000774584 secs using 228.8% CPU
Optimizing NNI: done in 0.00094183 secs using 206% CPU
Optimizing NNI: done in 0.000711284 secs using 240.4% CPU
Optimizing NNI: done in 0.000672836 secs using 248.4% CPU
Optimizing NNI: done in 0.00082494 secs using 221% CPU
Optimizing NNI: done in 0.000610657 secs using 98.58% CPU
Optimizing NNI: done in 0.000622774 secs using 260.1% CPU
Optimizing NNI: done in 0.000644914 secs using 99.55% CPU
Optimizing NNI: done in 0.000765691 secs using 230.2% CPU
Optimizing NNI: done in 0.000458427 secs using 101% CPU
Optimizing NNI: done in 0.00056965 secs using 275.3% CPU
Optimizing NNI: done in 0.000664173 secs using 99.82% CPU
Optimizing NNI: done in 0.000628291 secs using 259% CPU
Optimizing NNI: done in 0.000714227 secs using 239.7% CPU
Optimizing NNI: done in 0.000453945 secs using 99.57% CPU
Optimizing NNI: done in 0.000622103 secs using 260.4% CPU
Optimizing NNI: done in 0.000674211 secs using 99.97% CPU
Optimizing NNI: done in 0.000416564 secs using 99.62% CPU
Optimizing NNI: done in 0.000671998 secs using 100.9% CPU
Optimizing NNI: done in 0.000460117 secs using 98.45% CPU
Optimizing NNI: done in 0.00064129 secs using 255.7% CPU
Optimizing NNI: done in 0.00066417 secs using 99.37% CPU
Optimizing NNI: done in 0.000755916 secs using 232% CPU
Optimizing NNI: done in 0.000680242 secs using 246.7% CPU
Optimizing NNI: done in 0.000699446 secs using 242.8% CPU
100 samples done
Optimizing NNI: done in 0.000600529 secs using 99.75% CPU
Optimizing NNI: done in 0.000676984 secs using 247.4% CPU
Optimizing NNI: done in 0.000720108 secs using 238.6% CPU
Optimizing NNI: done in 0.000703085 secs using 241.9% CPU
Optimizing NNI: done in 0.000381687 secs using 99.82% CPU
Optimizing NNI: done in 0.000614767 secs using 99.88% CPU
Optimizing NNI: done in 0.000648116 secs using 254.1% CPU
Optimizing NNI: done in 0.000776209 secs using 99.59% CPU
Optimizing NNI: done in 0.000628901 secs using 258.7% CPU
Optimizing NNI: done in 0.000687289 secs using 99.81% CPU
Optimizing NNI: done in 0.000680634 secs using 246.7% CPU
Optimizing NNI: done in 0.000876978 secs using 213.8% CPU
Optimizing NNI: done in 0.000729896 secs using 98.51% CPU
Optimizing NNI: done in 0.000673685 secs using 98.56% CPU
Optimizing NNI: done in 0.000453794 secs using 320% CPU
Optimizing NNI: done in 0.000726126 secs using 237.6% CPU
Optimizing NNI: done in 0.000660391 secs using 99.79% CPU
Optimizing NNI: done in 0.000713096 secs using 240.1% CPU
Optimizing NNI: done in 0.000662475 secs using 99.63% CPU
Optimizing NNI: done in 0.000750555 secs using 234% CPU
Optimizing NNI: done in 0.000855322 secs using 211.9% CPU
Optimizing NNI: done in 0.00218453 secs using 191.3% CPU
Optimizing NNI: done in 0.000612479 secs using 99.43% CPU
Optimizing NNI: done in 0.000591742 secs using 268.7% CPU
Optimizing NNI: done in 0.000824245 secs using 221.1% CPU
Optimizing NNI: done in 0.000634326 secs using 99.79% CPU
Optimizing NNI: done in 0.00062198 secs using 260.5% CPU
Optimizing NNI: done in 0.000641517 secs using 99.76% CPU
Optimizing NNI: done in 0.000738005 secs using 235.4% CPU
Optimizing NNI: done in 0.00058748 secs using 270% CPU
Optimizing NNI: done in 0.000487053 secs using 304.9% CPU
Optimizing NNI: done in 0.00141394 secs using 170.2% CPU
Optimizing NNI: done in 0.000581175 secs using 271.7% CPU
Optimizing NNI: done in 0.000833861 secs using 219.6% CPU
Optimizing NNI: done in 0.000597467 secs using 267.1% CPU
Optimizing NNI: done in 0.000627794 secs using 100.5% CPU
Optimizing NNI: done in 0.000598058 secs using 267% CPU
Optimizing NNI: done in 0.000737264 secs using 99.83% CPU
Optimizing NNI: done in 0.000622823 secs using 99.87% CPU
Optimizing NNI: done in 0.000618207 secs using 261.4% CPU
Optimizing NNI: done in 0.00060634 secs using 98.79% CPU
Optimizing NNI: done in 0.000707245 secs using 241.1% CPU
Optimizing NNI: done in 0.00073853 secs using 235.2% CPU
Optimizing NNI: done in 0.000685354 secs using 99.66% CPU
Optimizing NNI: done in 0.000643252 secs using 255.3% CPU
Optimizing NNI: done in 0.000633916 secs using 101.1% CPU
Optimizing NNI: done in 0.000533568 secs using 287.1% CPU
Optimizing NNI: done in 0.000674912 secs using 247.9% CPU
Optimizing NNI: done in 0.000637025 secs using 99.68% CPU
Optimizing NNI: done in 0.000638798 secs using 100.7% CPU
Optimizing NNI: done in 0.00065583 secs using 98.81% CPU
Optimizing NNI: done in 0.000730037 secs using 236.7% CPU
Optimizing NNI: done in 0.000628507 secs using 258.9% CPU
Optimizing NNI: done in 0.000620195 secs using 261% CPU
Optimizing NNI: done in 0.000745239 secs using 99.83% CPU
Optimizing NNI: done in 0.000730439 secs using 236.7% CPU
Optimizing NNI: done in 0.000740061 secs using 234.8% CPU
Optimizing NNI: done in 0.000626546 secs using 99.59% CPU
Optimizing NNI: done in 0.000602152 secs using 99.81% CPU
Optimizing NNI: done in 0.000770932 secs using 229.3% CPU
Optimizing NNI: done in 0.000909137 secs using 209.8% CPU
Optimizing NNI: done in 0.000614738 secs using 99.72% CPU
Optimizing NNI: done in 0.0018715 secs using 206.7% CPU
Optimizing NNI: done in 0.000653136 secs using 99.67% CPU
Optimizing NNI: done in 0.000634526 secs using 257.2% CPU
Optimizing NNI: done in 0.000794207 secs using 225.6% CPU
Optimizing NNI: done in 0.000657716 secs using 99.13% CPU
Optimizing NNI: done in 0.00078604 secs using 227.1% CPU
Optimizing NNI: done in 0.00064668 secs using 254.4% CPU
Optimizing NNI: done in 0.000714407 secs using 239.6% CPU
Optimizing NNI: done in 0.000620247 secs using 261% CPU
Optimizing NNI: done in 0.000651264 secs using 99.81% CPU
Optimizing NNI: done in 0.000757306 secs using 231.6% CPU
Optimizing NNI: done in 0.000732779 secs using 99.76% CPU
Optimizing NNI: done in 0.000649678 secs using 253.7% CPU
Optimizing NNI: done in 0.000617069 secs using 99.83% CPU
Optimizing NNI: done in 0.000585844 secs using 270.5% CPU
Optimizing NNI: done in 0.000660327 secs using 99.8% CPU
Optimizing NNI: done in 0.000653422 secs using 99.78% CPU
Optimizing NNI: done in 0.000753191 secs using 232.3% CPU
Optimizing NNI: done in 0.000591892 secs using 99.85% CPU
Optimizing NNI: done in 0.000645759 secs using 254.6% CPU
Optimizing NNI: done in 0.00082043 secs using 221.8% CPU
Optimizing NNI: done in 0.000722403 secs using 238.2% CPU
Optimizing NNI: done in 0.0008023 secs using 99.84% CPU
Optimizing NNI: done in 0.000830776 secs using 220.2% CPU
Optimizing NNI: done in 0.000880169 secs using 213.4% CPU
Optimizing NNI: done in 0.000773054 secs using 229.1% CPU
Optimizing NNI: done in 0.000811292 secs using 223% CPU
Optimizing NNI: done in 0.000603063 secs using 265.6% CPU
Optimizing NNI: done in 0.000678639 secs using 98.58% CPU
Optimizing NNI: done in 0.000790789 secs using 226% CPU
Optimizing NNI: done in 0.000794581 secs using 224% CPU
Optimizing NNI: done in 0.000811877 secs using 222.9% CPU
Optimizing NNI: done in 0.000749541 secs using 99.66% CPU
Optimizing NNI: done in 0.000818202 secs using 221.8% CPU
Optimizing NNI: done in 0.000609905 secs using 101% CPU
Optimizing NNI: done in 0.000452837 secs using 320.6% CPU
Optimizing NNI: done in 0.00068234 secs using 99.07% CPU
Optimizing NNI: done in 0.000670768 secs using 99.89% CPU
200 samples done
Optimizing NNI: done in 0.000690466 secs using 244.5% CPU
Optimizing NNI: done in 0.000605861 secs using 99.86% CPU
Optimizing NNI: done in 0.000688726 secs using 244.9% CPU
Optimizing NNI: done in 0.000664849 secs using 250.1% CPU
Optimizing NNI: done in 0.000615676 secs using 98.1% CPU
Optimizing NNI: done in 0.000664391 secs using 99.34% CPU
Optimizing NNI: done in 0.000725247 secs using 237.8% CPU
Optimizing NNI: done in 0.000661519 secs using 99.92% CPU
Optimizing NNI: done in 0.000754784 secs using 232.3% CPU
Optimizing NNI: done in 0.000743107 secs using 234.3% CPU
Optimizing NNI: done in 0.000716608 secs using 239.3% CPU
Optimizing NNI: done in 0.000611327 secs using 99.95% CPU
Optimizing NNI: done in 0.000652825 secs using 252.7% CPU
Optimizing NNI: done in 0.000633499 secs using 257.6% CPU
Optimizing NNI: done in 0.00062894 secs using 258.8% CPU
Optimizing NNI: done in 0.000928936 secs using 207.5% CPU
Optimizing NNI: done in 0.000729462 secs using 236.7% CPU
Optimizing NNI: done in 0.000646793 secs using 99.88% CPU
Optimizing NNI: done in 0.000665185 secs using 250% CPU
Optimizing NNI: done in 0.000647408 secs using 99.94% CPU
Optimizing NNI: done in 0.000418429 secs using 99.9% CPU
Optimizing NNI: done in 0.000806591 secs using 99.8% CPU
Optimizing NNI: done in 0.000815487 secs using 99.94% CPU
Optimizing NNI: done in 0.000817154 secs using 222.1% CPU
Optimizing NNI: done in 0.000814428 secs using 222.4% CPU
Optimizing NNI: done in 0.00071844 secs using 238.9% CPU
Optimizing NNI: done in 0.00095817 secs using 99.88% CPU
Optimizing NNI: done in 0.000820646 secs using 221.7% CPU
Optimizing NNI: done in 0.000636357 secs using 99.63% CPU
Optimizing NNI: done in 0.000520309 secs using 100.7% CPU
Optimizing NNI: done in 0.000582716 secs using 98.85% CPU
Optimizing NNI: done in 0.000630057 secs using 258.5% CPU
Optimizing NNI: done in 0.000620692 secs using 260.8% CPU
Optimizing NNI: done in 0.000810886 secs using 223.1% CPU
Optimizing NNI: done in 0.000591789 secs using 100.9% CPU
Optimizing NNI: done in 0.000949883 secs using 205.1% CPU
Optimizing NNI: done in 0.000620733 secs using 261% CPU
Optimizing NNI: done in 0.000666647 secs using 99.9% CPU
Optimizing NNI: done in 0.00144564 secs using 99.96% CPU
Optimizing NNI: done in 0.000735109 secs using 235.9% CPU
Optimizing NNI: done in 0.000728935 secs using 237.1% CPU
Optimizing NNI: done in 0.000724807 secs using 99.75% CPU
Optimizing NNI: done in 0.000687592 secs using 245.2% CPU
Optimizing NNI: done in 0.000669924 secs using 248.8% CPU
Optimizing NNI: done in 0.000598103 secs using 266.8% CPU
Optimizing NNI: done in 0.000684532 secs using 245.9% CPU
Optimizing NNI: done in 0.000666584 secs using 98.71% CPU
Optimizing NNI: done in 0.000768481 secs using 229.9% CPU
Optimizing NNI: done in 0.000593411 secs using 268.6% CPU
Optimizing NNI: done in 0.000651214 secs using 99.81% CPU
Optimizing NNI: done in 0.000559173 secs using 278.6% CPU
Optimizing NNI: done in 0.000732393 secs using 236.3% CPU
Optimizing NNI: done in 0.000628964 secs using 99.69% CPU
Optimizing NNI: done in 0.000701319 secs using 242.4% CPU
Optimizing NNI: done in 0.000601009 secs using 266.1% CPU
Optimizing NNI: done in 0.000459054 secs using 99.77% CPU
Optimizing NNI: done in 0.0011061 secs using 190.2% CPU
Optimizing NNI: done in 0.000698685 secs using 99.9% CPU
Optimizing NNI: done in 0.000635667 secs using 257.1% CPU
Optimizing NNI: done in 0.000713002 secs using 240% CPU
Optimizing NNI: done in 0.000803169 secs using 224.2% CPU
Optimizing NNI: done in 0.00059796 secs using 266.9% CPU
Optimizing NNI: done in 0.000677965 secs using 99.86% CPU
Optimizing NNI: done in 0.000670925 secs using 249.1% CPU
Optimizing NNI: done in 0.000655899 secs using 99.86% CPU
Optimizing NNI: done in 0.000645421 secs using 254.7% CPU
Optimizing NNI: done in 0.00061896 secs using 261.1% CPU
Optimizing NNI: done in 0.000693191 secs using 99.83% CPU
Optimizing NNI: done in 0.00064319 secs using 255.1% CPU
Optimizing NNI: done in 0.000496083 secs using 99.58% CPU
Optimizing NNI: done in 0.000891142 secs using 211.8% CPU
Optimizing NNI: done in 0.000682333 secs using 98.63% CPU
Optimizing NNI: done in 0.000414514 secs using 341.1% CPU
Optimizing NNI: done in 0.000784972 secs using 99.62% CPU
Optimizing NNI: done in 0.000691296 secs using 99.81% CPU
Optimizing NNI: done in 0.000784167 secs using 227.2% CPU
Optimizing NNI: done in 0.00118894 secs using 268.1% CPU
Optimizing NNI: done in 0.000995635 secs using 200.3% CPU
Optimizing NNI: done in 0.00072822 secs using 99.7% CPU
Optimizing NNI: done in 0.000906292 secs using 99.86% CPU
Optimizing NNI: done in 0.000965604 secs using 202.6% CPU
Optimizing NNI: done in 0.00066704 secs using 99.69% CPU
Optimizing NNI: done in 0.000742234 secs using 99.7% CPU
Optimizing NNI: done in 0.000597246 secs using 99.79% CPU
Optimizing NNI: done in 0.000635839 secs using 257% CPU
Optimizing NNI: done in 0.000663753 secs using 99.74% CPU
Optimizing NNI: done in 0.000813599 secs using 222.6% CPU
Optimizing NNI: done in 0.000605246 secs using 265% CPU
Optimizing NNI: done in 0.000643874 secs using 255% CPU
Optimizing NNI: done in 0.000429787 secs using 99.58% CPU
Optimizing NNI: done in 0.000614324 secs using 262.6% CPU
Optimizing NNI: done in 0.000823954 secs using 221% CPU
Optimizing NNI: done in 0.000613742 secs using 262.7% CPU
Optimizing NNI: done in 0.000600572 secs using 266.2% CPU
Optimizing NNI: done in 0.00066914 secs using 249.1% CPU
Optimizing NNI: done in 0.0006051 secs using 98.66% CPU
Optimizing NNI: done in 0.000435376 secs using 99.68% CPU
Optimizing NNI: done in 0.000606298 secs using 264.9% CPU
Optimizing NNI: done in 0.000548113 secs using 98.7% CPU
Optimizing NNI: done in 0.000577972 secs using 272.9% CPU
300 samples done
Optimizing NNI: done in 0.000707088 secs using 241.1% CPU
Optimizing NNI: done in 0.000614651 secs using 100.5% CPU
Optimizing NNI: done in 0.000687086 secs using 245.4% CPU
Optimizing NNI: done in 0.000667731 secs using 249.5% CPU
Optimizing NNI: done in 0.000638456 secs using 99.77% CPU
Optimizing NNI: done in 0.000760066 secs using 231.2% CPU
Optimizing NNI: done in 0.000657803 secs using 99.73% CPU
Optimizing NNI: done in 0.000620638 secs using 100.9% CPU
Optimizing NNI: done in 0.00162658 secs using 161% CPU
Optimizing NNI: done in 0.000518098 secs using 292.4% CPU
Optimizing NNI: done in 0.00061227 secs using 263% CPU
Optimizing NNI: done in 0.000629561 secs using 99.75% CPU
Optimizing NNI: done in 0.000598401 secs using 267% CPU
Optimizing NNI: done in 0.000572997 secs using 99.83% CPU
Optimizing NNI: done in 0.000751522 secs using 232.7% CPU
Optimizing NNI: done in 0.000815716 secs using 222.4% CPU
Optimizing NNI: done in 0.000498903 secs using 99.62% CPU
Optimizing NNI: done in 0.000923506 secs using 208% CPU
Optimizing NNI: done in 0.000592008 secs using 268.6% CPU
Optimizing NNI: done in 0.000627375 secs using 99.78% CPU
Optimizing NNI: done in 0.000768445 secs using 229.8% CPU
Optimizing NNI: done in 0.000805582 secs using 223.9% CPU
Optimizing NNI: done in 0.000779099 secs using 228.1% CPU
Optimizing NNI: done in 0.000889031 secs using 99.77% CPU
Optimizing NNI: done in 0.000755939 secs using 231.9% CPU
Optimizing NNI: done in 0.000864167 secs using 215.5% CPU
Optimizing NNI: done in 0.000886118 secs using 212.5% CPU
Optimizing NNI: done in 0.000903817 secs using 99.8% CPU
Optimizing NNI: done in 0.000829915 secs using 220.3% CPU
Optimizing NNI: done in 0.000901092 secs using 210.7% CPU
Optimizing NNI: done in 0.000950162 secs using 205% CPU
Optimizing NNI: done in 0.000890219 secs using 212.1% CPU
Optimizing NNI: done in 0.00174354 secs using 214.6% CPU
Optimizing NNI: done in 0.000888124 secs using 212.4% CPU
Optimizing NNI: done in 0.000870235 secs using 213.6% CPU
Optimizing NNI: done in 0.000979653 secs using 201.7% CPU
Optimizing NNI: done in 0.000943493 secs using 205.7% CPU
Optimizing NNI: done in 0.00395874 secs using 125.5% CPU
Optimizing NNI: done in 0.000743488 secs using 99.8% CPU
Optimizing NNI: done in 0.000773507 secs using 229% CPU
Optimizing NNI: done in 0.000980959 secs using 201.7% CPU
Optimizing NNI: done in 0.00100221 secs using 103.6% CPU
Optimizing NNI: done in 0.00101736 secs using 197.3% CPU
Optimizing NNI: done in 0.000726787 secs using 98.65% CPU
Optimizing NNI: done in 0.000782732 secs using 99.78% CPU
Optimizing NNI: done in 0.000760631 secs using 222.6% CPU
Optimizing NNI: done in 0.000703811 secs using 99.03% CPU
Optimizing NNI: done in 0.000725289 secs using 237.7% CPU
Optimizing NNI: done in 0.000618924 secs using 99.85% CPU
Optimizing NNI: done in 0.000717655 secs using 239% CPU
Optimizing NNI: done in 0.00040309 secs using 99.73% CPU
Optimizing NNI: done in 0.000717771 secs using 239.2% CPU
Optimizing NNI: done in 0.000672156 secs using 248.5% CPU
Optimizing NNI: done in 0.000759053 secs using 231.6% CPU
Optimizing NNI: done in 0.000664449 secs using 250.3% CPU
Optimizing NNI: done in 0.000588524 secs using 269.7% CPU
Optimizing NNI: done in 0.00069442 secs using 99.8% CPU
Optimizing NNI: done in 0.000650035 secs using 253.5% CPU
Optimizing NNI: done in 0.000775357 secs using 228.7% CPU
Optimizing NNI: done in 0.000810365 secs using 99.95% CPU
Optimizing NNI: done in 0.000637944 secs using 256.4% CPU
Optimizing NNI: done in 0.00131595 secs using 251.8% CPU
Optimizing NNI: done in 0.000709344 secs using 99.39% CPU
Optimizing NNI: done in 0.000638834 secs using 99.56% CPU
Optimizing NNI: done in 0.000650784 secs using 253.4% CPU
Optimizing NNI: done in 0.000682628 secs using 99.91% CPU
Optimizing NNI: done in 0.000767509 secs using 230.4% CPU
Optimizing NNI: done in 0.000675714 secs using 247.7% CPU
Optimizing NNI: done in 0.00110807 secs using 189.6% CPU
Optimizing NNI: done in 0.000679777 secs using 246.8% CPU
Optimizing NNI: done in 0.000854891 secs using 216.8% CPU
Optimizing NNI: done in 0.000696985 secs using 99.57% CPU
Optimizing NNI: done in 0.000631026 secs using 98.57% CPU
Optimizing NNI: done in 0.00073705 secs using 235.5% CPU
Optimizing NNI: done in 0.000688262 secs using 245% CPU
Optimizing NNI: done in 0.000803081 secs using 224% CPU
Optimizing NNI: done in 0.000938236 secs using 206.8% CPU
Optimizing NNI: done in 0.000768015 secs using 230.2% CPU
Optimizing NNI: done in 0.000656779 secs using 252% CPU
Optimizing NNI: done in 0.000658464 secs using 251.5% CPU
Optimizing NNI: done in 0.000594488 secs using 267.8% CPU
Optimizing NNI: done in 0.000684659 secs using 99.61% CPU
Optimizing NNI: done in 0.00115169 secs using 273.5% CPU
Optimizing NNI: done in 0.000716635 secs using 239.3% CPU
Optimizing NNI: done in 0.000660628 secs using 99.6% CPU
Optimizing NNI: done in 0.000618397 secs using 261.3% CPU
Optimizing NNI: done in 0.000632389 secs using 99.94% CPU
Optimizing NNI: done in 0.000733556 secs using 236.1% CPU
Optimizing NNI: done in 0.000783492 secs using 227.3% CPU
Optimizing NNI: done in 0.00064781 secs using 254.1% CPU
Optimizing NNI: done in 0.0006966 secs using 243.3% CPU
Optimizing NNI: done in 0.000525605 secs using 99.69% CPU
Optimizing NNI: done in 0.000732062 secs using 236.5% CPU
Optimizing NNI: done in 0.000655652 secs using 252.3% CPU
Optimizing NNI: done in 0.000630936 secs using 101.3% CPU
Optimizing NNI: done in 0.000639478 secs using 256.1% CPU
Optimizing NNI: done in 0.000624118 secs using 99.66% CPU
Optimizing NNI: done in 0.000817585 secs using 100.1% CPU
Optimizing NNI: done in 0.00062522 secs using 99.8% CPU
Optimizing NNI: done in 0.000543747 secs using 283.6% CPU
400 samples done
Optimizing NNI: done in 0.00150585 secs using 99.81% CPU
Optimizing NNI: done in 0.000724416 secs using 237.8% CPU
Optimizing NNI: done in 0.000644435 secs using 255% CPU
Optimizing NNI: done in 0.000695646 secs using 243.5% CPU
Optimizing NNI: done in 0.000657373 secs using 99.79% CPU
Optimizing NNI: done in 0.000740308 secs using 100.8% CPU
Optimizing NNI: done in 0.000651804 secs using 253.1% CPU
Optimizing NNI: done in 0.000644006 secs using 99.84% CPU
Optimizing NNI: done in 0.000673047 secs using 99.84% CPU
Optimizing NNI: done in 0.000709034 secs using 240.9% CPU
Optimizing NNI: done in 0.000902312 secs using 210.6% CPU
Optimizing NNI: done in 0.000646072 secs using 254.6% CPU
Optimizing NNI: done in 0.000615369 secs using 262.3% CPU
Optimizing NNI: done in 0.000718948 secs using 99.87% CPU
Optimizing NNI: done in 0.000704024 secs using 241.8% CPU
Optimizing NNI: done in 0.00087892 secs using 204.8% CPU
Optimizing NNI: done in 0.000683217 secs using 99.68% CPU
Optimizing NNI: done in 0.00147075 secs using 167.9% CPU
Optimizing NNI: done in 0.00146589 secs using 168.1% CPU
Optimizing NNI: done in 0.000662239 secs using 98.6% CPU
Optimizing NNI: done in 0.000717252 secs using 100.7% CPU
Optimizing NNI: done in 0.000470492 secs using 101.2% CPU
Optimizing NNI: done in 0.000784755 secs using 227.1% CPU
Optimizing NNI: done in 0.000652835 secs using 252.9% CPU
Optimizing NNI: done in 0.000610835 secs using 99.54% CPU
Optimizing NNI: done in 0.000707212 secs using 241.2% CPU
Optimizing NNI: done in 0.000616541 secs using 99.91% CPU
Optimizing NNI: done in 0.000695215 secs using 243.5% CPU
Optimizing NNI: done in 0.000650622 secs using 98.06% CPU
Optimizing NNI: done in 0.000642911 secs using 255.2% CPU
Optimizing NNI: done in 0.000750325 secs using 233.1% CPU
Optimizing NNI: done in 0.000730241 secs using 236.6% CPU
Optimizing NNI: done in 0.000718581 secs using 99.64% CPU
Optimizing NNI: done in 0.00125458 secs using 179.4% CPU
Optimizing NNI: done in 0.000616263 secs using 262.2% CPU
Optimizing NNI: done in 0.000660169 secs using 251.3% CPU
Optimizing NNI: done in 0.00076158 secs using 231% CPU
Optimizing NNI: done in 0.000659808 secs using 251.1% CPU
Optimizing NNI: done in 0.000675084 secs using 99.84% CPU
Optimizing NNI: done in 0.000528936 secs using 288.5% CPU
Optimizing NNI: done in 0.000721763 secs using 99.76% CPU
Optimizing NNI: done in 0.00114805 secs using 186.9% CPU
Optimizing NNI: done in 0.000592733 secs using 268.2% CPU
Optimizing NNI: done in 0.000577963 secs using 99.83% CPU
Optimizing NNI: done in 0.00127208 secs using 178.4% CPU
Optimizing NNI: done in 0.000739091 secs using 235% CPU
Optimizing NNI: done in 0.000651231 secs using 99.66% CPU
Optimizing NNI: done in 0.000728713 secs using 237% CPU
Optimizing NNI: done in 0.0011404 secs using 187.6% CPU
Optimizing NNI: done in 0.000524674 secs using 99.3% CPU
Optimizing NNI: done in 0.000811486 secs using 100.1% CPU
Optimizing NNI: done in 0.000718592 secs using 238.9% CPU
Optimizing NNI: done in 0.000436224 secs using 329% CPU
Optimizing NNI: done in 0.00107901 secs using 192.3% CPU
Optimizing NNI: done in 0.00124583 secs using 180.1% CPU
Optimizing NNI: done in 0.000792063 secs using 99.74% CPU
Optimizing NNI: done in 0.000531913 secs using 99.64% CPU
Optimizing NNI: done in 0.000782732 secs using 227.5% CPU
Optimizing NNI: done in 0.000806074 secs using 222.2% CPU
Optimizing NNI: done in 0.000825616 secs using 220.8% CPU
Optimizing NNI: done in 0.000478045 secs using 98.53% CPU
Optimizing NNI: done in 0.000679634 secs using 246.9% CPU
Optimizing NNI: done in 0.000704277 secs using 241.7% CPU
Optimizing NNI: done in 0.00066832 secs using 249.3% CPU
Optimizing NNI: done in 0.000777215 secs using 99.72% CPU
Optimizing NNI: done in 0.000709715 secs using 240.7% CPU
Optimizing NNI: done in 0.000801508 secs using 224.6% CPU
Optimizing NNI: done in 0.000770325 secs using 229.5% CPU
Optimizing NNI: done in 0.000782627 secs using 227.6% CPU
Optimizing NNI: done in 0.00156147 secs using 163.9% CPU
Optimizing NNI: done in 0.000791632 secs using 226.1% CPU
Optimizing NNI: done in 0.000750152 secs using 233% CPU
Optimizing NNI: done in 0.000666318 secs using 100.1% CPU
Optimizing NNI: done in 0.000681032 secs using 98.82% CPU
Optimizing NNI: done in 0.000698942 secs using 242.8% CPU
Optimizing NNI: done in 0.000636448 secs using 99.77% CPU
Optimizing NNI: done in 0.000606007 secs using 99.83% CPU
Optimizing NNI: done in 0.000732443 secs using 99.67% CPU
Optimizing NNI: done in 0.000632708 secs using 257.9% CPU
Optimizing NNI: done in 0.000638219 secs using 256.5% CPU
Optimizing NNI: done in 0.000647062 secs using 254.7% CPU
Optimizing NNI: done in 0.000742163 secs using 234.4% CPU
Optimizing NNI: done in 0.000666863 secs using 249.5% CPU
Optimizing NNI: done in 0.000594303 secs using 99.78% CPU
Optimizing NNI: done in 0.000615974 secs using 262.2% CPU
Optimizing NNI: done in 0.000639341 secs using 256% CPU
Optimizing NNI: done in 0.000819289 secs using 221.8% CPU
Optimizing NNI: done in 0.000611493 secs using 263.1% CPU
Optimizing NNI: done in 0.000768025 secs using 229.8% CPU
Optimizing NNI: done in 0.000637801 secs using 98.93% CPU
Optimizing NNI: done in 0.00079785 secs using 225.1% CPU
Optimizing NNI: done in 0.000607975 secs using 264.2% CPU
Optimizing NNI: done in 0.000640846 secs using 99.4% CPU
Optimizing NNI: done in 0.000656394 secs using 252% CPU
Optimizing NNI: done in 0.000628718 secs using 99.73% CPU
Optimizing NNI: done in 0.000886893 secs using 212.5% CPU
Optimizing NNI: done in 0.000654951 secs using 99.7% CPU
Optimizing NNI: done in 0.000632919 secs using 257.7% CPU
Optimizing NNI: done in 0.000690883 secs using 99.73% CPU
Optimizing NNI: done in 0.000657437 secs using 251.9% CPU
500 samples done
Optimizing NNI: done in 0.000741403 secs using 234.6% CPU
Optimizing NNI: done in 0.000651362 secs using 99.79% CPU
Optimizing NNI: done in 0.000597492 secs using 267.1% CPU
Optimizing NNI: done in 0.000626726 secs using 99.72% CPU
Optimizing NNI: done in 0.000848656 secs using 217.6% CPU
Optimizing NNI: done in 0.000597677 secs using 266.9% CPU
Optimizing NNI: done in 0.00114749 secs using 186.3% CPU
Optimizing NNI: done in 0.000826498 secs using 220.8% CPU
Optimizing NNI: done in 0.000738405 secs using 235.1% CPU
Optimizing NNI: done in 0.00150386 secs using 166.4% CPU
Optimizing NNI: done in 0.000669997 secs using 99.7% CPU
Optimizing NNI: done in 0.00106308 secs using 193.9% CPU
Optimizing NNI: done in 0.000517055 secs using 99.6% CPU
Optimizing NNI: done in 0.000688574 secs using 244.9% CPU
Optimizing NNI: done in 0.000629158 secs using 99.82% CPU
Optimizing NNI: done in 0.00144743 secs using 168.9% CPU
Optimizing NNI: done in 0.000657515 secs using 99.77% CPU
Optimizing NNI: done in 0.000718697 secs using 98.51% CPU
Optimizing NNI: done in 0.000636089 secs using 99.51% CPU
Optimizing NNI: done in 0.000566463 secs using 99.74% CPU
Optimizing NNI: done in 0.000708357 secs using 100.7% CPU
Optimizing NNI: done in 0.000519085 secs using 99.02% CPU
Optimizing NNI: done in 0.000580413 secs using 99.41% CPU
Optimizing NNI: done in 0.000779683 secs using 228% CPU
Optimizing NNI: done in 0.000868737 secs using 99.68% CPU
Optimizing NNI: done in 0.000765518 secs using 98.63% CPU
Optimizing NNI: done in 0.000556745 secs using 99.69% CPU
Optimizing NNI: done in 0.000625643 secs using 259.6% CPU
Optimizing NNI: done in 0.000667821 secs using 99.73% CPU
Optimizing NNI: done in 0.00109775 secs using 190.9% CPU
Optimizing NNI: done in 0.00119677 secs using 183.5% CPU
Optimizing NNI: done in 0.000599374 secs using 266.4% CPU
Optimizing NNI: done in 0.000631108 secs using 99.82% CPU
Optimizing NNI: done in 0.000644935 secs using 254.9% CPU
Optimizing NNI: done in 0.000631434 secs using 258.1% CPU
Optimizing NNI: done in 0.000756914 secs using 231.9% CPU
Optimizing NNI: done in 0.000647402 secs using 99.94% CPU
Optimizing NNI: done in 0.000631386 secs using 258.2% CPU
Optimizing NNI: done in 0.000647677 secs using 254.3% CPU
Optimizing NNI: done in 0.000626743 secs using 99.72% CPU
Optimizing NNI: done in 0.000747791 secs using 233.4% CPU
Optimizing NNI: done in 0.000704918 secs using 99.73% CPU
Optimizing NNI: done in 0.000711915 secs using 240.2% CPU
Optimizing NNI: done in 0.000720705 secs using 100.7% CPU
Optimizing NNI: done in 0.000704089 secs using 98.85% CPU
Optimizing NNI: done in 0.000883107 secs using 156.2% CPU
Optimizing NNI: done in 0.000666212 secs using 249.9% CPU
Optimizing NNI: done in 0.000608015 secs using 264.3% CPU
Optimizing NNI: done in 0.000758904 secs using 231.5% CPU
Optimizing NNI: done in 0.000652196 secs using 99.66% CPU
Optimizing NNI: done in 0.000606497 secs using 264.6% CPU
Optimizing NNI: done in 0.000742468 secs using 99.8% CPU
Optimizing NNI: done in 0.000689121 secs using 244.8% CPU
Optimizing NNI: done in 0.000753994 secs using 232.2% CPU
Optimizing NNI: done in 0.000620641 secs using 260.9% CPU
Optimizing NNI: done in 0.000713447 secs using 239.7% CPU
Optimizing NNI: done in 0.000592094 secs using 99.82% CPU
Optimizing NNI: done in 0.000725853 secs using 237.7% CPU
Optimizing NNI: done in 0.00102225 secs using 197.7% CPU
Optimizing NNI: done in 0.000602848 secs using 265.7% CPU
Optimizing NNI: done in 0.000674552 secs using 98.58% CPU
Optimizing NNI: done in 0.000692801 secs using 244.1% CPU
Optimizing NNI: done in 0.000825634 secs using 220.8% CPU
Optimizing NNI: done in 0.000440068 secs using 99.3% CPU
Optimizing NNI: done in 0.000659275 secs using 251.5% CPU
Optimizing NNI: done in 0.000754257 secs using 232.3% CPU
Optimizing NNI: done in 0.000695774 secs using 243.5% CPU
Optimizing NNI: done in 0.000858871 secs using 216.2% CPU
Optimizing NNI: done in 0.000615673 secs using 262.3% CPU
Optimizing NNI: done in 0.00060727 secs using 99.79% CPU
Optimizing NNI: done in 0.000736623 secs using 235.7% CPU
Optimizing NNI: done in 0.000570273 secs using 99.6% CPU
Optimizing NNI: done in 0.00063939 secs using 256% CPU
Optimizing NNI: done in 0.000589267 secs using 269.5% CPU
Optimizing NNI: done in 0.000470462 secs using 312.5% CPU
Optimizing NNI: done in 0.000644527 secs using 99.76% CPU
Optimizing NNI: done in 0.000777877 secs using 228.3% CPU
Optimizing NNI: done in 0.000618854 secs using 261.5% CPU
Optimizing NNI: done in 0.000651651 secs using 99.75% CPU
Optimizing NNI: done in 0.000610391 secs using 263.6% CPU
Optimizing NNI: done in 0.000644909 secs using 99.86% CPU
Optimizing NNI: done in 0.00100984 secs using 100.6% CPU
Optimizing NNI: done in 0.000603376 secs using 98.78% CPU
Optimizing NNI: done in 0.000602122 secs using 100.8% CPU
Optimizing NNI: done in 0.00243486 secs using 181.8% CPU
Optimizing NNI: done in 0.000985119 secs using 201.3% CPU
Optimizing NNI: done in 0.000626002 secs using 259.4% CPU
Optimizing NNI: done in 0.000647201 secs using 254.3% CPU
Optimizing NNI: done in 0.000706994 secs using 241.2% CPU
Optimizing NNI: done in 0.000694396 secs using 243.8% CPU
Optimizing NNI: done in 0.000600306 secs using 266.4% CPU
Optimizing NNI: done in 0.00056773 secs using 99.7% CPU
Optimizing NNI: done in 0.000655977 secs using 252.1% CPU
Optimizing NNI: done in 0.000607103 secs using 264.5% CPU
Optimizing NNI: done in 0.000851531 secs using 217.3% CPU
Optimizing NNI: done in 0.000580631 secs using 99.37% CPU
Optimizing NNI: done in 0.00103591 secs using 196.3% CPU
Optimizing NNI: done in 0.000593729 secs using 101.2% CPU
Optimizing NNI: done in 0.00113066 secs using 99.41% CPU
Optimizing NNI: done in 0.000646954 secs using 254.1% CPU
600 samples done
Optimizing NNI: done in 0.000585156 secs using 99.46% CPU
Optimizing NNI: done in 0.000946543 secs using 205.6% CPU
Optimizing NNI: done in 0.000544602 secs using 98.6% CPU
Optimizing NNI: done in 0.000724976 secs using 237.7% CPU
Optimizing NNI: done in 0.000392679 secs using 354.2% CPU
Optimizing NNI: done in 0.00069208 secs using 99.84% CPU
Optimizing NNI: done in 0.000691639 secs using 100.8% CPU
Optimizing NNI: done in 0.000783647 secs using 227.1% CPU
Optimizing NNI: done in 0.000466434 secs using 98.41% CPU
Optimizing NNI: done in 0.000600351 secs using 99.28% CPU
Optimizing NNI: done in 0.000691975 secs using 244.4% CPU
Optimizing NNI: done in 0.000662947 secs using 99.71% CPU
Optimizing NNI: done in 0.000733481 secs using 99.66% CPU
Optimizing NNI: done in 0.000598065 secs using 99.82% CPU
Optimizing NNI: done in 0.000682693 secs using 246.1% CPU
Optimizing NNI: done in 0.000612884 secs using 262.9% CPU
Optimizing NNI: done in 0.000713518 secs using 99.79% CPU
Optimizing NNI: done in 0.000681533 secs using 246.4% CPU
Optimizing NNI: done in 0.000631899 secs using 98.75% CPU
Optimizing NNI: done in 0.000621278 secs using 98.67% CPU
Optimizing NNI: done in 0.000652625 secs using 253% CPU
Optimizing NNI: done in 0.000536325 secs using 99.75% CPU
Optimizing NNI: done in 0.000630465 secs using 258.2% CPU
Optimizing NNI: done in 0.000629665 secs using 258.6% CPU
Optimizing NNI: done in 0.000629293 secs using 258.7% CPU
Optimizing NNI: done in 0.000558277 secs using 99.59% CPU
Optimizing NNI: done in 0.000756806 secs using 231.8% CPU
Optimizing NNI: done in 0.000648037 secs using 254% CPU
Optimizing NNI: done in 0.000728933 secs using 236.9% CPU
Optimizing NNI: done in 0.000681336 secs using 101.4% CPU
Optimizing NNI: done in 0.000664615 secs using 248.9% CPU
Optimizing NNI: done in 0.000635649 secs using 256.9% CPU
Optimizing NNI: done in 0.000589333 secs using 269.5% CPU
Optimizing NNI: done in 0.000488674 secs using 99.66% CPU
Optimizing NNI: done in 0.000658652 secs using 251.6% CPU
Optimizing NNI: done in 0.000778781 secs using 227.9% CPU
Optimizing NNI: done in 0.000673865 secs using 248.1% CPU
Optimizing NNI: done in 0.000572234 secs using 99.78% CPU
Optimizing NNI: done in 0.000621855 secs using 260.7% CPU
Optimizing NNI: done in 0.000618897 secs using 261.4% CPU
Optimizing NNI: done in 0.000579943 secs using 99.84% CPU
Optimizing NNI: done in 0.000636072 secs using 257% CPU
Optimizing NNI: done in 0.000665644 secs using 250% CPU
Optimizing NNI: done in 0.000614437 secs using 262.7% CPU
Optimizing NNI: done in 0.000676235 secs using 99.67% CPU
Optimizing NNI: done in 0.00066551 secs using 249.9% CPU
Optimizing NNI: done in 0.000646017 secs using 254.6% CPU
Optimizing NNI: done in 0.00111907 secs using 189.2% CPU
Optimizing NNI: done in 0.000627298 secs using 259% CPU
Optimizing NNI: done in 0.000687323 secs using 98.93% CPU
Optimizing NNI: done in 0.000737249 secs using 98.61% CPU
Optimizing NNI: done in 0.000590507 secs using 268.9% CPU
Optimizing NNI: done in 0.00144177 secs using 169.2% CPU
Optimizing NNI: done in 0.00088231 secs using 212.9% CPU
Optimizing NNI: done in 0.000755345 secs using 232.1% CPU
Optimizing NNI: done in 0.000794954 secs using 225.5% CPU
Optimizing NNI: done in 0.000825777 secs using 220.8% CPU
Optimizing NNI: done in 0.000823341 secs using 99.59% CPU
Optimizing NNI: done in 0.000659112 secs using 98.47% CPU
Optimizing NNI: done in 0.000421812 secs using 336.6% CPU
Optimizing NNI: done in 0.000595771 secs using 100.5% CPU
Optimizing NNI: done in 0.00059683 secs using 98.86% CPU
Optimizing NNI: done in 0.000790348 secs using 226.2% CPU
Optimizing NNI: done in 0.000593647 secs using 99.72% CPU
Optimizing NNI: done in 0.000720924 secs using 239.4% CPU
Optimizing NNI: done in 0.000664272 secs using 99.96% CPU
Optimizing NNI: done in 0.000769106 secs using 229.6% CPU
Optimizing NNI: done in 0.000606832 secs using 264.5% CPU
Optimizing NNI: done in 0.00161894 secs using 161.6% CPU
Optimizing NNI: done in 0.000670545 secs using 248.9% CPU
Optimizing NNI: done in 0.00064914 secs using 99.67% CPU
Optimizing NNI: done in 0.000644802 secs using 99.72% CPU
Optimizing NNI: done in 0.000782271 secs using 227.5% CPU
Optimizing NNI: done in 0.000675208 secs using 99.82% CPU
Optimizing NNI: done in 0.00107514 secs using 192.8% CPU
Optimizing NNI: done in 0.000798329 secs using 99.71% CPU
Optimizing NNI: done in 0.000708485 secs using 99.79% CPU
Optimizing NNI: done in 0.000613375 secs using 262.8% CPU
Optimizing NNI: done in 0.00119103 secs using 183.9% CPU
Optimizing NNI: done in 0.000716083 secs using 239.4% CPU
Optimizing NNI: done in 0.000679306 secs using 246.9% CPU
Optimizing NNI: done in 0.000612465 secs using 263% CPU
Optimizing NNI: done in 0.000630144 secs using 258.5% CPU
Optimizing NNI: done in 0.000765461 secs using 99.81% CPU
Optimizing NNI: done in 0.000722723 secs using 238.1% CPU
Optimizing NNI: done in 0.000619998 secs using 99.68% CPU
Optimizing NNI: done in 0.000607874 secs using 264.2% CPU
Optimizing NNI: done in 0.00105669 secs using 194.6% CPU
Optimizing NNI: done in 0.000659591 secs using 99.76% CPU
Optimizing NNI: done in 0.000626454 secs using 99.77% CPU
Optimizing NNI: done in 0.000610508 secs using 263.7% CPU
Optimizing NNI: done in 0.000694016 secs using 243.8% CPU
Optimizing NNI: done in 0.000746085 secs using 233.8% CPU
Optimizing NNI: done in 0.000740597 secs using 234.7% CPU
Optimizing NNI: done in 0.00137259 secs using 172.7% CPU
Optimizing NNI: done in 0.000666115 secs using 99.83% CPU
Optimizing NNI: done in 0.000655002 secs using 252.4% CPU
Optimizing NNI: done in 0.000717086 secs using 239.3% CPU
Optimizing NNI: done in 0.000798394 secs using 98.45% CPU
Optimizing NNI: done in 0.000654988 secs using 252.5% CPU
700 samples done
Optimizing NNI: done in 0.000844701 secs using 99.68% CPU
Optimizing NNI: done in 0.000712416 secs using 239.9% CPU
Optimizing NNI: done in 0.000740274 secs using 234.8% CPU
Optimizing NNI: done in 0.000694968 secs using 99.72% CPU
Optimizing NNI: done in 0.000667235 secs using 249.5% CPU
Optimizing NNI: done in 0.000734345 secs using 99.82% CPU
Optimizing NNI: done in 0.000884653 secs using 212.9% CPU
Optimizing NNI: done in 0.00078641 secs using 227% CPU
Optimizing NNI: done in 0.000814461 secs using 222.6% CPU
Optimizing NNI: done in 0.000858462 secs using 216.2% CPU
Optimizing NNI: done in 0.000833534 secs using 98.38% CPU
Optimizing NNI: done in 0.000811362 secs using 223.1% CPU
Optimizing NNI: done in 0.000652054 secs using 99.68% CPU
Optimizing NNI: done in 0.000869574 secs using 214.5% CPU
Optimizing NNI: done in 0.000853842 secs using 216.9% CPU
Optimizing NNI: done in 0.000790339 secs using 99.58% CPU
Optimizing NNI: done in 0.000760735 secs using 231.2% CPU
Optimizing NNI: done in 0.000760163 secs using 231.3% CPU
Optimizing NNI: done in 0.000657272 secs using 251.8% CPU
Optimizing NNI: done in 0.00049805 secs using 300.6% CPU
Optimizing NNI: done in 0.00072059 secs using 99.78% CPU
Optimizing NNI: done in 0.000638267 secs using 99.8% CPU
Optimizing NNI: done in 0.000662712 secs using 250.6% CPU
Optimizing NNI: done in 0.000690402 secs using 244.6% CPU
Optimizing NNI: done in 0.00062029 secs using 261% CPU
Optimizing NNI: done in 0.000706125 secs using 99.7% CPU
Optimizing NNI: done in 0.000740513 secs using 99.66% CPU
Optimizing NNI: done in 0.000771436 secs using 229.3% CPU
Optimizing NNI: done in 0.00136018 secs using 99.99% CPU
Optimizing NNI: done in 0.000678622 secs using 99.32% CPU
Optimizing NNI: done in 0.00135135 secs using 173.8% CPU
Optimizing NNI: done in 0.000660282 secs using 251.1% CPU
Optimizing NNI: done in 0.000656211 secs using 100.3% CPU
Optimizing NNI: done in 0.00067021 secs using 99.07% CPU
Optimizing NNI: done in 0.000610869 secs using 263.4% CPU
Optimizing NNI: done in 0.000613163 secs using 262.7% CPU
Optimizing NNI: done in 0.000676207 secs using 247.6% CPU
Optimizing NNI: done in 0.000598172 secs using 267% CPU
Optimizing NNI: done in 0.000805148 secs using 99.73% CPU
Optimizing NNI: done in 0.000694302 secs using 243.7% CPU
Optimizing NNI: done in 0.00122144 secs using 183.1% CPU
Optimizing NNI: done in 0.000725848 secs using 100.2% CPU
Optimizing NNI: done in 0.000698312 secs using 243% CPU
Optimizing NNI: done in 0.000676019 secs using 247.6% CPU
Optimizing NNI: done in 0.000599021 secs using 99.66% CPU
Optimizing NNI: done in 0.000811668 secs using 99.79% CPU
Optimizing NNI: done in 0.000717726 secs using 237% CPU
Optimizing NNI: done in 0.000652718 secs using 252.9% CPU
Optimizing NNI: done in 0.000580055 secs using 272% CPU
Optimizing NNI: done in 0.000605282 secs using 99.79% CPU
Optimizing NNI: done in 0.000558095 secs using 279% CPU
Optimizing NNI: done in 0.000798029 secs using 99.62% CPU
Optimizing NNI: done in 0.000786191 secs using 99.72% CPU
Optimizing NNI: done in 0.000753403 secs using 232.4% CPU
Optimizing NNI: done in 0.000647644 secs using 254.2% CPU
Optimizing NNI: done in 0.000640212 secs using 255.9% CPU
Optimizing NNI: done in 0.000823634 secs using 221.1% CPU
Optimizing NNI: done in 0.000539903 secs using 284.7% CPU
Optimizing NNI: done in 0.000688535 secs using 99.78% CPU
Optimizing NNI: done in 0.000604575 secs using 265.1% CPU
Optimizing NNI: done in 0.000883103 secs using 212.9% CPU
Optimizing NNI: done in 0.000827139 secs using 220.5% CPU
Optimizing NNI: done in 0.000962083 secs using 203.7% CPU
Optimizing NNI: done in 0.000909978 secs using 209.6% CPU
Optimizing NNI: done in 0.000802465 secs using 99.69% CPU
Optimizing NNI: done in 0.00091436 secs using 209.1% CPU
Optimizing NNI: done in 0.000839953 secs using 218.7% CPU
Optimizing NNI: done in 0.000863651 secs using 215.4% CPU
Optimizing NNI: done in 0.000840256 secs using 218.7% CPU
Optimizing NNI: done in 0.00093282 secs using 206.9% CPU
Optimizing NNI: done in 0.000879448 secs using 213.4% CPU
Optimizing NNI: done in 0.000596895 secs using 267.2% CPU
Optimizing NNI: done in 0.000857839 secs using 216.1% CPU
Optimizing NNI: done in 0.000889238 secs using 212.2% CPU
Optimizing NNI: done in 0.000647881 secs using 99.71% CPU
Optimizing NNI: done in 0.0007084 secs using 241% CPU
Optimizing NNI: done in 0.000856205 secs using 216.5% CPU
Optimizing NNI: done in 0.00111701 secs using 187.7% CPU
Optimizing NNI: done in 0.00134899 secs using 222.8% CPU
Optimizing NNI: done in 0.000726931 secs using 99.87% CPU
Optimizing NNI: done in 0.000729341 secs using 94.88% CPU
Optimizing NNI: done in 0.00067179 secs using 248.6% CPU
Optimizing NNI: done in 0.000733251 secs using 236.2% CPU
Optimizing NNI: done in 0.000804824 secs using 223.9% CPU
Optimizing NNI: done in 0.000856598 secs using 216.6% CPU
Optimizing NNI: done in 0.000795661 secs using 99.79% CPU
Optimizing NNI: done in 0.000442934 secs using 101.4% CPU
Optimizing NNI: done in 0.000867876 secs using 215% CPU
Optimizing NNI: done in 0.000686567 secs using 100.4% CPU
Optimizing NNI: done in 0.000704256 secs using 98.69% CPU
Optimizing NNI: done in 0.000588423 secs using 269.7% CPU
Optimizing NNI: done in 0.000834975 secs using 219.5% CPU
Optimizing NNI: done in 0.000643552 secs using 101% CPU
Optimizing NNI: done in 0.000672733 secs using 98.7% CPU
Optimizing NNI: done in 0.000650298 secs using 253.6% CPU
Optimizing NNI: done in 0.000660386 secs using 99.64% CPU
Optimizing NNI: done in 0.000646316 secs using 254.5% CPU
Optimizing NNI: done in 0.000862266 secs using 215.8% CPU
Optimizing NNI: done in 0.000706282 secs using 99.82% CPU
Optimizing NNI: done in 0.000862628 secs using 215.7% CPU
800 samples done
Optimizing NNI: done in 0.00106578 secs using 193.6% CPU
Optimizing NNI: done in 0.000601223 secs using 99.8% CPU
Optimizing NNI: done in 0.00271143 secs using 210.6% CPU
Optimizing NNI: done in 0.000644061 secs using 254.8% CPU
Optimizing NNI: done in 0.000796943 secs using 225.1% CPU
Optimizing NNI: done in 0.000843238 secs using 218.3% CPU
Optimizing NNI: done in 0.000820683 secs using 99.79% CPU
Optimizing NNI: done in 0.000839549 secs using 218.7% CPU
Optimizing NNI: done in 0.000736226 secs using 99.83% CPU
Optimizing NNI: done in 0.000758128 secs using 231.6% CPU
Optimizing NNI: done in 0.000568856 secs using 99.67% CPU
Optimizing NNI: done in 0.000659513 secs using 251.2% CPU
Optimizing NNI: done in 0.000725977 secs using 99.87% CPU
Optimizing NNI: done in 0.000659754 secs using 251.5% CPU
Optimizing NNI: done in 0.00122824 secs using 181.1% CPU
Optimizing NNI: done in 0.000444349 secs using 99.02% CPU
Optimizing NNI: done in 0.000670553 secs using 99.77% CPU
Optimizing NNI: done in 0.000824492 secs using 221.1% CPU
Optimizing NNI: done in 0.000732052 secs using 236.3% CPU
Optimizing NNI: done in 0.000764986 secs using 99.74% CPU
Optimizing NNI: done in 0.000691396 secs using 244.4% CPU
Optimizing NNI: done in 0.000609886 secs using 263.7% CPU
Optimizing NNI: done in 0.000667197 secs using 99.82% CPU
Optimizing NNI: done in 0.000834343 secs using 220.1% CPU
Optimizing NNI: done in 0.000717407 secs using 239.1% CPU
Optimizing NNI: done in 0.000636356 secs using 99.79% CPU
Optimizing NNI: done in 0.000784889 secs using 227.2% CPU
Optimizing NNI: done in 0.000712194 secs using 240.1% CPU
Optimizing NNI: done in 0.000761855 secs using 230.9% CPU
Optimizing NNI: done in 0.000637497 secs using 99.77% CPU
Optimizing NNI: done in 0.000691398 secs using 244.4% CPU
Optimizing NNI: done in 0.000732735 secs using 236.1% CPU
Optimizing NNI: done in 0.0007138 secs using 239.8% CPU
Optimizing NNI: done in 0.000610775 secs using 263.4% CPU
Optimizing NNI: done in 0.00059854 secs using 99.74% CPU
Optimizing NNI: done in 0.000604208 secs using 265.3% CPU
Optimizing NNI: done in 0.00061351 secs using 259.7% CPU
Optimizing NNI: done in 0.000880457 secs using 184.4% CPU
Optimizing NNI: done in 0.000824147 secs using 101.2% CPU
Optimizing NNI: done in 0.00084544 secs using 218% CPU
Optimizing NNI: done in 0.000758587 secs using 231.6% CPU
Optimizing NNI: done in 0.000633709 secs using 99.73% CPU
Optimizing NNI: done in 0.000640077 secs using 256.1% CPU
Optimizing NNI: done in 0.000610972 secs using 263.7% CPU
Optimizing NNI: done in 0.000624982 secs using 99.84% CPU
Optimizing NNI: done in 0.000703966 secs using 241.9% CPU
Optimizing NNI: done in 0.000686867 secs using 99.73% CPU
Optimizing NNI: done in 0.000603582 secs using 265.4% CPU
Optimizing NNI: done in 0.000628845 secs using 258.9% CPU
Optimizing NNI: done in 0.000567015 secs using 99.64% CPU
Optimizing NNI: done in 0.000779728 secs using 227.9% CPU
Optimizing NNI: done in 0.000645754 secs using 254.6% CPU
Optimizing NNI: done in 0.000687253 secs using 99.82% CPU
Optimizing NNI: done in 0.000656856 secs using 246% CPU
Optimizing NNI: done in 0.000714779 secs using 239.7% CPU
Optimizing NNI: done in 0.000564426 secs using 99.57% CPU
Optimizing NNI: done in 0.000408385 secs using 344.5% CPU
Optimizing NNI: done in 0.000421639 secs using 99.85% CPU
Optimizing NNI: done in 0.000697006 secs using 243.2% CPU
Optimizing NNI: done in 0.000901814 secs using 210.7% CPU
Optimizing NNI: done in 0.000730636 secs using 236.5% CPU
Optimizing NNI: done in 0.000757079 secs using 231.4% CPU
Optimizing NNI: done in 0.000797208 secs using 225% CPU
Optimizing NNI: done in 0.000688056 secs using 99.7% CPU
Optimizing NNI: done in 0.000608763 secs using 100.9% CPU
Optimizing NNI: done in 0.000636204 secs using 98.87% CPU
Optimizing NNI: done in 0.000658412 secs using 251.5% CPU
Optimizing NNI: done in 0.000628402 secs using 258.9% CPU
Optimizing NNI: done in 0.000683833 secs using 245.8% CPU
Optimizing NNI: done in 0.000629552 secs using 99.75% CPU
Optimizing NNI: done in 0.000638838 secs using 256.2% CPU
Optimizing NNI: done in 0.00040116 secs using 349% CPU
Optimizing NNI: done in 0.000752178 secs using 232.8% CPU
Optimizing NNI: done in 0.000588501 secs using 99.74% CPU
Optimizing NNI: done in 0.000868092 secs using 215% CPU
Optimizing NNI: done in 0.000677897 secs using 247.2% CPU
Optimizing NNI: done in 0.000755328 secs using 99.69% CPU
Optimizing NNI: done in 0.000658184 secs using 99.67% CPU
Optimizing NNI: done in 0.0010576 secs using 194.4% CPU
Optimizing NNI: done in 0.000710143 secs using 240.7% CPU
Optimizing NNI: done in 0.000703511 secs using 241.9% CPU
Optimizing NNI: done in 0.000781654 secs using 99.66% CPU
Optimizing NNI: done in 0.000681599 secs using 246.5% CPU
Optimizing NNI: done in 0.00174504 secs using 214.6% CPU
Optimizing NNI: done in 0.000623327 secs using 99.79% CPU
Optimizing NNI: done in 0.000777912 secs using 228.2% CPU
Optimizing NNI: done in 0.000642867 secs using 255.3% CPU
Optimizing NNI: done in 0.000659049 secs using 251.4% CPU
Optimizing NNI: done in 0.000678386 secs using 247.1% CPU
Optimizing NNI: done in 0.000738103 secs using 235.2% CPU
Optimizing NNI: done in 0.000600499 secs using 266.3% CPU
Optimizing NNI: done in 0.000653414 secs using 252.8% CPU
Optimizing NNI: done in 0.000667849 secs using 249.5% CPU
Optimizing NNI: done in 0.000603515 secs using 265.4% CPU
Optimizing NNI: done in 0.000580631 secs using 99.55% CPU
Optimizing NNI: done in 0.000694587 secs using 99.63% CPU
Optimizing NNI: done in 0.000658403 secs using 251.5% CPU
Optimizing NNI: done in 0.00064842 secs using 254% CPU
Optimizing NNI: done in 0.000657838 secs using 251.6% CPU
Optimizing NNI: done in 0.000758632 secs using 231.5% CPU
900 samples done
Optimizing NNI: done in 0.000672692 secs using 248.3% CPU
Optimizing NNI: done in 0.000589348 secs using 99.77% CPU
Optimizing NNI: done in 0.000692683 secs using 244% CPU
Optimizing NNI: done in 0.000765536 secs using 230.6% CPU
Optimizing NNI: done in 0.000410287 secs using 99.69% CPU
Optimizing NNI: done in 0.000627187 secs using 259.1% CPU
Optimizing NNI: done in 0.00122055 secs using 181.8% CPU
Optimizing NNI: done in 0.000691095 secs using 99.84% CPU
Optimizing NNI: done in 0.000703252 secs using 99.68% CPU
Optimizing NNI: done in 0.000699027 secs using 99.71% CPU
Optimizing NNI: done in 0.000616894 secs using 261.8% CPU
Optimizing NNI: done in 0.000691818 secs using 99.88% CPU
Optimizing NNI: done in 0.000733547 secs using 236.1% CPU
Optimizing NNI: done in 0.000715536 secs using 308.7% CPU
Optimizing NNI: done in 0.000622221 secs using 260.5% CPU
Optimizing NNI: done in 0.00068662 secs using 245.4% CPU
Optimizing NNI: done in 0.000633851 secs using 257.3% CPU
Optimizing NNI: done in 0.000664605 secs using 250.1% CPU
Optimizing NNI: done in 0.000637258 secs using 99.8% CPU
Optimizing NNI: done in 0.0019566 secs using 201.9% CPU
Optimizing NNI: done in 0.000781076 secs using 228% CPU
Optimizing NNI: done in 0.000745764 secs using 233.9% CPU
Optimizing NNI: done in 0.000639534 secs using 99.76% CPU
Optimizing NNI: done in 0.000573362 secs using 99.76% CPU
Optimizing NNI: done in 0.000724923 secs using 155.6% CPU
Optimizing NNI: done in 0.00118652 secs using 184.1% CPU
Optimizing NNI: done in 0.000680752 secs using 246.6% CPU
Optimizing NNI: done in 0.000605018 secs using 264.8% CPU
Optimizing NNI: done in 0.000602478 secs using 99.75% CPU
Optimizing NNI: done in 0.000665105 secs using 250.3% CPU
Optimizing NNI: done in 0.000801347 secs using 101.5% CPU
Optimizing NNI: done in 0.000609469 secs using 263.8% CPU
Optimizing NNI: done in 0.000770948 secs using 229.3% CPU
Optimizing NNI: done in 0.000664454 secs using 250.4% CPU
Optimizing NNI: done in 0.000780729 secs using 227.7% CPU
Optimizing NNI: done in 0.000777158 secs using 226.2% CPU
Optimizing NNI: done in 0.000670169 secs using 248.9% CPU
Optimizing NNI: done in 0.000669528 secs using 249.3% CPU
Optimizing NNI: done in 0.000616091 secs using 99.82% CPU
Optimizing NNI: done in 0.000627373 secs using 259.2% CPU
Optimizing NNI: done in 0.000602838 secs using 265.7% CPU
Optimizing NNI: done in 0.000414161 secs using 99.72% CPU
Optimizing NNI: done in 0.000689448 secs using 99.79% CPU
Optimizing NNI: done in 0.000996087 secs using 200.3% CPU
Optimizing NNI: done in 0.000602786 secs using 265.6% CPU
Optimizing NNI: done in 0.000692142 secs using 244.2% CPU
Optimizing NNI: done in 0.000491123 secs using 99.16% CPU
Optimizing NNI: done in 0.000757499 secs using 231.8% CPU
Optimizing NNI: done in 0.000668676 secs using 99.75% CPU
Optimizing NNI: done in 0.000668993 secs using 249.2% CPU
Optimizing NNI: done in 0.000708815 secs using 241% CPU
Optimizing NNI: done in 0.00111066 secs using 189.8% CPU
Optimizing NNI: done in 0.00114048 secs using 187.3% CPU
Optimizing NNI: done in 0.000855341 secs using 98.56% CPU
Optimizing NNI: done in 0.000650196 secs using 99.66% CPU
Optimizing NNI: done in 0.000631002 secs using 258.2% CPU
Optimizing NNI: done in 0.000687889 secs using 245.1% CPU
Optimizing NNI: done in 0.000716711 secs using 239.4% CPU
Optimizing NNI: done in 0.000651578 secs using 252.9% CPU
Optimizing NNI: done in 0.000604861 secs using 265% CPU
Optimizing NNI: done in 0.000653185 secs using 252.9% CPU
Optimizing NNI: done in 0.00071683 secs using 98.49% CPU
Optimizing NNI: done in 0.000813805 secs using 222.7% CPU
Optimizing NNI: done in 0.000775307 secs using 99.7% CPU
Optimizing NNI: done in 0.000818081 secs using 222% CPU
Optimizing NNI: done in 0.000714632 secs using 239.7% CPU
Optimizing NNI: done in 0.00081332 secs using 222.7% CPU
Optimizing NNI: done in 0.00158295 secs using 226.2% CPU
Optimizing NNI: done in 0.000610248 secs using 99.8% CPU
Optimizing NNI: done in 0.000432998 secs using 330.3% CPU
Optimizing NNI: done in 0.000733981 secs using 99.59% CPU
Optimizing NNI: done in 0.000621247 secs using 99.8% CPU
Optimizing NNI: done in 0.000649336 secs using 254.3% CPU
Optimizing NNI: done in 0.000713319 secs using 239.9% CPU
Optimizing NNI: done in 0.00077653 secs using 224.8% CPU
Optimizing NNI: done in 0.000751349 secs using 100.4% CPU
Optimizing NNI: done in 0.000732339 secs using 236.2% CPU
Optimizing NNI: done in 0.000651772 secs using 99.42% CPU
Optimizing NNI: done in 0.000684076 secs using 246% CPU
Optimizing NNI: done in 0.000758007 secs using 231.5% CPU
Optimizing NNI: done in 0.000846636 secs using 217.8% CPU
Optimizing NNI: done in 0.000712011 secs using 240.2% CPU
Optimizing NNI: done in 0.000622735 secs using 260.3% CPU
Optimizing NNI: done in 0.000924114 secs using 215.6% CPU
Optimizing NNI: done in 0.000641317 secs using 194.1% CPU
Optimizing NNI: done in 0.000559161 secs using 99.79% CPU
Optimizing NNI: done in 0.000625859 secs using 259.5% CPU
Optimizing NNI: done in 0.000717775 secs using 99.2% CPU
Optimizing NNI: done in 0.000685196 secs using 245.5% CPU
Optimizing NNI: done in 0.000605481 secs using 99.76% CPU
Optimizing NNI: done in 0.000684347 secs using 245.9% CPU
Optimizing NNI: done in 0.000617408 secs using 99.93% CPU
Optimizing NNI: done in 0.000946819 secs using 205.4% CPU
Optimizing NNI: done in 0.000711035 secs using 240.2% CPU
Optimizing NNI: done in 0.000631101 secs using 258.1% CPU
Optimizing NNI: done in 0.000665407 secs using 249.9% CPU
Optimizing NNI: done in 0.000727613 secs using 99.64% CPU
Optimizing NNI: done in 0.000465491 secs using 99.68% CPU
Optimizing NNI: done in 0.000803997 secs using 99.88% CPU
Optimizing NNI: done in 0.000821788 secs using 221.6% CPU
1000 samples done
Total 942 ufboot trees refined
TREE SEARCH COMPLETED AFTER 102 ITERATIONS / Time: 0h:0m:26s

--------------------------------------------------------------------
|                    FINALIZING TREE SEARCH                        |
--------------------------------------------------------------------
Performs final model parameters optimization
Estimate model parameters (epsilon = 0.010)
1. Initial log-likelihood: -354.945
Optimal log-likelihood: -354.945
Parameters optimization took 1 rounds (0.001 sec)
BEST SCORE FOUND : -354.945
Creating bootstrap support values...
Split supports printed to NEXUS file 11_alignment_files/part3_trimmed.afa.splits.nex
Total tree length: 0.300

Total number of iterations: 102
CPU time used for tree search: 9.114 sec (0h:0m:9s)
Wall-clock time used for tree search: 4.666 sec (0h:0m:4s)
Total CPU time used: 50.140 sec (0h:0m:50s)
Total wall-clock time used: 26.381 sec (0h:0m:26s)
UFBoot trees printed to 11_alignment_files/part3_trimmed.afa.ufboot

Computing bootstrap consensus tree...
Reading input file 11_alignment_files/part3_trimmed.afa.splits.nex...
10 taxa and 40 splits.
Consensus tree written to 11_alignment_files/part3_trimmed.afa.contree
Reading input trees file 11_alignment_files/part3_trimmed.afa.contree
Log-likelihood of consensus tree: -354.946

Analysis results written to: 
  IQ-TREE report:                11_alignment_files/part3_trimmed.afa.iqtree
  Maximum-likelihood tree:       11_alignment_files/part3_trimmed.afa.treefile
  Likelihood distances:          11_alignment_files/part3_trimmed.afa.mldist

Ultrafast bootstrap approximation results written to:
  Split support values:          11_alignment_files/part3_trimmed.afa.splits.nex
  Consensus tree:                11_alignment_files/part3_trimmed.afa.contree
  UFBoot trees:                  11_alignment_files/part3_trimmed.afa.ufboot
  Screen log file:               11_alignment_files/part3_trimmed.afa.log

Date and Time: Sun Nov 30 17:52:03 2025
