IQ-TREE version 3.0.1 for Linux x86 64-bit built Jul  9 2025
Developed by Bui Quang Minh, Thomas Wong, Nhan Ly-Trong, Huaiyan Ren
Contributed by Lam-Tung Nguyen, Dominik Schrempf, Chris Bielow,
Olga Chernomor, Michael Woodhams, Diep Thi Hoang, Heiko Schmidt

Host:    thecomputer2 (AVX512, FMA3, 31 GB RAM)
Command: iqtree3 -s 11_alignment_files/part2_trimmed.afa -m MFP -B 1000 -bnni -T AUTO -redo
Seed:    465681 (Using SPRNG - Scalable Parallel Random Number Generator)
Time:    Sun Nov 30 17:41:50 2025
Kernel:  AVX+FMA - auto-detect threads (8 CPU cores detected)

Reading alignment file 11_alignment_files/part2_trimmed.afa ... Fasta format detected
Reading fasta file: done in 8.361e-05 secs using 32.29% CPU
Alignment most likely contains protein sequences
Constructing alignment: done in 0.000146623 secs using 183.5% CPU
Alignment has 16 sequences with 168 columns, 70 distinct patterns
17 parsimony-informative, 4 singleton sites, 147 constant sites
                        Gap/Ambiguity  Composition  p-value
Analyzing sequences: done in 1.9171e-05 secs using 88.68% CPU
   1  Heptranchias_perlo       61.31%    passed     79.52%
   2  Etmopterus_spinax        64.29%    passed     65.59%
   3  Etmopterus_pusillus      65.48%    passed     68.09%
   4  sampleB_part2             4.17%    passed    100.00%
   5  Delphinapterus_leucas     0.00%    passed    100.00%
   6  Monodon_monoceros         0.00%    passed    100.00%
   7  Eubalaena_japonica        0.00%    passed    100.00%
   8  Eubalaena_glacialis       0.00%    passed    100.00%
   9  Eubalaena_australis       0.00%    passed    100.00%
  10  Balaena_mysticetus        0.00%    passed    100.00%
  11  sampleD_part2             3.57%    passed    100.00%
  12  sampleA_part2             0.60%    passed    100.00%
  13  Dermochelys_coriacea      0.00%    passed    100.00%
  14  Natator_depressus         0.00%    passed    100.00%
  15  Eretmochelys_imbricata    0.00%    passed    100.00%
  16  Stigmochelys_pardalis     0.00%    passed    100.00%
WARNING: 3 sequences contain more than 50% gaps/ambiguity
****  TOTAL                    12.46%  0 sequences failed composition chi2 test (p-value<5%; df=19)
NOTE: Eubalaena_glacialis is identical to Eubalaena_japonica but kept for subsequent analysis
NOTE: Natator_depressus is identical to Dermochelys_coriacea but kept for subsequent analysis
Checking for duplicate sequences: done in 0.000381679 secs using 223.5% CPU
Identifying sites to remove: done in 6.3604e-05 secs using 95.91% CPU
NOTE: 2 identical sequences (see below) will be ignored for subsequent analysis
NOTE: Eubalaena_australis (identical to Eubalaena_japonica) is ignored but added at the end
NOTE: Balaena_mysticetus (identical to Eubalaena_japonica) is ignored but added at the end
Alignment was printed to 11_alignment_files/part2_trimmed.afa.uniqueseq.phy

For your convenience alignment with unique sequences printed to 11_alignment_files/part2_trimmed.afa.uniqueseq.phy


Create initial parsimony tree by phylogenetic likelihood library (PLL)... 0.000 seconds
Measuring multi-threading efficiency up to 8 CPU cores
Increase to 10 rounds for branch lengths
734 trees examined
Threads: 1 / Time: 8.001 sec / Speedup: 1.000 / Efficiency: 100% / LogL: -782
Threads: 2 / Time: 5.456 sec / Speedup: 1.467 / Efficiency: 73% / LogL: -782
Threads: 3 / Time: 5.239 sec / Speedup: 1.527 / Efficiency: 51% / LogL: -782
Threads: 4 / Time: 5.368 sec / Speedup: 1.490 / Efficiency: 37% / LogL: -782
Determining AUTO threadcount: done in 24.0644 secs using 231.4% CPU
BEST NUMBER OF THREADS: 2

Perform fast likelihood tree search using LG+I+G model...
Estimate model parameters (epsilon = 5.000)
Perform nearest neighbor interchange...
Optimizing NNI: done in 0.0287758 secs using 197.3% CPU
Estimate model parameters (epsilon = 1.000)
1. Initial log-likelihood: -648.484
Optimal log-likelihood: -648.481
Proportion of invariable sites: 0.431
Gamma shape alpha: 998.435
Parameters optimization took 1 rounds (0.009 sec)
Time for fast ML tree search: 0.054 seconds

NOTE: ModelFinder requires 2 MB RAM!
ModelFinder will test up to 1232 protein models (sample size: 168 epsilon: 0.100) ...
 No. Model         -LnL         df  AIC          AICc         BIC
  1  LG            648.610      25  1347.220     1356.375     1425.319
  2  LG+I          648.405      26  1348.809     1358.767     1430.033
  3  LG+G4         648.438      26  1348.876     1358.834     1430.100
  4  LG+I+G4       648.478      27  1350.957     1361.757     1435.304
  5  LG+R2         648.439      27  1350.879     1361.679     1435.226
  6  LG+R3         648.462      29  1354.923     1367.532     1445.518
 14  LG+I+R2       648.611      28  1353.223     1364.906     1440.694
 15  LG+I+R3       648.513      30  1357.025     1370.602     1450.744
 23  LG+F          611.783      44  1311.566     1343.761     1449.021
 24  LG+F+I        611.576      45  1313.151     1347.086     1453.730
 25  LG+F+G4       611.628      45  1313.255     1347.189     1453.833
 26  LG+F+I+G4     611.649      46  1315.297     1351.033     1459.000
 27  LG+F+R2       611.619      46  1315.238     1350.974     1458.941
 45  WAG           650.161      25  1350.321     1359.476     1428.420
 46  WAG+I         649.872      26  1351.744     1361.702     1432.967
 47  WAG+G4        649.901      26  1351.803     1361.760     1433.026
 48  WAG+I+G4      649.902      27  1353.803     1364.603     1438.150
 49  WAG+R2        649.916      27  1353.832     1364.632     1438.179
 67  WAG+F         614.497      44  1316.995     1349.190     1454.449
 68  WAG+F+I       614.258      45  1318.516     1352.451     1459.095
 69  WAG+F+G4      614.317      45  1318.635     1352.569     1459.213
 70  WAG+F+I+G4    614.307      46  1320.614     1356.350     1464.316
 71  WAG+F+R2      614.304      46  1320.608     1356.343     1464.310
 89  JTT           647.915      25  1345.830     1354.985     1423.929
 90  JTT+I         647.689      26  1347.377     1357.335     1428.600
 91  JTT+G4        647.723      26  1347.445     1357.403     1428.669
 92  JTT+I+G4      647.742      27  1349.484     1360.284     1433.831
 93  JTT+R2        647.715      27  1349.429     1360.229     1433.776
111  JTT+F         612.586      44  1313.172     1345.367     1450.626
112  JTT+F+I       612.440      45  1314.881     1348.815     1455.459
113  JTT+F+G4      612.496      45  1314.992     1348.926     1455.570
114  JTT+F+I+G4    612.551      46  1317.101     1352.837     1460.804
115  JTT+F+R2      612.482      46  1316.963     1352.699     1460.666
133  Q.PFAM        648.459      25  1346.918     1356.073     1425.017
134  Q.PFAM+I      648.266      26  1348.531     1358.489     1429.754
135  Q.PFAM+G4     648.312      26  1348.625     1358.582     1429.848
136  Q.PFAM+I+G4   648.333      27  1350.667     1361.467     1435.014
137  Q.PFAM+R2     648.297      27  1350.594     1361.394     1434.941
155  Q.PFAM+F      612.239      44  1312.478     1344.673     1449.933
156  Q.PFAM+F+I    612.029      45  1314.059     1347.993     1454.637
157  Q.PFAM+F+G4   612.097      45  1314.194     1348.128     1454.772
158  Q.PFAM+F+I+G4 612.088      46  1316.177     1351.912     1459.879
159  Q.PFAM+F+R2   612.075      46  1316.149     1351.885     1459.852
177  Q.BIRD        661.351      25  1372.702     1381.857     1450.801
178  Q.BIRD+I      660.834      26  1373.668     1383.625     1454.891
179  Q.BIRD+G4     660.905      26  1373.810     1383.768     1455.033
180  Q.BIRD+I+G4   660.836      27  1375.671     1386.471     1460.018
181  Q.BIRD+R2     660.945      27  1375.890     1386.690     1460.237
199  Q.BIRD+F      618.042      44  1324.084     1356.279     1461.538
200  Q.BIRD+F+I    617.609      45  1325.217     1359.152     1465.795
201  Q.BIRD+F+G4   617.729      45  1325.458     1359.392     1466.036
202  Q.BIRD+F+I+G4 617.611      46  1327.223     1362.958     1470.925
203  Q.BIRD+F+R2   617.705      46  1327.411     1363.146     1471.113
221  Q.MAMMAL      661.461      25  1372.923     1382.078     1451.022
222  Q.MAMMAL+I    661.124      26  1374.248     1384.205     1455.471
223  Q.MAMMAL+G4   661.183      26  1374.366     1384.324     1455.589
224  Q.MAMMAL+I+G4 661.133      27  1376.266     1387.066     1460.613
225  Q.MAMMAL+R2   661.169      27  1376.338     1387.138     1460.685
243  Q.MAMMAL+F    616.142      44  1320.285     1352.480     1457.739
244  Q.MAMMAL+F+I  615.879      45  1321.758     1355.692     1462.336
245  Q.MAMMAL+F+G4 615.980      45  1321.961     1355.895     1462.539
246  Q.MAMMAL+F+I+G4 615.912      46  1323.825     1359.560     1467.527
247  Q.MAMMAL+F+R2 615.941      46  1323.882     1359.618     1467.585
265  Q.INSECT      657.088      25  1364.176     1373.331     1442.275
266  Q.INSECT+I    656.832      26  1365.664     1375.622     1446.887
267  Q.INSECT+G4   656.871      26  1365.743     1375.700     1446.966
268  Q.INSECT+I+G4 656.861      27  1367.721     1378.521     1452.069
269  Q.INSECT+R2   656.856      27  1367.712     1378.512     1452.059
287  Q.INSECT+F    611.446      44  1310.892     1343.087     1448.346
288  Q.INSECT+F+I  611.251      45  1312.501     1346.436     1453.080
289  Q.INSECT+F+G4 611.301      45  1312.602     1346.536     1453.180
290  Q.INSECT+F+I+G4 611.309      46  1314.618     1350.354     1458.320
291  Q.INSECT+F+R2 611.283      46  1314.566     1350.302     1458.269
309  Q.PLANT       651.634      25  1353.267     1362.422     1431.366
310  Q.PLANT+I     651.249      26  1354.499     1364.456     1435.722
311  Q.PLANT+G4    651.289      26  1354.578     1364.536     1435.801
312  Q.PLANT+I+G4  651.252      27  1356.503     1367.303     1440.850
313  Q.PLANT+R2    651.295      27  1356.590     1367.390     1440.937
331  Q.PLANT+F     614.518      44  1317.036     1349.231     1454.490
332  Q.PLANT+F+I   614.248      45  1318.495     1352.430     1459.074
333  Q.PLANT+F+G4  614.306      45  1318.613     1352.547     1459.191
334  Q.PLANT+F+I+G4 614.273      46  1320.546     1356.282     1464.248
335  Q.PLANT+F+R2  614.284      46  1320.567     1356.303     1464.270
353  Q.YEAST       656.489      25  1362.978     1372.132     1441.077
354  Q.YEAST+I     656.247      26  1364.493     1374.451     1445.716
355  Q.YEAST+G4    656.296      26  1364.592     1374.550     1445.815
356  Q.YEAST+I+G4  656.279      27  1366.558     1377.358     1450.905
357  Q.YEAST+R2    656.276      27  1366.552     1377.352     1450.899
375  Q.YEAST+F     610.390      44  1308.780     1340.976     1446.235
376  Q.YEAST+F+I   610.232      45  1310.464     1344.398     1451.042
377  Q.YEAST+F+G4  610.287      45  1310.573     1344.508     1451.152
378  Q.YEAST+F+I+G4 610.312      46  1312.624     1348.360     1456.327
379  Q.YEAST+F+R2  610.276      46  1312.551     1348.287     1456.253
397  JTTDCMUT      647.991      25  1345.982     1355.137     1424.081
398  JTTDCMUT+I    647.764      26  1347.529     1357.486     1428.752
399  JTTDCMUT+G4   647.796      26  1347.592     1357.549     1428.815
400  JTTDCMUT+I+G4 647.800      27  1349.600     1360.400     1433.948
401  JTTDCMUT+R2   647.782      27  1349.565     1360.365     1433.912
419  JTTDCMUT+F    612.435      44  1312.870     1345.066     1450.325
420  JTTDCMUT+F+I  612.289      45  1314.578     1348.513     1455.157
421  JTTDCMUT+F+G4 612.343      45  1314.686     1348.621     1455.265
422  JTTDCMUT+F+I+G4 612.374      46  1316.747     1352.483     1460.450
423  JTTDCMUT+F+R2 612.334      46  1316.668     1352.404     1460.370
441  DCMUT         664.771      25  1379.543     1388.698     1457.642
442  DCMUT+I       663.373      26  1378.746     1388.704     1459.969
443  DCMUT+G4      663.426      26  1378.851     1388.808     1460.074
444  DCMUT+I+G4    663.418      27  1380.836     1391.636     1465.183
445  DCMUT+R2      663.777      27  1381.555     1392.355     1465.902
463  DCMUT+F       618.850      44  1325.700     1357.895     1463.154
464  DCMUT+F+I     617.688      45  1325.375     1359.309     1465.953
465  DCMUT+F+G4    617.759      45  1325.518     1359.452     1466.096
466  DCMUT+F+I+G4  617.731      46  1327.461     1363.197     1471.163
467  DCMUT+F+R2    617.971      46  1327.943     1363.678     1471.645
485  VT            651.208      25  1352.416     1361.571     1430.515
486  VT+I          650.944      26  1353.888     1363.845     1435.111
487  VT+G4         650.986      26  1353.973     1363.930     1435.196
488  VT+I+G4       650.962      27  1355.925     1366.725     1440.272
489  VT+R2         650.968      27  1355.936     1366.736     1440.283
507  VT+F          615.213      44  1318.425     1350.621     1455.880
508  VT+F+I        614.996      45  1319.992     1353.926     1460.570
509  VT+F+G4       615.058      45  1320.116     1354.050     1460.694
510  VT+F+I+G4     615.031      46  1322.062     1357.798     1465.765
511  VT+F+R2       615.036      46  1322.071     1357.807     1465.773
529  PMB           648.955      25  1347.910     1357.065     1426.009
530  PMB+I         648.625      26  1349.250     1359.208     1430.473
531  PMB+G4        648.680      26  1349.360     1359.317     1430.583
532  PMB+I+G4      648.629      27  1351.258     1362.058     1435.605
533  PMB+R2        648.661      27  1351.322     1362.122     1435.669
551  PMB+F         617.643      44  1323.287     1355.482     1460.741
552  PMB+F+I       617.324      45  1324.648     1358.583     1465.226
553  PMB+F+G4      617.393      45  1324.786     1358.720     1465.364
554  PMB+F+I+G4    617.330      46  1326.660     1362.395     1470.362
555  PMB+F+R2      617.366      46  1326.733     1362.468     1470.435
573  BLOSUM62      647.798      25  1345.596     1354.751     1423.695
574  BLOSUM62+I    647.551      26  1347.103     1357.060     1428.326
575  BLOSUM62+G4   647.604      26  1347.207     1357.165     1428.430
576  BLOSUM62+I+G4 647.573      27  1349.147     1359.947     1433.494
577  BLOSUM62+R2   647.581      27  1349.163     1359.963     1433.510
595  BLOSUM62+F    615.953      44  1319.905     1352.101     1457.360
596  BLOSUM62+F+I  615.702      45  1321.404     1355.339     1461.983
597  BLOSUM62+F+G4 615.772      45  1321.544     1355.479     1462.123
598  BLOSUM62+F+I+G4 615.723      46  1323.446     1359.182     1467.149
599  BLOSUM62+F+R2 615.743      46  1323.486     1359.222     1467.189
617  DAYHOFF       664.506      25  1379.011     1388.166     1457.110
618  DAYHOFF+I     663.220      26  1378.439     1388.397     1459.662
619  DAYHOFF+G4    663.272      26  1378.543     1388.501     1459.766
620  DAYHOFF+I+G4  663.263      27  1380.525     1391.325     1464.872
621  DAYHOFF+R2    663.548      27  1381.097     1391.897     1465.444
639  DAYHOFF+F     618.514      44  1325.029     1357.224     1462.483
640  DAYHOFF+F+I   617.494      45  1324.988     1358.923     1465.567
641  DAYHOFF+F+G4  617.566      45  1325.133     1359.067     1465.711
642  DAYHOFF+F+I+G4 617.534      46  1327.067     1362.803     1470.769
643  DAYHOFF+F+R2  617.707      46  1327.414     1363.149     1471.116
661  MTREV         627.491      25  1304.982     1314.137     1383.081
662  MTREV+I       627.221      26  1306.441     1316.399     1387.664
663  MTREV+G4      627.299      26  1306.598     1316.556     1387.821
664  MTREV+I+G4    627.242      27  1308.485     1319.285     1392.832
665  MTREV+R2      627.268      27  1308.536     1319.336     1392.883
683  MTREV+F       612.873      44  1313.746     1345.941     1451.200
684  MTREV+F+I     612.661      45  1315.322     1349.256     1455.900
685  MTREV+F+G4    612.714      45  1315.428     1349.363     1456.007
686  MTREV+F+I+G4  612.705      46  1317.409     1353.145     1461.112
687  MTREV+F+R2    612.699      46  1317.398     1353.134     1461.101
705  MTART         627.334      25  1304.668     1313.823     1382.767
706  MTART+I       626.787      26  1305.574     1315.531     1386.797
707  MTART+G4      626.892      26  1305.784     1315.741     1387.007
708  MTART+I+G4    626.794      27  1307.588     1318.388     1391.935
709  MTART+R2      626.891      27  1307.783     1318.583     1392.130
727  MTART+F       613.187      44  1314.374     1346.569     1451.828
728  MTART+F+I     612.893      45  1315.786     1349.721     1456.365
729  MTART+F+G4    612.959      45  1315.918     1349.853     1456.497
730  MTART+F+I+G4  612.912      46  1317.824     1353.559     1461.526
731  MTART+F+R2    612.934      46  1317.868     1353.603     1461.570
749  MTZOA         619.572      25  1289.144     1298.299     1367.243
750  MTZOA+I       619.378      26  1290.757     1300.714     1371.980
751  MTZOA+G4      619.462      26  1290.923     1300.881     1372.147
752  MTZOA+I+G4    619.429      27  1292.859     1303.659     1377.206
753  MTZOA+R2      619.445      27  1292.889     1303.689     1377.236
771  MTZOA+F       609.194      44  1306.388     1338.583     1443.843
772  MTZOA+F+I     609.084      45  1308.169     1342.103     1448.747
773  MTZOA+F+G4    609.141      45  1308.283     1342.217     1448.861
774  MTZOA+F+I+G4  609.202      46  1310.404     1346.139     1454.106
775  MTZOA+F+R2    609.164      46  1310.329     1346.064     1454.031
793  MTMET         634.183      25  1318.366     1327.521     1396.465
794  MTMET+I       633.877      26  1319.754     1329.711     1400.977
795  MTMET+G4      633.996      26  1319.992     1329.950     1401.216
796  MTMET+I+G4    633.885      27  1321.770     1332.570     1406.117
797  MTMET+R2      633.952      27  1321.904     1332.704     1406.251
815  MTMET+F       612.073      44  1312.145     1344.340     1449.600
816  MTMET+F+I     611.877      45  1313.753     1347.688     1454.332
817  MTMET+F+G4    611.959      45  1313.918     1347.852     1454.496
818  MTMET+F+I+G4  611.923      46  1315.845     1351.581     1459.548
819  MTMET+F+R2    611.937      46  1315.875     1351.610     1459.577
837  MTVER         633.513      25  1317.027     1326.182     1395.126
838  MTVER+I       633.102      26  1318.204     1328.162     1399.428
839  MTVER+G4      633.267      26  1318.533     1328.491     1399.756
840  MTVER+I+G4    633.103      27  1320.205     1331.005     1404.552
841  MTVER+R2      633.211      27  1320.421     1331.221     1404.768
859  MTVER+F       614.198      44  1316.395     1348.590     1453.850
860  MTVER+F+I     613.896      45  1317.793     1351.727     1458.371
861  MTVER+F+G4    614.015      45  1318.030     1351.964     1458.608
862  MTVER+F+I+G4  613.906      46  1319.813     1355.548     1463.515
863  MTVER+F+R2    613.969      46  1319.938     1355.673     1463.640
881  MTINV         643.760      25  1337.521     1346.676     1415.620
882  MTINV+I       643.428      26  1338.855     1348.813     1420.078
883  MTINV+G4      643.526      26  1339.053     1349.010     1420.276
884  MTINV+I+G4    643.430      27  1340.860     1351.660     1425.207
885  MTINV+R2      643.488      27  1340.976     1351.776     1425.323
903  MTINV+F       611.015      44  1310.030     1342.225     1447.485
904  MTINV+F+I     610.898      45  1311.795     1345.730     1452.374
905  MTINV+F+G4    610.952      45  1311.904     1345.838     1452.482
906  MTINV+F+I+G4  610.991      46  1313.983     1349.718     1457.685
907  MTINV+F+R2    610.967      46  1313.934     1349.670     1457.636
925  MTMAM         630.379      25  1310.758     1319.913     1388.857
926  MTMAM+I       629.466      26  1310.931     1320.889     1392.154
927  MTMAM+G4      629.714      26  1311.427     1321.385     1392.650
928  MTMAM+I+G4    629.526      27  1313.053     1323.853     1397.400
929  MTMAM+R2      629.724      27  1313.449     1324.249     1397.796
947  MTMAM+F       616.973      44  1321.947     1354.142     1459.401
948  MTMAM+F+I     616.224      45  1322.447     1356.382     1463.026
949  MTMAM+F+G4    616.393      45  1322.786     1356.720     1463.364
950  MTMAM+F+I+G4  616.247      46  1324.495     1360.230     1468.197
951  MTMAM+F+R2    616.386      46  1324.772     1360.507     1468.474
969  FLAVI         648.345      25  1346.690     1355.845     1424.789
970  FLAVI+I       646.624      26  1345.248     1355.205     1426.471
971  FLAVI+G4      646.705      26  1345.409     1355.367     1426.632
972  FLAVI+I+G4    646.703      27  1347.405     1358.205     1431.752
973  FLAVI+R2      647.157      27  1348.313     1359.113     1432.661
991  FLAVI+F       624.358      44  1336.717     1368.912     1474.171
992  FLAVI+F+I     622.757      45  1335.513     1369.448     1476.092
993  FLAVI+F+G4    622.839      45  1335.679     1369.613     1476.257
994  FLAVI+F+I+G4  622.829      46  1337.659     1373.394     1481.361
995  FLAVI+F+R2    623.205      46  1338.410     1374.146     1482.112
1013  HIVB          665.851      25  1381.702     1390.857     1459.802
1014  HIVB+I        663.971      26  1379.942     1389.899     1461.165
1015  HIVB+G4       664.087      26  1380.174     1390.131     1461.397
1016  HIVB+I+G4     664.111      27  1382.222     1393.022     1466.569
1017  HIVB+R2       664.604      27  1383.207     1394.007     1467.554
1035  HIVB+F        624.976      44  1337.952     1370.148     1475.407
1036  HIVB+F+I      623.517      45  1337.033     1370.967     1477.611
1037  HIVB+F+G4     623.596      45  1337.191     1371.126     1477.770
1038  HIVB+F+I+G4   623.596      46  1339.191     1374.927     1482.893
1039  HIVB+F+R2     623.899      46  1339.798     1375.534     1483.500
1057  HIVW          679.900      25  1409.801     1418.956     1487.900
1058  HIVW+I        678.695      26  1409.390     1419.348     1490.613
1059  HIVW+G4       678.829      26  1409.658     1419.615     1490.881
1060  HIVW+I+G4     678.806      27  1411.612     1422.412     1495.959
1061  HIVW+R2       678.984      27  1411.968     1422.768     1496.315
1079  HIVW+F        626.534      44  1341.068     1373.263     1478.523
1080  HIVW+F+I      625.868      45  1341.736     1375.670     1482.314
1081  HIVW+F+G4     626.016      45  1342.032     1375.967     1482.610
1082  HIVW+F+I+G4   625.895      46  1343.790     1379.525     1487.492
1083  HIVW+F+R2     625.977      46  1343.955     1379.691     1487.657
1101  FLU           661.961      25  1373.922     1383.077     1452.021
1102  FLU+I         660.668      26  1373.336     1383.294     1454.559
1103  FLU+G4        660.768      26  1373.537     1383.494     1454.760
1104  FLU+I+G4      660.752      27  1375.505     1386.305     1459.852
1105  FLU+R2        660.929      27  1375.858     1386.658     1460.205
1123  FLU+F         618.855      44  1325.710     1357.905     1463.165
1124  FLU+F+I       617.853      45  1325.706     1359.640     1466.284
1125  FLU+F+G4      617.923      45  1325.846     1359.780     1466.424
1126  FLU+F+I+G4    617.892      46  1327.784     1363.520     1471.487
1127  FLU+F+R2      617.982      46  1327.965     1363.700     1471.667
1145  RTREV         652.908      25  1355.815     1364.970     1433.914
1146  RTREV+I       652.440      26  1356.880     1366.837     1438.103
1147  RTREV+G4      652.475      26  1356.950     1366.908     1438.173
1148  RTREV+I+G4    652.440      27  1358.880     1369.680     1443.227
1149  RTREV+R2      652.459      27  1358.917     1369.717     1443.264
1167  RTREV+F       613.384      44  1314.768     1346.963     1452.222
1168  RTREV+F+I     612.861      45  1315.722     1349.657     1456.301
1169  RTREV+F+G4    612.915      45  1315.831     1349.765     1456.409
1170  RTREV+F+I+G4  612.864      46  1317.728     1353.464     1461.431
1171  RTREV+F+R2    612.893      46  1317.787     1353.523     1461.489
1189  CPREV         645.032      25  1340.065     1349.219     1418.164
1190  CPREV+I       644.641      26  1341.282     1351.240     1422.505
1191  CPREV+G4      644.665      26  1341.330     1351.288     1422.553
1192  CPREV+I+G4    644.641      27  1343.282     1354.082     1427.629
1193  CPREV+R2      644.655      27  1343.309     1354.109     1427.656
1211  CPREV+F       615.896      44  1319.792     1351.987     1457.247
1212  CPREV+F+I     615.679      45  1321.359     1355.293     1461.937
1213  CPREV+F+G4    615.706      45  1321.411     1355.346     1461.990
1214  CPREV+F+I+G4  615.712      46  1323.425     1359.160     1467.127
1215  CPREV+F+R2    615.720      46  1323.440     1359.176     1467.142
Akaike Information Criterion:           MTZOA
Corrected Akaike Information Criterion: MTZOA
Bayesian Information Criterion:         MTZOA
Best-fit model: MTZOA chosen according to BIC

All model information printed to 11_alignment_files/part2_trimmed.afa.model.gz
CPU time for ModelFinder: 60.278 seconds (0h:1m:0s)
Wall-clock time for ModelFinder: 26.357 seconds (0h:0m:26s)
WARNING: States(s) C rarely appear in alignment and may cause numerical problems
Generating 1000 samples for ultrafast bootstrap (seed: 465681)...

NOTE: 0 MB RAM (0 GB) is required!
Estimate model parameters (epsilon = 0.100)
1. Initial log-likelihood: -619.624
Optimal log-likelihood: -619.572
Parameters optimization took 1 rounds (0.001 sec)
Wrote distance file to... 
Computing ML distances based on estimated model parameters...
Calculating distance matrix: done in 0.00532657 secs using 207% CPU
Computing ML distances took 0.005403 sec (of wall-clock time) 0.011109 sec (of CPU time)
Setting up auxiliary I and S matrices: done in 0.000112307 secs using 152.3% CPU
Constructing RapidNJ tree: done in 0.00169424 secs using 194.7% CPU
Computing RapidNJ tree took 0.001879 sec (of wall-clock time) 0.003572 sec (of CPU time)
Log-likelihood of RapidNJ tree: -619.574
--------------------------------------------------------------------
|             INITIALIZING CANDIDATE TREE SET                      |
--------------------------------------------------------------------
Generating 98 parsimony trees... 0.037 second
Computing log-likelihood of 98 initial trees ... 0.068 seconds
Current best score: -619.572

Do NNI search on 20 best initial trees
Optimizing NNI: done in 0.00424498 secs using 217.7% CPU
Estimate model parameters (epsilon = 0.100)
BETTER TREE FOUND at iteration 1: -619.572
Optimizing NNI: done in 0.0042588 secs using 193.6% CPU
Optimizing NNI: done in 0.00600068 secs using 200% CPU
UPDATE BEST LOG-LIKELIHOOD: -619.572
Optimizing NNI: done in 0.00639729 secs using 193.8% CPU
Optimizing NNI: done in 0.0067876 secs using 188.5% CPU
UPDATE BEST LOG-LIKELIHOOD: -619.572
Optimizing NNI: done in 0.00674588 secs using 203.7% CPU
Optimizing NNI: done in 0.00711525 secs using 184.3% CPU
Optimizing NNI: done in 0.00679568 secs using 203% CPU
Optimizing NNI: done in 0.00709841 secs using 198.6% CPU
Optimizing NNI: done in 0.00708748 secs using 198.7% CPU
Iteration 10 / LogL: -619.572 / Time: 0h:0m:26s
Optimizing NNI: done in 0.00714646 secs using 211.9% CPU
Optimizing NNI: done in 0.00556813 secs using 189.8% CPU
Optimizing NNI: done in 0.00608242 secs using 198.5% CPU
Optimizing NNI: done in 0.00693428 secs using 200.9% CPU
Optimizing NNI: done in 0.00720064 secs using 211.1% CPU
Optimizing NNI: done in 0.00698093 secs using 200.3% CPU
Optimizing NNI: done in 0.00652318 secs using 192% CPU
Optimizing NNI: done in 0.00695696 secs using 186.2% CPU
Optimizing NNI: done in 0.00702046 secs using 157% CPU
Optimizing NNI: done in 0.00733748 secs using 195.2% CPU
Iteration 20 / LogL: -619.572 / Time: 0h:0m:26s
Finish initializing candidate tree set (5)
Current best tree score: -619.572 / CPU time: 0.246
Number of iterations: 20
--------------------------------------------------------------------
|               OPTIMIZING CANDIDATE TREE SET                      |
--------------------------------------------------------------------
Optimizing NNI: done in 0.0133 secs using 205.2% CPU
Optimizing NNI: done in 0.00684476 secs using 202.2% CPU
Optimizing NNI: done in 0.00978717 secs using 181.7% CPU
Optimizing NNI: done in 0.00945254 secs using 184.6% CPU
Optimizing NNI: done in 0.0107463 secs using 183.7% CPU
Optimizing NNI: done in 0.0134336 secs using 196.8% CPU
Optimizing NNI: done in 0.010916 secs using 200.7% CPU
Optimizing NNI: done in 0.0139251 secs using 200.5% CPU
Optimizing NNI: done in 0.00965015 secs using 193.2% CPU
Optimizing NNI: done in 0.0128937 secs using 200.8% CPU
Iteration 30 / LogL: -619.572 / Time: 0h:0m:26s (0h:0m:0s left)
Optimizing NNI: done in 0.0149723 secs using 186.8% CPU
Optimizing NNI: done in 0.0106465 secs using 193.9% CPU
Optimizing NNI: done in 0.00695294 secs using 200.6% CPU
Optimizing NNI: done in 0.00689467 secs using 187% CPU
UPDATE BEST LOG-LIKELIHOOD: -619.572
Optimizing NNI: done in 0.0112615 secs using 206.5% CPU
Optimizing NNI: done in 0.0075822 secs using 205.5% CPU
Optimizing NNI: done in 0.00878187 secs using 202.5% CPU
Optimizing NNI: done in 0.0104063 secs using 196.1% CPU
Optimizing NNI: done in 0.0115187 secs using 195.5% CPU
UPDATE BEST LOG-LIKELIHOOD: -619.572
Optimizing NNI: done in 0.00810802 secs using 186.2% CPU
Iteration 40 / LogL: -619.572 / Time: 0h:0m:26s (0h:0m:0s left)
Optimizing NNI: done in 0.00755268 secs using 205.9% CPU
Optimizing NNI: done in 0.0102965 secs using 197.1% CPU
Optimizing NNI: done in 0.0062767 secs using 179.7% CPU
Optimizing NNI: done in 0.0140318 secs using 199.8% CPU
Optimizing NNI: done in 0.00822651 secs using 197.1% CPU
Optimizing NNI: done in 0.0103485 secs using 206.3% CPU
Optimizing NNI: done in 0.010471 secs using 186% CPU
Optimizing NNI: done in 0.00728725 secs using 196% CPU
Optimizing NNI: done in 0.00647282 secs using 192.6% CPU
Optimizing NNI: done in 0.0122096 secs using 206.4% CPU
Iteration 50 / LogL: -619.572 / Time: 0h:0m:27s (0h:0m:0s left)
Optimizing NNI: done in 0.00699984 secs using 185.7% CPU
Optimizing NNI: done in 0.0104683 secs using 195.5% CPU
Optimizing NNI: done in 0.00684046 secs using 187.7% CPU
Optimizing NNI: done in 0.0106335 secs using 184.6% CPU
Optimizing NNI: done in 0.0168543 secs using 200.8% CPU
Optimizing NNI: done in 0.00738847 secs using 194.6% CPU
Optimizing NNI: done in 0.011255 secs using 188.8% CPU
Optimizing NNI: done in 0.00864025 secs using 192.6% CPU
Optimizing NNI: done in 0.0122916 secs using 197.6% CPU
Optimizing NNI: done in 0.0138191 secs using 201.3% CPU
Iteration 60 / LogL: -619.572 / Time: 0h:0m:27s (0h:0m:0s left)
Optimizing NNI: done in 0.010947 secs using 200.5% CPU
Optimizing NNI: done in 0.00649576 secs using 192.3% CPU
Optimizing NNI: done in 0.012801 secs using 201.5% CPU
Optimizing NNI: done in 0.0102088 secs using 197.9% CPU
Optimizing NNI: done in 0.0106781 secs using 165.5% CPU
Optimizing NNI: done in 0.0149286 secs using 193.8% CPU
Optimizing NNI: done in 0.00700358 secs using 199.9% CPU
Optimizing NNI: done in 0.00758415 secs using 205.4% CPU
Optimizing NNI: done in 0.0117814 secs using 201.8% CPU
Optimizing NNI: done in 0.00722112 secs using 196.9% CPU
Iteration 70 / LogL: -619.572 / Time: 0h:0m:27s (0h:0m:0s left)
Optimizing NNI: done in 0.00693647 secs using 186.5% CPU
Optimizing NNI: done in 0.00702553 secs using 199.6% CPU
Optimizing NNI: done in 0.010422 secs using 167.1% CPU
Optimizing NNI: done in 0.0140543 secs using 178.3% CPU
Optimizing NNI: done in 0.00675157 secs using 203.6% CPU
Optimizing NNI: done in 0.00845546 secs using 171% CPU
Optimizing NNI: done in 0.01148 secs using 195.8% CPU
Optimizing NNI: done in 0.00553572 secs using 208.4% CPU
Optimizing NNI: done in 0.00716017 secs using 183.8% CPU
Optimizing NNI: done in 0.0160316 secs using 187.3% CPU
Iteration 80 / LogL: -619.573 / Time: 0h:0m:27s (0h:0m:0s left)
Optimizing NNI: done in 0.00873482 secs using 191.6% CPU
Optimizing NNI: done in 0.00582941 secs using 185.7% CPU
Optimizing NNI: done in 0.0187564 secs using 201.3% CPU
Optimizing NNI: done in 0.0107769 secs using 192.8% CPU
Optimizing NNI: done in 0.0179849 secs using 194.5% CPU
Optimizing NNI: done in 0.0142069 secs using 205.6% CPU
Optimizing NNI: done in 0.0135364 secs using 196% CPU
Optimizing NNI: done in 0.00744625 secs using 194% CPU
Optimizing NNI: done in 0.00761104 secs using 178.8% CPU
Optimizing NNI: done in 0.0114777 secs using 178.4% CPU
Iteration 90 / LogL: -619.572 / Time: 0h:0m:27s (0h:0m:0s left)
Optimizing NNI: done in 0.00725305 secs using 182.7% CPU
Optimizing NNI: done in 0.00799312 secs using 200.1% CPU
Optimizing NNI: done in 0.0124649 secs using 196.3% CPU
Optimizing NNI: done in 0.00964512 secs using 193.3% CPU
Optimizing NNI: done in 0.0103187 secs using 206.6% CPU
Optimizing NNI: done in 0.0106642 secs using 193.9% CPU
Optimizing NNI: done in 0.0160934 secs using 193.2% CPU
Optimizing NNI: done in 0.0148121 secs using 193.6% CPU
Optimizing NNI: done in 0.00914034 secs using 184.3% CPU
Optimizing NNI: done in 0.00649876 secs using 192.3% CPU
BETTER TREE FOUND at iteration 100: -619.572
Iteration 100 / LogL: -619.572 / Time: 0h:0m:27s (0h:0m:1s left)
Optimizing NNI: done in 0.00609291 secs using 182.1% CPU
Optimizing NNI: done in 0.0104981 secs using 204.8% CPU
UPDATE BEST LOG-LIKELIHOOD: -619.572
Optimizing NNI: done in 0.00629199 secs using 163.6% CPU
UPDATE BEST LOG-LIKELIHOOD: -619.572
Optimizing NNI: done in 0.00786849 secs using 150.8% CPU
Optimizing NNI: done in 0.00752097 secs using 193% CPU
Optimizing NNI: done in 0.0127209 secs using 202.2% CPU
Optimizing NNI: done in 0.00954877 secs using 204.7% CPU
Optimizing NNI: done in 0.0127891 secs using 193.8% CPU
Optimizing NNI: done in 0.00715963 secs using 197.7% CPU
Optimizing NNI: done in 0.00702116 secs using 199.7% CPU
Iteration 110 / LogL: -619.572 / Time: 0h:0m:27s (0h:0m:1s left)
Optimizing NNI: done in 0.00700397 secs using 199.9% CPU
Optimizing NNI: done in 0.00983083 secs using 201.7% CPU
Optimizing NNI: done in 0.00752123 secs using 166.5% CPU
Optimizing NNI: done in 0.010022 secs using 199.7% CPU
Optimizing NNI: done in 0.010559 secs using 194.7% CPU
Optimizing NNI: done in 0.0123292 secs using 197.3% CPU
Optimizing NNI: done in 0.00796731 secs using 200.3% CPU
Optimizing NNI: done in 0.0119111 secs using 184% CPU
Optimizing NNI: done in 0.0120216 secs using 199.8% CPU
Optimizing NNI: done in 0.00683696 secs using 187.7% CPU
Iteration 120 / LogL: -619.572 / Time: 0h:0m:27s (0h:0m:1s left)
Optimizing NNI: done in 0.0131877 secs using 198.6% CPU
Optimizing NNI: done in 0.0139241 secs using 186.2% CPU
Optimizing NNI: done in 0.00953565 secs using 194.4% CPU
Optimizing NNI: done in 0.00704267 secs using 199.3% CPU
Optimizing NNI: done in 0.0108952 secs using 200.9% CPU
Optimizing NNI: done in 0.0104161 secs using 184.7% CPU
Optimizing NNI: done in 0.0136152 secs using 195.5% CPU
Optimizing NNI: done in 0.00685173 secs using 202.1% CPU
Optimizing NNI: done in 0.0108653 secs using 201.2% CPU
Optimizing NNI: done in 0.0103567 secs using 206.2% CPU
Iteration 130 / LogL: -619.572 / Time: 0h:0m:28s (0h:0m:0s left)
Optimizing NNI: done in 0.00647403 secs using 208.1% CPU
Optimizing NNI: done in 0.0164073 secs using 197.5% CPU
Optimizing NNI: done in 0.00903544 secs using 188.5% CPU
Optimizing NNI: done in 0.00940157 secs using 195.7% CPU
Optimizing NNI: done in 0.00690579 secs using 201.3% CPU
Optimizing NNI: done in 0.0187771 secs using 190.5% CPU
Optimizing NNI: done in 0.00665454 secs using 190.2% CPU
Optimizing NNI: done in 0.00686624 secs using 187.3% CPU
Optimizing NNI: done in 0.0171622 secs using 193.2% CPU
Optimizing NNI: done in 0.00980276 secs using 191.8% CPU
Iteration 140 / LogL: -619.572 / Time: 0h:0m:28s (0h:0m:0s left)
Optimizing NNI: done in 0.009778 secs using 202.2% CPU
Optimizing NNI: done in 0.0136864 secs using 202.3% CPU
Optimizing NNI: done in 0.0057115 secs using 205% CPU
Optimizing NNI: done in 0.010639 secs using 194% CPU
Optimizing NNI: done in 0.0127551 secs using 186.3% CPU
Optimizing NNI: done in 0.0124626 secs using 188.1% CPU
Optimizing NNI: done in 0.0136439 secs using 180.6% CPU
Optimizing NNI: done in 0.0106087 secs using 194.2% CPU
Optimizing NNI: done in 0.0128423 secs using 185.7% CPU
Optimizing NNI: done in 0.00813394 secs using 186% CPU
Iteration 150 / LogL: -619.576 / Time: 0h:0m:28s (0h:0m:0s left)
Optimizing NNI: done in 0.0132721 secs using 190.4% CPU
Optimizing NNI: done in 0.0152761 secs using 204.7% CPU
Optimizing NNI: done in 0.0125629 secs using 195.5% CPU
Optimizing NNI: done in 0.0145412 secs using 196.3% CPU
Optimizing NNI: done in 0.00717505 secs using 197.5% CPU
Optimizing NNI: done in 0.00559408 secs using 207.1% CPU
Optimizing NNI: done in 0.018234 secs using 198.7% CPU
Optimizing NNI: done in 0.00962138 secs using 203.9% CPU
Optimizing NNI: done in 0.00585545 secs using 202.4% CPU
Optimizing NNI: done in 0.00915459 secs using 198.3% CPU
Iteration 160 / LogL: -620.131 / Time: 0h:0m:28s (0h:0m:0s left)
Optimizing NNI: done in 0.0110445 secs using 199.6% CPU
Optimizing NNI: done in 0.0103397 secs using 196.6% CPU
Optimizing NNI: done in 0.0123563 secs using 197% CPU
Optimizing NNI: done in 0.0105401 secs using 185.3% CPU
Optimizing NNI: done in 0.0120671 secs using 199.4% CPU
Optimizing NNI: done in 0.00629114 secs using 195.3% CPU
Optimizing NNI: done in 0.00919535 secs using 187% CPU
Optimizing NNI: done in 0.0123846 secs using 196.9% CPU
Optimizing NNI: done in 0.0142155 secs using 198.5% CPU
Optimizing NNI: done in 0.0129588 secs using 200.3% CPU
Iteration 170 / LogL: -619.572 / Time: 0h:0m:28s (0h:0m:0s left)
Optimizing NNI: done in 0.00983497 secs using 181.3% CPU
Optimizing NNI: done in 0.0149932 secs using 193.4% CPU
Optimizing NNI: done in 0.010583 secs using 194.4% CPU
Optimizing NNI: done in 0.00844957 secs using 206.5% CPU
Optimizing NNI: done in 0.0114103 secs using 178.9% CPU
Optimizing NNI: done in 0.0118842 secs using 192.5% CPU
Optimizing NNI: done in 0.00865841 secs using 203.9% CPU
Optimizing NNI: done in 0.00595405 secs using 200.8% CPU
Optimizing NNI: done in 0.00731078 secs using 195.5% CPU
Optimizing NNI: done in 0.00611675 secs using 214.4% CPU
Iteration 180 / LogL: -619.572 / Time: 0h:0m:28s (0h:0m:0s left)
Optimizing NNI: done in 0.0143263 secs using 197.6% CPU
Optimizing NNI: done in 0.00666731 secs using 204.9% CPU
Optimizing NNI: done in 0.00655072 secs using 206.8% CPU
Optimizing NNI: done in 0.00936914 secs using 185.4% CPU
Optimizing NNI: done in 0.00961446 secs using 183.2% CPU
Optimizing NNI: done in 0.00713878 secs using 198% CPU
Optimizing NNI: done in 0.00991877 secs using 200.8% CPU
Optimizing NNI: done in 0.00927844 secs using 186.3% CPU
Optimizing NNI: done in 0.0103133 secs using 206.6% CPU
Optimizing NNI: done in 0.00648843 secs using 177.1% CPU
Iteration 190 / LogL: -619.572 / Time: 0h:0m:28s (0h:0m:0s left)
Optimizing NNI: done in 0.00960446 secs using 193.7% CPU
Optimizing NNI: done in 0.00757141 secs using 205.6% CPU
Optimizing NNI: done in 0.00974457 secs using 202.6% CPU
Optimizing NNI: done in 0.0107352 secs using 183.9% CPU
Optimizing NNI: done in 0.00788026 secs using 188.8% CPU
UPDATE BEST LOG-LIKELIHOOD: -619.572
Optimizing NNI: done in 0.00924459 secs using 197.2% CPU
Optimizing NNI: done in 0.00633501 secs using 178.9% CPU
Optimizing NNI: done in 0.00594107 secs using 184% CPU
Optimizing NNI: done in 0.00970055 secs using 192.7% CPU
Optimizing NNI: done in 0.00622123 secs using 196.4% CPU
Iteration 200 / LogL: -619.572 / Time: 0h:0m:28s (0h:0m:0s left)
Optimizing NNI: done in 0.0101871 secs using 188.3% CPU
Refining ufboot trees with NNI 1 branch...
Optimizing NNI: done in 0.00195639 secs using 202.1% CPU
Optimizing NNI: done in 0.0013322 secs using 99.61% CPU
Optimizing NNI: done in 0.00120112 secs using 183% CPU
Optimizing NNI: done in 0.00170084 secs using 100.2% CPU
Optimizing NNI: done in 0.00109954 secs using 190.7% CPU
Optimizing NNI: done in 0.00106536 secs using 193.6% CPU
Optimizing NNI: done in 0.00111665 secs using 99.94% CPU
Optimizing NNI: done in 0.0022629 secs using 188.3% CPU
Optimizing NNI: done in 0.00140091 secs using 171.2% CPU
Optimizing NNI: done in 0.00111675 secs using 278.8% CPU
Optimizing NNI: done in 0.00137623 secs using 172.5% CPU
Optimizing NNI: done in 0.00114953 secs using 186.9% CPU
Optimizing NNI: done in 0.00189045 secs using 205.6% CPU
Optimizing NNI: done in 0.00109764 secs using 282.1% CPU
Optimizing NNI: done in 0.00123274 secs using 180.9% CPU
Optimizing NNI: done in 0.00125466 secs using 259% CPU
Optimizing NNI: done in 0.00111985 secs using 189.1% CPU
Optimizing NNI: done in 0.00132531 secs using 250.8% CPU
Optimizing NNI: done in 0.00140274 secs using 242.5% CPU
Optimizing NNI: done in 0.00131653 secs using 175.7% CPU
Optimizing NNI: done in 0.00129074 secs using 254.8% CPU
Optimizing NNI: done in 0.00126311 secs using 179% CPU
Optimizing NNI: done in 0.00116921 secs using 185.3% CPU
Optimizing NNI: done in 0.00118082 secs using 184.2% CPU
Optimizing NNI: done in 0.00111387 secs using 189.6% CPU
Optimizing NNI: done in 0.00124538 secs using 180.1% CPU
Optimizing NNI: done in 0.00125403 secs using 179.7% CPU
Optimizing NNI: done in 0.00121404 secs using 182.2% CPU
Optimizing NNI: done in 0.00156607 secs using 227.6% CPU
Optimizing NNI: done in 0.00241274 secs using 224.2% CPU
Optimizing NNI: done in 0.00120003 secs using 183.2% CPU
Optimizing NNI: done in 0.00254678 secs using 217.7% CPU
Optimizing NNI: done in 0.00137737 secs using 172.4% CPU
Optimizing NNI: done in 0.00116701 secs using 185.4% CPU
Optimizing NNI: done in 0.00299679 secs using 166.7% CPU
Optimizing NNI: done in 0.00125257 secs using 179.6% CPU
Optimizing NNI: done in 0.00108787 secs using 191.6% CPU
Optimizing NNI: done in 0.00126833 secs using 178.5% CPU
Optimizing NNI: done in 0.00128969 secs using 177.3% CPU
Optimizing NNI: done in 0.00122934 secs using 99.73% CPU
Optimizing NNI: done in 0.00136646 secs using 173.1% CPU
Optimizing NNI: done in 0.00305967 secs using 198% CPU
Optimizing NNI: done in 0.00148277 secs using 234.8% CPU
Optimizing NNI: done in 0.00142079 secs using 170.3% CPU
Optimizing NNI: done in 0.00155213 secs using 164.3% CPU
Optimizing NNI: done in 0.00118964 secs using 268% CPU
Optimizing NNI: done in 0.00134492 secs using 248.6% CPU
Optimizing NNI: done in 0.0021264 secs using 193.9% CPU
Optimizing NNI: done in 0.00126711 secs using 178.8% CPU
Optimizing NNI: done in 0.00114252 secs using 187.4% CPU
Optimizing NNI: done in 0.00109434 secs using 282.6% CPU
Optimizing NNI: done in 0.00166192 secs using 160.1% CPU
Optimizing NNI: done in 0.00128961 secs using 177.4% CPU
Optimizing NNI: done in 0.00118845 secs using 268.2% CPU
Optimizing NNI: done in 0.00128748 secs using 255.2% CPU
Optimizing NNI: done in 0.00178211 secs using 212.2% CPU
Optimizing NNI: done in 0.00124669 secs using 180% CPU
Optimizing NNI: done in 0.00130173 secs using 253.5% CPU
Optimizing NNI: done in 0.00199156 secs using 200.4% CPU
Optimizing NNI: done in 0.00119838 secs using 183.3% CPU
Optimizing NNI: done in 0.00116421 secs using 271.6% CPU
Optimizing NNI: done in 0.00121484 secs using 182.1% CPU
Optimizing NNI: done in 0.00113753 secs using 187.8% CPU
Optimizing NNI: done in 0.00120327 secs using 183% CPU
Optimizing NNI: done in 0.00271222 secs using 210.5% CPU
Optimizing NNI: done in 0.00114362 secs using 187.3% CPU
Optimizing NNI: done in 0.00108306 secs using 192.1% CPU
Optimizing NNI: done in 0.00117879 secs using 269.5% CPU
Optimizing NNI: done in 0.00121147 secs using 182.3% CPU
Optimizing NNI: done in 0.00120747 secs using 100.2% CPU
Optimizing NNI: done in 0.00129344 secs using 254.4% CPU
Optimizing NNI: done in 0.00120367 secs using 182.9% CPU
Optimizing NNI: done in 0.00278948 secs using 207.5% CPU
Optimizing NNI: done in 0.00123696 secs using 181.3% CPU
Optimizing NNI: done in 0.00135215 secs using 173.5% CPU
Optimizing NNI: done in 0.00107232 secs using 193% CPU
Optimizing NNI: done in 0.00124399 secs using 180.2% CPU
Optimizing NNI: done in 0.00306204 secs using 197.9% CPU
Optimizing NNI: done in 0.00153798 secs using 229.9% CPU
Optimizing NNI: done in 0.00135222 secs using 247.8% CPU
Optimizing NNI: done in 0.00125187 secs using 179.7% CPU
Optimizing NNI: done in 0.00294676 secs using 201.7% CPU
Optimizing NNI: done in 0.00124558 secs using 180.2% CPU
Optimizing NNI: done in 0.00145929 secs using 236.9% CPU
Optimizing NNI: done in 0.00127539 secs using 178.2% CPU
Optimizing NNI: done in 0.00126255 secs using 179% CPU
Optimizing NNI: done in 0.00109647 secs using 191.1% CPU
Optimizing NNI: done in 0.00146578 secs using 168% CPU
Optimizing NNI: done in 0.00106705 secs using 193.4% CPU
Optimizing NNI: done in 0.00123075 secs using 181.3% CPU
Optimizing NNI: done in 0.00118986 secs using 183.6% CPU
Optimizing NNI: done in 0.00176695 secs using 213.1% CPU
Optimizing NNI: done in 0.00114744 secs using 187% CPU
Optimizing NNI: done in 0.00131916 secs using 251.4% CPU
Optimizing NNI: done in 0.00275125 secs using 209% CPU
Optimizing NNI: done in 0.00126584 secs using 178.9% CPU
Optimizing NNI: done in 0.00117333 secs using 185.2% CPU
Optimizing NNI: done in 0.00120052 secs using 183.2% CPU
Optimizing NNI: done in 0.0020241 secs using 198.7% CPU
Optimizing NNI: done in 0.00121137 secs using 182.4% CPU
100 samples done
Optimizing NNI: done in 0.00137421 secs using 245.5% CPU
Optimizing NNI: done in 0.00106611 secs using 193.7% CPU
Optimizing NNI: done in 0.00139284 secs using 171.7% CPU
Optimizing NNI: done in 0.00299954 secs using 200% CPU
Optimizing NNI: done in 0.00199523 secs using 200.2% CPU
Optimizing NNI: done in 0.00120557 secs using 182.7% CPU
Optimizing NNI: done in 0.00181023 secs using 155% CPU
Optimizing NNI: done in 0.00124289 secs using 260.7% CPU
Optimizing NNI: done in 0.00122428 secs using 263.3% CPU
Optimizing NNI: done in 0.00114321 secs using 187.3% CPU
Optimizing NNI: done in 0.00136298 secs using 173.2% CPU
Optimizing NNI: done in 0.0011127 secs using 189.7% CPU
Optimizing NNI: done in 0.00114168 secs using 187.4% CPU
Optimizing NNI: done in 0.00139623 secs using 171.1% CPU
Optimizing NNI: done in 0.00126754 secs using 257.6% CPU
Optimizing NNI: done in 0.00118732 secs using 184.1% CPU
Optimizing NNI: done in 0.00120505 secs using 182.9% CPU
Optimizing NNI: done in 0.0013715 secs using 245.4% CPU
Optimizing NNI: done in 0.00111502 secs using 189.4% CPU
Optimizing NNI: done in 0.00228613 secs using 231.1% CPU
Optimizing NNI: done in 0.00143251 secs using 239.4% CPU
Optimizing NNI: done in 0.0011578 secs using 186.1% CPU
Optimizing NNI: done in 0.00111457 secs using 189.6% CPU
Optimizing NNI: done in 0.00122354 secs using 263.3% CPU
Optimizing NNI: done in 0.00128073 secs using 177.9% CPU
Optimizing NNI: done in 0.00122452 secs using 263.2% CPU
Optimizing NNI: done in 0.0011164 secs using 189.4% CPU
Optimizing NNI: done in 0.00122937 secs using 262.5% CPU
Optimizing NNI: done in 0.00128641 secs using 177.6% CPU
Optimizing NNI: done in 0.00132633 secs using 174.9% CPU
Optimizing NNI: done in 0.00118068 secs using 269.3% CPU
Optimizing NNI: done in 0.00123621 secs using 180.8% CPU
Optimizing NNI: done in 0.00253369 secs using 179.1% CPU
Optimizing NNI: done in 0.0020122 secs using 199.3% CPU
Optimizing NNI: done in 0.0014142 secs using 170.5% CPU
Optimizing NNI: done in 0.00115284 secs using 186.6% CPU
Optimizing NNI: done in 0.00241173 secs using 224.3% CPU
Optimizing NNI: done in 0.00128462 secs using 177.6% CPU
Optimizing NNI: done in 0.00122409 secs using 181.4% CPU
Optimizing NNI: done in 0.00118667 secs using 184.1% CPU
Optimizing NNI: done in 0.00156545 secs using 163.7% CPU
Optimizing NNI: done in 0.00124234 secs using 180.3% CPU
Optimizing NNI: done in 0.00109805 secs using 191% CPU
Optimizing NNI: done in 0.00120958 secs using 182.6% CPU
Optimizing NNI: done in 0.00127349 secs using 256.8% CPU
Optimizing NNI: done in 0.0012063 secs using 182.7% CPU
Optimizing NNI: done in 0.00127846 secs using 178% CPU
Optimizing NNI: done in 0.00139614 secs using 243% CPU
Optimizing NNI: done in 0.00132532 secs using 250.7% CPU
Optimizing NNI: done in 0.00265751 secs using 175.2% CPU
Optimizing NNI: done in 0.00133638 secs using 174.7% CPU
Optimizing NNI: done in 0.00124503 secs using 180.2% CPU
Optimizing NNI: done in 0.00113157 secs using 188.2% CPU
Optimizing NNI: done in 0.00118616 secs using 268.4% CPU
Optimizing NNI: done in 0.00123617 secs using 180.6% CPU
Optimizing NNI: done in 0.00120301 secs using 183% CPU
Optimizing NNI: done in 0.00122006 secs using 181.9% CPU
Optimizing NNI: done in 0.00129535 secs using 176.7% CPU
Optimizing NNI: done in 0.00110009 secs using 190.7% CPU
Optimizing NNI: done in 0.00110898 secs using 190% CPU
Optimizing NNI: done in 0.00154936 secs using 164.4% CPU
Optimizing NNI: done in 0.00296283 secs using 201.2% CPU
Optimizing NNI: done in 0.00105182 secs using 194.9% CPU
Optimizing NNI: done in 0.00123919 secs using 180.5% CPU
Optimizing NNI: done in 0.00130415 secs using 176.5% CPU
Optimizing NNI: done in 0.000864928 secs using 215.4% CPU
Optimizing NNI: done in 0.0019937 secs using 200.3% CPU
Optimizing NNI: done in 0.00126677 secs using 178.8% CPU
Optimizing NNI: done in 0.00112213 secs using 278% CPU
Optimizing NNI: done in 0.00109133 secs using 191.5% CPU
Optimizing NNI: done in 0.00116037 secs using 186% CPU
Optimizing NNI: done in 0.00138266 secs using 244.5% CPU
Optimizing NNI: done in 0.00124195 secs using 180.4% CPU
Optimizing NNI: done in 0.00119129 secs using 183.7% CPU
Optimizing NNI: done in 0.00127876 secs using 177.8% CPU
Optimizing NNI: done in 0.0012324 secs using 181% CPU
Optimizing NNI: done in 0.00187482 secs using 206.5% CPU
Optimizing NNI: done in 0.00141629 secs using 241.1% CPU
Optimizing NNI: done in 0.00104345 secs using 99.96% CPU
Optimizing NNI: done in 0.00123617 secs using 180.7% CPU
Optimizing NNI: done in 0.00150664 secs using 166.3% CPU
Optimizing NNI: done in 0.00124602 secs using 180% CPU
Optimizing NNI: done in 0.00126493 secs using 258% CPU
Optimizing NNI: done in 0.00109 secs using 191.7% CPU
Optimizing NNI: done in 0.00215811 secs using 192.7% CPU
Optimizing NNI: done in 0.00126077 secs using 179.2% CPU
Optimizing NNI: done in 0.00110759 secs using 190.1% CPU
Optimizing NNI: done in 0.00125682 secs using 258.9% CPU
Optimizing NNI: done in 0.00109496 secs using 192.1% CPU
Optimizing NNI: done in 0.00108537 secs using 191.9% CPU
Optimizing NNI: done in 0.00275042 secs using 172.6% CPU
Optimizing NNI: done in 0.00123234 secs using 180.9% CPU
Optimizing NNI: done in 0.00111829 secs using 278.7% CPU
Optimizing NNI: done in 0.000880448 secs using 213.4% CPU
Optimizing NNI: done in 0.00307513 secs using 197.5% CPU
Optimizing NNI: done in 0.00133383 secs using 175.4% CPU
Optimizing NNI: done in 0.0011428 secs using 187.2% CPU
Optimizing NNI: done in 0.00165394 secs using 220.7% CPU
Optimizing NNI: done in 0.00152285 secs using 99.94% CPU
Optimizing NNI: done in 0.00172155 secs using 157.9% CPU
200 samples done
Optimizing NNI: done in 0.00246765 secs using 180.6% CPU
Optimizing NNI: done in 0.00162632 secs using 162.1% CPU
Optimizing NNI: done in 0.00175349 secs using 213.9% CPU
Optimizing NNI: done in 0.00169244 secs using 218% CPU
Optimizing NNI: done in 0.00169164 secs using 218% CPU
Optimizing NNI: done in 0.00177319 secs using 212.6% CPU
Optimizing NNI: done in 0.0029294 secs using 202.3% CPU
Optimizing NNI: done in 0.00152491 secs using 165% CPU
Optimizing NNI: done in 0.00380902 secs using 178.9% CPU
Optimizing NNI: done in 0.00168741 secs using 218.4% CPU
Optimizing NNI: done in 0.00174436 secs using 214.5% CPU
Optimizing NNI: done in 0.00157037 secs using 227.1% CPU
Optimizing NNI: done in 0.00141718 secs using 170.3% CPU
Optimizing NNI: done in 0.00141297 secs using 170.6% CPU
Optimizing NNI: done in 0.00160257 secs using 224.6% CPU
Optimizing NNI: done in 0.00126029 secs using 179.2% CPU
Optimizing NNI: done in 0.0027085 secs using 210.7% CPU
Optimizing NNI: done in 0.00136235 secs using 173.3% CPU
Optimizing NNI: done in 0.00119702 secs using 183.5% CPU
Optimizing NNI: done in 0.00139545 secs using 171.3% CPU
Optimizing NNI: done in 0.00140272 secs using 242.5% CPU
Optimizing NNI: done in 0.00126531 secs using 178.8% CPU
Optimizing NNI: done in 0.00148288 secs using 167% CPU
Optimizing NNI: done in 0.00147016 secs using 236% CPU
Optimizing NNI: done in 0.00130046 secs using 253.8% CPU
Optimizing NNI: done in 0.00138369 secs using 172.2% CPU
Optimizing NNI: done in 0.00136786 secs using 246.2% CPU
Optimizing NNI: done in 0.00154348 secs using 229.5% CPU
Optimizing NNI: done in 0.00148588 secs using 234.4% CPU
Optimizing NNI: done in 0.002141 secs using 240.1% CPU
Optimizing NNI: done in 0.00161271 secs using 162% CPU
Optimizing NNI: done in 0.00164099 secs using 161.3% CPU
Optimizing NNI: done in 0.00134726 secs using 248.4% CPU
Optimizing NNI: done in 0.00260068 secs using 215.3% CPU
Optimizing NNI: done in 0.00130565 secs using 177.1% CPU
Optimizing NNI: done in 0.00130041 secs using 177.3% CPU
Optimizing NNI: done in 0.00144001 secs using 238.8% CPU
Optimizing NNI: done in 0.0017674 secs using 156.4% CPU
Optimizing NNI: done in 0.00138313 secs using 172.1% CPU
Optimizing NNI: done in 0.00250875 secs using 179.7% CPU
Optimizing NNI: done in 0.00245536 secs using 222.1% CPU
Optimizing NNI: done in 0.00119098 secs using 267.8% CPU
Optimizing NNI: done in 0.00161635 secs using 223.7% CPU
Optimizing NNI: done in 0.00128867 secs using 178.1% CPU
Optimizing NNI: done in 0.00118762 secs using 268.4% CPU
Optimizing NNI: done in 0.00131217 secs using 99.83% CPU
Optimizing NNI: done in 0.00122102 secs using 181.7% CPU
Optimizing NNI: done in 0.00129655 secs using 254.1% CPU
Optimizing NNI: done in 0.0011047 secs using 190.4% CPU
Optimizing NNI: done in 0.0017073 secs using 217% CPU
Optimizing NNI: done in 0.00140606 secs using 242.2% CPU
Optimizing NNI: done in 0.00119995 secs using 183.2% CPU
Optimizing NNI: done in 0.00276768 secs using 172.2% CPU
Optimizing NNI: done in 0.0010956 secs using 190.9% CPU
Optimizing NNI: done in 0.00120693 secs using 265.6% CPU
Optimizing NNI: done in 0.00139153 secs using 171.7% CPU
Optimizing NNI: done in 0.00120933 secs using 182.6% CPU
Optimizing NNI: done in 0.00115657 secs using 186.3% CPU
Optimizing NNI: done in 0.00121115 secs using 182.4% CPU
Optimizing NNI: done in 0.00136852 secs using 173% CPU
Optimizing NNI: done in 0.00136296 secs using 173.3% CPU
Optimizing NNI: done in 0.00126837 secs using 178.7% CPU
Optimizing NNI: done in 0.00144446 secs using 238.4% CPU
Optimizing NNI: done in 0.00127613 secs using 256.6% CPU
Optimizing NNI: done in 0.00130133 secs using 253.6% CPU
Optimizing NNI: done in 0.0025597 secs using 178.3% CPU
Optimizing NNI: done in 0.00120555 secs using 182.7% CPU
Optimizing NNI: done in 0.00119698 secs using 183.5% CPU
Optimizing NNI: done in 0.00146 secs using 236.8% CPU
Optimizing NNI: done in 0.0011667 secs using 99.85% CPU
Optimizing NNI: done in 0.00119057 secs using 183.9% CPU
Optimizing NNI: done in 0.00108546 secs using 192% CPU
Optimizing NNI: done in 0.000914886 secs using 100.1% CPU
Optimizing NNI: done in 0.00120559 secs using 182.6% CPU
Optimizing NNI: done in 0.00124169 secs using 180.4% CPU
Optimizing NNI: done in 0.00137297 secs using 245.6% CPU
Optimizing NNI: done in 0.00120123 secs using 183.1% CPU
Optimizing NNI: done in 0.00112761 secs using 188.4% CPU
Optimizing NNI: done in 0.00140067 secs using 242.6% CPU
Optimizing NNI: done in 0.00126371 secs using 258.1% CPU
Optimizing NNI: done in 0.00124002 secs using 180.5% CPU
Optimizing NNI: done in 0.00153399 secs using 165.1% CPU
Optimizing NNI: done in 0.00131145 secs using 252.3% CPU
Optimizing NNI: done in 0.00092086 secs using 208.3% CPU
Optimizing NNI: done in 0.0012723 secs using 178.5% CPU
Optimizing NNI: done in 0.00146984 secs using 168.2% CPU
Optimizing NNI: done in 0.00121582 secs using 182.1% CPU
Optimizing NNI: done in 0.00132501 secs using 175.4% CPU
Optimizing NNI: done in 0.00127899 secs using 178.1% CPU
Optimizing NNI: done in 0.00117807 secs using 184.6% CPU
Optimizing NNI: done in 0.00120582 secs using 182.8% CPU
Optimizing NNI: done in 0.00116764 secs using 185.5% CPU
Optimizing NNI: done in 0.0014556 secs using 237.2% CPU
Optimizing NNI: done in 0.00182059 secs using 154.4% CPU
Optimizing NNI: done in 0.00109472 secs using 191.3% CPU
Optimizing NNI: done in 0.00153075 secs using 230.5% CPU
Optimizing NNI: done in 0.00167133 secs using 219.5% CPU
Optimizing NNI: done in 0.000797187 secs using 225.2% CPU
Optimizing NNI: done in 0.00113891 secs using 187.7% CPU
Optimizing NNI: done in 0.00138143 secs using 244.5% CPU
300 samples done
Optimizing NNI: done in 0.00124662 secs using 179.9% CPU
Optimizing NNI: done in 0.00402375 secs using 199.4% CPU
Optimizing NNI: done in 0.00126044 secs using 179.1% CPU
Optimizing NNI: done in 0.00152694 secs using 165.4% CPU
Optimizing NNI: done in 0.00118572 secs using 184.2% CPU
Optimizing NNI: done in 0.00130076 secs using 176.7% CPU
Optimizing NNI: done in 0.00132022 secs using 100.2% CPU
Optimizing NNI: done in 0.00128393 secs using 177.7% CPU
Optimizing NNI: done in 0.00127398 secs using 178.3% CPU
Optimizing NNI: done in 0.00110152 secs using 100.2% CPU
Optimizing NNI: done in 0.00148063 secs using 234.8% CPU
Optimizing NNI: done in 0.00339651 secs using 217.7% CPU
Optimizing NNI: done in 0.00139139 secs using 171.6% CPU
Optimizing NNI: done in 0.0012334 secs using 180.8% CPU
Optimizing NNI: done in 0.00354952 secs using 184.4% CPU
Optimizing NNI: done in 0.000884161 secs using 212.9% CPU
Optimizing NNI: done in 0.00219523 secs using 191% CPU
Optimizing NNI: done in 0.00125378 secs using 179.6% CPU
Optimizing NNI: done in 0.00117258 secs using 185% CPU
Optimizing NNI: done in 0.00117947 secs using 99.79% CPU
Optimizing NNI: done in 0.00254269 secs using 178.6% CPU
Optimizing NNI: done in 0.00211913 secs using 194.3% CPU
Optimizing NNI: done in 0.00135652 secs using 173.6% CPU
Optimizing NNI: done in 0.00216037 secs using 192.2% CPU
Optimizing NNI: done in 0.00181989 secs using 209.5% CPU
Optimizing NNI: done in 0.00140458 secs using 171.1% CPU
Optimizing NNI: done in 0.00129844 secs using 253.9% CPU
Optimizing NNI: done in 0.000776777 secs using 228.5% CPU
Optimizing NNI: done in 0.00135395 secs using 247.5% CPU
Optimizing NNI: done in 0.00382285 secs using 204.6% CPU
Optimizing NNI: done in 0.0013621 secs using 173.2% CPU
Optimizing NNI: done in 0.00237491 secs using 184.2% CPU
Optimizing NNI: done in 0.00150109 secs using 166.5% CPU
Optimizing NNI: done in 0.00116219 secs using 185.8% CPU
Optimizing NNI: done in 0.00114181 secs using 274.9% CPU
Optimizing NNI: done in 0.00322214 secs using 162% CPU
Optimizing NNI: done in 0.00115908 secs using 186.2% CPU
Optimizing NNI: done in 0.00115557 secs using 186.3% CPU
Optimizing NNI: done in 0.00115335 secs using 186.3% CPU
Optimizing NNI: done in 0.00120091 secs using 182.9% CPU
Optimizing NNI: done in 0.00116786 secs using 185.4% CPU
Optimizing NNI: done in 0.00117004 secs using 185.7% CPU
Optimizing NNI: done in 0.0022987 secs using 143.4% CPU
Optimizing NNI: done in 0.00128889 secs using 177.3% CPU
Optimizing NNI: done in 0.00129316 secs using 177.1% CPU
Optimizing NNI: done in 0.00274966 secs using 209% CPU
Optimizing NNI: done in 0.00129224 secs using 254.6% CPU
Optimizing NNI: done in 0.00113736 secs using 187.7% CPU
Optimizing NNI: done in 0.00150881 secs using 166% CPU
Optimizing NNI: done in 0.00104599 secs using 195.5% CPU
Optimizing NNI: done in 0.00103902 secs using 196% CPU
Optimizing NNI: done in 0.00125173 secs using 179.8% CPU
Optimizing NNI: done in 0.0012384 secs using 180.6% CPU
Optimizing NNI: done in 0.00126983 secs using 178.6% CPU
Optimizing NNI: done in 0.00116887 secs using 185.5% CPU
Optimizing NNI: done in 0.00152712 secs using 230.8% CPU
Optimizing NNI: done in 0.00115284 secs using 186.4% CPU
Optimizing NNI: done in 0.00132345 secs using 175.4% CPU
Optimizing NNI: done in 0.00123481 secs using 179.4% CPU
Optimizing NNI: done in 0.00113225 secs using 188% CPU
Optimizing NNI: done in 0.00118566 secs using 184.9% CPU
Optimizing NNI: done in 0.00124798 secs using 179.9% CPU
Optimizing NNI: done in 0.00155881 secs using 228.2% CPU
Optimizing NNI: done in 0.00106362 secs using 193.7% CPU
Optimizing NNI: done in 0.00230327 secs using 186.8% CPU
Optimizing NNI: done in 0.00127983 secs using 177.8% CPU
Optimizing NNI: done in 0.00129165 secs using 177.1% CPU
Optimizing NNI: done in 0.00114107 secs using 187.5% CPU
Optimizing NNI: done in 0.00137636 secs using 245.3% CPU
Optimizing NNI: done in 0.00129267 secs using 177.2% CPU
Optimizing NNI: done in 0.00123597 secs using 180.5% CPU
Optimizing NNI: done in 0.0011046 secs using 190.4% CPU
Optimizing NNI: done in 0.00109447 secs using 191.2% CPU
Optimizing NNI: done in 0.00113742 secs using 187.7% CPU
Optimizing NNI: done in 0.00121326 secs using 182.1% CPU
Optimizing NNI: done in 0.000857359 secs using 216.5% CPU
Optimizing NNI: done in 0.00152373 secs using 165.3% CPU
Optimizing NNI: done in 0.00219134 secs using 191.2% CPU
Optimizing NNI: done in 0.00114064 secs using 187.4% CPU
Optimizing NNI: done in 0.00271543 secs using 174% CPU
Optimizing NNI: done in 0.00129857 secs using 253.9% CPU
Optimizing NNI: done in 0.00119081 secs using 183.8% CPU
Optimizing NNI: done in 0.00185094 secs using 207.9% CPU
Optimizing NNI: done in 0.00123369 secs using 261.9% CPU
Optimizing NNI: done in 0.00112457 secs using 100% CPU
Optimizing NNI: done in 0.00113866 secs using 188.4% CPU
Optimizing NNI: done in 0.00138911 secs using 99.56% CPU
Optimizing NNI: done in 0.00140547 secs using 171.4% CPU
Optimizing NNI: done in 0.00128301 secs using 177.5% CPU
Optimizing NNI: done in 0.00139548 secs using 99.97% CPU
Optimizing NNI: done in 0.00123375 secs using 262% CPU
Optimizing NNI: done in 0.00133416 secs using 174.8% CPU
Optimizing NNI: done in 0.00190651 secs using 204.8% CPU
Optimizing NNI: done in 0.00126763 secs using 178.8% CPU
Optimizing NNI: done in 0.00120571 secs using 182.8% CPU
Optimizing NNI: done in 0.00162527 secs using 222.9% CPU
Optimizing NNI: done in 0.00148261 secs using 167.3% CPU
Optimizing NNI: done in 0.00256827 secs using 177.8% CPU
Optimizing NNI: done in 0.00124505 secs using 180.2% CPU
Optimizing NNI: done in 0.00131227 secs using 176% CPU
400 samples done
Optimizing NNI: done in 0.00112508 secs using 188.7% CPU
Optimizing NNI: done in 0.00120696 secs using 182.8% CPU
Optimizing NNI: done in 0.00118435 secs using 184.2% CPU
Optimizing NNI: done in 0.00113885 secs using 187.6% CPU
Optimizing NNI: done in 0.00121552 secs using 264.5% CPU
Optimizing NNI: done in 0.00250802 secs using 179.7% CPU
Optimizing NNI: done in 0.00126276 secs using 179% CPU
Optimizing NNI: done in 0.00118258 secs using 184.4% CPU
Optimizing NNI: done in 0.00136404 secs using 100.1% CPU
Optimizing NNI: done in 0.00256255 secs using 178% CPU
Optimizing NNI: done in 0.00124486 secs using 180.2% CPU
Optimizing NNI: done in 0.00122512 secs using 181.3% CPU
Optimizing NNI: done in 0.00146746 secs using 167.6% CPU
Optimizing NNI: done in 0.00116259 secs using 185.9% CPU
Optimizing NNI: done in 0.00124106 secs using 180.4% CPU
Optimizing NNI: done in 0.00113553 secs using 276% CPU
Optimizing NNI: done in 0.00110803 secs using 280.3% CPU
Optimizing NNI: done in 0.0011776 secs using 184.8% CPU
Optimizing NNI: done in 0.00120137 secs using 183.8% CPU
Optimizing NNI: done in 0.000848156 secs using 217.6% CPU
Optimizing NNI: done in 0.00113093 secs using 188.3% CPU
Optimizing NNI: done in 0.0011661 secs using 185.6% CPU
Optimizing NNI: done in 0.00229511 secs using 187.1% CPU
Optimizing NNI: done in 0.00118897 secs using 184% CPU
Optimizing NNI: done in 0.00118756 secs using 268.2% CPU
Optimizing NNI: done in 0.000884074 secs using 213% CPU
Optimizing NNI: done in 0.00119208 secs using 183.5% CPU
Optimizing NNI: done in 0.00119897 secs using 183.2% CPU
Optimizing NNI: done in 0.00122078 secs using 263.7% CPU
Optimizing NNI: done in 0.00135325 secs using 173.7% CPU
Optimizing NNI: done in 0.00232841 secs using 143.1% CPU
Optimizing NNI: done in 0.00335786 secs using 159.5% CPU
Optimizing NNI: done in 0.00138082 secs using 244.6% CPU
Optimizing NNI: done in 0.0011948 secs using 183.5% CPU
Optimizing NNI: done in 0.00177719 secs using 212.4% CPU
Optimizing NNI: done in 0.00308928 secs using 197.1% CPU
Optimizing NNI: done in 0.0013509 secs using 173.8% CPU
Optimizing NNI: done in 0.00120147 secs using 183.2% CPU
Optimizing NNI: done in 0.00159284 secs using 225.4% CPU
Optimizing NNI: done in 0.00123893 secs using 180.6% CPU
Optimizing NNI: done in 0.00116759 secs using 271.2% CPU
Optimizing NNI: done in 0.00164481 secs using 221.5% CPU
Optimizing NNI: done in 0.00139986 secs using 170.9% CPU
Optimizing NNI: done in 0.00132585 secs using 175.3% CPU
Optimizing NNI: done in 0.0068453 secs using 202.2% CPU
Optimizing NNI: done in 0.00121243 secs using 182.4% CPU
Optimizing NNI: done in 0.00103156 secs using 196.8% CPU
Optimizing NNI: done in 0.00134623 secs using 174% CPU
Optimizing NNI: done in 0.00121514 secs using 182% CPU
Optimizing NNI: done in 0.00113367 secs using 276.3% CPU
Optimizing NNI: done in 0.00128094 secs using 177.8% CPU
Optimizing NNI: done in 0.00146655 secs using 236.1% CPU
Optimizing NNI: done in 0.0021496 secs using 193% CPU
Optimizing NNI: done in 0.00149739 secs using 166.9% CPU
Optimizing NNI: done in 0.0012677 secs using 178.6% CPU
Optimizing NNI: done in 0.00135238 secs using 173.8% CPU
Optimizing NNI: done in 0.00121369 secs using 182.3% CPU
Optimizing NNI: done in 0.00115108 secs using 186.7% CPU
Optimizing NNI: done in 0.00111537 secs using 189.4% CPU
Optimizing NNI: done in 0.00258255 secs using 177.3% CPU
Optimizing NNI: done in 0.00222681 secs using 189.7% CPU
Optimizing NNI: done in 0.000978071 secs using 99.89% CPU
Optimizing NNI: done in 0.000720448 secs using 99.8% CPU
Optimizing NNI: done in 0.000858713 secs using 216.3% CPU
Optimizing NNI: done in 0.00389853 secs using 202.6% CPU
Optimizing NNI: done in 0.00125571 secs using 179.5% CPU
Optimizing NNI: done in 0.00136336 secs using 246.5% CPU
Optimizing NNI: done in 0.00115256 secs using 186.6% CPU
Optimizing NNI: done in 0.000987413 secs using 201.1% CPU
Optimizing NNI: done in 0.00140734 secs using 171.4% CPU
Optimizing NNI: done in 0.00112174 secs using 189% CPU
Optimizing NNI: done in 0.00341312 secs using 217.1% CPU
Optimizing NNI: done in 0.00161878 secs using 161.7% CPU
Optimizing NNI: done in 0.00119776 secs using 183.3% CPU
Optimizing NNI: done in 0.00115638 secs using 272.7% CPU
Optimizing NNI: done in 0.00147501 secs using 167.7% CPU
Optimizing NNI: done in 0.00145689 secs using 237.1% CPU
Optimizing NNI: done in 0.00118206 secs using 184.5% CPU
Optimizing NNI: done in 0.00105844 secs using 194.3% CPU
Optimizing NNI: done in 0.00132007 secs using 175.6% CPU
Optimizing NNI: done in 0.00118609 secs using 268.4% CPU
Optimizing NNI: done in 0.00127394 secs using 99.93% CPU
Optimizing NNI: done in 0.0012097 secs using 182.5% CPU
Optimizing NNI: done in 0.00300299 secs using 199.9% CPU
Optimizing NNI: done in 0.00126383 secs using 179% CPU
Optimizing NNI: done in 0.00262778 secs using 214.1% CPU
Optimizing NNI: done in 0.00118226 secs using 184.1% CPU
Optimizing NNI: done in 0.0023114 secs using 229.7% CPU
Optimizing NNI: done in 0.00101429 secs using 198.4% CPU
Optimizing NNI: done in 0.0012525 secs using 259.5% CPU
Optimizing NNI: done in 0.00119818 secs using 183.3% CPU
Optimizing NNI: done in 0.0012698 secs using 178.6% CPU
Optimizing NNI: done in 0.00126199 secs using 257.9% CPU
Optimizing NNI: done in 0.00131629 secs using 175.8% CPU
Optimizing NNI: done in 0.00114538 secs using 187.2% CPU
Optimizing NNI: done in 0.00126659 secs using 178.8% CPU
Optimizing NNI: done in 0.00198746 secs using 150.1% CPU
Optimizing NNI: done in 0.00142357 secs using 170.1% CPU
Optimizing NNI: done in 0.0011838 secs using 184.3% CPU
Optimizing NNI: done in 0.00127183 secs using 178.4% CPU
500 samples done
Optimizing NNI: done in 0.00110179 secs using 190.5% CPU
Optimizing NNI: done in 0.0013318 secs using 174.7% CPU
Optimizing NNI: done in 0.00221085 secs using 235.6% CPU
Optimizing NNI: done in 0.00113527 secs using 188% CPU
Optimizing NNI: done in 0.00121064 secs using 183.2% CPU
Optimizing NNI: done in 0.00129475 secs using 176.9% CPU
Optimizing NNI: done in 0.00118929 secs using 267.9% CPU
Optimizing NNI: done in 0.00103888 secs using 196.2% CPU
Optimizing NNI: done in 0.00108423 secs using 192.1% CPU
Optimizing NNI: done in 0.00153022 secs using 165.1% CPU
Optimizing NNI: done in 0.00111314 secs using 189.6% CPU
Optimizing NNI: done in 0.00131886 secs using 175.7% CPU
Optimizing NNI: done in 0.00110417 secs using 190.4% CPU
Optimizing NNI: done in 0.00179717 secs using 155.2% CPU
Optimizing NNI: done in 0.00121572 secs using 182.1% CPU
Optimizing NNI: done in 0.00126715 secs using 178.8% CPU
Optimizing NNI: done in 0.00147554 secs using 235.2% CPU
Optimizing NNI: done in 0.00122035 secs using 181.7% CPU
Optimizing NNI: done in 0.00120081 secs using 183% CPU
Optimizing NNI: done in 0.00116508 secs using 185.7% CPU
Optimizing NNI: done in 0.00117888 secs using 184.5% CPU
Optimizing NNI: done in 0.00111305 secs using 189.6% CPU
Optimizing NNI: done in 0.00121184 secs using 182.1% CPU
Optimizing NNI: done in 0.00134096 secs using 174.4% CPU
Optimizing NNI: done in 0.00184403 secs using 154.1% CPU
Optimizing NNI: done in 0.00115612 secs using 186.3% CPU
Optimizing NNI: done in 0.0012899 secs using 177.5% CPU
Optimizing NNI: done in 0.00123064 secs using 181.1% CPU
Optimizing NNI: done in 0.00143079 secs using 169.7% CPU
Optimizing NNI: done in 0.00113301 secs using 276.3% CPU
Optimizing NNI: done in 0.00147394 secs using 167.6% CPU
Optimizing NNI: done in 0.00140775 secs using 170.8% CPU
Optimizing NNI: done in 0.00136834 secs using 172.9% CPU
Optimizing NNI: done in 0.00132516 secs using 250.8% CPU
Optimizing NNI: done in 0.00135025 secs using 173.8% CPU
Optimizing NNI: done in 0.00227651 secs using 187.8% CPU
Optimizing NNI: done in 0.00142965 secs using 239.7% CPU
Optimizing NNI: done in 0.00127329 secs using 178.4% CPU
Optimizing NNI: done in 0.00112207 secs using 188.9% CPU
Optimizing NNI: done in 0.00118465 secs using 184.4% CPU
Optimizing NNI: done in 0.0010893 secs using 191.5% CPU
Optimizing NNI: done in 0.0011921 secs using 183.7% CPU
Optimizing NNI: done in 0.00132139 secs using 175.6% CPU
Optimizing NNI: done in 0.00121635 secs using 182.1% CPU
Optimizing NNI: done in 0.00116077 secs using 272.1% CPU
Optimizing NNI: done in 0.00113761 secs using 187.7% CPU
Optimizing NNI: done in 0.00123934 secs using 99.89% CPU
Optimizing NNI: done in 0.00134466 secs using 173.6% CPU
Optimizing NNI: done in 0.00104124 secs using 195.9% CPU
Optimizing NNI: done in 0.00106785 secs using 193.5% CPU
Optimizing NNI: done in 0.00214433 secs using 193.2% CPU
Optimizing NNI: done in 0.00194558 secs using 202.7% CPU
Optimizing NNI: done in 0.00119324 secs using 267.5% CPU
Optimizing NNI: done in 0.00130487 secs using 176.4% CPU
Optimizing NNI: done in 0.00129284 secs using 177% CPU
Optimizing NNI: done in 0.000973699 secs using 202.4% CPU
Optimizing NNI: done in 0.00118239 secs using 185.1% CPU
Optimizing NNI: done in 0.00145314 secs using 237.4% CPU
Optimizing NNI: done in 0.00132447 secs using 175.3% CPU
Optimizing NNI: done in 0.00143968 secs using 239% CPU
Optimizing NNI: done in 0.00117308 secs using 270.2% CPU
Optimizing NNI: done in 0.00114702 secs using 100.1% CPU
Optimizing NNI: done in 0.00121658 secs using 264.2% CPU
Optimizing NNI: done in 0.00140674 secs using 242% CPU
Optimizing NNI: done in 0.00353197 secs using 184.9% CPU
Optimizing NNI: done in 0.0018073 secs using 155.1% CPU
Optimizing NNI: done in 0.00177527 secs using 156.2% CPU
Optimizing NNI: done in 0.00255388 secs using 139.2% CPU
Optimizing NNI: done in 0.00323208 secs using 223.7% CPU
Optimizing NNI: done in 0.00568748 secs using 187.9% CPU
Optimizing NNI: done in 0.00169385 secs using 158.5% CPU
Optimizing NNI: done in 0.00179907 secs using 154% CPU
Optimizing NNI: done in 0.00171606 secs using 99.71% CPU
Optimizing NNI: done in 0.00179133 secs using 154.4% CPU
Optimizing NNI: done in 0.00208892 secs using 195.5% CPU
Optimizing NNI: done in 0.00162043 secs using 161.4% CPU
Optimizing NNI: done in 0.00177861 secs using 212.3% CPU
Optimizing NNI: done in 0.00245349 secs using 181.4% CPU
Optimizing NNI: done in 0.00149429 secs using 166.4% CPU
Optimizing NNI: done in 0.00137926 secs using 167.8% CPU
Optimizing NNI: done in 0.00137773 secs using 172.2% CPU
Optimizing NNI: done in 0.00235336 secs using 184.8% CPU
Optimizing NNI: done in 0.00141068 secs using 241.6% CPU
Optimizing NNI: done in 0.00125854 secs using 179.3% CPU
Optimizing NNI: done in 0.00101854 secs using 198% CPU
Optimizing NNI: done in 0.000895546 secs using 211.5% CPU
Optimizing NNI: done in 0.00153212 secs using 230.5% CPU
Optimizing NNI: done in 0.00133002 secs using 175% CPU
Optimizing NNI: done in 0.00124198 secs using 180.4% CPU
Optimizing NNI: done in 0.00143426 secs using 169.6% CPU
Optimizing NNI: done in 0.00145512 secs using 237.4% CPU
Optimizing NNI: done in 0.0014282 secs using 239.9% CPU
Optimizing NNI: done in 0.00115212 secs using 186.7% CPU
Optimizing NNI: done in 0.00132732 secs using 175.1% CPU
Optimizing NNI: done in 0.00126919 secs using 178.7% CPU
Optimizing NNI: done in 0.00350291 secs using 211.7% CPU
Optimizing NNI: done in 0.00148499 secs using 234.6% CPU
Optimizing NNI: done in 0.00154368 secs using 164.7% CPU
Optimizing NNI: done in 0.00150916 secs using 232.4% CPU
Optimizing NNI: done in 0.00144184 secs using 169.2% CPU
600 samples done
Optimizing NNI: done in 0.0013022 secs using 176.6% CPU
Optimizing NNI: done in 0.00112642 secs using 188.7% CPU
Optimizing NNI: done in 0.00132613 secs using 175.2% CPU
Optimizing NNI: done in 0.00128433 secs using 250.1% CPU
Optimizing NNI: done in 0.00134939 secs using 248.1% CPU
Optimizing NNI: done in 0.00123734 secs using 180.6% CPU
Optimizing NNI: done in 0.00113927 secs using 187.7% CPU
Optimizing NNI: done in 0.00111974 secs using 189.2% CPU
Optimizing NNI: done in 0.00152028 secs using 231.5% CPU
Optimizing NNI: done in 0.00196781 secs using 201.5% CPU
Optimizing NNI: done in 0.00257166 secs using 216.6% CPU
Optimizing NNI: done in 0.00168214 secs using 152.8% CPU
Optimizing NNI: done in 0.00150048 secs using 166.5% CPU
Optimizing NNI: done in 0.00229661 secs using 186.8% CPU
Optimizing NNI: done in 0.00142943 secs using 169.7% CPU
Optimizing NNI: done in 0.00116379 secs using 185.8% CPU
Optimizing NNI: done in 0.00132421 secs using 250.9% CPU
Optimizing NNI: done in 0.00144577 secs using 238.1% CPU
Optimizing NNI: done in 0.0013001 secs using 176.8% CPU
Optimizing NNI: done in 0.00137634 secs using 240.4% CPU
Optimizing NNI: done in 0.00144698 secs using 238.2% CPU
Optimizing NNI: done in 0.00117943 secs using 184.5% CPU
Optimizing NNI: done in 0.00112582 secs using 188.7% CPU
Optimizing NNI: done in 0.00118542 secs using 100.4% CPU
Optimizing NNI: done in 0.00136056 secs using 173.2% CPU
Optimizing NNI: done in 0.00127853 secs using 177.7% CPU
Optimizing NNI: done in 0.00152095 secs using 165.6% CPU
Optimizing NNI: done in 0.00151769 secs using 165.6% CPU
Optimizing NNI: done in 0.0017436 secs using 214.6% CPU
Optimizing NNI: done in 0.000992689 secs using 96.91% CPU
Optimizing NNI: done in 0.000956872 secs using 204.4% CPU
Optimizing NNI: done in 0.00141564 secs using 241.1% CPU
Optimizing NNI: done in 0.00239912 secs using 225% CPU
Optimizing NNI: done in 0.00130582 secs using 97.1% CPU
Optimizing NNI: done in 0.00123717 secs using 180.7% CPU
Optimizing NNI: done in 0.00148459 secs using 167.3% CPU
Optimizing NNI: done in 0.00119312 secs using 183.7% CPU
Optimizing NNI: done in 0.00131857 secs using 175.7% CPU
Optimizing NNI: done in 0.00131496 secs using 175.9% CPU
Optimizing NNI: done in 0.00121676 secs using 182.1% CPU
Optimizing NNI: done in 0.00145183 secs using 168.7% CPU
Optimizing NNI: done in 0.00124772 secs using 180% CPU
Optimizing NNI: done in 0.00141996 secs using 240.7% CPU
Optimizing NNI: done in 0.00129062 secs using 254.8% CPU
Optimizing NNI: done in 0.00143279 secs using 239.3% CPU
Optimizing NNI: done in 0.00137163 secs using 245.7% CPU
Optimizing NNI: done in 0.00145635 secs using 237.2% CPU
Optimizing NNI: done in 0.00412199 secs using 197% CPU
Optimizing NNI: done in 0.00148793 secs using 234.3% CPU
Optimizing NNI: done in 0.00141229 secs using 241.5% CPU
Optimizing NNI: done in 0.00147597 secs using 235.3% CPU
Optimizing NNI: done in 0.00134362 secs using 174.2% CPU
Optimizing NNI: done in 0.00131594 secs using 176.5% CPU
Optimizing NNI: done in 0.0013571 secs using 173.2% CPU
Optimizing NNI: done in 0.00128926 secs using 177.5% CPU
Optimizing NNI: done in 0.00114174 secs using 187.3% CPU
Optimizing NNI: done in 0.00117011 secs using 100.1% CPU
Optimizing NNI: done in 0.00132007 secs using 175.6% CPU
Optimizing NNI: done in 0.00243932 secs using 181.9% CPU
Optimizing NNI: done in 0.00254908 secs using 175.7% CPU
Optimizing NNI: done in 0.00122742 secs using 181.4% CPU
Optimizing NNI: done in 0.00142852 secs using 99.96% CPU
Optimizing NNI: done in 0.00115544 secs using 99.7% CPU
Optimizing NNI: done in 0.00125972 secs using 179.3% CPU
Optimizing NNI: done in 0.00120534 secs using 265.7% CPU
Optimizing NNI: done in 0.00113197 secs using 188.1% CPU
Optimizing NNI: done in 0.00115395 secs using 273.6% CPU
Optimizing NNI: done in 0.00132407 secs using 251% CPU
Optimizing NNI: done in 0.00140312 secs using 171% CPU
Optimizing NNI: done in 0.00126124 secs using 179.1% CPU
Optimizing NNI: done in 0.00178042 secs using 156.4% CPU
Optimizing NNI: done in 0.00144076 secs using 169.3% CPU
Optimizing NNI: done in 0.00130541 secs using 176.4% CPU
Optimizing NNI: done in 0.00120935 secs using 182.6% CPU
Optimizing NNI: done in 0.00122261 secs using 181.5% CPU
Optimizing NNI: done in 0.00116834 secs using 185.4% CPU
Optimizing NNI: done in 0.0011976 secs using 183.2% CPU
Optimizing NNI: done in 0.00127184 secs using 178.6% CPU
Optimizing NNI: done in 0.00141424 secs using 170.6% CPU
Optimizing NNI: done in 0.0011512 secs using 100.7% CPU
Optimizing NNI: done in 0.00110705 secs using 190.1% CPU
Optimizing NNI: done in 0.00144651 secs using 169% CPU
Optimizing NNI: done in 0.00137309 secs using 171.9% CPU
Optimizing NNI: done in 0.0012146 secs using 264.5% CPU
Optimizing NNI: done in 0.00114988 secs using 186.8% CPU
Optimizing NNI: done in 0.00141369 secs using 167.8% CPU
Optimizing NNI: done in 0.00128225 secs using 177.8% CPU
Optimizing NNI: done in 0.00116797 secs using 185.5% CPU
Optimizing NNI: done in 0.00318731 secs using 225.5% CPU
Optimizing NNI: done in 0.00119803 secs using 183.3% CPU
Optimizing NNI: done in 0.00250115 secs using 179.6% CPU
Optimizing NNI: done in 0.00137326 secs using 172.7% CPU
Optimizing NNI: done in 0.00111429 secs using 189.5% CPU
Optimizing NNI: done in 0.0011152 secs using 279.1% CPU
Optimizing NNI: done in 0.00123404 secs using 181% CPU
Optimizing NNI: done in 0.00107259 secs using 192.9% CPU
Optimizing NNI: done in 0.00118782 secs using 184% CPU
Optimizing NNI: done in 0.00122397 secs using 263.3% CPU
Optimizing NNI: done in 0.00140966 secs using 170.4% CPU
Optimizing NNI: done in 0.00121266 secs using 182.1% CPU
700 samples done
Optimizing NNI: done in 0.00117183 secs using 185.2% CPU
Optimizing NNI: done in 0.00139374 secs using 171.6% CPU
Optimizing NNI: done in 0.00120666 secs using 176.8% CPU
Optimizing NNI: done in 0.00132897 secs using 250.3% CPU
Optimizing NNI: done in 0.00110548 secs using 190.3% CPU
Optimizing NNI: done in 0.00117895 secs using 185.4% CPU
Optimizing NNI: done in 0.00125934 secs using 179.1% CPU
Optimizing NNI: done in 0.00202203 secs using 198.9% CPU
Optimizing NNI: done in 0.00130641 secs using 176.4% CPU
Optimizing NNI: done in 0.00118847 secs using 183.9% CPU
Optimizing NNI: done in 0.00112958 secs using 188.4% CPU
Optimizing NNI: done in 0.00123787 secs using 180.7% CPU
Optimizing NNI: done in 0.00128759 secs using 99.49% CPU
Optimizing NNI: done in 0.0013198 secs using 175.7% CPU
Optimizing NNI: done in 0.00179573 secs using 155.5% CPU
Optimizing NNI: done in 0.00107583 secs using 192.9% CPU
Optimizing NNI: done in 0.00117961 secs using 99.35% CPU
Optimizing NNI: done in 0.00128736 secs using 177.6% CPU
Optimizing NNI: done in 0.00159102 secs using 225.6% CPU
Optimizing NNI: done in 0.00117396 secs using 185% CPU
Optimizing NNI: done in 0.00136359 secs using 98.05% CPU
Optimizing NNI: done in 0.0011452 secs using 185.8% CPU
Optimizing NNI: done in 0.00133886 secs using 249.2% CPU
Optimizing NNI: done in 0.00129004 secs using 177.4% CPU
Optimizing NNI: done in 0.00127302 secs using 100.3% CPU
Optimizing NNI: done in 0.00131119 secs using 175.9% CPU
Optimizing NNI: done in 0.00124615 secs using 180.2% CPU
Optimizing NNI: done in 0.00118975 secs using 184.7% CPU
Optimizing NNI: done in 0.00281471 secs using 206.5% CPU
Optimizing NNI: done in 0.00127785 secs using 177.9% CPU
Optimizing NNI: done in 0.00116781 secs using 271.1% CPU
Optimizing NNI: done in 0.00127353 secs using 178.4% CPU
Optimizing NNI: done in 0.00133583 secs using 249.4% CPU
Optimizing NNI: done in 0.00118052 secs using 184.4% CPU
Optimizing NNI: done in 0.00123759 secs using 180.7% CPU
Optimizing NNI: done in 0.00129804 secs using 177% CPU
Optimizing NNI: done in 0.00128111 secs using 255.9% CPU
Optimizing NNI: done in 0.00118935 secs using 268% CPU
Optimizing NNI: done in 0.00139614 secs using 171.5% CPU
Optimizing NNI: done in 0.00152169 secs using 165.5% CPU
Optimizing NNI: done in 0.00131778 secs using 251.6% CPU
Optimizing NNI: done in 0.00119694 secs using 183.5% CPU
Optimizing NNI: done in 0.00138619 secs using 244.1% CPU
Optimizing NNI: done in 0.00123225 secs using 181.1% CPU
Optimizing NNI: done in 0.00126902 secs using 178.6% CPU
Optimizing NNI: done in 0.00125845 secs using 179.2% CPU
Optimizing NNI: done in 0.00147976 secs using 167.6% CPU
Optimizing NNI: done in 0.0012931 secs using 177.2% CPU
Optimizing NNI: done in 0.00137726 secs using 172.4% CPU
Optimizing NNI: done in 0.00124208 secs using 180.4% CPU
Optimizing NNI: done in 0.0013305 secs using 175% CPU
Optimizing NNI: done in 0.00147727 secs using 167.5% CPU
Optimizing NNI: done in 0.00130768 secs using 244.6% CPU
Optimizing NNI: done in 0.00181156 secs using 210.4% CPU
Optimizing NNI: done in 0.00369847 secs using 181.1% CPU
Optimizing NNI: done in 0.00126543 secs using 178.7% CPU
Optimizing NNI: done in 0.00122136 secs using 181.7% CPU
Optimizing NNI: done in 0.00128436 secs using 177.6% CPU
Optimizing NNI: done in 0.00158449 secs using 162.9% CPU
Optimizing NNI: done in 0.00115555 secs using 186.2% CPU
Optimizing NNI: done in 0.00142507 secs using 170% CPU
Optimizing NNI: done in 0.00125075 secs using 179.8% CPU
Optimizing NNI: done in 0.00124595 secs using 179.8% CPU
Optimizing NNI: done in 0.00174615 secs using 214.4% CPU
Optimizing NNI: done in 0.00115677 secs using 272.8% CPU
Optimizing NNI: done in 0.00457833 secs using 187.3% CPU
Optimizing NNI: done in 0.00119105 secs using 183.8% CPU
Optimizing NNI: done in 0.00110208 secs using 190.6% CPU
Optimizing NNI: done in 0.00120897 secs using 182.6% CPU
Optimizing NNI: done in 0.00122188 secs using 263.5% CPU
Optimizing NNI: done in 0.00128568 secs using 255.4% CPU
Optimizing NNI: done in 0.0012288 secs using 181.2% CPU
Optimizing NNI: done in 0.00156678 secs using 163.7% CPU
Optimizing NNI: done in 0.00137089 secs using 245.7% CPU
Optimizing NNI: done in 0.00126232 secs using 179% CPU
Optimizing NNI: done in 0.00143781 secs using 239% CPU
Optimizing NNI: done in 0.00292569 secs using 166% CPU
Optimizing NNI: done in 0.0014288 secs using 100% CPU
Optimizing NNI: done in 0.00137273 secs using 172.4% CPU
Optimizing NNI: done in 0.00126525 secs using 258% CPU
Optimizing NNI: done in 0.00160939 secs using 224.2% CPU
Optimizing NNI: done in 0.00119443 secs using 183.6% CPU
Optimizing NNI: done in 0.00133266 secs using 250% CPU
Optimizing NNI: done in 0.00135503 secs using 173.6% CPU
Optimizing NNI: done in 0.00140974 secs using 170.6% CPU
Optimizing NNI: done in 0.00116726 secs using 185.4% CPU
Optimizing NNI: done in 0.00325185 secs using 130.8% CPU
Optimizing NNI: done in 0.00120681 secs using 265.7% CPU
Optimizing NNI: done in 0.00125662 secs using 180.2% CPU
Optimizing NNI: done in 0.00120869 secs using 182.4% CPU
Optimizing NNI: done in 0.00122965 secs using 181.2% CPU
Optimizing NNI: done in 0.00121192 secs using 182.4% CPU
Optimizing NNI: done in 0.00113954 secs using 187.4% CPU
Optimizing NNI: done in 0.00117405 secs using 185% CPU
Optimizing NNI: done in 0.00129004 secs using 177.4% CPU
Optimizing NNI: done in 0.00117505 secs using 184.9% CPU
Optimizing NNI: done in 0.00137542 secs using 172.7% CPU
Optimizing NNI: done in 0.00142905 secs using 239.8% CPU
Optimizing NNI: done in 0.00128927 secs using 255% CPU
Optimizing NNI: done in 0.001338 secs using 99.85% CPU
800 samples done
Optimizing NNI: done in 0.00254282 secs using 178.5% CPU
Optimizing NNI: done in 0.00134865 secs using 174.5% CPU
Optimizing NNI: done in 0.00198066 secs using 200.7% CPU
Optimizing NNI: done in 0.00163017 secs using 222.6% CPU
Optimizing NNI: done in 0.00143252 secs using 169.6% CPU
Optimizing NNI: done in 0.00133665 secs using 174.7% CPU
Optimizing NNI: done in 0.00226939 secs using 187.9% CPU
Optimizing NNI: done in 0.0022091 secs using 235.7% CPU
Optimizing NNI: done in 0.00137074 secs using 172.8% CPU
Optimizing NNI: done in 0.00125336 secs using 179.5% CPU
Optimizing NNI: done in 0.00111989 secs using 189% CPU
Optimizing NNI: done in 0.00114961 secs using 273.8% CPU
Optimizing NNI: done in 0.00110972 secs using 190% CPU
Optimizing NNI: done in 0.00139386 secs using 171.3% CPU
Optimizing NNI: done in 0.0025872 secs using 215.9% CPU
Optimizing NNI: done in 0.0012112 secs using 182.5% CPU
Optimizing NNI: done in 0.00130569 secs using 176.4% CPU
Optimizing NNI: done in 0.00129472 secs using 254.4% CPU
Optimizing NNI: done in 0.00132615 secs using 250.7% CPU
Optimizing NNI: done in 0.00134273 secs using 174.3% CPU
Optimizing NNI: done in 0.00129767 secs using 176.9% CPU
Optimizing NNI: done in 0.00115961 secs using 185.9% CPU
Optimizing NNI: done in 0.00123708 secs using 180.4% CPU
Optimizing NNI: done in 0.00228846 secs using 143.8% CPU
Optimizing NNI: done in 0.00129119 secs using 99.83% CPU
Optimizing NNI: done in 0.00131599 secs using 173.9% CPU
Optimizing NNI: done in 0.00122878 secs using 262.2% CPU
Optimizing NNI: done in 0.00133507 secs using 174.8% CPU
Optimizing NNI: done in 0.00120223 secs using 183.2% CPU
Optimizing NNI: done in 0.00124141 secs using 180.4% CPU
Optimizing NNI: done in 0.00154689 secs using 99.55% CPU
Optimizing NNI: done in 0.00136603 secs using 172.8% CPU
Optimizing NNI: done in 0.00248535 secs using 140.1% CPU
Optimizing NNI: done in 0.00141182 secs using 168.9% CPU
Optimizing NNI: done in 0.00120677 secs using 182.6% CPU
Optimizing NNI: done in 0.0011711 secs using 185.2% CPU
Optimizing NNI: done in 0.00136661 secs using 172.8% CPU
Optimizing NNI: done in 0.00134386 secs using 96.96% CPU
Optimizing NNI: done in 0.00119617 secs using 183.3% CPU
Optimizing NNI: done in 0.00138444 secs using 172.1% CPU
Optimizing NNI: done in 0.0016014 secs using 162.3% CPU
Optimizing NNI: done in 0.00121332 secs using 100.1% CPU
Optimizing NNI: done in 0.00117994 secs using 184.4% CPU
Optimizing NNI: done in 0.00211862 secs using 194.2% CPU
Optimizing NNI: done in 0.0012525 secs using 179.5% CPU
Optimizing NNI: done in 0.00123837 secs using 180.4% CPU
Optimizing NNI: done in 0.00115675 secs using 186.1% CPU
Optimizing NNI: done in 0.00132366 secs using 250.9% CPU
Optimizing NNI: done in 0.00120613 secs using 182.7% CPU
Optimizing NNI: done in 0.00116189 secs using 185.8% CPU
Optimizing NNI: done in 0.00140543 secs using 170.7% CPU
Optimizing NNI: done in 0.00111177 secs using 189.8% CPU
Optimizing NNI: done in 0.0010787 secs using 192.5% CPU
Optimizing NNI: done in 0.00284343 secs using 205.5% CPU
Optimizing NNI: done in 0.0012071 secs using 182.4% CPU
Optimizing NNI: done in 0.00119581 secs using 267.1% CPU
Optimizing NNI: done in 0.00116696 secs using 185.5% CPU
Optimizing NNI: done in 0.00125041 secs using 259.8% CPU
Optimizing NNI: done in 0.0011791 secs using 184.5% CPU
Optimizing NNI: done in 0.00109245 secs using 191.3% CPU
Optimizing NNI: done in 0.00137407 secs using 245.4% CPU
Optimizing NNI: done in 0.00123863 secs using 180.5% CPU
Optimizing NNI: done in 0.0012112 secs using 181.9% CPU
Optimizing NNI: done in 0.00119359 secs using 183.5% CPU
Optimizing NNI: done in 0.00124331 secs using 180.2% CPU
Optimizing NNI: done in 0.00152579 secs using 165.4% CPU
Optimizing NNI: done in 0.00130346 secs using 100.3% CPU
Optimizing NNI: done in 0.00138249 secs using 244.6% CPU
Optimizing NNI: done in 0.00149975 secs using 166.5% CPU
Optimizing NNI: done in 0.0012632 secs using 179% CPU
Optimizing NNI: done in 0.00110909 secs using 190% CPU
Optimizing NNI: done in 0.00115824 secs using 186.2% CPU
Optimizing NNI: done in 0.00122225 secs using 181.7% CPU
Optimizing NNI: done in 0.00113975 secs using 275.3% CPU
Optimizing NNI: done in 0.00157696 secs using 163.3% CPU
Optimizing NNI: done in 0.00117438 secs using 184.8% CPU
Optimizing NNI: done in 0.00129698 secs using 177% CPU
Optimizing NNI: done in 0.00235551 secs using 185% CPU
Optimizing NNI: done in 0.00115533 secs using 186.2% CPU
Optimizing NNI: done in 0.00127754 secs using 178.1% CPU
Optimizing NNI: done in 0.00122706 secs using 262.8% CPU
Optimizing NNI: done in 0.0013182 secs using 175.6% CPU
Optimizing NNI: done in 0.00121407 secs using 264.6% CPU
Optimizing NNI: done in 0.00111423 secs using 189.5% CPU
Optimizing NNI: done in 0.0014709 secs using 167.9% CPU
Optimizing NNI: done in 0.00119996 secs using 183.2% CPU
Optimizing NNI: done in 0.00187373 secs using 206.7% CPU
Optimizing NNI: done in 0.00111514 secs using 189.5% CPU
Optimizing NNI: done in 0.00133552 secs using 174.7% CPU
Optimizing NNI: done in 0.00124858 secs using 180.7% CPU
Optimizing NNI: done in 0.00115576 secs using 99.76% CPU
Optimizing NNI: done in 0.00128199 secs using 255.9% CPU
Optimizing NNI: done in 0.00132206 secs using 175.4% CPU
Optimizing NNI: done in 0.00120871 secs using 183.3% CPU
Optimizing NNI: done in 0.00130719 secs using 176% CPU
Optimizing NNI: done in 0.00130009 secs using 252.6% CPU
Optimizing NNI: done in 0.00120069 secs using 183.1% CPU
Optimizing NNI: done in 0.00123597 secs using 180.7% CPU
Optimizing NNI: done in 0.00111504 secs using 189.4% CPU
Optimizing NNI: done in 0.00125289 secs using 179.4% CPU
900 samples done
Optimizing NNI: done in 0.00147634 secs using 167.2% CPU
Optimizing NNI: done in 0.00225757 secs using 188.4% CPU
Optimizing NNI: done in 0.00122584 secs using 260.4% CPU
Optimizing NNI: done in 0.00140277 secs using 171% CPU
Optimizing NNI: done in 0.00135182 secs using 247.9% CPU
Optimizing NNI: done in 0.00124922 secs using 180% CPU
Optimizing NNI: done in 0.00114392 secs using 100% CPU
Optimizing NNI: done in 0.00123197 secs using 180.8% CPU
Optimizing NNI: done in 0.00118094 secs using 184.3% CPU
Optimizing NNI: done in 0.00124533 secs using 180.1% CPU
Optimizing NNI: done in 0.00133313 secs using 249.9% CPU
Optimizing NNI: done in 0.00145381 secs using 168.6% CPU
Optimizing NNI: done in 0.00120015 secs using 266.6% CPU
Optimizing NNI: done in 0.00106783 secs using 193.6% CPU
Optimizing NNI: done in 0.00165826 secs using 160.2% CPU
Optimizing NNI: done in 0.00130491 secs using 173.6% CPU
Optimizing NNI: done in 0.00386788 secs using 203.4% CPU
Optimizing NNI: done in 0.00117941 secs using 184.5% CPU
Optimizing NNI: done in 0.00121564 secs using 182.1% CPU
Optimizing NNI: done in 0.00228633 secs using 183.8% CPU
Optimizing NNI: done in 0.00106338 secs using 193.8% CPU
Optimizing NNI: done in 0.00118179 secs using 184.5% CPU
Optimizing NNI: done in 0.00114563 secs using 187.1% CPU
Optimizing NNI: done in 0.00136453 secs using 246.5% CPU
Optimizing NNI: done in 0.00127502 secs using 178.3% CPU
Optimizing NNI: done in 0.00107284 secs using 193% CPU
Optimizing NNI: done in 0.00112051 secs using 188.8% CPU
Optimizing NNI: done in 0.00126337 secs using 179% CPU
Optimizing NNI: done in 0.00114205 secs using 187.4% CPU
Optimizing NNI: done in 0.00136892 secs using 246% CPU
Optimizing NNI: done in 0.00439239 secs using 168.4% CPU
Optimizing NNI: done in 0.00106576 secs using 193.7% CPU
Optimizing NNI: done in 0.00338966 secs using 217.9% CPU
Optimizing NNI: done in 0.00143411 secs using 239.4% CPU
Optimizing NNI: done in 0.00112918 secs using 188.4% CPU
Optimizing NNI: done in 0.00109007 secs using 191.5% CPU
Optimizing NNI: done in 0.00132446 secs using 175.3% CPU
Optimizing NNI: done in 0.00116444 secs using 185.7% CPU
Optimizing NNI: done in 0.00106174 secs using 194.1% CPU
Optimizing NNI: done in 0.00118751 secs using 184.1% CPU
Optimizing NNI: done in 0.00111053 secs using 189.8% CPU
Optimizing NNI: done in 0.00184416 secs using 208.4% CPU
Optimizing NNI: done in 0.0010686 secs using 193.4% CPU
Optimizing NNI: done in 0.00126238 secs using 179.1% CPU
Optimizing NNI: done in 0.00165683 secs using 220.6% CPU
Optimizing NNI: done in 0.0032734 secs using 191.6% CPU
Optimizing NNI: done in 0.00171216 secs using 216.6% CPU
Optimizing NNI: done in 0.00171148 secs using 216.7% CPU
Optimizing NNI: done in 0.0062683 secs using 195.7% CPU
Optimizing NNI: done in 0.00168394 secs using 158.7% CPU
Optimizing NNI: done in 0.00160672 secs using 162.1% CPU
Optimizing NNI: done in 0.00187278 secs using 153.2% CPU
Optimizing NNI: done in 0.00796726 secs using 151.5% CPU
Optimizing NNI: done in 0.0012604 secs using 179.1% CPU
Optimizing NNI: done in 0.00312834 secs using 191.8% CPU
Optimizing NNI: done in 0.00243778 secs using 197.9% CPU
Optimizing NNI: done in 0.00120411 secs using 100.2% CPU
Optimizing NNI: done in 0.00140054 secs using 171.1% CPU
Optimizing NNI: done in 0.00138699 secs using 171.7% CPU
Optimizing NNI: done in 0.0012001 secs using 99.82% CPU
Optimizing NNI: done in 0.00125588 secs using 179.5% CPU
Optimizing NNI: done in 0.00136569 secs using 173.1% CPU
Optimizing NNI: done in 0.00128817 secs using 255.1% CPU
Optimizing NNI: done in 0.00116082 secs using 187.1% CPU
Optimizing NNI: done in 0.00133387 secs using 174.8% CPU
Optimizing NNI: done in 0.00123608 secs using 261.6% CPU
Optimizing NNI: done in 0.00113941 secs using 187.6% CPU
Optimizing NNI: done in 0.00118091 secs using 184.6% CPU
Optimizing NNI: done in 0.0011855 secs using 184.1% CPU
Optimizing NNI: done in 0.00122896 secs using 262.6% CPU
Optimizing NNI: done in 0.00126013 secs using 173.6% CPU
Optimizing NNI: done in 0.00156289 secs using 163.9% CPU
Optimizing NNI: done in 0.00137265 secs using 172.7% CPU
Optimizing NNI: done in 0.00323684 secs using 223.5% CPU
Optimizing NNI: done in 0.00126934 secs using 178.5% CPU
Optimizing NNI: done in 0.00133479 secs using 174.5% CPU
Optimizing NNI: done in 0.00127647 secs using 178.2% CPU
Optimizing NNI: done in 0.00132722 secs using 175.3% CPU
Optimizing NNI: done in 0.00142593 secs using 240.1% CPU
Optimizing NNI: done in 0.00142573 secs using 240.1% CPU
Optimizing NNI: done in 0.00133593 secs using 174.7% CPU
Optimizing NNI: done in 0.00123688 secs using 261.5% CPU
Optimizing NNI: done in 0.00125954 secs using 180.1% CPU
Optimizing NNI: done in 0.00139284 secs using 243.4% CPU
Optimizing NNI: done in 0.00112328 secs using 188.7% CPU
Optimizing NNI: done in 0.00218603 secs using 191.4% CPU
Optimizing NNI: done in 0.00152433 secs using 231.1% CPU
Optimizing NNI: done in 0.00141479 secs using 170.5% CPU
Optimizing NNI: done in 0.00140497 secs using 171% CPU
Optimizing NNI: done in 0.00137657 secs using 172.5% CPU
Optimizing NNI: done in 0.00244792 secs using 141.2% CPU
Optimizing NNI: done in 0.00117946 secs using 184.5% CPU
Optimizing NNI: done in 0.00110794 secs using 190.1% CPU
Optimizing NNI: done in 0.00166823 secs using 153.5% CPU
Optimizing NNI: done in 0.00152522 secs using 231% CPU
Optimizing NNI: done in 0.00137245 secs using 245.6% CPU
Optimizing NNI: done in 0.00149366 secs using 233.9% CPU
Optimizing NNI: done in 0.00216054 secs using 192.5% CPU
Optimizing NNI: done in 0.00131949 secs using 175.6% CPU
Optimizing NNI: done in 0.00139356 secs using 171.6% CPU
1000 samples done
Total 981 ufboot trees refined
TREE SEARCH COMPLETED AFTER 201 ITERATIONS / Time: 0h:0m:34s

--------------------------------------------------------------------
|                    FINALIZING TREE SEARCH                        |
--------------------------------------------------------------------
Performs final model parameters optimization
Estimate model parameters (epsilon = 0.010)
1. Initial log-likelihood: -619.572
Optimal log-likelihood: -619.572
Parameters optimization took 1 rounds (0.001 sec)
BEST SCORE FOUND : -619.572
Creating bootstrap support values...
Split supports printed to NEXUS file 11_alignment_files/part2_trimmed.afa.splits.nex
Total tree length: 0.242

Total number of iterations: 201
CPU time used for tree search: 15.284 sec (0h:0m:15s)
Wall-clock time used for tree search: 7.846 sec (0h:0m:7s)
Total CPU time used: 75.663 sec (0h:1m:15s)
Total wall-clock time used: 34.261 sec (0h:0m:34s)
UFBoot trees printed to 11_alignment_files/part2_trimmed.afa.ufboot

Computing bootstrap consensus tree...
Reading input file 11_alignment_files/part2_trimmed.afa.splits.nex...
14 taxa and 106 splits.
Consensus tree written to 11_alignment_files/part2_trimmed.afa.contree
Reading input trees file 11_alignment_files/part2_trimmed.afa.contree
Log-likelihood of consensus tree: -619.574

Analysis results written to: 
  IQ-TREE report:                11_alignment_files/part2_trimmed.afa.iqtree
  Maximum-likelihood tree:       11_alignment_files/part2_trimmed.afa.treefile
  Likelihood distances:          11_alignment_files/part2_trimmed.afa.mldist

Ultrafast bootstrap approximation results written to:
  Split support values:          11_alignment_files/part2_trimmed.afa.splits.nex
  Consensus tree:                11_alignment_files/part2_trimmed.afa.contree
  UFBoot trees:                  11_alignment_files/part2_trimmed.afa.ufboot
  Screen log file:               11_alignment_files/part2_trimmed.afa.log

Date and Time: Sun Nov 30 17:42:24 2025
