IQ-TREE version 3.0.1 for Linux x86 64-bit built Jul  9 2025
Developed by Bui Quang Minh, Thomas Wong, Nhan Ly-Trong, Huaiyan Ren
Contributed by Lam-Tung Nguyen, Dominik Schrempf, Chris Bielow,
Olga Chernomor, Michael Woodhams, Diep Thi Hoang, Heiko Schmidt

Host:    thecomputer2 (AVX512, FMA3, 31 GB RAM)
Command: iqtree3 -s 10_supermatrix_files/supermatrix.afa -p 10_supermatrix_files/partition.txt -m MFP+MERGE -B 1000 --alrt 1000 -T AUTO -redo
Seed:    973277 (Using SPRNG - Scalable Parallel Random Number Generator)
Time:    Thu Nov 27 17:31:00 2025
Kernel:  AVX+FMA - auto-detect threads (8 CPU cores detected)

Reading partition model file 10_supermatrix_files/partition.txt ...
Reading alignment file 10_supermatrix_files/supermatrix.afa ... Fasta format detected
Reading fasta file: done in 0.000543113 secs using 32.96% CPU
Alignment most likely contains protein sequences
Constructing alignment: done in 0.00123153 secs using 225.7% CPU
Alignment has 20 sequences with 517 columns, 238 distinct patterns
33 parsimony-informative, 47 singleton sites, 437 constant sites
                                       Gap/Ambiguity  Composition  p-value
Analyzing sequences: done in 0.01898 secs using 326% CPU
   1  AB201257.1_Balaenoptera_omurai          33.85%    passed    100.00%
   2  AB201259.1_Balaenoptera_brydei          10.83%    passed    100.00%
   3  AP006468.1_Balaenoptera_acutorostrata   34.04%    passed    100.00%
   4  AP006471.1_Eschrichtius_robustus        33.85%    passed    100.00%
   5  AP006472.1_Balaena_mysticetus           33.66%    passed    100.00%
   6  AP006475.1_Caperea_marginata            11.03%    passed    100.00%
   7  DQ095154.1_Eubalaena_glacialis          10.64%    passed    100.00%
   8  DQ095155.1_Eubalaena_australis          10.64%    passed    100.00%
   9  DQ256378.1_Chelydra_serpentina          33.27%    passed     99.99%
  10  JX454979.1_Lepidochelys_olivacea        33.66%    passed     99.90%
  11  MF409248.1_Balaenoptera_borealis        10.83%    passed    100.00%
  12  NC_006926.1_Balaenoptera_bonaerensis    10.83%    passed    100.00%
  13  NC_006931.1_Eubalaena_japonica          10.64%    passed    100.00%
  14  NC_007938.1_Balaenoptera_edeni          44.49%    passed     98.63%
  15  NC_009260.1_Macrochelys_temminckii      33.27%    passed     99.99%
  16  PQ997938.1_Balaenoptera_ricei           44.68%    passed     98.22%
  17  sampleA                                 10.83%    passed    100.00%
  18  sampleB                                  4.45%    passed    100.00%
  19  sampleC                                 54.35%    passed     91.42%
  20  sampleD                                 35.98%    passed     99.65%
WARNING: 1 sequences contain more than 50% gaps/ambiguity
****  TOTAL                                   25.29%  0 sequences failed composition chi2 test (p-value<5%; df=19)

Partition file is not in NEXUS format, assuming RAxML-style partition file...
ERROR: Too large site ID
