IQ-TREE version 3.0.1 for Linux x86 64-bit built Jul  9 2025
Developed by Bui Quang Minh, Thomas Wong, Nhan Ly-Trong, Huaiyan Ren
Contributed by Lam-Tung Nguyen, Dominik Schrempf, Chris Bielow,
Olga Chernomor, Michael Woodhams, Diep Thi Hoang, Heiko Schmidt

Host:    thecomputer2 (AVX512, FMA3, 31 GB RAM)
Command: iqtree3 -s 10_alignment_files/sampleA_part3_alignment.afa -m MFP -B 1000 -bnni -T AUTO -redo
Seed:    506386 (Using SPRNG - Scalable Parallel Random Number Generator)
Time:    Sun Nov 23 19:47:38 2025
Kernel:  AVX+FMA - auto-detect threads (8 CPU cores detected)

Reading alignment file 10_alignment_files/sampleA_part3_alignment.afa ... Fasta format detected
Reading fasta file: done in 4.8241e-05 secs using 49.75% CPU
Alignment most likely contains protein sequences
Constructing alignment: done in 0.000115009 secs using 416.5% CPU
WARNING: 37 sites contain only gaps or ambiguous characters.
Alignment has 14 sequences with 167 columns, 49 distinct patterns
6 parsimony-informative, 6 singleton sites, 155 constant sites
                                       Gap/Ambiguity  Composition  p-value
Analyzing sequences: done in 6.545e-06 secs using 76.39% CPU
   1  sampleA_part3                           27.54%    passed    100.00%
   2  AP006475.1_Caperea_marginata            29.94%    passed    100.00%
   3  DQ095155.1_Eubalaena_australis          28.74%    passed    100.00%
   4  DQ095154.1_Eubalaena_glacialis          28.74%    passed    100.00%
   5  NC_006931.1_Eubalaena_japonica          28.74%    passed    100.00%
   6  AB201259.1_Balaenoptera_brydei          28.74%    passed    100.00%
   7  PQ997938.1_Balaenoptera_ricei           28.74%    passed    100.00%
   8  MF409245.1_Eschrichtius_robustus        28.74%    passed    100.00%
   9  MF409248.1_Balaenoptera_borealis        28.74%    passed    100.00%
  10  NC_007938.1_Balaenoptera_edeni          28.74%    passed    100.00%
  11  MN124685.1_Balaena_mysticetus           28.74%    passed    100.00%
  12  NC_006926.1_Balaenoptera_bonaerensis    28.74%    passed    100.00%
  13  OX465372.1_Balaenoptera_acutorostrata   28.74%    passed    100.00%
  14  ON675289.1_Balaenoptera_musculus        28.74%    passed    100.00%
****  TOTAL                                   28.74%  0 sequences failed composition chi2 test (p-value<5%; df=19)
NOTE: DQ095154.1_Eubalaena_glacialis is identical to DQ095155.1_Eubalaena_australis but kept for subsequent analysis
NOTE: MF409245.1_Eschrichtius_robustus is identical to PQ997938.1_Balaenoptera_ricei but kept for subsequent analysis
Checking for duplicate sequences: done in 0.0010084 secs using 575.1% CPU
Identifying sites to remove: done in 4.7217e-05 secs using 99.54% CPU
NOTE: 3 identical sequences (see below) will be ignored for subsequent analysis
NOTE: NC_006931.1_Eubalaena_japonica (identical to DQ095155.1_Eubalaena_australis) is ignored but added at the end
NOTE: MF409248.1_Balaenoptera_borealis (identical to PQ997938.1_Balaenoptera_ricei) is ignored but added at the end
NOTE: NC_007938.1_Balaenoptera_edeni (identical to PQ997938.1_Balaenoptera_ricei) is ignored but added at the end
Alignment was printed to 10_alignment_files/sampleA_part3_alignment.afa.uniqueseq.phy

For your convenience alignment with unique sequences printed to 10_alignment_files/sampleA_part3_alignment.afa.uniqueseq.phy


Create initial parsimony tree by phylogenetic likelihood library (PLL)... 0.000 seconds
Measuring multi-threading efficiency up to 8 CPU cores
Increase to 10 rounds for branch lengths
