IQ-TREE version 3.0.1 for Linux x86 64-bit built Jul  9 2025
Developed by Bui Quang Minh, Thomas Wong, Nhan Ly-Trong, Huaiyan Ren
Contributed by Lam-Tung Nguyen, Dominik Schrempf, Chris Bielow,
Olga Chernomor, Michael Woodhams, Diep Thi Hoang, Heiko Schmidt

Host:    thecomputer2 (AVX512, FMA3, 31 GB RAM)
Command: iqtree3 -s 10_alignment_files/part3_alignment.afa -m MFP -B 1000 -bnni -T AUTO -redo
Seed:    297314 (Using SPRNG - Scalable Parallel Random Number Generator)
Time:    Fri Nov 28 12:53:45 2025
Kernel:  AVX+FMA - auto-detect threads (8 CPU cores detected)

Reading alignment file 10_alignment_files/part3_alignment.afa ... Fasta format detected
Reading fasta file: done in 0.000107622 secs
Alignment most likely contains protein sequences
Constructing alignment: done in 0.000162712 secs using 98.95% CPU
Alignment has 15 sequences with 166 columns, 107 distinct patterns
30 parsimony-informative, 10 singleton sites, 126 constant sites
                       Gap/Ambiguity  Composition  p-value
Analyzing sequences: done in 1.1321e-05 secs using 88.33% CPU
   1  Thunnus_thynnus         20.48%    passed     98.09%
   2  Thunnus_maccoyii        20.48%    passed     98.09%
   3  Thunnus_obesus          20.48%    passed     98.09%
   4  Thunnus_tonggol         20.48%    passed     98.09%
   5  Thunnus_albacares       20.48%    passed     98.09%
   6  sampleC                 17.47%    passed     96.00%
   7  sampleA                 27.11%    passed     98.25%
   8  sampleB                  4.82%    passed    100.00%
   9  Eubalaena_japonica      28.31%    passed     99.03%
  10  Eubalaena_glacialis     28.31%    passed     99.03%
  11  Eubalaena_australis     28.31%    passed     99.03%
  12  Balaena_mysticetus      28.31%    passed     98.30%
  13  Eschrichtius_robustus   28.31%    passed     98.40%
  14  Monodon_monoceros        0.60%    passed    100.00%
  15  Delphinapterus_leucas    0.60%    passed    100.00%
****  TOTAL                   19.64%  0 sequences failed composition chi2 test (p-value<5%; df=19)
NOTE: Thunnus_maccoyii is identical to Thunnus_thynnus but kept for subsequent analysis
NOTE: Eubalaena_glacialis is identical to Eubalaena_japonica but kept for subsequent analysis
Checking for duplicate sequences: done in 0.000510336 secs using 730.3% CPU
Identifying sites to remove: done in 8.7233e-05 secs using 99.73% CPU
NOTE: 4 identical sequences (see below) will be ignored for subsequent analysis
NOTE: Thunnus_obesus (identical to Thunnus_thynnus) is ignored but added at the end
NOTE: Thunnus_tonggol (identical to Thunnus_thynnus) is ignored but added at the end
NOTE: Thunnus_albacares (identical to Thunnus_thynnus) is ignored but added at the end
NOTE: Eubalaena_australis (identical to Eubalaena_japonica) is ignored but added at the end
Alignment was printed to 10_alignment_files/part3_alignment.afa.uniqueseq.phy

For your convenience alignment with unique sequences printed to 10_alignment_files/part3_alignment.afa.uniqueseq.phy


Create initial parsimony tree by phylogenetic likelihood library (PLL)... 0.000 seconds
Measuring multi-threading efficiency up to 8 CPU cores
Increase to 10 rounds for branch lengths
591 trees examined
Threads: 1 / Time: 8.010 sec / Speedup: 1.000 / Efficiency: 100% / LogL: -912
Threads: 2 / Time: 5.129 sec / Speedup: 1.562 / Efficiency: 78% / LogL: -912
Threads: 3 / Time: 4.086 sec / Speedup: 1.960 / Efficiency: 65% / LogL: -912
Threads: 4 / Time: 3.475 sec / Speedup: 2.305 / Efficiency: 58% / LogL: -912
Threads: 5 / Time: 3.688 sec / Speedup: 2.172 / Efficiency: 43% / LogL: -912
Determining AUTO threadcount: done in 24.3892 secs using 256.8% CPU
BEST NUMBER OF THREADS: 4

Perform fast likelihood tree search using LG+I+G model...
Estimate model parameters (epsilon = 5.000)
Perform nearest neighbor interchange...
Optimizing NNI: done in 0.0163154 secs using 393.7% CPU
Estimate model parameters (epsilon = 1.000)
1. Initial log-likelihood: -804.797
Optimal log-likelihood: -804.787
Proportion of invariable sites: 0.376
Gamma shape alpha: 0.840
Parameters optimization took 1 rounds (0.008 sec)
Time for fast ML tree search: 0.036 seconds

NOTE: ModelFinder requires 2 MB RAM!
ModelFinder will test up to 1232 protein models (sample size: 166 epsilon: 0.100) ...
 No. Model         -LnL         df  AIC          AICc         BIC
  1  LG            812.830      19  1663.661     1668.866     1722.789
  2  LG+I          806.251      20  1652.502     1658.295     1714.742
  3  LG+G4         805.064      20  1650.128     1655.921     1712.368
  4  LG+I+G4       804.787      21  1651.573     1657.990     1716.925
  5  LG+R2         805.911      21  1653.822     1660.239     1719.174
  6  LG+R3         801.947      23  1649.894     1657.668     1721.469
 14  LG+I+R2       805.597      22  1655.194     1662.271     1723.658
 15  LG+I+R3       801.811      24  1651.622     1660.133     1726.310
 24  LG+F+I        777.071      39  1632.142     1656.904     1753.509
 25  LG+F+G4       776.062      39  1630.124     1654.885     1751.491
 26  LG+F+I+G4     775.766      40  1631.532     1657.772     1756.012
 27  LG+F+R2       776.682      40  1633.363     1659.603     1757.843
 28  LG+F+R3       772.862      42  1629.725     1659.091     1760.428
 46  WAG+I         803.188      20  1646.376     1652.169     1708.616
 47  WAG+G4        802.118      20  1644.236     1650.030     1706.476
 48  WAG+I+G4      801.922      21  1645.844     1652.261     1711.196
 49  WAG+R2        802.671      21  1647.341     1653.758     1712.693
 50  WAG+R3        799.743      23  1645.486     1653.260     1717.061
 68  WAG+F+I       775.532      39  1629.064     1653.826     1750.431
 69  WAG+F+G4      774.650      39  1627.300     1652.061     1748.667
 70  WAG+F+I+G4    774.466      40  1628.932     1655.172     1753.411
 71  WAG+F+R2      775.065      40  1630.130     1656.370     1754.609
 72  WAG+F+R3      772.182      42  1628.364     1657.730     1759.068
 90  JTT+I         796.690      20  1633.381     1639.174     1695.621
 91  JTT+G4        795.622      20  1631.243     1637.036     1693.483
 92  JTT+I+G4      795.364      21  1632.727     1639.144     1698.079
 93  JTT+R2        795.956      21  1633.913     1640.330     1699.265
 94  JTT+R3        793.574      23  1633.147     1640.922     1704.723
112  JTT+F+I       769.421      39  1616.842     1641.604     1738.209
113  JTT+F+G4      768.453      39  1614.906     1639.668     1736.274
114  JTT+F+I+G4    768.235      40  1616.470     1642.710     1740.949
115  JTT+F+R2      768.676      40  1617.351     1643.591     1741.831
116  JTT+F+R3      766.522      42  1617.045     1646.411     1747.748
134  Q.PFAM+I      805.734      20  1651.468     1657.261     1713.708
135  Q.PFAM+G4     804.585      20  1649.171     1654.964     1711.411
136  Q.PFAM+I+G4   804.343      21  1650.685     1657.102     1716.037
137  Q.PFAM+R2     801.835      21  1645.671     1652.088     1711.023
138  Q.PFAM+R3     801.637      23  1649.275     1657.049     1720.850
156  Q.PFAM+F+I    777.060      39  1632.120     1656.882     1753.487
157  Q.PFAM+F+G4   776.081      39  1630.162     1654.924     1751.530
158  Q.PFAM+F+I+G4 775.810      40  1631.621     1657.861     1756.100
159  Q.PFAM+F+R2   773.332      40  1626.663     1652.903     1751.143
160  Q.PFAM+F+R3   772.804      42  1629.608     1658.974     1760.312
178  Q.BIRD+I      797.329      20  1634.657     1640.451     1696.897
179  Q.BIRD+G4     796.387      20  1632.774     1638.567     1695.013
180  Q.BIRD+I+G4   796.102      21  1634.203     1640.620     1699.555
181  Q.BIRD+R2     795.384      21  1632.767     1639.184     1698.119
182  Q.BIRD+R3     795.335      23  1636.670     1644.444     1708.245
200  Q.BIRD+F+I    765.807      39  1609.615     1634.376     1730.982
201  Q.BIRD+F+G4   764.859      39  1607.719     1632.480     1729.086
202  Q.BIRD+F+I+G4 764.614      40  1609.227     1635.467     1733.707
203  Q.BIRD+F+R2   764.070      40  1608.140     1634.380     1732.619
204  Q.BIRD+F+R3   763.958      42  1611.915     1641.281     1742.619
222  Q.MAMMAL+I    799.740      20  1639.481     1645.274     1701.721
223  Q.MAMMAL+G4   798.773      20  1637.546     1643.340     1699.786
224  Q.MAMMAL+I+G4 798.519      21  1639.039     1645.456     1704.391
225  Q.MAMMAL+R2   797.465      21  1636.929     1643.346     1702.281
226  Q.MAMMAL+R3   797.426      23  1640.853     1648.627     1712.428
244  Q.MAMMAL+F+I  767.259      39  1612.518     1637.280     1733.886
245  Q.MAMMAL+F+G4 766.314      39  1610.628     1635.390     1731.995
246  Q.MAMMAL+F+I+G4 766.083      40  1612.166     1638.406     1736.645
247  Q.MAMMAL+F+R2 765.239      40  1610.478     1636.718     1734.957
248  Q.MAMMAL+F+R3 765.096      42  1614.192     1643.558     1744.896
266  Q.INSECT+I    806.558      20  1653.117     1658.910     1715.356
267  Q.INSECT+G4   805.554      20  1651.108     1656.901     1713.347
268  Q.INSECT+I+G4 805.313      21  1652.625     1659.042     1717.977
269  Q.INSECT+R2   803.509      21  1649.017     1655.434     1714.369
270  Q.INSECT+R3   803.394      23  1652.788     1660.563     1724.364
288  Q.INSECT+F+I  773.472      39  1624.944     1649.706     1746.311
289  Q.INSECT+F+G4 772.611      39  1623.222     1647.984     1744.589
290  Q.INSECT+F+I+G4 772.374      40  1624.748     1650.988     1749.227
291  Q.INSECT+F+R2 770.753      40  1621.506     1647.746     1745.986
292  Q.INSECT+F+R3 770.247      42  1624.494     1653.860     1755.197
310  Q.PLANT+I     795.698      20  1631.395     1637.188     1693.635
311  Q.PLANT+G4    794.589      20  1629.178     1634.971     1691.417
312  Q.PLANT+I+G4  794.234      21  1630.467     1636.884     1695.819
313  Q.PLANT+R2    792.688      21  1627.376     1633.792     1692.727
314  Q.PLANT+R3    792.614      23  1631.229     1639.003     1702.804
332  Q.PLANT+F+I   768.722      39  1615.444     1640.206     1736.811
333  Q.PLANT+F+G4  767.724      39  1613.447     1638.209     1734.815
334  Q.PLANT+F+I+G4 767.411      40  1614.821     1641.061     1739.301
335  Q.PLANT+F+R2  766.077      40  1612.153     1638.393     1736.633
336  Q.PLANT+F+R3  765.758      42  1615.515     1644.881     1746.219
354  Q.YEAST+I     809.014      20  1658.029     1663.822     1720.269
355  Q.YEAST+G4    807.873      20  1655.746     1661.539     1717.985
356  Q.YEAST+I+G4  807.586      21  1657.173     1663.590     1722.525
357  Q.YEAST+R2    805.213      21  1652.426     1658.843     1717.778
358  Q.YEAST+R3    805.141      23  1656.281     1664.056     1727.857
376  Q.YEAST+F+I   774.742      39  1627.484     1652.246     1748.852
377  Q.YEAST+F+G4  773.753      39  1625.506     1650.268     1746.873
378  Q.YEAST+F+I+G4 773.481      40  1626.962     1653.202     1751.441
379  Q.YEAST+F+R2  771.262      40  1622.524     1648.764     1747.003
380  Q.YEAST+F+R3  770.643      42  1625.286     1654.652     1755.990
398  JTTDCMUT+I    797.113      20  1634.226     1640.020     1696.466
399  JTTDCMUT+G4   796.006      20  1632.012     1637.805     1694.252
400  JTTDCMUT+I+G4 795.732      21  1633.465     1639.881     1698.817
401  JTTDCMUT+R2   793.828      21  1629.657     1636.074     1695.009
402  JTTDCMUT+R3   793.793      23  1633.586     1641.361     1705.162
420  JTTDCMUT+F+I  769.711      39  1617.422     1642.184     1738.790
421  JTTDCMUT+F+G4 768.711      39  1615.422     1640.184     1736.790
422  JTTDCMUT+F+I+G4 768.477      40  1616.955     1643.195     1741.434
423  JTTDCMUT+F+R2 766.752      40  1613.504     1639.744     1737.984
424  JTTDCMUT+F+R3 766.535      42  1617.071     1646.437     1747.774
442  DCMUT+I       816.824      20  1673.647     1679.440     1735.887
443  DCMUT+G4      815.165      20  1670.329     1676.122     1732.569
444  DCMUT+I+G4    814.730      21  1671.461     1677.878     1736.813
445  DCMUT+R2      811.655      21  1665.310     1671.726     1730.661
446  DCMUT+R3      811.576      23  1669.151     1676.926     1740.727
464  DCMUT+F+I     780.487      39  1638.975     1663.737     1760.342
465  DCMUT+F+G4    779.097      39  1636.194     1660.956     1757.562
466  DCMUT+F+I+G4  778.681      40  1637.362     1663.602     1761.842
467  DCMUT+F+R2    775.801      40  1631.602     1657.842     1756.082
468  DCMUT+F+R3    775.029      42  1634.059     1663.425     1764.762
486  VT+I          804.734      20  1649.468     1655.261     1711.707
487  VT+G4         803.758      20  1647.516     1653.309     1709.755
488  VT+I+G4       803.544      21  1649.088     1655.505     1714.440
489  VT+R2         801.704      21  1645.408     1651.825     1710.760
490  VT+R3         801.602      23  1649.204     1656.979     1720.780
508  VT+F+I        776.583      39  1631.167     1655.929     1752.534
509  VT+F+G4       775.726      39  1629.451     1654.213     1750.819
510  VT+F+I+G4     775.526      40  1631.051     1657.291     1755.531
511  VT+F+R2       773.804      40  1627.609     1653.849     1752.088
512  VT+F+R3       773.425      42  1630.850     1660.216     1761.554
530  PMB+I         804.933      20  1649.866     1655.659     1712.106
531  PMB+G4        804.043      20  1648.086     1653.879     1710.325
532  PMB+I+G4      803.859      21  1649.717     1656.134     1715.069
533  PMB+R2        802.097      21  1646.193     1652.610     1711.545
534  PMB+R3        801.720      23  1649.440     1657.215     1721.016
552  PMB+F+I       782.568      39  1643.136     1667.898     1764.503
553  PMB+F+G4      781.754      39  1641.507     1666.269     1762.875
554  PMB+F+I+G4    781.549      40  1643.097     1669.337     1767.577
555  PMB+F+R2      779.773      40  1639.547     1665.787     1764.026
556  PMB+F+R3      779.212      42  1642.424     1671.790     1773.127
574  BLOSUM62+I    807.540      20  1655.080     1660.873     1717.319
575  BLOSUM62+G4   806.614      20  1653.228     1659.021     1715.468
576  BLOSUM62+I+G4 806.414      21  1654.827     1661.244     1720.179
577  BLOSUM62+R2   804.564      21  1651.128     1657.545     1716.480
578  BLOSUM62+R3   804.091      23  1654.181     1661.956     1725.757
596  BLOSUM62+F+I  781.671      39  1641.343     1666.105     1762.710
597  BLOSUM62+F+G4 780.851      39  1639.701     1664.463     1761.069
598  BLOSUM62+F+I+G4 780.623      40  1641.246     1667.486     1765.725
599  BLOSUM62+F+R2 778.712      40  1637.425     1663.665     1761.904
600  BLOSUM62+F+R3 778.050      42  1640.099     1669.465     1770.803
618  DAYHOFF+I     816.774      20  1673.548     1679.341     1735.787
619  DAYHOFF+G4    815.107      20  1670.214     1676.007     1732.454
620  DAYHOFF+I+G4  814.671      21  1671.341     1677.758     1736.693
621  DAYHOFF+R2    811.611      21  1665.223     1671.640     1730.575
622  DAYHOFF+R3    811.553      23  1669.106     1676.880     1740.681
640  DAYHOFF+F+I   780.442      39  1638.885     1663.647     1760.252
641  DAYHOFF+F+G4  779.045      39  1636.091     1660.853     1757.458
642  DAYHOFF+F+I+G4 778.628      40  1637.255     1663.495     1761.735
643  DAYHOFF+F+R2  775.711      40  1631.422     1657.662     1755.902
644  DAYHOFF+F+R3  774.797      42  1633.593     1662.959     1764.297
662  MTREV+I       780.857      20  1601.714     1607.507     1663.953
663  MTREV+G4      779.456      20  1598.913     1604.706     1661.153
664  MTREV+I+G4    779.243      21  1600.486     1606.902     1665.837
665  MTREV+R2      777.335      21  1596.670     1603.087     1662.022
666  MTREV+R3      777.261      23  1600.523     1608.297     1672.098
684  MTREV+F+I     767.463      39  1612.925     1637.687     1734.293
685  MTREV+F+G4    766.190      39  1610.381     1635.143     1731.748
686  MTREV+F+I+G4  765.957      40  1611.914     1638.154     1736.393
687  MTREV+F+R2    764.114      40  1608.229     1634.469     1732.708
688  MTREV+F+R3    763.847      42  1611.694     1641.059     1742.397
706  MTART+I       792.694      20  1625.387     1631.181     1687.627
707  MTART+G4      790.489      20  1620.978     1626.771     1683.217
708  MTART+I+G4    789.545      21  1621.090     1627.507     1686.442
709  MTART+R2      784.909      21  1611.817     1618.234     1677.169
710  MTART+R3      781.442      23  1608.885     1616.659     1680.460
728  MTART+F+I     782.059      39  1642.117     1666.879     1763.485
729  MTART+F+G4    780.080      39  1638.159     1662.921     1759.527
730  MTART+F+I+G4  779.245      40  1638.490     1664.730     1762.970
731  MTART+F+R2    774.016      40  1628.032     1654.272     1752.512
732  MTART+F+R3    770.939      42  1625.879     1655.245     1756.582
750  MTZOA+I       780.723      20  1601.446     1607.239     1663.686
751  MTZOA+G4      779.262      20  1598.525     1604.318     1660.764
752  MTZOA+I+G4    778.870      21  1599.739     1606.156     1665.091
753  MTZOA+R2      775.641      21  1593.282     1599.698     1658.633
754  MTZOA+R3      772.626      23  1591.252     1599.027     1662.828
772  MTZOA+F+I     773.975      39  1625.950     1650.712     1747.318
773  MTZOA+F+G4    772.630      39  1623.259     1648.021     1744.627
774  MTZOA+F+I+G4  772.252      40  1624.504     1650.744     1748.984
775  MTZOA+F+R2    768.758      40  1617.515     1643.755     1741.995
776  MTZOA+F+R3    766.151      42  1616.302     1645.668     1747.005
794  MTMET+I       783.927      20  1607.853     1613.646     1670.093
795  MTMET+G4      782.866      20  1605.733     1611.526     1667.973
796  MTMET+I+G4    782.578      21  1607.156     1613.573     1672.508
797  MTMET+R2      781.455      21  1604.910     1611.326     1670.261
798  MTMET+R3      780.041      23  1606.082     1613.857     1677.658
816  MTMET+F+I     766.266      39  1610.531     1635.293     1731.899
817  MTMET+F+G4    765.246      39  1608.492     1633.254     1729.860
818  MTMET+F+I+G4  764.973      40  1609.947     1636.187     1734.426
819  MTMET+F+R2    763.847      40  1607.693     1633.933     1732.173
820  MTMET+F+R3    762.632      42  1609.263     1638.629     1739.967
838  MTVER+I       783.190      20  1606.381     1612.174     1668.620
839  MTVER+G4      782.062      20  1604.124     1609.917     1666.364
840  MTVER+I+G4    781.682      21  1605.365     1611.782     1670.717
841  MTVER+R2      780.969      21  1603.937     1610.354     1669.289
842  MTVER+R3      779.744      23  1605.489     1613.264     1677.065
860  MTVER+F+I     765.957      39  1609.914     1634.676     1731.282
861  MTVER+F+G4    764.981      39  1607.961     1632.723     1729.329
862  MTVER+F+I+G4  764.561      40  1609.122     1635.362     1733.601
863  MTVER+F+R2    763.964      40  1607.928     1634.168     1732.408
864  MTVER+F+R3    762.784      42  1609.569     1638.935     1740.272
882  MTINV+I       798.782      20  1637.564     1643.357     1699.803
883  MTINV+G4      797.796      20  1635.592     1641.385     1697.832
884  MTINV+I+G4    797.550      21  1637.099     1643.516     1702.451
885  MTINV+R2      796.136      21  1634.271     1640.688     1699.623
886  MTINV+R3      794.787      23  1635.573     1643.348     1707.149
904  MTINV+F+I     769.712      39  1617.424     1642.186     1738.792
905  MTINV+F+G4    768.687      39  1615.374     1640.136     1736.741
906  MTINV+F+I+G4  768.470      40  1616.940     1643.180     1741.420
907  MTINV+F+R2    766.840      40  1613.679     1639.919     1738.159
908  MTINV+F+R3    765.827      42  1615.654     1645.020     1746.357
926  MTMAM+I       782.748      20  1605.495     1611.288     1667.735
927  MTMAM+G4      781.111      20  1602.221     1608.014     1664.461
928  MTMAM+I+G4    780.503      21  1603.007     1609.423     1668.359
929  MTMAM+R2      779.865      21  1601.730     1608.146     1667.082
930  MTMAM+R3      776.639      23  1599.278     1607.053     1670.854
948  MTMAM+F+I     770.776      39  1619.552     1644.313     1740.919
949  MTMAM+F+G4    769.266      39  1616.532     1641.294     1737.900
950  MTMAM+F+I+G4  768.586      40  1617.172     1643.412     1741.651
951  MTMAM+F+R2    768.169      40  1616.337     1642.577     1740.817
952  MTMAM+F+R3    765.019      42  1614.038     1643.403     1744.741
970  FLAVI+I       794.423      20  1628.846     1634.639     1691.086
971  FLAVI+G4      793.109      20  1626.218     1632.011     1688.457
972  FLAVI+I+G4    792.575      21  1627.149     1633.566     1692.501
973  FLAVI+R2      792.018      21  1626.035     1632.452     1691.387
974  FLAVI+R3      791.225      23  1628.450     1636.225     1700.026
992  FLAVI+F+I     773.122      39  1624.244     1649.006     1745.611
993  FLAVI+F+G4    771.739      39  1621.477     1646.239     1742.845
994  FLAVI+F+I+G4  771.113      40  1622.227     1648.467     1746.706
995  FLAVI+F+R2    770.391      40  1620.781     1647.021     1745.261
996  FLAVI+F+R3    769.395      42  1622.789     1652.155     1753.493
1014  HIVB+I        809.574      20  1659.149     1664.942     1721.389
1015  HIVB+G4       808.491      20  1656.983     1662.776     1719.223
1016  HIVB+I+G4     807.911      21  1657.822     1664.238     1723.173
1017  HIVB+R2       807.180      21  1656.360     1662.777     1721.712
1018  HIVB+R3       806.674      23  1659.349     1667.123     1730.924
1036  HIVB+F+I      774.041      39  1626.083     1650.845     1747.451
1037  HIVB+F+G4     772.927      39  1623.853     1648.615     1745.221
1038  HIVB+F+I+G4   772.287      40  1624.574     1650.814     1749.053
1039  HIVB+F+R2     771.647      40  1623.294     1649.534     1747.774
1040  HIVB+F+R3     770.428      42  1624.856     1654.222     1755.559
1058  HIVW+I        815.813      20  1671.626     1677.419     1733.866
1059  HIVW+G4       814.790      20  1669.581     1675.374     1731.820
1060  HIVW+I+G4     814.379      21  1670.758     1677.175     1736.110
1061  HIVW+R2       814.009      21  1670.018     1676.435     1735.370
1062  HIVW+R3       813.913      23  1673.827     1681.601     1745.402
1080  HIVW+F+I      769.199      39  1616.398     1641.160     1737.766
1081  HIVW+F+G4     768.231      39  1614.463     1639.225     1735.830
1082  HIVW+F+I+G4   767.869      40  1615.739     1641.979     1740.218
1083  HIVW+F+R2     767.495      40  1614.990     1641.230     1739.470
1084  HIVW+F+R3     767.297      42  1618.593     1647.959     1749.297
1102  FLU+I         801.766      20  1643.532     1649.325     1705.772
1103  FLU+G4        800.388      20  1640.775     1646.569     1703.015
1104  FLU+I+G4      799.883      21  1641.767     1648.183     1707.119
1105  FLU+R2        798.199      21  1638.397     1644.814     1703.749
1106  FLU+R3        797.763      23  1641.526     1649.300     1713.101
1124  FLU+F+I       770.441      39  1618.881     1643.643     1740.249
1125  FLU+F+G4      768.838      39  1615.677     1640.439     1737.044
1126  FLU+F+I+G4    768.373      40  1616.747     1642.987     1741.226
1127  FLU+F+R2      766.500      40  1613.000     1639.240     1737.479
1128  FLU+F+R3      765.833      42  1615.667     1645.033     1746.370
1146  RTREV+I       813.669      20  1667.338     1673.131     1729.578
1147  RTREV+G4      812.458      20  1664.916     1670.709     1727.156
1148  RTREV+I+G4    812.169      21  1666.338     1672.754     1731.690
1149  RTREV+R2      809.543      21  1661.086     1667.502     1726.437
1150  RTREV+R3      809.053      23  1664.107     1671.881     1735.683
1168  RTREV+F+I     778.986      39  1635.973     1660.735     1757.340
1169  RTREV+F+G4    778.099      39  1634.198     1658.960     1755.566
1170  RTREV+F+I+G4  777.778      40  1635.556     1661.796     1760.035
1171  RTREV+F+R2    775.806      40  1631.613     1657.853     1756.092
1172  RTREV+F+R3    774.594      42  1633.187     1662.553     1763.891
1190  CPREV+I       799.127      20  1638.255     1644.048     1700.495
1191  CPREV+G4      797.726      20  1635.452     1641.245     1697.692
1192  CPREV+I+G4    797.223      21  1636.447     1642.864     1701.799
1193  CPREV+R2      794.316      21  1630.631     1637.048     1695.983
1194  CPREV+R3      794.208      23  1634.415     1642.190     1705.991
1212  CPREV+F+I     775.855      39  1629.711     1654.473     1751.078
1213  CPREV+F+G4    774.564      39  1627.128     1651.890     1748.495
1214  CPREV+F+I+G4  774.113      40  1628.226     1654.466     1752.705
1215  CPREV+F+R2    771.063      40  1622.125     1648.365     1746.605
1216  CPREV+F+R3    770.871      42  1625.742     1655.108     1756.446
Akaike Information Criterion:           MTZOA+R3
Corrected Akaike Information Criterion: MTZOA+R3
Bayesian Information Criterion:         MTZOA+R2
Best-fit model: MTZOA+R2 chosen according to BIC

All model information printed to 10_alignment_files/part3_alignment.afa.model.gz
CPU time for ModelFinder: 75.523 seconds (0h:1m:15s)
Wall-clock time for ModelFinder: 27.628 seconds (0h:0m:27s)
Generating 1000 samples for ultrafast bootstrap (seed: 297314)...

NOTE: 0 MB RAM (0 GB) is required!
Estimate model parameters (epsilon = 0.100)
1. Initial log-likelihood: -776.076
2. Current log-likelihood: -775.839
Optimal log-likelihood: -775.793
Site proportion and rates:  (0.950,0.411) (0.050,12.169)
Parameters optimization took 2 rounds (0.013 sec)
Wrote distance file to... 
Computing ML distances based on estimated model parameters...
Calculating distance matrix: done in 0.00280868 secs using 430% CPU
Computing ML distances took 0.002883 sec (of wall-clock time) 0.012154 sec (of CPU time)
Setting up auxiliary I and S matrices: done in 0.000185204 secs using 312.1% CPU
Constructing RapidNJ tree: done in 0.00362041 secs using 325% CPU
Computing RapidNJ tree took 0.003897 sec (of wall-clock time) 0.012455 sec (of CPU time)
Log-likelihood of RapidNJ tree: -776.284
--------------------------------------------------------------------
|             INITIALIZING CANDIDATE TREE SET                      |
--------------------------------------------------------------------
Generating 98 parsimony trees... 0.025 second
Computing log-likelihood of 97 initial trees ... 0.094 seconds
Current best score: -775.793

Do NNI search on 20 best initial trees
Optimizing NNI: done in 0.00460203 secs using 360.2% CPU
Estimate model parameters (epsilon = 0.100)
BETTER TREE FOUND at iteration 1: -775.755
Optimizing NNI: done in 0.0172802 secs using 395.1% CPU
UPDATE BEST LOG-LIKELIHOOD: -775.754
Optimizing NNI: done in 0.0171449 secs using 385.8% CPU
Optimizing NNI: done in 0.01297 secs using 393% CPU
Optimizing NNI: done in 0.0118033 secs using 396.5% CPU
Optimizing NNI: done in 0.0120482 secs using 389.8% CPU
Optimizing NNI: done in 0.0128504 secs using 403.5% CPU
Optimizing NNI: done in 0.0118494 secs using 395.4% CPU
Optimizing NNI: done in 0.0130792 secs using 397.9% CPU
Optimizing NNI: done in 0.0121734 secs using 395.1% CPU
Iteration 10 / LogL: -775.754 / Time: 0h:0m:27s
Optimizing NNI: done in 0.0181324 secs using 397.5% CPU
Optimizing NNI: done in 0.0133265 secs using 385.2% CPU
Optimizing NNI: done in 0.014007 secs using 392.7% CPU
Optimizing NNI: done in 0.0136221 secs using 401% CPU
Optimizing NNI: done in 0.0120617 secs using 381.4% CPU
Optimizing NNI: done in 0.0133049 secs using 385.6% CPU
Optimizing NNI: done in 0.0135875 secs using 401.8% CPU
Optimizing NNI: done in 0.0128629 secs using 403.2% CPU
Optimizing NNI: done in 0.0119187 secs using 393.6% CPU
Optimizing NNI: done in 0.0121881 secs using 395.3% CPU
Iteration 20 / LogL: -775.754 / Time: 0h:0m:28s
Finish initializing candidate tree set (5)
Current best tree score: -775.754 / CPU time: 0.395
Number of iterations: 20
--------------------------------------------------------------------
|               OPTIMIZING CANDIDATE TREE SET                      |
--------------------------------------------------------------------
Optimizing NNI: done in 0.0179768 secs using 400.4% CPU
Optimizing NNI: done in 0.0170537 secs using 393.2% CPU
Optimizing NNI: done in 0.0191283 secs using 413.6% CPU
Optimizing NNI: done in 0.0176615 secs using 405.7% CPU
Optimizing NNI: done in 0.0136485 secs using 378.2% CPU
Optimizing NNI: done in 0.0238175 secs using 402.3% CPU
Optimizing NNI: done in 0.0178351 secs using 396.9% CPU
Optimizing NNI: done in 0.0123635 secs using 415.4% CPU
Optimizing NNI: done in 0.0281427 secs using 409.1% CPU
Optimizing NNI: done in 0.00445259 secs using 436.8% CPU
Iteration 30 / LogL: -775.754 / Time: 0h:0m:28s (0h:0m:1s left)
Optimizing NNI: done in 0.0228321 secs using 389% CPU
Optimizing NNI: done in 0.0270767 secs using 388.1% CPU
Optimizing NNI: done in 0.0291602 secs using 391.5% CPU
Optimizing NNI: done in 0.00916362 secs using 394.6% CPU
Optimizing NNI: done in 0.0133771 secs using 405.7% CPU
Optimizing NNI: done in 0.00714918 secs using 435.7% CPU
Optimizing NNI: done in 0.0171931 secs using 390.8% CPU
Optimizing NNI: done in 0.0124954 secs using 404.1% CPU
Optimizing NNI: done in 0.029531 secs using 384.4% CPU
Optimizing NNI: done in 0.0168993 secs using 401.8% CPU
Iteration 40 / LogL: -776.237 / Time: 0h:0m:28s (0h:0m:1s left)
Optimizing NNI: done in 0.00867032 secs using 365.2% CPU
Optimizing NNI: done in 0.0172077 secs using 384.7% CPU
Optimizing NNI: done in 0.0179176 secs using 401.4% CPU
Optimizing NNI: done in 0.0159774 secs using 400.4% CPU
Optimizing NNI: done in 0.016688 secs using 381.1% CPU
Optimizing NNI: done in 0.00926983 secs using 391% CPU
Optimizing NNI: done in 0.0256273 secs using 404.3% CPU
Optimizing NNI: done in 0.0176087 secs using 372.2% CPU
UPDATE BEST LOG-LIKELIHOOD: -775.754
Optimizing NNI: done in 0.0178761 secs using 396.2% CPU
Optimizing NNI: done in 0.0128607 secs using 403.2% CPU
Iteration 50 / LogL: -775.754 / Time: 0h:0m:28s (0h:0m:1s left)
Optimizing NNI: done in 0.0304183 secs using 399.2% CPU
Optimizing NNI: done in 0.00846578 secs using 382.3% CPU
Optimizing NNI: done in 0.0163453 secs using 393.6% CPU
Optimizing NNI: done in 0.00772295 secs using 384.9% CPU
Optimizing NNI: done in 0.0262834 secs using 396.6% CPU
Optimizing NNI: done in 0.00892305 secs using 402.6% CPU
Optimizing NNI: done in 0.00447944 secs using 367.8% CPU
UPDATE BEST LOG-LIKELIHOOD: -775.754
Optimizing NNI: done in 0.0137866 secs using 395.3% CPU
Optimizing NNI: done in 0.00789996 secs using 401.7% CPU
Optimizing NNI: done in 0.00908064 secs using 399.2% CPU
Iteration 60 / LogL: -776.237 / Time: 0h:0m:28s (0h:0m:0s left)
Optimizing NNI: done in 0.0232205 secs using 394.1% CPU
Optimizing NNI: done in 0.00819691 secs using 390.6% CPU
Optimizing NNI: done in 0.0180394 secs using 381.9% CPU
Optimizing NNI: done in 0.00906636 secs using 378.3% CPU
Optimizing NNI: done in 0.00912384 secs using 394.7% CPU
Optimizing NNI: done in 0.0170267 secs using 399% CPU
Optimizing NNI: done in 0.0200409 secs using 389.4% CPU
Optimizing NNI: done in 0.0135904 secs using 386.4% CPU
Optimizing NNI: done in 0.0124655 secs using 388.2% CPU
Optimizing NNI: done in 0.0220526 secs using 385.4% CPU
Iteration 70 / LogL: -775.754 / Time: 0h:0m:28s (0h:0m:0s left)
Optimizing NNI: done in 0.0149092 secs using 401.8% CPU
Optimizing NNI: done in 0.0226039 secs using 392% CPU
Optimizing NNI: done in 0.0150945 secs using 391.5% CPU
Optimizing NNI: done in 0.0189142 secs using 401.3% CPU
Optimizing NNI: done in 0.00412667 secs using 390.8% CPU
Optimizing NNI: done in 0.0115473 secs using 385.8% CPU
Optimizing NNI: done in 0.0150256 secs using 399.5% CPU
Optimizing NNI: done in 0.0217028 secs using 404% CPU
Optimizing NNI: done in 0.0198205 secs using 397.6% CPU
Optimizing NNI: done in 0.0084186 secs using 385% CPU
Iteration 80 / LogL: -775.754 / Time: 0h:0m:29s (0h:0m:0s left)
Optimizing NNI: done in 0.0186527 secs using 400.2% CPU
Optimizing NNI: done in 0.0153483 secs using 386.6% CPU
Optimizing NNI: done in 0.00802692 secs using 399% CPU
Optimizing NNI: done in 0.0119161 secs using 402% CPU
Optimizing NNI: done in 0.027638 secs using 403.9% CPU
Optimizing NNI: done in 0.0155516 secs using 388.8% CPU
UPDATE BEST LOG-LIKELIHOOD: -775.754
Optimizing NNI: done in 0.0123002 secs using 392.6% CPU
Optimizing NNI: done in 0.0116365 secs using 409.3% CPU
Optimizing NNI: done in 0.0153462 secs using 412.7% CPU
Optimizing NNI: done in 0.0129505 secs using 393.4% CPU
Iteration 90 / LogL: -775.754 / Time: 0h:0m:29s (0h:0m:0s left)
Optimizing NNI: done in 0.0118997 secs using 394.1% CPU
Optimizing NNI: done in 0.0112297 secs using 393.8% CPU
Optimizing NNI: done in 0.00417019 secs using 363.7% CPU
UPDATE BEST LOG-LIKELIHOOD: -775.754
Optimizing NNI: done in 0.0115853 secs using 402.1% CPU
Optimizing NNI: done in 0.0157871 secs using 385% CPU
Optimizing NNI: done in 0.0223495 secs using 395.3% CPU
Optimizing NNI: done in 0.0200937 secs using 397.8% CPU
Optimizing NNI: done in 0.0167961 secs using 402.6% CPU
Optimizing NNI: done in 0.0149235 secs using 386% CPU
Optimizing NNI: done in 0.0263557 secs using 384% CPU
Iteration 100 / LogL: -775.755 / Time: 0h:0m:29s (0h:0m:0s left)
Optimizing NNI: done in 0.0075912 secs using 416.1% CPU
UPDATE BEST LOG-LIKELIHOOD: -775.754
Optimizing NNI: done in 0.0228909 secs using 399.4% CPU
Refining ufboot trees with NNI 1 branch...
Optimizing NNI: done in 0.00230174 secs using 355% CPU
Optimizing NNI: done in 0.0031169 secs using 387% CPU
Optimizing NNI: done in 0.00714583 secs using 433% CPU
Optimizing NNI: done in 0.0037468 secs using 420.1% CPU
Optimizing NNI: done in 0.00268922 secs using 434.5% CPU
Optimizing NNI: done in 0.00265669 secs using 325.9% CPU
Optimizing NNI: done in 0.00245394 secs using 344.3% CPU
Optimizing NNI: done in 0.0012963 secs using 562.7% CPU
Optimizing NNI: done in 0.00208215 secs using 388.2% CPU
Optimizing NNI: done in 0.00172993 secs using 446.7% CPU
Optimizing NNI: done in 0.00173003 secs using 446.8% CPU
Optimizing NNI: done in 0.000848075 secs using 453.3% CPU
Optimizing NNI: done in 0.00366021 secs using 427.7% CPU
Optimizing NNI: done in 0.00204814 secs using 392.7% CPU
Optimizing NNI: done in 0.00224244 secs using 367.5% CPU
Optimizing NNI: done in 0.00213418 secs using 380.9% CPU
Optimizing NNI: done in 0.00215377 secs using 378.3% CPU
Optimizing NNI: done in 0.00291794 secs using 408.4% CPU
Optimizing NNI: done in 0.00179629 secs using 433.9% CPU
Optimizing NNI: done in 0.00141842 secs using 311.4% CPU
Optimizing NNI: done in 0.00217739 secs using 375.7% CPU
Optimizing NNI: done in 0.00224821 secs using 500.2% CPU
Optimizing NNI: done in 0.00135901 secs using 320.5% CPU
Optimizing NNI: done in 0.000830271 secs using 461.3% CPU
Optimizing NNI: done in 0.00126324 secs using 337% CPU
Optimizing NNI: done in 0.00307113 secs using 360.5% CPU
Optimizing NNI: done in 0.00313576 secs using 482.9% CPU
Optimizing NNI: done in 0.00196751 secs using 404.7% CPU
Optimizing NNI: done in 0.00156303 secs using 291.6% CPU
Optimizing NNI: done in 0.00219473 secs using 373.2% CPU
Optimizing NNI: done in 0.00310445 secs using 390.4% CPU
Optimizing NNI: done in 0.00152412 secs using 296.7% CPU
Optimizing NNI: done in 0.00254347 secs using 335.8% CPU
Optimizing NNI: done in 0.00283024 secs using 382.7% CPU
Optimizing NNI: done in 0.0013974 secs using 314.4% CPU
Optimizing NNI: done in 0.00336299 secs using 367.6% CPU
Optimizing NNI: done in 0.00359048 secs using 350.6% CPU
Optimizing NNI: done in 0.0020883 secs using 387.2% CPU
Optimizing NNI: done in 0.00268675 secs using 434.9% CPU
Optimizing NNI: done in 0.00185738 secs using 422.9% CPU
Optimizing NNI: done in 0.0017279 secs using 273.5% CPU
Optimizing NNI: done in 0.00166895 secs using 459.4% CPU
Optimizing NNI: done in 0.00245161 secs using 303.9% CPU
Optimizing NNI: done in 0.0026601 secs using 438.2% CPU
Optimizing NNI: done in 0.00232375 secs using 358% CPU
Optimizing NNI: done in 0.000858644 secs using 448.8% CPU
Optimizing NNI: done in 0.002074 secs using 341.3% CPU
Optimizing NNI: done in 0.00242981 secs using 346.8% CPU
Optimizing NNI: done in 0.00119229 secs using 351.4% CPU
Optimizing NNI: done in 0.00224452 secs using 367.1% CPU
Optimizing NNI: done in 0.00246355 secs using 343.4% CPU
Optimizing NNI: done in 0.000795315 secs using 476.8% CPU
Optimizing NNI: done in 0.00130233 secs using 330% CPU
Optimizing NNI: done in 0.00130073 secs using 330.1% CPU
Optimizing NNI: done in 0.00208741 secs using 387.4% CPU
Optimizing NNI: done in 0.00401004 secs using 399.2% CPU
Optimizing NNI: done in 0.00358095 secs using 351.3% CPU
Optimizing NNI: done in 0.00208497 secs using 340.4% CPU
Optimizing NNI: done in 0.00287817 secs using 377.8% CPU
Optimizing NNI: done in 0.00173889 secs using 444.8% CPU
Optimizing NNI: done in 0.00126299 secs using 337.1% CPU
Optimizing NNI: done in 0.000915956 secs using 436.7% CPU
Optimizing NNI: done in 0.00280188 secs using 421% CPU
Optimizing NNI: done in 0.00193151 secs using 410.2% CPU
Optimizing NNI: done in 0.00150784 secs using 298.7% CPU
Optimizing NNI: done in 0.00197085 secs using 404.2% CPU
Optimizing NNI: done in 0.00285912 secs using 414.7% CPU
Optimizing NNI: done in 0.00174558 secs using 443.5% CPU
Optimizing NNI: done in 0.00175141 secs using 442.4% CPU
Optimizing NNI: done in 0.0024662 secs using 464.8% CPU
Optimizing NNI: done in 0.00128289 secs using 333.5% CPU
Optimizing NNI: done in 0.00272273 secs using 430.3% CPU
Optimizing NNI: done in 0.00270768 secs using 432.3% CPU
Optimizing NNI: done in 0.00127628 secs using 334.6% CPU
Optimizing NNI: done in 0.00786114 secs using 405.2% CPU
Optimizing NNI: done in 0.000819926 secs using 465.7% CPU
Optimizing NNI: done in 0.00195164 secs using 407.2% CPU
Optimizing NNI: done in 0.00186038 secs using 261.1% CPU
Optimizing NNI: done in 0.000885126 secs using 438.5% CPU
Optimizing NNI: done in 0.00350773 secs using 356.6% CPU
Optimizing NNI: done in 0.00238446 secs using 309.5% CPU
Optimizing NNI: done in 0.00212449 secs using 382.2% CPU
Optimizing NNI: done in 0.00140824 secs using 312.6% CPU
Optimizing NNI: done in 0.00141126 secs using 312.4% CPU
Optimizing NNI: done in 0.00141536 secs using 311.8% CPU
Optimizing NNI: done in 0.00178173 secs using 436.5% CPU
Optimizing NNI: done in 0.00385413 secs using 411.3% CPU
Optimizing NNI: done in 0.0020361 secs using 394.6% CPU
Optimizing NNI: done in 0.00278815 secs using 422.7% CPU
Optimizing NNI: done in 0.00343589 secs using 361.9% CPU
Optimizing NNI: done in 0.0019485 secs using 253.8% CPU
Optimizing NNI: done in 0.00216385 secs using 377.2% CPU
Optimizing NNI: done in 0.00479586 secs using 325.9% CPU
Optimizing NNI: done in 0.00431981 secs using 375% CPU
Optimizing NNI: done in 0.00201556 secs using 395.5% CPU
Optimizing NNI: done in 0.00129919 secs using 330.6% CPU
Optimizing NNI: done in 0.00251015 secs using 458.4% CPU
Optimizing NNI: done in 0.00226841 secs using 364.3% CPU
Optimizing NNI: done in 0.00273956 secs using 428.4% CPU
Optimizing NNI: done in 0.00214352 secs using 379.7% CPU
100 samples done
Optimizing NNI: done in 0.00248357 secs using 341.4% CPU
Optimizing NNI: done in 0.000764795 secs using 492.2% CPU
Optimizing NNI: done in 0.00125214 secs using 578.8% CPU
Optimizing NNI: done in 0.00500608 secs using 399.6% CPU
Optimizing NNI: done in 0.00246195 secs using 465.5% CPU
Optimizing NNI: done in 0.00384832 secs using 411.9% CPU
Optimizing NNI: done in 0.00513048 secs using 392.3% CPU
Optimizing NNI: done in 0.00252509 secs using 337.6% CPU
Optimizing NNI: done in 0.00129779 secs using 563.3% CPU
Optimizing NNI: done in 0.000925709 secs using 423.8% CPU
Optimizing NNI: done in 0.00208126 secs using 388.2% CPU
Optimizing NNI: done in 0.00137477 secs using 318% CPU
Optimizing NNI: done in 0.0013803 secs using 317% CPU
Optimizing NNI: done in 0.00249686 secs using 460.2% CPU
Optimizing NNI: done in 0.00144635 secs using 514.5% CPU
Optimizing NNI: done in 0.00171931 secs using 448.8% CPU
Optimizing NNI: done in 0.00197076 secs using 353.6% CPU
Optimizing NNI: done in 0.00142585 secs using 520.3% CPU
Optimizing NNI: done in 0.00125915 secs using 337.9% CPU
Optimizing NNI: done in 0.00372759 secs using 341.3% CPU
Optimizing NNI: done in 0.00305531 secs using 394.5% CPU
Optimizing NNI: done in 0.00240585 secs using 349.2% CPU
Optimizing NNI: done in 0.00253411 secs using 415.8% CPU
Optimizing NNI: done in 0.00388958 secs using 408.3% CPU
Optimizing NNI: done in 0.00142606 secs using 309.9% CPU
Optimizing NNI: done in 0.00405258 secs using 395.9% CPU
Optimizing NNI: done in 0.00229831 secs using 361% CPU
Optimizing NNI: done in 0.00089727 secs using 434% CPU
Optimizing NNI: done in 0.00253336 secs using 336.7% CPU
Optimizing NNI: done in 0.00257538 secs using 410.6% CPU
Optimizing NNI: done in 0.00245581 secs using 425.8% CPU
Optimizing NNI: done in 0.00178713 secs using 435.4% CPU
Optimizing NNI: done in 0.00208466 secs using 387.6% CPU
Optimizing NNI: done in 0.00181467 secs using 430.3% CPU
Optimizing NNI: done in 0.00124102 secs using 583.1% CPU
Optimizing NNI: done in 0.00280137 secs using 385.5% CPU
Optimizing NNI: done in 0.00123522 secs using 585.5% CPU
Optimizing NNI: done in 0.00337426 secs using 366.7% CPU
Optimizing NNI: done in 0.00262526 secs using 442.7% CPU
Optimizing NNI: done in 0.00125956 secs using 337.9% CPU
Optimizing NNI: done in 0.00291858 secs using 408.2% CPU
Optimizing NNI: done in 0.0021151 secs using 383.7% CPU
Optimizing NNI: done in 0.00186876 secs using 260.4% CPU
Optimizing NNI: done in 0.00496287 secs using 402% CPU
Optimizing NNI: done in 0.00216785 secs using 330.5% CPU
Optimizing NNI: done in 0.00210903 secs using 384.2% CPU
Optimizing NNI: done in 0.0028308 secs using 417.8% CPU
Optimizing NNI: done in 0.00217733 secs using 375.5% CPU
Optimizing NNI: done in 0.00444743 secs using 437.2% CPU
Optimizing NNI: done in 0.00233737 secs using 356.6% CPU
Optimizing NNI: done in 0.00246709 secs using 343.1% CPU
Optimizing NNI: done in 0.00288518 secs using 411.9% CPU
Optimizing NNI: done in 0.00195835 secs using 355.4% CPU
Optimizing NNI: done in 0.00214356 secs using 379.7% CPU
Optimizing NNI: done in 0.00249981 secs using 459.8% CPU
Optimizing NNI: done in 0.00205446 secs using 391.9% CPU
Optimizing NNI: done in 0.00209465 secs using 386.2% CPU
Optimizing NNI: done in 0.00259389 secs using 331.1% CPU
Optimizing NNI: done in 0.00326286 secs using 375.7% CPU
Optimizing NNI: done in 0.00367688 secs using 426.3% CPU
Optimizing NNI: done in 0.00242196 secs using 471.5% CPU
Optimizing NNI: done in 0.00231879 secs using 315.6% CPU
Optimizing NNI: done in 0.00322539 secs using 379% CPU
Optimizing NNI: done in 0.00197446 secs using 403.8% CPU
Optimizing NNI: done in 0.00136207 secs using 540.2% CPU
Optimizing NNI: done in 0.00697345 secs using 386.8% CPU
Optimizing NNI: done in 0.00152041 secs using 494.3% CPU
Optimizing NNI: done in 0.000927927 secs using 423% CPU
Optimizing NNI: done in 0.0026137 secs using 329.5% CPU
Optimizing NNI: done in 0.00301127 secs using 398.8% CPU
Optimizing NNI: done in 0.00125213 secs using 339.3% CPU
Optimizing NNI: done in 0.00166064 secs using 461% CPU
Optimizing NNI: done in 0.00146469 secs using 510.1% CPU
Optimizing NNI: done in 0.00148059 secs using 302.2% CPU
Optimizing NNI: done in 0.00124645 secs using 340.2% CPU
Optimizing NNI: done in 0.00268872 secs using 397.5% CPU
Optimizing NNI: done in 0.00418398 secs using 458.4% CPU
Optimizing NNI: done in 0.00177449 secs using 268.8% CPU
Optimizing NNI: done in 0.00494519 secs using 403.2% CPU
Optimizing NNI: done in 0.00341027 secs using 363.9% CPU
Optimizing NNI: done in 0.00333491 secs using 459.7% CPU
Optimizing NNI: done in 0.00196056 secs using 405.9% CPU
Optimizing NNI: done in 0.0025287 secs using 337.2% CPU
Optimizing NNI: done in 0.00259247 secs using 447.1% CPU
Optimizing NNI: done in 0.00127263 secs using 571.2% CPU
Optimizing NNI: done in 0.00118534 secs using 352.9% CPU
Optimizing NNI: done in 0.00186731 secs using 421% CPU
Optimizing NNI: done in 0.00267181 secs using 324.5% CPU
Optimizing NNI: done in 0.0021494 secs using 379.1% CPU
Optimizing NNI: done in 0.00202915 secs using 395.5% CPU
Optimizing NNI: done in 0.00133776 secs using 548.2% CPU
Optimizing NNI: done in 0.00148322 secs using 302.1% CPU
Optimizing NNI: done in 0.00347238 secs using 445.5% CPU
Optimizing NNI: done in 0.00212401 secs using 382.4% CPU
Optimizing NNI: done in 0.00267406 secs using 436.5% CPU
Optimizing NNI: done in 0.00316378 secs using 384.4% CPU
Optimizing NNI: done in 0.00173701 secs using 443.1% CPU
Optimizing NNI: done in 0.00185361 secs using 423.4% CPU
Optimizing NNI: done in 0.00088187 secs using 439.7% CPU
Optimizing NNI: done in 0.00318151 secs using 382.7% CPU
200 samples done
Optimizing NNI: done in 0.0019576 secs using 406.4% CPU
Optimizing NNI: done in 0.00147228 secs using 303.6% CPU
Optimizing NNI: done in 0.00483259 secs using 410.2% CPU
Optimizing NNI: done in 0.00224329 secs using 461.8% CPU
Optimizing NNI: done in 0.00180195 secs using 412.9% CPU
Optimizing NNI: done in 0.00144629 secs using 468.9% CPU
Optimizing NNI: done in 0.00145438 secs using 334.5% CPU
Optimizing NNI: done in 0.00267579 secs using 399.1% CPU
Optimizing NNI: done in 0.00283896 secs using 417% CPU
Optimizing NNI: done in 0.00240138 secs using 433.3% CPU
Optimizing NNI: done in 0.00125198 secs using 339.2% CPU
Optimizing NNI: done in 0.00291253 secs using 408.8% CPU
Optimizing NNI: done in 0.00162435 secs using 468.9% CPU
Optimizing NNI: done in 0.0020683 secs using 341.5% CPU
Optimizing NNI: done in 0.000813992 secs using 467.9% CPU
Optimizing NNI: done in 0.0047577 secs using 415.2% CPU
Optimizing NNI: done in 0.00265267 secs using 439.2% CPU
Optimizing NNI: done in 0.00161304 secs using 471.7% CPU
Optimizing NNI: done in 0.00540489 secs using 377.5% CPU
Optimizing NNI: done in 0.00228718 secs using 362% CPU
Optimizing NNI: done in 0.00200168 secs using 399.6% CPU
Optimizing NNI: done in 0.00143646 secs using 308.7% CPU
Optimizing NNI: done in 0.00190952 secs using 414% CPU
Optimizing NNI: done in 0.00154865 secs using 293.4% CPU
Optimizing NNI: done in 0.00287089 secs using 413.4% CPU
Optimizing NNI: done in 0.00382417 secs using 413.8% CPU
Optimizing NNI: done in 0.00445992 secs using 369% CPU
Optimizing NNI: done in 0.00187831 secs using 419.4% CPU
Optimizing NNI: done in 0.00194636 secs using 407.4% CPU
Optimizing NNI: done in 0.00124042 secs using 583.4% CPU
Optimizing NNI: done in 0.00220548 secs using 372% CPU
Optimizing NNI: done in 0.00126189 secs using 337.6% CPU
Optimizing NNI: done in 0.00217076 secs using 376.3% CPU
Optimizing NNI: done in 0.00203291 secs using 395.1% CPU
Optimizing NNI: done in 0.00355473 secs using 353.1% CPU
Optimizing NNI: done in 0.00320398 secs using 380.7% CPU
Optimizing NNI: done in 0.00260543 secs using 445.3% CPU
Optimizing NNI: done in 0.00199885 secs using 400% CPU
Optimizing NNI: done in 0.000914217 secs using 427.7% CPU
Optimizing NNI: done in 0.00212005 secs using 382.1% CPU
Optimizing NNI: done in 0.00101458 secs using 395.5% CPU
Optimizing NNI: done in 0.00133143 secs using 323.9% CPU
Optimizing NNI: done in 0.00150661 secs using 498% CPU
Optimizing NNI: done in 0.00306708 secs using 390.9% CPU
Optimizing NNI: done in 0.0030268 secs using 496.3% CPU
Optimizing NNI: done in 0.00275924 secs using 425% CPU
Optimizing NNI: done in 0.0017073 secs using 275.3% CPU
Optimizing NNI: done in 0.00311855 secs using 388.5% CPU
Optimizing NNI: done in 0.00472536 secs using 396.2% CPU
Optimizing NNI: done in 0.00155027 secs using 422.8% CPU
Optimizing NNI: done in 0.000857525 secs using 449.5% CPU
Optimizing NNI: done in 0.00197975 secs using 352.3% CPU
Optimizing NNI: done in 0.00292086 secs using 408% CPU
Optimizing NNI: done in 0.00136455 secs using 539.5% CPU
Optimizing NNI: done in 0.00534616 secs using 380.5% CPU
Optimizing NNI: done in 0.00359131 secs using 434% CPU
Optimizing NNI: done in 0.00132696 secs using 325.7% CPU
Optimizing NNI: done in 0.00177353 secs using 438.2% CPU
Optimizing NNI: done in 0.0017336 secs using 272.9% CPU
Optimizing NNI: done in 0.00192462 secs using 411.7% CPU
Optimizing NNI: done in 0.000858868 secs using 448.8% CPU
Optimizing NNI: done in 0.00202789 secs using 395.7% CPU
Optimizing NNI: done in 0.00239397 secs using 350.5% CPU
Optimizing NNI: done in 0.0028458 secs using 416.2% CPU
Optimizing NNI: done in 0.00227726 secs using 275.6% CPU
Optimizing NNI: done in 0.00268295 secs using 435.1% CPU
Optimizing NNI: done in 0.00177678 secs using 437.5% CPU
Optimizing NNI: done in 0.0031481 secs using 385.8% CPU
Optimizing NNI: done in 0.00190374 secs using 415% CPU
Optimizing NNI: done in 0.00316395 secs using 384.5% CPU
Optimizing NNI: done in 0.00310158 secs using 390.2% CPU
Optimizing NNI: done in 0.00227955 secs using 363.1% CPU
Optimizing NNI: done in 0.00435715 secs using 375.4% CPU
Optimizing NNI: done in 0.00100056 secs using 399.6% CPU
Optimizing NNI: done in 0.00224403 secs using 367.3% CPU
Optimizing NNI: done in 0.00210091 secs using 385.4% CPU
Optimizing NNI: done in 0.00180539 secs using 432.2% CPU
Optimizing NNI: done in 0.00389061 secs using 408.3% CPU
Optimizing NNI: done in 0.001296 secs using 562.7% CPU
Optimizing NNI: done in 0.00165456 secs using 462.4% CPU
Optimizing NNI: done in 0.00300348 secs using 399.6% CPU
Optimizing NNI: done in 0.00166711 secs using 459.7% CPU
Optimizing NNI: done in 0.00246972 secs using 342.8% CPU
Optimizing NNI: done in 0.00337244 secs using 366.8% CPU
Optimizing NNI: done in 0.00259442 secs using 331.1% CPU
Optimizing NNI: done in 0.00371116 secs using 423.3% CPU
Optimizing NNI: done in 0.00214469 secs using 379.6% CPU
Optimizing NNI: done in 0.00343575 secs using 361.9% CPU
Optimizing NNI: done in 0.00192463 secs using 411.6% CPU
Optimizing NNI: done in 0.00295442 secs using 404.6% CPU
Optimizing NNI: done in 0.00301325 secs using 398.6% CPU
Optimizing NNI: done in 0.00137085 secs using 537.4% CPU
Optimizing NNI: done in 0.00274648 secs using 427.5% CPU
Optimizing NNI: done in 0.0022246 secs using 504.4% CPU
Optimizing NNI: done in 0.00127336 secs using 335.4% CPU
Optimizing NNI: done in 0.00143486 secs using 517.9% CPU
Optimizing NNI: done in 0.00258491 secs using 448% CPU
Optimizing NNI: done in 0.00230546 secs using 360.1% CPU
Optimizing NNI: done in 0.00318849 secs using 476.4% CPU
Optimizing NNI: done in 0.00319406 secs using 381.6% CPU
300 samples done
Optimizing NNI: done in 0.00142051 secs using 522.3% CPU
Optimizing NNI: done in 0.00170805 secs using 275.2% CPU
Optimizing NNI: done in 0.000954849 secs using 414.1% CPU
Optimizing NNI: done in 0.00176297 secs using 440.2% CPU
Optimizing NNI: done in 0.00303956 secs using 494.7% CPU
Optimizing NNI: done in 0.00161391 secs using 285.8% CPU
Optimizing NNI: done in 0.00226223 secs using 365.1% CPU
Optimizing NNI: done in 0.00269282 secs using 434.1% CPU
Optimizing NNI: done in 0.00235198 secs using 355% CPU
Optimizing NNI: done in 0.00224796 secs using 366.7% CPU
Optimizing NNI: done in 0.00291001 secs using 306.2% CPU
Optimizing NNI: done in 0.0045236 secs using 431.5% CPU
Optimizing NNI: done in 0.00263993 secs using 435.2% CPU
Optimizing NNI: done in 0.00397645 secs using 401.6% CPU
Optimizing NNI: done in 0.00144951 secs using 513.8% CPU
Optimizing NNI: done in 0.0010368 secs using 389.2% CPU
Optimizing NNI: done in 0.00236251 secs using 353.9% CPU
Optimizing NNI: done in 0.00375552 secs using 419.5% CPU
Optimizing NNI: done in 0.00402875 secs using 373% CPU
Optimizing NNI: done in 0.00128143 secs using 564.8% CPU
Optimizing NNI: done in 0.00192931 secs using 410.6% CPU
Optimizing NNI: done in 0.00347459 secs using 417.2% CPU
Optimizing NNI: done in 0.00706259 secs using 320.3% CPU
Optimizing NNI: done in 0.00325536 secs using 376.3% CPU
Optimizing NNI: done in 0.00242128 secs using 369.9% CPU
Optimizing NNI: done in 0.00381547 secs using 413.7% CPU
Optimizing NNI: done in 0.00120913 secs using 347.9% CPU
Optimizing NNI: done in 0.00327409 secs using 374.8% CPU
Optimizing NNI: done in 0.00268714 secs using 323.2% CPU
Optimizing NNI: done in 0.0032388 secs using 371.4% CPU
Optimizing NNI: done in 0.00193649 secs using 409.6% CPU
Optimizing NNI: done in 0.0009616 secs using 411.6% CPU
Optimizing NNI: done in 0.00260179 secs using 445.7% CPU
Optimizing NNI: done in 0.00190532 secs using 414.7% CPU
Optimizing NNI: done in 0.00196603 secs using 350.6% CPU
Optimizing NNI: done in 0.00202975 secs using 395.4% CPU
Optimizing NNI: done in 0.00256457 secs using 334% CPU
Optimizing NNI: done in 0.00299629 secs using 400.3% CPU
Optimizing NNI: done in 0.00424705 secs using 382.4% CPU
Optimizing NNI: done in 0.00174719 secs using 271.8% CPU
Optimizing NNI: done in 0.00188423 secs using 418.3% CPU
Optimizing NNI: done in 0.00118135 secs using 607.7% CPU
Optimizing NNI: done in 0.00362952 secs using 430.6% CPU
Optimizing NNI: done in 0.00240843 secs using 307.5% CPU
Optimizing NNI: done in 0.00132019 secs using 327.2% CPU
Optimizing NNI: done in 0.00173918 secs using 444.3% CPU
Optimizing NNI: done in 0.00312574 secs using 387.8% CPU
Optimizing NNI: done in 0.000814241 secs using 467.9% CPU
Optimizing NNI: done in 0.000874097 secs using 442.6% CPU
Optimizing NNI: done in 0.00133168 secs using 550.3% CPU
Optimizing NNI: done in 0.00433014 secs using 377% CPU
Optimizing NNI: done in 0.00346073 secs using 369.7% CPU
Optimizing NNI: done in 0.00220025 secs using 508.9% CPU
Optimizing NNI: done in 0.00311114 secs using 389% CPU
Optimizing NNI: done in 0.00234275 secs using 458.4% CPU
Optimizing NNI: done in 0.00251993 secs using 457% CPU
Optimizing NNI: done in 0.00196553 secs using 405.2% CPU
Optimizing NNI: done in 0.00180087 secs using 378% CPU
Optimizing NNI: done in 0.00254543 secs using 335.6% CPU
Optimizing NNI: done in 0.00142275 secs using 310.5% CPU
Optimizing NNI: done in 0.00254733 secs using 335.4% CPU
Optimizing NNI: done in 0.00217283 secs using 376% CPU
Optimizing NNI: done in 0.00266563 secs using 437.5% CPU
Optimizing NNI: done in 0.0022732 secs using 363.9% CPU
Optimizing NNI: done in 0.00220782 secs using 371.8% CPU
Optimizing NNI: done in 0.00215106 secs using 331.4% CPU
Optimizing NNI: done in 0.00134719 secs using 322.4% CPU
Optimizing NNI: done in 0.00397342 secs using 401.8% CPU
Optimizing NNI: done in 0.00360849 secs using 432.4% CPU
Optimizing NNI: done in 0.00230998 secs using 316.5% CPU
Optimizing NNI: done in 0.0026424 secs using 440.5% CPU
Optimizing NNI: done in 0.00239407 secs using 350.6% CPU
Optimizing NNI: done in 0.00282363 secs using 416.4% CPU
Optimizing NNI: done in 0.00277541 secs using 424.2% CPU
Optimizing NNI: done in 0.00205696 secs using 392.7% CPU
Optimizing NNI: done in 0.000975876 secs using 407.3% CPU
Optimizing NNI: done in 0.00268416 secs using 323.5% CPU
Optimizing NNI: done in 0.00148777 secs using 301.5% CPU
Optimizing NNI: done in 0.0020807 secs using 388.3% CPU
Optimizing NNI: done in 0.00360116 secs using 433.1% CPU
Optimizing NNI: done in 0.00337045 secs using 367% CPU
Optimizing NNI: done in 0.00326379 secs using 345.2% CPU
Optimizing NNI: done in 0.00258812 secs using 331.2% CPU
Optimizing NNI: done in 0.00281487 secs using 419.7% CPU
Optimizing NNI: done in 0.00249873 secs using 339.9% CPU
Optimizing NNI: done in 0.00220066 secs using 326.9% CPU
Optimizing NNI: done in 0.00225475 secs using 366% CPU
Optimizing NNI: done in 0.000886672 secs using 99.59% CPU
Optimizing NNI: done in 0.0024934 secs using 460.9% CPU
Optimizing NNI: done in 0.00130404 secs using 329.8% CPU
Optimizing NNI: done in 0.00247376 secs using 463.7% CPU
Optimizing NNI: done in 0.00186153 secs using 368.7% CPU
Optimizing NNI: done in 0.00260715 secs using 406.7% CPU
Optimizing NNI: done in 0.00141426 secs using 453.6% CPU
Optimizing NNI: done in 0.0019129 secs using 413.7% CPU
Optimizing NNI: done in 0.00210017 secs using 385.8% CPU
Optimizing NNI: done in 0.00135504 secs using 542.5% CPU
Optimizing NNI: done in 0.00319128 secs using 382.1% CPU
Optimizing NNI: done in 0.00180423 secs using 432.4% CPU
Optimizing NNI: done in 0.00191591 secs using 413% CPU
400 samples done
Optimizing NNI: done in 0.00140399 secs using 527.1% CPU
Optimizing NNI: done in 0.0019851 secs using 402.2% CPU
Optimizing NNI: done in 0.00289714 secs using 376.1% CPU
Optimizing NNI: done in 0.00377272 secs using 418.1% CPU
Optimizing NNI: done in 0.00281346 secs using 419.8% CPU
Optimizing NNI: done in 0.00248344 secs using 462.3% CPU
Optimizing NNI: done in 0.00192417 secs using 411.8% CPU
Optimizing NNI: done in 0.0014424 secs using 307.9% CPU
Optimizing NNI: done in 0.00246368 secs using 343.4% CPU
Optimizing NNI: done in 0.00271069 secs using 321.4% CPU
Optimizing NNI: done in 0.00410735 secs using 392.1% CPU
Optimizing NNI: done in 0.000879825 secs using 440.8% CPU
Optimizing NNI: done in 0.00151362 secs using 496.3% CPU
Optimizing NNI: done in 0.00140118 secs using 314% CPU
Optimizing NNI: done in 0.00252632 secs using 337.4% CPU
Optimizing NNI: done in 0.00260272 secs using 446.3% CPU
Optimizing NNI: done in 0.00274759 secs using 427.5% CPU
Optimizing NNI: done in 0.00251423 secs using 338.5% CPU
Optimizing NNI: done in 0.00373898 secs using 420.8% CPU
Optimizing NNI: done in 0.00198694 secs using 401.7% CPU
Optimizing NNI: done in 0.00134788 secs using 322.4% CPU
Optimizing NNI: done in 0.00258151 secs using 448.5% CPU
Optimizing NNI: done in 0.00251756 secs using 457.3% CPU
Optimizing NNI: done in 0.00252315 secs using 456.6% CPU
Optimizing NNI: done in 0.0018776 secs using 419.5% CPU
Optimizing NNI: done in 0.000942549 secs using 417.9% CPU
Optimizing NNI: done in 0.00328998 secs using 373.5% CPU
Optimizing NNI: done in 0.00400385 secs using 399.6% CPU
Optimizing NNI: done in 0.00223441 secs using 368.4% CPU
Optimizing NNI: done in 0.00367938 secs using 344.5% CPU
Optimizing NNI: done in 0.00201966 secs using 396.9% CPU
Optimizing NNI: done in 0.00297335 secs using 368.6% CPU
Optimizing NNI: done in 0.00248556 secs using 341.2% CPU
Optimizing NNI: done in 0.00187632 secs using 419.5% CPU
Optimizing NNI: done in 0.00241273 secs using 348.5% CPU
Optimizing NNI: done in 0.0024913 secs using 340.7% CPU
Optimizing NNI: done in 0.00222983 secs using 458.8% CPU
Optimizing NNI: done in 0.00211026 secs using 384.2% CPU
Optimizing NNI: done in 0.000930287 secs using 422.1% CPU
Optimizing NNI: done in 0.00132544 secs using 326.1% CPU
Optimizing NNI: done in 0.00142638 secs using 309.9% CPU
Optimizing NNI: done in 0.00247932 secs using 462.8% CPU
Optimizing NNI: done in 0.002059 secs using 391.1% CPU
Optimizing NNI: done in 0.00132801 secs using 551.5% CPU
Optimizing NNI: done in 0.00256875 secs using 411.5% CPU
Optimizing NNI: done in 0.00197627 secs using 403.4% CPU
Optimizing NNI: done in 0.000721594 secs using 99.78% CPU
Optimizing NNI: done in 0.00421025 secs using 432.6% CPU
Optimizing NNI: done in 0.00182555 secs using 428.6% CPU
Optimizing NNI: done in 0.00223647 secs using 368.1% CPU
Optimizing NNI: done in 0.00288434 secs using 411.9% CPU
Optimizing NNI: done in 0.00279838 secs using 385.9% CPU
Optimizing NNI: done in 0.00230007 secs using 360.5% CPU
Optimizing NNI: done in 0.00188986 secs using 417.5% CPU
Optimizing NNI: done in 0.00233642 secs using 485.1% CPU
Optimizing NNI: done in 0.00228961 secs using 361.9% CPU
Optimizing NNI: done in 0.00269347 secs using 434% CPU
Optimizing NNI: done in 0.00296807 secs using 403.1% CPU
Optimizing NNI: done in 0.00255767 secs using 451.9% CPU
Optimizing NNI: done in 0.00101469 secs using 395.5% CPU
Optimizing NNI: done in 0.00470644 secs using 354.9% CPU
Optimizing NNI: done in 0.00140116 secs using 242.8% CPU
Optimizing NNI: done in 0.0029026 secs using 410.2% CPU
Optimizing NNI: done in 0.00285224 secs using 415.4% CPU
Optimizing NNI: done in 0.00263323 secs using 441.7% CPU
Optimizing NNI: done in 0.00414873 secs using 389.1% CPU
Optimizing NNI: done in 0.0033245 secs using 340.6% CPU
Optimizing NNI: done in 0.00183143 secs using 427.4% CPU
Optimizing NNI: done in 0.00488761 secs using 325.1% CPU
Optimizing NNI: done in 0.00135511 secs using 321.1% CPU
Optimizing NNI: done in 0.000872868 secs using 443.3% CPU
Optimizing NNI: done in 0.00181021 secs using 420.3% CPU
Optimizing NNI: done in 0.00328011 secs using 374.3% CPU
Optimizing NNI: done in 0.00158886 secs using 414.8% CPU
Optimizing NNI: done in 0.0035337 secs using 439.4% CPU
Optimizing NNI: done in 0.00138049 secs using 317.1% CPU
Optimizing NNI: done in 0.00107801 secs using 656.4% CPU
Optimizing NNI: done in 0.000902738 secs using 432.1% CPU
Optimizing NNI: done in 0.00203947 secs using 394.1% CPU
Optimizing NNI: done in 0.00252295 secs using 456.7% CPU
Optimizing NNI: done in 0.00282488 secs using 418.4% CPU
Optimizing NNI: done in 0.00231064 secs using 359.6% CPU
Optimizing NNI: done in 0.00224049 secs using 501.5% CPU
Optimizing NNI: done in 0.00121767 secs using 346.2% CPU
Optimizing NNI: done in 0.00214515 secs using 379.6% CPU
Optimizing NNI: done in 0.00207223 secs using 389.4% CPU
Optimizing NNI: done in 0.000851036 secs using 452.3% CPU
Optimizing NNI: done in 0.00460915 secs using 360.3% CPU
Optimizing NNI: done in 0.00278569 secs using 423% CPU
Optimizing NNI: done in 0.00262944 secs using 442.2% CPU
Optimizing NNI: done in 0.00194596 secs using 408.4% CPU
Optimizing NNI: done in 0.00270409 secs using 396.2% CPU
Optimizing NNI: done in 0.00212027 secs using 402.3% CPU
Optimizing NNI: done in 0.00263947 secs using 440.8% CPU
Optimizing NNI: done in 0.00390294 secs using 381.8% CPU
Optimizing NNI: done in 0.00640134 secs using 428% CPU
Optimizing NNI: done in 0.00311104 secs using 389.2% CPU
Optimizing NNI: done in 0.0013848 secs using 244.4% CPU
Optimizing NNI: done in 0.00348263 secs using 358.4% CPU
Optimizing NNI: done in 0.000821349 secs using 99.71% CPU
500 samples done
Optimizing NNI: done in 0.00376252 secs using 418.8% CPU
Optimizing NNI: done in 0.00240248 secs using 349.6% CPU
Optimizing NNI: done in 0.00174226 secs using 444.1% CPU
Optimizing NNI: done in 0.00152663 secs using 492.9% CPU
Optimizing NNI: done in 0.00201303 secs using 397.9% CPU
Optimizing NNI: done in 0.000887781 secs using 436.8% CPU
Optimizing NNI: done in 0.00162365 secs using 469.5% CPU
Optimizing NNI: done in 0.00381238 secs using 414.6% CPU
Optimizing NNI: done in 0.00134926 secs using 544.3% CPU
Optimizing NNI: done in 0.00135635 secs using 541% CPU
Optimizing NNI: done in 0.0017927 secs using 434.4% CPU
Optimizing NNI: done in 0.00252962 secs using 337% CPU
Optimizing NNI: done in 0.00353139 secs using 326.5% CPU
Optimizing NNI: done in 0.00214132 secs using 380% CPU
Optimizing NNI: done in 0.00149973 secs using 433.5% CPU
Optimizing NNI: done in 0.00337121 secs using 366.8% CPU
Optimizing NNI: done in 0.00199813 secs using 350.1% CPU
Optimizing NNI: done in 0.00272481 secs using 320.1% CPU
Optimizing NNI: done in 0.000861613 secs using 448.1% CPU
Optimizing NNI: done in 0.00164027 secs using 282.8% CPU
Optimizing NNI: done in 0.00256476 secs using 450.6% CPU
Optimizing NNI: done in 0.00291428 secs using 408.6% CPU
Optimizing NNI: done in 0.0029532 secs using 370.8% CPU
Optimizing NNI: done in 0.000900923 secs using 433% CPU
Optimizing NNI: done in 0.0021842 secs using 374.6% CPU
Optimizing NNI: done in 0.000881063 secs using 440% CPU
Optimizing NNI: done in 0.00311405 secs using 388.9% CPU
Optimizing NNI: done in 0.002684 secs using 435.2% CPU
Optimizing NNI: done in 0.00254017 secs using 454.1% CPU
Optimizing NNI: done in 0.00251286 secs using 338.8% CPU
Optimizing NNI: done in 0.00193275 secs using 410.2% CPU
Optimizing NNI: done in 0.00203986 secs using 394.1% CPU
Optimizing NNI: done in 0.00128904 secs using 332.2% CPU
Optimizing NNI: done in 0.00312841 secs using 387.6% CPU
Optimizing NNI: done in 0.00416094 secs using 388.4% CPU
Optimizing NNI: done in 0.00320664 secs using 380.6% CPU
Optimizing NNI: done in 0.00262792 secs using 442.3% CPU
Optimizing NNI: done in 0.00127787 secs using 334.5% CPU
Optimizing NNI: done in 0.00138006 secs using 316.9% CPU
Optimizing NNI: done in 0.00270856 secs using 432.1% CPU
Optimizing NNI: done in 0.00228243 secs using 362.7% CPU
Optimizing NNI: done in 0.00176729 secs using 439.3% CPU
Optimizing NNI: done in 0.00245082 secs using 467% CPU
Optimizing NNI: done in 0.00270512 secs using 321.7% CPU
Optimizing NNI: done in 0.00231125 secs using 316.3% CPU
Optimizing NNI: done in 0.00231308 secs using 489% CPU
Optimizing NNI: done in 0.00127678 secs using 334.7% CPU
Optimizing NNI: done in 0.00320566 secs using 380.6% CPU
Optimizing NNI: done in 0.00497256 secs using 381.6% CPU
Optimizing NNI: done in 0.00203946 secs using 394% CPU
Optimizing NNI: done in 0.00365875 secs using 427.9% CPU
Optimizing NNI: done in 0.00211486 secs using 383.6% CPU
Optimizing NNI: done in 0.00226628 secs using 364.6% CPU
Optimizing NNI: done in 0.00254254 secs using 335.8% CPU
Optimizing NNI: done in 0.00271441 secs using 431.5% CPU
Optimizing NNI: done in 0.00297949 secs using 402% CPU
Optimizing NNI: done in 0.00339133 secs using 365.2% CPU
Optimizing NNI: done in 0.00183099 secs using 427.5% CPU
Optimizing NNI: done in 0.00228161 secs using 362.9% CPU
Optimizing NNI: done in 0.00267382 secs using 436.5% CPU
Optimizing NNI: done in 0.00208804 secs using 339.3% CPU
Optimizing NNI: done in 0.00251139 secs using 458.2% CPU
Optimizing NNI: done in 0.00125019 secs using 339.5% CPU
Optimizing NNI: done in 0.000901093 secs using 432.4% CPU
Optimizing NNI: done in 0.00538104 secs using 360.1% CPU
Optimizing NNI: done in 0.00137222 secs using 318.5% CPU
Optimizing NNI: done in 0.00243442 secs using 346.3% CPU
Optimizing NNI: done in 0.00140059 secs using 313.9% CPU
Optimizing NNI: done in 0.00141989 secs using 452.4% CPU
Optimizing NNI: done in 0.00251615 secs using 338.2% CPU
Optimizing NNI: done in 0.00231016 secs using 359.5% CPU
Optimizing NNI: done in 0.00168499 secs using 455.8% CPU
Optimizing NNI: done in 0.00208711 secs using 531% CPU
Optimizing NNI: done in 0.00326887 secs using 375.2% CPU
Optimizing NNI: done in 0.00335189 secs using 368.4% CPU
Optimizing NNI: done in 0.00239621 secs using 433.9% CPU
Optimizing NNI: done in 0.00214066 secs using 380% CPU
Optimizing NNI: done in 0.0013662 secs using 319.3% CPU
Optimizing NNI: done in 0.00127233 secs using 571.2% CPU
Optimizing NNI: done in 0.00087514 secs using 442.1% CPU
Optimizing NNI: done in 0.00324209 secs using 469.9% CPU
Optimizing NNI: done in 0.00135245 secs using 321.7% CPU
Optimizing NNI: done in 0.00232072 secs using 358.3% CPU
Optimizing NNI: done in 0.0022216 secs using 369.8% CPU
Optimizing NNI: done in 0.00228764 secs using 362.3% CPU
Optimizing NNI: done in 0.00210087 secs using 385.4% CPU
Optimizing NNI: done in 0.00208826 secs using 387.2% CPU
Optimizing NNI: done in 0.00212215 secs using 335.6% CPU
Optimizing NNI: done in 0.00254458 secs using 453.6% CPU
Optimizing NNI: done in 0.00217544 secs using 513.6% CPU
Optimizing NNI: done in 0.00255986 secs using 451.5% CPU
Optimizing NNI: done in 0.00285321 secs using 380.3% CPU
Optimizing NNI: done in 0.00354627 secs using 353.8% CPU
Optimizing NNI: done in 0.000908498 secs using 429.9% CPU
Optimizing NNI: done in 0.0021561 secs using 377.9% CPU
Optimizing NNI: done in 0.0014087 secs using 525.7% CPU
Optimizing NNI: done in 0.00276641 secs using 425.2% CPU
Optimizing NNI: done in 0.00257216 secs using 333.1% CPU
Optimizing NNI: done in 0.00195731 secs using 406.4% CPU
Optimizing NNI: done in 0.000984326 secs using 404.4% CPU
600 samples done
Optimizing NNI: done in 0.00178858 secs using 435.3% CPU
Optimizing NNI: done in 0.00338953 secs using 365.4% CPU
Optimizing NNI: done in 0.00378445 secs using 327.4% CPU
Optimizing NNI: done in 0.00439038 secs using 373.2% CPU
Optimizing NNI: done in 0.00213167 secs using 334.7% CPU
Optimizing NNI: done in 0.00516683 secs using 390.3% CPU
Optimizing NNI: done in 0.00300605 secs using 399.3% CPU
Optimizing NNI: done in 0.00227648 secs using 363.5% CPU
Optimizing NNI: done in 0.0047056 secs using 418.8% CPU
Optimizing NNI: done in 0.0030893 secs using 456.1% CPU
Optimizing NNI: done in 0.00270825 secs using 432.3% CPU
Optimizing NNI: done in 0.00306505 secs using 393.6% CPU
Optimizing NNI: done in 0.00188893 secs using 364.6% CPU
Optimizing NNI: done in 0.00132718 secs using 325.7% CPU
Optimizing NNI: done in 0.00233086 secs using 357.2% CPU
Optimizing NNI: done in 0.00178157 secs using 436.5% CPU
Optimizing NNI: done in 0.00182227 secs using 374.3% CPU
Optimizing NNI: done in 0.00212711 secs using 381.9% CPU
Optimizing NNI: done in 0.00478803 secs using 412.7% CPU
Optimizing NNI: done in 0.00228571 secs using 362.3% CPU
Optimizing NNI: done in 0.00171095 secs using 275.2% CPU
Optimizing NNI: done in 0.00735725 secs using 371.8% CPU
Optimizing NNI: done in 0.00152424 secs using 493.5% CPU
Optimizing NNI: done in 0.00145313 secs using 306.2% CPU
Optimizing NNI: done in 0.00137541 secs using 316.6% CPU
Optimizing NNI: done in 0.00253803 secs using 336.2% CPU
Optimizing NNI: done in 0.000848975 secs using 453% CPU
Optimizing NNI: done in 0.00169982 secs using 452.8% CPU
Optimizing NNI: done in 0.00142274 secs using 310.5% CPU
Optimizing NNI: done in 0.00132494 secs using 551.1% CPU
Optimizing NNI: done in 0.00125935 secs using 338.1% CPU
Optimizing NNI: done in 0.00272559 secs using 430.1% CPU
Optimizing NNI: done in 0.00238923 secs using 476.6% CPU
Optimizing NNI: done in 0.00132626 secs using 552.1% CPU
Optimizing NNI: done in 0.00360803 secs using 431.8% CPU
Optimizing NNI: done in 0.00327091 secs using 375.1% CPU
Optimizing NNI: done in 0.00234987 secs using 370.7% CPU
Optimizing NNI: done in 0.00283327 secs using 417.6% CPU
Optimizing NNI: done in 0.00247243 secs using 464% CPU
Optimizing NNI: done in 0.00223843 secs using 367.5% CPU
Optimizing NNI: done in 0.00122441 secs using 344.9% CPU
Optimizing NNI: done in 0.00330599 secs using 462.9% CPU
Optimizing NNI: done in 0.00180063 secs using 433.1% CPU
Optimizing NNI: done in 0.00234931 secs using 355.3% CPU
Optimizing NNI: done in 0.00129662 secs using 330.9% CPU
Optimizing NNI: done in 0.0022133 secs using 370.9% CPU
Optimizing NNI: done in 0.00251796 secs using 338.3% CPU
Optimizing NNI: done in 0.00206917 secs using 534.8% CPU
Optimizing NNI: done in 0.00261298 secs using 329.6% CPU
Optimizing NNI: done in 0.001366 secs using 319.5% CPU
Optimizing NNI: done in 0.00211195 secs using 384% CPU
Optimizing NNI: done in 0.00250331 secs using 339.3% CPU
Optimizing NNI: done in 0.00261807 secs using 443.6% CPU
Optimizing NNI: done in 0.00227082 secs using 364.2% CPU
Optimizing NNI: done in 0.00236962 secs using 353.2% CPU
Optimizing NNI: done in 0.00315691 secs using 385% CPU
Optimizing NNI: done in 0.00257871 secs using 332.5% CPU
Optimizing NNI: done in 0.00246589 secs using 343.1% CPU
Optimizing NNI: done in 0.00239141 secs using 350.8% CPU
Optimizing NNI: done in 0.00295714 secs using 404.2% CPU
Optimizing NNI: done in 0.00139071 secs using 531.3% CPU
Optimizing NNI: done in 0.00170702 secs using 275.7% CPU
Optimizing NNI: done in 0.00233004 secs using 357.3% CPU
Optimizing NNI: done in 0.00268268 secs using 435.4% CPU
Optimizing NNI: done in 0.00363218 secs using 430.2% CPU
Optimizing NNI: done in 0.000835656 secs using 458.9% CPU
Optimizing NNI: done in 0.00246266 secs using 465.3% CPU
Optimizing NNI: done in 0.00256709 secs using 333.6% CPU
Optimizing NNI: done in 0.00169448 secs using 276.8% CPU
Optimizing NNI: done in 0.00170953 secs using 450.8% CPU
Optimizing NNI: done in 0.00132213 secs using 326.7% CPU
Optimizing NNI: done in 0.00333589 secs using 369.6% CPU
Optimizing NNI: done in 0.00222936 secs using 324.4% CPU
Optimizing NNI: done in 0.0017724 secs using 438.3% CPU
Optimizing NNI: done in 0.000963336 secs using 411.2% CPU
Optimizing NNI: done in 0.00274012 secs using 428.3% CPU
Optimizing NNI: done in 0.00286932 secs using 413.6% CPU
Optimizing NNI: done in 0.00132382 secs using 326.3% CPU
Optimizing NNI: done in 0.0024993 secs using 460% CPU
Optimizing NNI: done in 0.002187 secs using 374.2% CPU
Optimizing NNI: done in 0.00130999 secs using 328.9% CPU
Optimizing NNI: done in 0.00208127 secs using 388% CPU
Optimizing NNI: done in 0.00255081 secs using 335% CPU
Optimizing NNI: done in 0.00288951 secs using 411.2% CPU
Optimizing NNI: done in 0.0012396 secs using 341.9% CPU
Optimizing NNI: done in 0.00145472 secs using 512.3% CPU
Optimizing NNI: done in 0.00126023 secs using 337.9% CPU
Optimizing NNI: done in 0.00239197 secs using 350.7% CPU
Optimizing NNI: done in 0.00231171 secs using 359.3% CPU
Optimizing NNI: done in 0.00425825 secs using 381.7% CPU
Optimizing NNI: done in 0.00217602 secs using 375.6% CPU
Optimizing NNI: done in 0.00208269 secs using 387.8% CPU
Optimizing NNI: done in 0.00529375 secs using 383.2% CPU
Optimizing NNI: done in 0.00147003 secs using 508% CPU
Optimizing NNI: done in 0.00211199 secs using 384% CPU
Optimizing NNI: done in 0.00243883 secs using 345.8% CPU
Optimizing NNI: done in 0.00271258 secs using 284.2% CPU
Optimizing NNI: done in 0.00249171 secs using 421.2% CPU
Optimizing NNI: done in 0.00234567 secs using 483.6% CPU
Optimizing NNI: done in 0.00173646 secs using 272.6% CPU
700 samples done
Optimizing NNI: done in 0.00209201 secs using 386.6% CPU
Optimizing NNI: done in 0.00238932 secs using 351.1% CPU
Optimizing NNI: done in 0.00209996 secs using 385.5% CPU
Optimizing NNI: done in 0.000853847 secs using 334.4% CPU
Optimizing NNI: done in 0.00129085 secs using 332% CPU
Optimizing NNI: done in 0.00170051 secs using 448.2% CPU
Optimizing NNI: done in 0.00238097 secs using 472% CPU
Optimizing NNI: done in 0.00272635 secs using 320% CPU
Optimizing NNI: done in 0.00382206 secs using 387.9% CPU
Optimizing NNI: done in 0.00301568 secs using 398.4% CPU
Optimizing NNI: done in 0.00158747 secs using 288.9% CPU
Optimizing NNI: done in 0.00221394 secs using 370.9% CPU
Optimizing NNI: done in 0.00367434 secs using 426.5% CPU
Optimizing NNI: done in 0.00375035 secs using 419.9% CPU
Optimizing NNI: done in 0.00126123 secs using 337.6% CPU
Optimizing NNI: done in 0.00139207 secs using 530.6% CPU
Optimizing NNI: done in 0.00118577 secs using 521.9% CPU
Optimizing NNI: done in 0.00243871 secs using 469% CPU
Optimizing NNI: done in 0.00436521 secs using 374.8% CPU
Optimizing NNI: done in 0.0025324 secs using 455.3% CPU
Optimizing NNI: done in 0.00201652 secs using 397.3% CPU
Optimizing NNI: done in 0.00394367 secs using 328% CPU
Optimizing NNI: done in 0.00404046 secs using 396.9% CPU
Optimizing NNI: done in 0.00202527 secs using 396% CPU
Optimizing NNI: done in 0.00240282 secs using 349.5% CPU
Optimizing NNI: done in 0.00232464 secs using 358.1% CPU
Optimizing NNI: done in 0.00132302 secs using 326.4% CPU
Optimizing NNI: done in 0.00153418 secs using 295.1% CPU
Optimizing NNI: done in 0.00122502 secs using 589.5% CPU
Optimizing NNI: done in 0.00276103 secs using 317.1% CPU
Optimizing NNI: done in 0.00248141 secs using 422.5% CPU
Optimizing NNI: done in 0.00290619 secs using 375.3% CPU
Optimizing NNI: done in 0.00205193 secs using 392.3% CPU
Optimizing NNI: done in 0.00262157 secs using 405.3% CPU
Optimizing NNI: done in 0.000782381 secs using 99.31% CPU
Optimizing NNI: done in 0.00339712 secs using 364.8% CPU
Optimizing NNI: done in 0.000996283 secs using 394.1% CPU
Optimizing NNI: done in 0.00144311 secs using 446.6% CPU
Optimizing NNI: done in 0.000900089 secs using 98.99% CPU
Optimizing NNI: done in 0.00188007 secs using 418.9% CPU
Optimizing NNI: done in 0.00312636 secs using 387.8% CPU
Optimizing NNI: done in 0.0026904 secs using 322.9% CPU
Optimizing NNI: done in 0.00211723 secs using 383.2% CPU
Optimizing NNI: done in 0.00678504 secs using 401.1% CPU
Optimizing NNI: done in 0.00126508 secs using 337% CPU
Optimizing NNI: done in 0.00222072 secs using 370.1% CPU
Optimizing NNI: done in 0.00138875 secs using 315.8% CPU
Optimizing NNI: done in 0.00184227 secs using 425.5% CPU
Optimizing NNI: done in 0.00307604 secs using 392.5% CPU
Optimizing NNI: done in 0.00255769 secs using 432.7% CPU
Optimizing NNI: done in 0.00249176 secs using 461% CPU
Optimizing NNI: done in 0.00318169 secs using 477% CPU
Optimizing NNI: done in 0.00233637 secs using 356.8% CPU
Optimizing NNI: done in 0.00263076 secs using 441.9% CPU
Optimizing NNI: done in 0.00226275 secs using 321.1% CPU
Optimizing NNI: done in 0.00270119 secs using 433% CPU
Optimizing NNI: done in 0.00188248 secs using 365.6% CPU
Optimizing NNI: done in 0.00289239 secs using 411.1% CPU
Optimizing NNI: done in 0.00215968 secs using 377.7% CPU
Optimizing NNI: done in 0.00242535 secs using 347.3% CPU
Optimizing NNI: done in 0.00374054 secs using 340.3% CPU
Optimizing NNI: done in 0.0024576 secs using 439.5% CPU
Optimizing NNI: done in 0.00399624 secs using 400.3% CPU
Optimizing NNI: done in 0.00209659 secs using 529.1% CPU
Optimizing NNI: done in 0.00127617 secs using 334.6% CPU
Optimizing NNI: done in 0.00337385 secs using 366.6% CPU
Optimizing NNI: done in 0.00234469 secs using 375.2% CPU
Optimizing NNI: done in 0.00188605 secs using 417.9% CPU
Optimizing NNI: done in 0.00149491 secs using 300% CPU
Optimizing NNI: done in 0.00340394 secs using 423.3% CPU
Optimizing NNI: done in 0.00411883 secs using 391.2% CPU
Optimizing NNI: done in 0.0028346 secs using 417.3% CPU
Optimizing NNI: done in 0.00195546 secs using 406.8% CPU
Optimizing NNI: done in 0.00087312 secs using 443.1% CPU
Optimizing NNI: done in 0.00232469 secs using 487% CPU
Optimizing NNI: done in 0.00189374 secs using 416.4% CPU
Optimizing NNI: done in 0.00132817 secs using 325.6% CPU
Optimizing NNI: done in 0.00185054 secs using 298.6% CPU
Optimizing NNI: done in 0.00284827 secs using 415.9% CPU
Optimizing NNI: done in 0.00127235 secs using 571.3% CPU
Optimizing NNI: done in 0.00325005 secs using 463.1% CPU
Optimizing NNI: done in 0.00239372 secs using 350.5% CPU
Optimizing NNI: done in 0.00248487 secs using 462.1% CPU
Optimizing NNI: done in 0.00262687 secs using 437.1% CPU
Optimizing NNI: done in 0.000933366 secs using 421.2% CPU
Optimizing NNI: done in 0.00248481 secs using 341.4% CPU
Optimizing NNI: done in 0.00276 secs using 389.8% CPU
Optimizing NNI: done in 0.00147664 secs using 303% CPU
Optimizing NNI: done in 0.00131982 secs using 327.2% CPU
Optimizing NNI: done in 0.00133025 secs using 550.7% CPU
Optimizing NNI: done in 0.00249665 secs using 340.3% CPU
Optimizing NNI: done in 0.00308987 secs using 391.2% CPU
Optimizing NNI: done in 0.00236782 secs using 480% CPU
Optimizing NNI: done in 0.00298523 secs using 401.3% CPU
Optimizing NNI: done in 0.00272735 secs using 429.9% CPU
Optimizing NNI: done in 0.0012865 secs using 332.8% CPU
Optimizing NNI: done in 0.000982037 secs using 405.2% CPU
Optimizing NNI: done in 0.0022034 secs using 508.4% CPU
Optimizing NNI: done in 0.00227858 secs using 495% CPU
Optimizing NNI: done in 0.00204389 secs using 393.4% CPU
800 samples done
Optimizing NNI: done in 0.00583572 secs using 391.4% CPU
Optimizing NNI: done in 0.00241569 secs using 348.1% CPU
Optimizing NNI: done in 0.00253403 secs using 455.1% CPU
Optimizing NNI: done in 0.00140382 secs using 313.4% CPU
Optimizing NNI: done in 0.002215 secs using 370.8% CPU
Optimizing NNI: done in 0.00305753 secs using 394.3% CPU
Optimizing NNI: done in 0.00126301 secs using 337.3% CPU
Optimizing NNI: done in 0.00211338 secs using 383.7% CPU
Optimizing NNI: done in 0.00152086 secs using 494.4% CPU
Optimizing NNI: done in 0.00281321 secs using 419.1% CPU
Optimizing NNI: done in 0.00192583 secs using 411.3% CPU
Optimizing NNI: done in 0.00212894 secs using 381.6% CPU
Optimizing NNI: done in 0.00184717 secs using 424.6% CPU
Optimizing NNI: done in 0.00128255 secs using 567.4% CPU
Optimizing NNI: done in 0.00364612 secs using 429% CPU
Optimizing NNI: done in 0.00188718 secs using 417.7% CPU
Optimizing NNI: done in 0.00274637 secs using 318.5% CPU
Optimizing NNI: done in 0.0034162 secs using 334.1% CPU
Optimizing NNI: done in 0.00467839 secs using 420.5% CPU
Optimizing NNI: done in 0.0025307 secs using 337.1% CPU
Optimizing NNI: done in 0.00271998 secs using 357.5% CPU
Optimizing NNI: done in 0.00303288 secs using 396.6% CPU
Optimizing NNI: done in 0.00181354 secs using 375.6% CPU
Optimizing NNI: done in 0.00123064 secs using 587.2% CPU
Optimizing NNI: done in 0.0027215 secs using 393.9% CPU
Optimizing NNI: done in 0.00087018 secs using 329.5% CPU
Optimizing NNI: done in 0.000815054 secs using 467.3% CPU
Optimizing NNI: done in 0.00154102 secs using 294.5% CPU
Optimizing NNI: done in 0.00186978 secs using 420.6% CPU
Optimizing NNI: done in 0.0012634 secs using 574.6% CPU
Optimizing NNI: done in 0.00311346 secs using 388.6% CPU
Optimizing NNI: done in 0.00146398 secs using 304.8% CPU
Optimizing NNI: done in 0.00184674 secs using 424.6% CPU
Optimizing NNI: done in 0.00148213 secs using 504.6% CPU
Optimizing NNI: done in 0.00195284 secs using 407% CPU
Optimizing NNI: done in 0.00178874 secs using 435.3% CPU
Optimizing NNI: done in 0.000822358 secs using 464.3% CPU
Optimizing NNI: done in 0.00321055 secs using 380.1% CPU
Optimizing NNI: done in 0.00263736 secs using 289.5% CPU
Optimizing NNI: done in 0.00291432 secs using 408.8% CPU
Optimizing NNI: done in 0.00210141 secs using 385.4% CPU
Optimizing NNI: done in 0.00130066 secs using 330.1% CPU
Optimizing NNI: done in 0.00263872 secs using 289.3% CPU
Optimizing NNI: done in 0.00256963 secs using 331.8% CPU
Optimizing NNI: done in 0.00180455 secs using 432.2% CPU
Optimizing NNI: done in 0.00252486 secs using 337.4% CPU
Optimizing NNI: done in 0.00180178 secs using 266.3% CPU
Optimizing NNI: done in 0.00131334 secs using 328.1% CPU
Optimizing NNI: done in 0.00250185 secs using 339.6% CPU
Optimizing NNI: done in 0.00143128 secs using 518.9% CPU
Optimizing NNI: done in 0.000850644 secs using 99.69% CPU
Optimizing NNI: done in 0.00231948 secs using 487.8% CPU
Optimizing NNI: done in 0.00223338 secs using 499.6% CPU
Optimizing NNI: done in 0.000778346 secs using 485.1% CPU
Optimizing NNI: done in 0.00200968 secs using 398.4% CPU
Optimizing NNI: done in 0.00221387 secs using 370.8% CPU
Optimizing NNI: done in 0.0039189 secs using 406.1% CPU
Optimizing NNI: done in 0.00223913 secs using 367.9% CPU
Optimizing NNI: done in 0.0019166 secs using 412.8% CPU
Optimizing NNI: done in 0.00211235 secs using 383.9% CPU
Optimizing NNI: done in 0.00122911 secs using 343.7% CPU
Optimizing NNI: done in 0.00365289 secs using 428.3% CPU
Optimizing NNI: done in 0.00235921 secs using 354.3% CPU
Optimizing NNI: done in 0.0033534 secs using 368.3% CPU
Optimizing NNI: done in 0.00300917 secs using 399% CPU
Optimizing NNI: done in 0.00174813 secs using 442.9% CPU
Optimizing NNI: done in 0.00134921 secs using 544.3% CPU
Optimizing NNI: done in 0.00261829 secs using 328.3% CPU
Optimizing NNI: done in 0.0025557 secs using 295.7% CPU
Optimizing NNI: done in 0.0027985 secs using 421.5% CPU
Optimizing NNI: done in 0.00227764 secs using 363.3% CPU
Optimizing NNI: done in 0.00341256 secs using 363.7% CPU
Optimizing NNI: done in 0.00258363 secs using 448.2% CPU
Optimizing NNI: done in 0.00320811 secs using 380.5% CPU
Optimizing NNI: done in 0.00259958 secs using 407.5% CPU
Optimizing NNI: done in 0.00290432 secs using 271.2% CPU
Optimizing NNI: done in 0.00131203 secs using 328.1% CPU
Optimizing NNI: done in 0.00225324 secs using 499.2% CPU
Optimizing NNI: done in 0.0025451 secs using 335.6% CPU
Optimizing NNI: done in 0.00434183 secs using 445.4% CPU
Optimizing NNI: done in 0.00125238 secs using 340.3% CPU
Optimizing NNI: done in 0.00226238 secs using 365.1% CPU
Optimizing NNI: done in 0.00208138 secs using 388.1% CPU
Optimizing NNI: done in 0.00129754 secs using 330.9% CPU
Optimizing NNI: done in 0.00188854 secs using 417.5% CPU
Optimizing NNI: done in 0.00131683 secs using 327.3% CPU
Optimizing NNI: done in 0.0025217 secs using 456.7% CPU
Optimizing NNI: done in 0.00326989 secs using 375% CPU
Optimizing NNI: done in 0.00210305 secs using 337.7% CPU
Optimizing NNI: done in 0.00322656 secs using 378.9% CPU
Optimizing NNI: done in 0.00213447 secs using 380.9% CPU
Optimizing NNI: done in 0.00134632 secs using 322.6% CPU
Optimizing NNI: done in 0.0026747 secs using 436.3% CPU
Optimizing NNI: done in 0.0025088 secs using 339.1% CPU
Optimizing NNI: done in 0.00171648 secs using 449.2% CPU
Optimizing NNI: done in 0.00140688 secs using 313.1% CPU
Optimizing NNI: done in 0.0014881 secs using 301.6% CPU
Optimizing NNI: done in 0.00223883 secs using 367.9% CPU
Optimizing NNI: done in 0.00223324 secs using 502.9% CPU
Optimizing NNI: done in 0.00178574 secs using 435.8% CPU
900 samples done
Optimizing NNI: done in 0.00377572 secs using 311.8% CPU
Optimizing NNI: done in 0.00361596 secs using 348.8% CPU
Optimizing NNI: done in 0.00239394 secs using 350.6% CPU
Optimizing NNI: done in 0.00143386 secs using 518.3% CPU
Optimizing NNI: done in 0.0026895 secs using 434.5% CPU
Optimizing NNI: done in 0.00395674 secs using 403.2% CPU
Optimizing NNI: done in 0.00149282 secs using 501.7% CPU
Optimizing NNI: done in 0.00500007 secs using 399.9% CPU
Optimizing NNI: done in 0.001372 secs using 318.2% CPU
Optimizing NNI: done in 0.00216488 secs using 515.6% CPU
Optimizing NNI: done in 0.00250693 secs using 339.3% CPU
Optimizing NNI: done in 0.00259601 secs using 446.8% CPU
Optimizing NNI: done in 0.00205594 secs using 391.7% CPU
Optimizing NNI: done in 0.00379257 secs using 416.3% CPU
Optimizing NNI: done in 0.00138667 secs using 532.6% CPU
Optimizing NNI: done in 0.000849616 secs using 452.6% CPU
Optimizing NNI: done in 0.00231312 secs using 359.3% CPU
Optimizing NNI: done in 0.0036085 secs using 403% CPU
Optimizing NNI: done in 0.0042258 secs using 383.9% CPU
Optimizing NNI: done in 0.00276132 secs using 425.8% CPU
Optimizing NNI: done in 0.00136605 secs using 466.3% CPU
Optimizing NNI: done in 0.00144424 secs using 307.4% CPU
Optimizing NNI: done in 0.00228179 secs using 494.2% CPU
Optimizing NNI: done in 0.00304436 secs using 395.6% CPU
Optimizing NNI: done in 0.00255324 secs using 452.4% CPU
Optimizing NNI: done in 0.00152264 secs using 428.4% CPU
Optimizing NNI: done in 0.00137817 secs using 244.8% CPU
Optimizing NNI: done in 0.0031619 secs using 384.5% CPU
Optimizing NNI: done in 0.00109045 secs using 366.5% CPU
Optimizing NNI: done in 0.00431105 secs using 447.9% CPU
Optimizing NNI: done in 0.00153126 secs using 488.9% CPU
Optimizing NNI: done in 0.0032831 secs using 374.1% CPU
Optimizing NNI: done in 0.00142152 secs using 521.9% CPU
Optimizing NNI: done in 0.00294421 secs using 405.6% CPU
Optimizing NNI: done in 0.00370535 secs using 423.7% CPU
Optimizing NNI: done in 0.00191106 secs using 413.9% CPU
Optimizing NNI: done in 0.00262823 secs using 328.3% CPU
Optimizing NNI: done in 0.00235852 secs using 354.3% CPU
Optimizing NNI: done in 0.00153544 secs using 291.3% CPU
Optimizing NNI: done in 0.00147766 secs using 505.8% CPU
Optimizing NNI: done in 0.00138637 secs using 316.2% CPU
Optimizing NNI: done in 0.00394334 secs using 328.2% CPU
Optimizing NNI: done in 0.00135581 secs using 321.2% CPU
Optimizing NNI: done in 0.00178451 secs using 436.1% CPU
Optimizing NNI: done in 0.00242781 secs using 467.4% CPU
Optimizing NNI: done in 0.000978194 secs using 406.5% CPU
Optimizing NNI: done in 0.00195596 secs using 406.5% CPU
Optimizing NNI: done in 0.00353281 secs using 439.5% CPU
Optimizing NNI: done in 0.00178807 secs using 435.3% CPU
Optimizing NNI: done in 0.00233583 secs using 485.2% CPU
Optimizing NNI: done in 0.00219449 secs using 373.3% CPU
Optimizing NNI: done in 0.00375555 secs using 419.4% CPU
Optimizing NNI: done in 0.00142117 secs using 310.8% CPU
Optimizing NNI: done in 0.00260755 secs using 445% CPU
Optimizing NNI: done in 0.00355533 secs using 352.2% CPU
Optimizing NNI: done in 0.00179587 secs using 434.1% CPU
Optimizing NNI: done in 0.00209229 secs using 530% CPU
Optimizing NNI: done in 0.00322247 secs using 379.2% CPU
Optimizing NNI: done in 0.00384027 secs using 334.3% CPU
Optimizing NNI: done in 0.00269179 secs using 322.8% CPU
Optimizing NNI: done in 0.0018385 secs using 426.1% CPU
Optimizing NNI: done in 0.00321415 secs using 379.9% CPU
Optimizing NNI: done in 0.000864845 secs using 446.7% CPU
Optimizing NNI: done in 0.00187764 secs using 206.8% CPU
Optimizing NNI: done in 0.00243778 secs using 345.9% CPU
Optimizing NNI: done in 0.00137228 secs using 536.8% CPU
Optimizing NNI: done in 0.00125 secs using 339.6% CPU
Optimizing NNI: done in 0.00281486 secs using 419.6% CPU
Optimizing NNI: done in 0.00322851 secs using 378.7% CPU
Optimizing NNI: done in 0.00144453 secs using 238.1% CPU
Optimizing NNI: done in 0.00127978 secs using 568.4% CPU
Optimizing NNI: done in 0.00176177 secs using 440.4% CPU
Optimizing NNI: done in 0.00126368 secs using 337.1% CPU
Optimizing NNI: done in 0.000940805 secs using 418.5% CPU
Optimizing NNI: done in 0.00187586 secs using 419.7% CPU
Optimizing NNI: done in 0.00143213 secs using 309% CPU
Optimizing NNI: done in 0.00139207 secs using 314.7% CPU
Optimizing NNI: done in 0.00178743 secs using 402.2% CPU
Optimizing NNI: done in 0.00271222 secs using 431.7% CPU
Optimizing NNI: done in 0.00219074 secs using 373.8% CPU
Optimizing NNI: done in 0.00372882 secs using 421.7% CPU
Optimizing NNI: done in 0.00245538 secs using 344.3% CPU
Optimizing NNI: done in 0.00139486 secs using 314.9% CPU
Optimizing NNI: done in 0.00134576 secs using 322.6% CPU
Optimizing NNI: done in 0.0012857 secs using 333% CPU
Optimizing NNI: done in 0.00206795 secs using 390.1% CPU
Optimizing NNI: done in 0.00701653 secs using 385% CPU
Optimizing NNI: done in 0.00273552 secs using 428.4% CPU
Optimizing NNI: done in 0.00235336 secs using 354.8% CPU
Optimizing NNI: done in 0.0017666 secs using 439.5% CPU
Optimizing NNI: done in 0.00222619 secs using 369.4% CPU
Optimizing NNI: done in 0.00153607 secs using 425.7% CPU
Optimizing NNI: done in 0.00201305 secs using 397.7% CPU
Optimizing NNI: done in 0.00291252 secs using 406.5% CPU
Optimizing NNI: done in 0.00291514 secs using 374.5% CPU
Optimizing NNI: done in 0.00135402 secs using 541.9% CPU
Optimizing NNI: done in 0.00130117 secs using 330.4% CPU
Optimizing NNI: done in 0.00499342 secs using 400.3% CPU
Optimizing NNI: done in 0.00204268 secs using 393.6% CPU
Optimizing NNI: done in 0.00232032 secs using 358.4% CPU
1000 samples done
Total 935 ufboot trees refined
TREE SEARCH COMPLETED AFTER 102 ITERATIONS / Time: 0h:0m:36s

--------------------------------------------------------------------
|                    FINALIZING TREE SEARCH                        |
--------------------------------------------------------------------
Performs final model parameters optimization
Estimate model parameters (epsilon = 0.010)
1. Initial log-likelihood: -775.754
2. Current log-likelihood: -775.725
3. Current log-likelihood: -775.698
4. Current log-likelihood: -775.675
5. Current log-likelihood: -775.663
Optimal log-likelihood: -775.658
Site proportion and rates:  (0.963,0.428) (0.037,15.865)
Parameters optimization took 5 rounds (0.024 sec)
BEST SCORE FOUND : -775.658
Creating bootstrap support values...
Split supports printed to NEXUS file 10_alignment_files/part3_alignment.afa.splits.nex
Total tree length: 0.716

Total number of iterations: 102
CPU time used for tree search: 33.316 sec (0h:0m:33s)
Wall-clock time used for tree search: 8.418 sec (0h:0m:8s)
Total CPU time used: 109.168 sec (0h:1m:49s)
Total wall-clock time used: 36.132 sec (0h:0m:36s)
UFBoot trees printed to 10_alignment_files/part3_alignment.afa.ufboot

Computing bootstrap consensus tree...
Reading input file 10_alignment_files/part3_alignment.afa.splits.nex...
11 taxa and 62 splits.
Consensus tree written to 10_alignment_files/part3_alignment.afa.contree
Reading input trees file 10_alignment_files/part3_alignment.afa.contree
Log-likelihood of consensus tree: -775.659

Analysis results written to: 
  IQ-TREE report:                10_alignment_files/part3_alignment.afa.iqtree
  Maximum-likelihood tree:       10_alignment_files/part3_alignment.afa.treefile
  Likelihood distances:          10_alignment_files/part3_alignment.afa.mldist

Ultrafast bootstrap approximation results written to:
  Split support values:          10_alignment_files/part3_alignment.afa.splits.nex
  Consensus tree:                10_alignment_files/part3_alignment.afa.contree
  UFBoot trees:                  10_alignment_files/part3_alignment.afa.ufboot
  Screen log file:               10_alignment_files/part3_alignment.afa.log

Date and Time: Fri Nov 28 12:54:21 2025
