IQ-TREE version 3.0.1 for Linux x86 64-bit built Jul  9 2025
Developed by Bui Quang Minh, Thomas Wong, Nhan Ly-Trong, Huaiyan Ren
Contributed by Lam-Tung Nguyen, Dominik Schrempf, Chris Bielow,
Olga Chernomor, Michael Woodhams, Diep Thi Hoang, Heiko Schmidt

Host:    thecomputer2 (AVX512, FMA3, 31 GB RAM)
Command: iqtree3 -s 10_alignment_files/part1_alignment.afa -m MFP -B 1000 -bnni -T AUTO -redo
Seed:    978796 (Using SPRNG - Scalable Parallel Random Number Generator)
Time:    Fri Nov 28 12:52:39 2025
Kernel:  AVX+FMA - auto-detect threads (8 CPU cores detected)

Reading alignment file 10_alignment_files/part1_alignment.afa ... Fasta format detected
Reading fasta file: done in 0.000266535 secs using 33.02% CPU
Alignment most likely contains protein sequences
Constructing alignment: done in 0.000380973 secs using 98.96% CPU
Alignment has 21 sequences with 175 columns, 92 distinct patterns
17 parsimony-informative, 10 singleton sites, 148 constant sites
                        Gap/Ambiguity  Composition  p-value
Analyzing sequences: done in 0.0119929 secs using 499% CPU
   1  Natator_depressus         3.43%    passed    100.00%
   2  sampleC                  43.43%    passed     99.95%
   3  sampleD                   7.43%    passed     99.71%
   4  Eretmochelys_imbricata    4.00%    passed    100.00%
   5  Caretta_caretta           4.00%    passed    100.00%
   6  Lepidochelys_kempii       4.00%    passed    100.00%
   7  Thunnus_thynnus          37.14%    passed     99.98%
   8  Thunnus_orientalis       37.14%    passed     99.98%
   9  Thunnus_albacares        37.14%    passed     99.98%
  10  Thunnus_maccoyii         37.14%    passed     99.98%
  11  Thunnus_obesus           37.14%    passed     99.98%
  12  Delphinapterus_leucas     1.14%    passed    100.00%
  13  Monodon_monoceros         1.14%    passed    100.00%
  14  Dermochelys_coriacea      2.29%    passed    100.00%
  15  sampleA                   2.86%    passed    100.00%
  16  sampleB                   4.57%    passed    100.00%
  17  Eubalaena_japonica        0.00%    passed    100.00%
  18  Eubalaena_glacialis       0.00%    passed    100.00%
  19  Eubalaena_australis       0.00%    passed    100.00%
  20  Balaena_mysticetus        0.00%    passed    100.00%
  21  Eschrichtius_robustus     0.00%    passed    100.00%
****  TOTAL                    12.57%  0 sequences failed composition chi2 test (p-value<5%; df=19)
NOTE: Caretta_caretta is identical to Eretmochelys_imbricata but kept for subsequent analysis
NOTE: Thunnus_orientalis is identical to Thunnus_thynnus but kept for subsequent analysis
NOTE: Eubalaena_glacialis is identical to Eubalaena_japonica but kept for subsequent analysis
Checking for duplicate sequences: done in 0.0115614 secs using 472.5% CPU
Identifying sites to remove: done in 0.000164937 secs using 98.83% CPU
NOTE: 5 identical sequences (see below) will be ignored for subsequent analysis
NOTE: Thunnus_albacares (identical to Thunnus_thynnus) is ignored but added at the end
NOTE: Thunnus_maccoyii (identical to Thunnus_thynnus) is ignored but added at the end
NOTE: Thunnus_obesus (identical to Thunnus_thynnus) is ignored but added at the end
NOTE: Eubalaena_australis (identical to Eubalaena_japonica) is ignored but added at the end
NOTE: Balaena_mysticetus (identical to Eubalaena_japonica) is ignored but added at the end
Alignment was printed to 10_alignment_files/part1_alignment.afa.uniqueseq.phy

For your convenience alignment with unique sequences printed to 10_alignment_files/part1_alignment.afa.uniqueseq.phy


Create initial parsimony tree by phylogenetic likelihood library (PLL)... 0.001 seconds
Measuring multi-threading efficiency up to 8 CPU cores
Increase to 10 rounds for branch lengths
388 trees examined
Threads: 1 / Time: 8.016 sec / Speedup: 1.000 / Efficiency: 100% / LogL: -876
Threads: 2 / Time: 5.248 sec / Speedup: 1.528 / Efficiency: 76% / LogL: -876
Threads: 3 / Time: 4.152 sec / Speedup: 1.931 / Efficiency: 64% / LogL: -876
Threads: 4 / Time: 3.686 sec / Speedup: 2.175 / Efficiency: 54% / LogL: -876
Threads: 5 / Time: 3.801 sec / Speedup: 2.109 / Efficiency: 42% / LogL: -876
Determining AUTO threadcount: done in 24.9046 secs using 258.3% CPU
BEST NUMBER OF THREADS: 4

Perform fast likelihood tree search using LG+I+G model...
Estimate model parameters (epsilon = 5.000)
Perform nearest neighbor interchange...
Optimizing NNI: done in 0.0347351 secs using 386.3% CPU
Estimate model parameters (epsilon = 1.000)
1. Initial log-likelihood: -719.426
Optimal log-likelihood: -719.424
Proportion of invariable sites: 0.421
Gamma shape alpha: 1.943
Parameters optimization took 1 rounds (0.020 sec)
Time for fast ML tree search: 0.067 seconds

NOTE: ModelFinder requires 3 MB RAM!
ModelFinder will test up to 1232 protein models (sample size: 175 epsilon: 0.100) ...
 No. Model         -LnL         df  AIC          AICc         BIC
  1  LG            721.225      29  1500.451     1512.451     1592.230
  2  LG+I          719.568      30  1499.136     1512.053     1594.079
  3  LG+G4         719.395      30  1498.790     1511.707     1593.734
  4  LG+I+G4       719.423      31  1500.847     1514.721     1598.955
  5  LG+R2         719.698      31  1501.396     1515.270     1599.504
  6  LG+R3         719.441      33  1504.881     1520.796     1609.319
 14  LG+I+R2       719.557      32  1503.115     1517.988     1604.388
 15  LG+I+R3       719.464      34  1506.928     1523.928     1614.531
 23  LG+F          681.847      48  1459.695     1497.028     1611.605
 24  LG+F+I        680.399      49  1458.798     1497.998     1613.872
 25  LG+F+G4       680.204      49  1458.408     1497.608     1613.482
 26  LG+F+I+G4     680.251      50  1460.502     1501.631     1618.741
 27  LG+F+R2       680.433      50  1460.866     1501.995     1619.106
 45  WAG           721.470      29  1500.940     1512.940     1592.719
 46  WAG+I         719.803      30  1499.605     1512.522     1594.549
 47  WAG+G4        719.666      30  1499.332     1512.248     1594.275
 48  WAG+I+G4      719.689      31  1501.379     1515.253     1599.487
 49  WAG+R2        719.922      31  1501.845     1515.719     1599.953
 67  WAG+F         681.883      48  1459.766     1497.099     1611.676
 68  WAG+F+I       680.667      49  1459.334     1498.534     1614.409
 69  WAG+F+G4      680.500      49  1459.000     1498.200     1614.075
 70  WAG+F+I+G4    680.561      50  1461.121     1502.251     1619.361
 71  WAG+F+R2      680.642      50  1461.284     1502.413     1619.523
 89  JTT           717.984      29  1493.967     1505.967     1585.746
 90  JTT+I         716.400      30  1492.800     1505.717     1587.744
 91  JTT+G4        716.327      30  1492.654     1505.570     1587.597
 92  JTT+I+G4      716.350      31  1494.700     1508.574     1592.808
 93  JTT+R2        716.487      31  1494.975     1508.849     1593.083
111  JTT+F         681.122      48  1458.245     1495.578     1610.154
112  JTT+F+I       679.965      49  1457.929     1497.129     1613.004
113  JTT+F+G4      679.886      49  1457.772     1496.972     1612.846
114  JTT+F+I+G4    679.926      50  1459.852     1500.982     1618.092
115  JTT+F+R2      679.944      50  1459.887     1501.016     1618.126
133  Q.PFAM        719.478      29  1496.956     1508.956     1588.735
134  Q.PFAM+I      717.967      30  1495.934     1508.851     1590.877
135  Q.PFAM+G4     717.807      30  1495.614     1508.531     1590.558
136  Q.PFAM+I+G4   717.843      31  1497.687     1511.561     1595.795
137  Q.PFAM+R2     717.985      31  1497.970     1511.844     1596.078
155  Q.PFAM+F      682.095      48  1460.189     1497.523     1612.099
156  Q.PFAM+F+I    680.774      49  1459.548     1498.748     1614.623
157  Q.PFAM+F+G4   680.584      49  1459.168     1498.368     1614.242
158  Q.PFAM+F+I+G4 680.641      50  1461.282     1502.411     1619.521
159  Q.PFAM+F+R2   680.730      50  1461.460     1502.589     1619.700
177  Q.BIRD        733.208      29  1524.416     1536.416     1616.195
178  Q.BIRD+I      730.646      30  1521.292     1534.209     1616.236
179  Q.BIRD+G4     730.541      30  1521.082     1533.998     1616.025
180  Q.BIRD+I+G4   730.547      31  1523.095     1536.969     1621.203
181  Q.BIRD+R2     730.926      31  1523.853     1537.727     1621.961
199  Q.BIRD+F      689.890      48  1475.780     1513.114     1627.690
200  Q.BIRD+F+I    687.902      49  1473.803     1513.003     1628.878
201  Q.BIRD+F+G4   687.822      49  1473.644     1512.844     1628.718
202  Q.BIRD+F+I+G4 687.845      50  1475.689     1516.818     1633.928
203  Q.BIRD+F+R2   687.944      50  1475.888     1517.017     1634.128
221  Q.MAMMAL      731.396      29  1520.793     1532.793     1612.571
222  Q.MAMMAL+I    729.649      30  1519.297     1532.214     1614.241
223  Q.MAMMAL+G4   729.521      30  1519.043     1531.960     1613.986
224  Q.MAMMAL+I+G4 729.546      31  1521.093     1534.967     1619.201
225  Q.MAMMAL+R2   729.675      31  1521.350     1535.224     1619.459
243  Q.MAMMAL+F    686.495      48  1468.989     1506.322     1620.899
244  Q.MAMMAL+F+I  685.161      49  1468.321     1507.521     1623.396
245  Q.MAMMAL+F+G4 685.062      49  1468.123     1507.323     1623.198
246  Q.MAMMAL+F+I+G4 685.104      50  1470.209     1511.338     1628.448
247  Q.MAMMAL+F+R2 685.116      50  1470.232     1511.361     1628.471
265  Q.INSECT      729.018      29  1516.035     1528.035     1607.814
266  Q.INSECT+I    727.516      30  1515.033     1527.949     1609.976
267  Q.INSECT+G4   727.396      30  1514.791     1527.708     1609.735
268  Q.INSECT+I+G4 727.425      31  1516.849     1530.723     1614.958
269  Q.INSECT+R2   727.498      31  1516.997     1530.871     1615.105
287  Q.INSECT+F    681.373      48  1458.746     1496.079     1610.656
288  Q.INSECT+F+I  680.033      49  1458.066     1497.266     1613.141
289  Q.INSECT+F+G4 679.911      49  1457.821     1497.021     1612.896
290  Q.INSECT+F+I+G4 679.950      50  1459.899     1501.028     1618.138
291  Q.INSECT+F+R2 679.988      50  1459.975     1501.104     1618.214
309  Q.PLANT       722.407      29  1502.815     1514.815     1594.594
310  Q.PLANT+I     720.383      30  1500.767     1513.683     1595.710
311  Q.PLANT+G4    720.229      30  1500.459     1513.375     1595.402
312  Q.PLANT+I+G4  720.253      31  1502.506     1516.380     1600.614
313  Q.PLANT+R2    720.405      31  1502.809     1516.683     1600.918
331  Q.PLANT+F     683.960      48  1463.920     1501.253     1615.829
332  Q.PLANT+F+I   682.285      49  1462.570     1501.770     1617.644
333  Q.PLANT+F+G4  682.131      49  1462.263     1501.463     1617.337
334  Q.PLANT+F+I+G4 682.174      50  1464.349     1505.478     1622.588
335  Q.PLANT+F+R2  682.227      50  1464.455     1505.584     1622.694
353  Q.YEAST       728.263      29  1514.525     1526.525     1606.304
354  Q.YEAST+I     726.450      30  1512.900     1525.817     1607.843
355  Q.YEAST+G4    726.344      30  1512.688     1525.605     1607.631
356  Q.YEAST+I+G4  726.359      31  1514.719     1528.593     1612.827
357  Q.YEAST+R2    726.463      31  1514.926     1528.800     1613.034
375  Q.YEAST+F     681.847      48  1459.695     1497.028     1611.605
376  Q.YEAST+F+I   680.318      49  1458.636     1497.836     1613.710
377  Q.YEAST+F+G4  680.183      49  1458.366     1497.566     1613.441
378  Q.YEAST+F+I+G4 680.212      50  1460.424     1501.553     1618.663
379  Q.YEAST+F+R2  680.267      50  1460.535     1501.664     1618.774
397  JTTDCMUT      718.283      29  1494.565     1506.565     1586.344
398  JTTDCMUT+I    716.708      30  1493.416     1506.333     1588.360
399  JTTDCMUT+G4   716.632      30  1493.264     1506.180     1588.207
400  JTTDCMUT+I+G4 716.654      31  1495.309     1509.183     1593.417
401  JTTDCMUT+R2   716.686      31  1495.372     1509.247     1593.481
419  JTTDCMUT+F    680.985      48  1457.970     1495.304     1609.880
420  JTTDCMUT+F+I  679.846      49  1457.691     1496.891     1612.766
421  JTTDCMUT+F+G4 679.763      49  1457.526     1496.726     1612.600
422  JTTDCMUT+F+I+G4 679.804      50  1459.607     1500.736     1617.846
423  JTTDCMUT+F+R2 679.804      50  1459.608     1500.737     1617.847
441  DCMUT         730.359      29  1518.718     1530.718     1610.497
442  DCMUT+I       728.518      30  1517.037     1529.953     1611.980
443  DCMUT+G4      728.470      30  1516.939     1529.856     1611.883
444  DCMUT+I+G4    728.485      31  1518.970     1532.844     1617.078
445  DCMUT+R2      728.545      31  1519.090     1532.964     1617.198
463  DCMUT+F       681.749      48  1459.497     1496.831     1611.407
464  DCMUT+F+I     680.499      49  1458.999     1498.199     1614.073
465  DCMUT+F+G4    680.431      49  1458.863     1498.063     1613.937
466  DCMUT+F+I+G4  680.458      50  1460.916     1502.045     1619.155
467  DCMUT+F+R2    680.461      50  1460.921     1502.050     1619.161
485  VT            717.915      29  1493.830     1505.830     1585.609
486  VT+I          716.549      30  1493.099     1506.015     1588.042
487  VT+G4         716.469      30  1492.939     1505.855     1587.882
488  VT+I+G4       716.496      31  1494.991     1508.866     1593.100
489  VT+R2         716.508      31  1495.016     1508.890     1593.124
507  VT+F          680.925      48  1457.850     1495.183     1609.760
508  VT+F+I        679.859      49  1457.718     1496.918     1612.793
509  VT+F+G4       679.755      49  1457.510     1496.710     1612.584
510  VT+F+I+G4     679.803      50  1459.606     1500.735     1617.846
511  VT+F+R2       679.808      50  1459.615     1500.744     1617.854
529  PMB           717.264      29  1492.527     1504.527     1584.306
530  PMB+I         716.087      30  1492.173     1505.090     1587.117
531  PMB+G4        715.952      30  1491.904     1504.820     1586.847
532  PMB+I+G4      715.998      31  1493.997     1507.871     1592.105
533  PMB+R2        716.015      31  1494.030     1507.904     1592.138
551  PMB+F         682.339      48  1460.679     1498.012     1612.589
552  PMB+F+I       681.295      49  1460.590     1499.790     1615.664
553  PMB+F+G4      681.137      49  1460.273     1499.473     1615.348
554  PMB+F+I+G4    681.202      50  1462.405     1503.534     1620.644
555  PMB+F+R2      681.212      50  1462.424     1503.553     1620.663
573  BLOSUM62      717.575      29  1493.151     1505.151     1584.930
574  BLOSUM62+I    716.273      30  1492.547     1505.463     1587.490
575  BLOSUM62+G4   716.151      30  1492.302     1505.219     1587.246
576  BLOSUM62+I+G4 716.186      31  1494.371     1508.245     1592.480
577  BLOSUM62+R2   716.210      31  1494.421     1508.295     1592.529
595  BLOSUM62+F    682.264      48  1460.528     1497.861     1612.437
596  BLOSUM62+F+I  681.092      49  1460.183     1499.383     1615.258
597  BLOSUM62+F+G4 680.946      49  1459.892     1499.092     1614.967
598  BLOSUM62+F+I+G4 680.995      50  1461.989     1503.118     1620.229
599  BLOSUM62+F+R2 681.011      50  1462.021     1503.150     1620.261
617  DAYHOFF       730.371      29  1518.742     1530.742     1610.521
618  DAYHOFF+I     728.520      30  1517.039     1529.956     1611.983
619  DAYHOFF+G4    728.471      30  1516.942     1529.859     1611.886
620  DAYHOFF+I+G4  728.486      31  1518.972     1532.846     1617.081
621  DAYHOFF+R2    728.565      31  1519.131     1533.005     1617.239
639  DAYHOFF+F     681.762      48  1459.525     1496.858     1611.435
640  DAYHOFF+F+I   680.508      49  1459.015     1498.215     1614.090
641  DAYHOFF+F+G4  680.440      49  1458.880     1498.080     1613.954
642  DAYHOFF+F+I+G4 680.465      50  1460.930     1502.059     1619.169
643  DAYHOFF+F+R2  680.463      50  1460.927     1502.056     1619.166
661  MTREV         692.725      29  1443.451     1455.451     1535.229
662  MTREV+I       691.218      30  1442.435     1455.352     1537.379
663  MTREV+G4      690.982      30  1441.964     1454.880     1536.907
664  MTREV+I+G4    691.048      31  1444.097     1457.971     1542.205
665  MTREV+R2      691.078      31  1444.157     1458.031     1542.265
683  MTREV+F       682.030      48  1460.061     1497.394     1611.970
684  MTREV+F+I     680.703      49  1459.405     1498.605     1614.480
685  MTREV+F+G4    680.498      49  1458.995     1498.195     1614.070
686  MTREV+F+I+G4  680.578      50  1461.156     1502.285     1619.396
687  MTREV+F+R2    680.567      50  1461.135     1502.264     1619.374
705  MTART         695.666      29  1449.333     1461.333     1541.112
706  MTART+I       693.510      30  1447.021     1459.937     1541.964
707  MTART+G4      693.093      30  1446.186     1459.103     1541.130
708  MTART+I+G4    693.091      31  1448.182     1462.056     1546.290
709  MTART+R2      693.327      31  1448.654     1462.528     1546.762
727  MTART+F       683.637      48  1463.275     1500.608     1615.184
728  MTART+F+I     681.505      49  1461.011     1500.211     1616.085
729  MTART+F+G4    681.079      49  1460.157     1499.357     1615.232
730  MTART+F+I+G4  681.078      50  1462.157     1503.286     1620.396
731  MTART+F+R2    681.293      50  1462.586     1503.716     1620.826
749  MTZOA         690.388      29  1438.775     1450.775     1530.554
750  MTZOA+I       688.954      30  1437.908     1450.824     1532.851
751  MTZOA+G4      688.761      30  1437.522     1450.439     1532.465
752  MTZOA+I+G4    688.808      31  1439.616     1453.490     1537.724
753  MTZOA+R2      688.830      31  1439.661     1453.535     1537.769
771  MTZOA+F       681.193      48  1458.387     1495.720     1610.297
772  MTZOA+F+I     679.703      49  1457.406     1496.606     1612.481
773  MTZOA+F+G4    679.527      49  1457.054     1496.254     1612.129
774  MTZOA+F+I+G4  679.567      50  1459.133     1500.262     1617.373
775  MTZOA+F+R2    679.590      50  1459.179     1500.308     1617.419
793  MTMET         701.707      29  1461.413     1473.413     1553.192
794  MTMET+I       700.394      30  1460.789     1473.705     1555.732
795  MTMET+G4      700.300      30  1460.600     1473.516     1555.543
796  MTMET+I+G4    700.333      31  1462.666     1476.540     1560.774
797  MTMET+R2      700.325      31  1462.650     1476.524     1560.758
815  MTMET+F       681.449      48  1458.899     1496.232     1610.809
816  MTMET+F+I     680.221      49  1458.441     1497.641     1613.516
817  MTMET+F+G4    680.160      49  1458.320     1497.520     1613.395
818  MTMET+F+I+G4  680.190      50  1460.381     1501.510     1618.620
819  MTMET+F+R2    680.169      50  1460.339     1501.468     1618.578
837  MTVER         700.059      29  1458.117     1470.117     1549.896
838  MTVER+I       698.166      30  1456.331     1469.248     1551.275
839  MTVER+G4      698.099      30  1456.197     1469.114     1551.141
840  MTVER+I+G4    698.103      31  1458.206     1472.080     1556.314
841  MTVER+R2      698.164      31  1458.328     1472.202     1556.436
859  MTVER+F       685.254      48  1466.508     1503.842     1618.418
860  MTVER+F+I     683.670      49  1465.341     1504.541     1620.415
861  MTVER+F+G4    683.629      49  1465.258     1504.458     1620.333
862  MTVER+F+I+G4  683.642      50  1467.283     1508.412     1625.523
863  MTVER+F+R2    683.640      50  1467.281     1508.410     1625.520
881  MTINV         711.922      29  1481.844     1493.844     1573.623
882  MTINV+I       710.749      30  1481.498     1494.415     1576.441
883  MTINV+G4      710.611      30  1481.223     1494.139     1576.166
884  MTINV+I+G4    710.664      31  1483.328     1497.202     1581.436
885  MTINV+R2      710.646      31  1483.293     1497.167     1581.401
903  MTINV+F       680.258      48  1456.516     1493.850     1608.426
904  MTINV+F+I     679.039      49  1456.078     1495.278     1611.152
905  MTINV+F+G4    678.905      49  1455.810     1495.010     1610.885
906  MTINV+F+I+G4  678.955      50  1457.911     1499.040     1616.150
907  MTINV+F+R2    678.935      50  1457.871     1499.000     1616.110
925  MTMAM         704.724      29  1467.447     1479.447     1559.226
926  MTMAM+I       699.402      30  1458.805     1471.721     1553.748
927  MTMAM+G4      699.351      30  1458.702     1471.618     1553.645
928  MTMAM+I+G4    699.327      31  1460.655     1474.529     1558.763
929  MTMAM+R2      699.582      31  1461.163     1475.037     1559.272
947  MTMAM+F       694.085      48  1484.171     1521.504     1636.080
948  MTMAM+F+I     689.170      49  1476.341     1515.541     1631.415
949  MTMAM+F+G4    689.232      49  1476.463     1515.663     1631.538
950  MTMAM+F+I+G4  689.236      50  1478.473     1519.602     1636.712
951  MTMAM+F+R2    689.332      50  1478.663     1519.792     1636.902
969  FLAVI         719.656      29  1497.313     1509.313     1589.092
970  FLAVI+I       717.197      30  1494.393     1507.310     1589.337
971  FLAVI+G4      717.011      30  1494.022     1506.938     1588.965
972  FLAVI+I+G4    717.019      31  1496.038     1509.912     1594.146
973  FLAVI+R2      717.011      31  1496.022     1509.896     1594.131
991  FLAVI+F       693.030      48  1482.061     1519.394     1633.971
992  FLAVI+F+I     690.847      49  1479.693     1518.893     1634.768
993  FLAVI+F+G4    690.659      49  1479.319     1518.519     1634.393
994  FLAVI+F+I+G4  690.683      50  1481.365     1522.494     1639.605
995  FLAVI+F+R2    690.662      50  1481.325     1522.454     1639.564
1013  HIVB          735.093      29  1528.187     1540.187     1619.965
1014  HIVB+I        731.413      30  1522.827     1535.743     1617.770
1015  HIVB+G4       731.290      30  1522.579     1535.496     1617.523
1016  HIVB+I+G4     731.254      31  1524.508     1538.382     1622.616
1017  HIVB+R2       731.383      31  1524.767     1538.641     1622.875
1035  HIVB+F        691.366      48  1478.732     1516.065     1630.642
1036  HIVB+F+I      688.886      49  1475.772     1514.972     1630.847
1037  HIVB+F+G4     688.696      49  1475.392     1514.592     1630.466
1038  HIVB+F+I+G4   688.698      50  1477.396     1518.525     1635.635
1039  HIVB+F+R2     688.687      50  1477.374     1518.503     1635.613
1057  HIVW          751.271      29  1560.542     1572.542     1652.321
1058  HIVW+I        744.677      30  1549.354     1562.270     1644.297
1059  HIVW+G4       744.592      30  1549.185     1562.101     1644.128
1060  HIVW+I+G4     744.435      31  1550.870     1564.744     1648.979
1061  HIVW+R2       744.603      31  1551.207     1565.081     1649.315
1079  HIVW+F        697.021      48  1490.042     1527.375     1641.951
1080  HIVW+F+I      693.275      49  1484.549     1523.749     1639.624
1081  HIVW+F+G4     692.970      49  1483.940     1523.140     1639.015
1082  HIVW+F+I+G4   692.847      50  1485.694     1526.823     1643.934
1083  HIVW+F+R2     692.809      50  1485.619     1526.748     1643.858
1101  FLU           729.458      29  1516.917     1528.917     1608.695
1102  FLU+I         726.712      30  1513.425     1526.342     1608.369
1103  FLU+G4        726.565      30  1513.130     1526.047     1608.074
1104  FLU+I+G4      726.556      31  1515.112     1528.987     1613.221
1105  FLU+R2        726.488      31  1514.976     1528.850     1613.084
1123  FLU+F         685.456      48  1466.913     1504.246     1618.822
1124  FLU+F+I       683.510      49  1465.020     1504.220     1620.094
1125  FLU+F+G4      683.286      49  1464.573     1503.773     1619.647
1126  FLU+F+I+G4    683.312      50  1466.624     1507.753     1624.863
1127  FLU+F+R2      683.152      50  1466.304     1507.433     1624.543
1145  RTREV         728.762      29  1515.524     1527.524     1607.303
1146  RTREV+I       726.271      30  1512.542     1525.458     1607.485
1147  RTREV+G4      726.002      30  1512.003     1524.920     1606.947
1148  RTREV+I+G4    725.973      31  1513.946     1527.821     1612.055
1149  RTREV+R2      725.806      31  1513.612     1527.486     1611.721
1167  RTREV+F       683.902      48  1463.804     1501.138     1615.714
1168  RTREV+F+I     681.644      49  1461.287     1500.487     1616.362
1169  RTREV+F+G4    681.342      49  1460.685     1499.885     1615.759
1170  RTREV+F+I+G4  681.327      50  1462.654     1503.784     1620.894
1171  RTREV+F+R2    681.114      50  1462.228     1503.357     1620.468
1189  CPREV         709.406      29  1476.812     1488.812     1568.591
1190  CPREV+I       707.898      30  1475.796     1488.713     1570.739
1191  CPREV+G4      707.751      30  1475.502     1488.419     1570.446
1192  CPREV+I+G4    707.776      31  1477.552     1491.427     1575.661
1193  CPREV+R2      707.658      31  1477.316     1491.190     1575.424
1211  CPREV+F       679.989      48  1455.979     1493.312     1607.889
1212  CPREV+F+I     678.909      49  1455.818     1495.018     1610.893
1213  CPREV+F+G4    678.755      49  1455.509     1494.709     1610.584
1214  CPREV+F+I+G4  678.813      50  1457.627     1498.756     1615.866
1215  CPREV+F+R2    678.669      50  1457.338     1498.467     1615.577
Akaike Information Criterion:           MTZOA+G4
Corrected Akaike Information Criterion: MTZOA+G4
Bayesian Information Criterion:         MTZOA
Best-fit model: MTZOA chosen according to BIC

All model information printed to 10_alignment_files/part1_alignment.afa.model.gz
CPU time for ModelFinder: 73.402 seconds (0h:1m:13s)
Wall-clock time for ModelFinder: 27.210 seconds (0h:0m:27s)
WARNING: States(s) C rarely appear in alignment and may cause numerical problems
Generating 1000 samples for ultrafast bootstrap (seed: 978796)...

NOTE: 0 MB RAM (0 GB) is required!
Estimate model parameters (epsilon = 0.100)
1. Initial log-likelihood: -690.421
Optimal log-likelihood: -690.388
Parameters optimization took 1 rounds (0.002 sec)
Wrote distance file to... 
Computing ML distances based on estimated model parameters...
Calculating distance matrix: done in 0.00390277 secs using 442.6% CPU
Computing ML distances took 0.004036 sec (of wall-clock time) 0.017389 sec (of CPU time)
Setting up auxiliary I and S matrices: done in 0.00126425 secs using 312% CPU
Constructing RapidNJ tree: done in 0.00300965 secs using 268.7% CPU
Computing RapidNJ tree took 0.004371 sec (of wall-clock time) 0.012270 sec (of CPU time)
Log-likelihood of RapidNJ tree: -690.205
--------------------------------------------------------------------
|             INITIALIZING CANDIDATE TREE SET                      |
--------------------------------------------------------------------
Generating 98 parsimony trees... 0.041 second
Computing log-likelihood of 98 initial trees ... 0.082 seconds
Current best score: -689.673

Do NNI search on 20 best initial trees
Optimizing NNI: done in 0.00946781 secs using 374.5% CPU
Estimate model parameters (epsilon = 0.100)
BETTER TREE FOUND at iteration 1: -689.557
Optimizing NNI: done in 0.0101632 secs using 385.3% CPU
Optimizing NNI: done in 0.00905673 secs using 398.1% CPU
Optimizing NNI: done in 0.00929432 secs using 379.7% CPU
Optimizing NNI: done in 0.0101961 secs using 384.4% CPU
Optimizing NNI: done in 0.00929345 secs using 390.5% CPU
Optimizing NNI: done in 0.00898778 secs using 400.4% CPU
Optimizing NNI: done in 0.0091622 secs using 383.8% CPU
Optimizing NNI: done in 0.00932654 secs using 411% CPU
Optimizing NNI: done in 0.0101524 secs using 395.5% CPU
Iteration 10 / LogL: -689.558 / Time: 0h:0m:27s
Optimizing NNI: done in 0.0138043 secs using 404.2% CPU
Optimizing NNI: done in 0.0139404 secs using 393.8% CPU
Optimizing NNI: done in 0.0143319 secs using 393% CPU
Optimizing NNI: done in 0.0140942 secs using 383.8% CPU
Optimizing NNI: done in 0.0147626 secs using 404.8% CPU
Optimizing NNI: done in 0.0145985 secs using 387.7% CPU
Optimizing NNI: done in 0.0146872 secs using 406.4% CPU
Optimizing NNI: done in 0.014358 secs using 406.4% CPU
Optimizing NNI: done in 0.0136989 secs using 406.6% CPU
Optimizing NNI: done in 0.0134979 secs using 403.7% CPU
Iteration 20 / LogL: -689.557 / Time: 0h:0m:27s
Finish initializing candidate tree set (2)
Current best tree score: -689.557 / CPU time: 0.372
Number of iterations: 20
--------------------------------------------------------------------
|               OPTIMIZING CANDIDATE TREE SET                      |
--------------------------------------------------------------------
Optimizing NNI: done in 0.0149508 secs using 387.6% CPU
Optimizing NNI: done in 0.0136579 secs using 378.2% CPU
Optimizing NNI: done in 0.0223441 secs using 395.3% CPU
Optimizing NNI: done in 0.0153706 secs using 379.5% CPU
BETTER TREE FOUND at iteration 24: -689.550
Optimizing NNI: done in 0.0136969 secs using 399.1% CPU
UPDATE BEST LOG-LIKELIHOOD: -689.550
Optimizing NNI: done in 0.0217485 secs using 394.3% CPU
Optimizing NNI: done in 0.0176352 secs using 389.2% CPU
Optimizing NNI: done in 0.0178804 secs using 396.4% CPU
Optimizing NNI: done in 0.0179711 secs using 400.5% CPU
Optimizing NNI: done in 0.0088348 secs using 360.2% CPU
Iteration 30 / LogL: -689.550 / Time: 0h:0m:27s (0h:0m:1s left)
Optimizing NNI: done in 0.0215519 secs using 387.7% CPU
Optimizing NNI: done in 0.0180678 secs using 398.8% CPU
Optimizing NNI: done in 0.0174973 secs using 401.3% CPU
UPDATE BEST LOG-LIKELIHOOD: -689.550
Optimizing NNI: done in 0.018569 secs using 389.7% CPU
Optimizing NNI: done in 0.0302341 secs using 393.7% CPU
Optimizing NNI: done in 0.0207486 secs using 379.4% CPU
Optimizing NNI: done in 0.0218653 secs using 388% CPU
Optimizing NNI: done in 0.0139722 secs using 395.5% CPU
Optimizing NNI: done in 0.0187519 secs using 403.9% CPU
Optimizing NNI: done in 0.0173234 secs using 394.4% CPU
Iteration 40 / LogL: -690.396 / Time: 0h:0m:28s (0h:0m:1s left)
Optimizing NNI: done in 0.017581 secs using 407.1% CPU
Optimizing NNI: done in 0.0181625 secs using 391.8% CPU
Optimizing NNI: done in 0.0127383 secs using 405.9% CPU
Optimizing NNI: done in 0.0175675 secs using 396% CPU
Optimizing NNI: done in 0.0182167 secs using 390.9% CPU
Optimizing NNI: done in 0.0156288 secs using 394.3% CPU
Optimizing NNI: done in 0.0221228 secs using 393.1% CPU
Optimizing NNI: done in 0.013631 secs using 393.5% CPU
Optimizing NNI: done in 0.0157272 secs using 386.1% CPU
Optimizing NNI: done in 0.0144248 secs using 384.2% CPU
Iteration 50 / LogL: -689.551 / Time: 0h:0m:28s (0h:0m:1s left)
Optimizing NNI: done in 0.0172202 secs using 413.5% CPU
Optimizing NNI: done in 0.00986591 secs using 373.6% CPU
Optimizing NNI: done in 0.00764242 secs using 401% CPU
Optimizing NNI: done in 0.0137606 secs using 397.9% CPU
Optimizing NNI: done in 0.0222354 secs using 396.7% CPU
Optimizing NNI: done in 0.0200985 secs using 388.6% CPU
Optimizing NNI: done in 0.0190895 secs using 388.1% CPU
Optimizing NNI: done in 0.0166852 secs using 369.7% CPU
Optimizing NNI: done in 0.0151166 secs using 391.1% CPU
Optimizing NNI: done in 0.0185302 secs using 396.8% CPU
Iteration 60 / LogL: -690.396 / Time: 0h:0m:28s (0h:0m:1s left)
Optimizing NNI: done in 0.0124319 secs using 405.6% CPU
Optimizing NNI: done in 0.0164709 secs using 391.4% CPU
Optimizing NNI: done in 0.0139921 secs using 389.6% CPU
Optimizing NNI: done in 0.0231451 secs using 393% CPU
Optimizing NNI: done in 0.0128834 secs using 379.4% CPU
Optimizing NNI: done in 0.0210851 secs using 398.9% CPU
Optimizing NNI: done in 0.0235041 secs using 384.9% CPU
Optimizing NNI: done in 0.0206114 secs using 377.5% CPU
Optimizing NNI: done in 0.0292781 secs using 356.2% CPU
Optimizing NNI: done in 0.0220497 secs using 386.1% CPU
Iteration 70 / LogL: -689.550 / Time: 0h:0m:28s (0h:0m:1s left)
Optimizing NNI: done in 0.0201089 secs using 388.4% CPU
Optimizing NNI: done in 0.0145196 secs using 383.8% CPU
Optimizing NNI: done in 0.0250259 secs using 399.3% CPU
Optimizing NNI: done in 0.0163109 secs using 386.6% CPU
Optimizing NNI: done in 0.013161 secs using 402.4% CPU
Optimizing NNI: done in 0.0123732 secs using 413.3% CPU
Optimizing NNI: done in 0.0193565 secs using 393.1% CPU
Optimizing NNI: done in 0.0146129 secs using 392.5% CPU
Optimizing NNI: done in 0.00929077 secs using 378.4% CPU
Optimizing NNI: done in 0.0171765 secs using 395.7% CPU
Iteration 80 / LogL: -689.550 / Time: 0h:0m:28s (0h:0m:0s left)
Optimizing NNI: done in 0.0179051 secs using 389.3% CPU
Optimizing NNI: done in 0.0142433 secs using 392.9% CPU
Optimizing NNI: done in 0.0155639 secs using 405.6% CPU
Optimizing NNI: done in 0.0163853 secs using 386.1% CPU
Optimizing NNI: done in 0.0127776 secs using 381.7% CPU
Optimizing NNI: done in 0.0168042 secs using 385.6% CPU
Optimizing NNI: done in 0.0148913 secs using 388.8% CPU
Optimizing NNI: done in 0.01362 secs using 398.3% CPU
Optimizing NNI: done in 0.0197879 secs using 397% CPU
Optimizing NNI: done in 0.0148689 secs using 399.7% CPU
Iteration 90 / LogL: -689.558 / Time: 0h:0m:29s (0h:0m:0s left)
Optimizing NNI: done in 0.00961366 secs using 377% CPU
Optimizing NNI: done in 0.0101555 secs using 421.9% CPU
Optimizing NNI: done in 0.021121 secs using 386.7% CPU
Optimizing NNI: done in 0.0165566 secs using 371.3% CPU
Optimizing NNI: done in 0.025014 secs using 385.3% CPU
Optimizing NNI: done in 0.0146241 secs using 399.6% CPU
Optimizing NNI: done in 0.0280062 secs using 384.3% CPU
Optimizing NNI: done in 0.0173415 secs using 392.6% CPU
Optimizing NNI: done in 0.0135483 secs using 408.4% CPU
Optimizing NNI: done in 0.0297767 secs using 400.6% CPU
Iteration 100 / LogL: -689.550 / Time: 0h:0m:29s (0h:0m:0s left)
Optimizing NNI: done in 0.0135873 secs using 370.8% CPU
Optimizing NNI: done in 0.013674 secs using 406% CPU
Optimizing NNI: done in 0.00821508 secs using 364.8% CPU
Optimizing NNI: done in 0.0144431 secs using 402.5% CPU
Optimizing NNI: done in 0.0102995 secs using 389.6% CPU
Optimizing NNI: done in 0.014316 secs using 392.2% CPU
Optimizing NNI: done in 0.0149213 secs using 393.9% CPU
Optimizing NNI: done in 0.0134084 secs using 403.8% CPU
Optimizing NNI: done in 0.0213015 secs using 389.6% CPU
Optimizing NNI: done in 0.00855138 secs using 402.1% CPU
Iteration 110 / LogL: -689.550 / Time: 0h:0m:29s (0h:0m:0s left)
Optimizing NNI: done in 0.0153256 secs using 378.8% CPU
Optimizing NNI: done in 0.0134505 secs using 410.7% CPU
Optimizing NNI: done in 0.027887 secs using 396.3% CPU
Optimizing NNI: done in 0.00841775 secs using 370.4% CPU
Optimizing NNI: done in 0.0196278 secs using 404.4% CPU
Optimizing NNI: done in 0.0128237 secs using 371.3% CPU
Optimizing NNI: done in 0.0100865 secs using 426.2% CPU
Optimizing NNI: done in 0.0135577 secs using 379% CPU
Optimizing NNI: done in 0.00882887 secs using 404.6% CPU
Optimizing NNI: done in 0.0147309 secs using 397.4% CPU
UPDATE BEST LOG-LIKELIHOOD: -689.550
Iteration 120 / LogL: -689.550 / Time: 0h:0m:29s (0h:0m:0s left)
Optimizing NNI: done in 0.0181822 secs using 389.9% CPU
Optimizing NNI: done in 0.0147717 secs using 389.2% CPU
Optimizing NNI: done in 0.0139627 secs using 393% CPU
Optimizing NNI: done in 0.013442 secs using 382.7% CPU
Optimizing NNI: done in 0.0159963 secs using 393% CPU
Refining ufboot trees with NNI 1 branch...
Optimizing NNI: done in 0.00144788 secs using 307.1% CPU
Optimizing NNI: done in 0.00138344 secs using 316.9% CPU
Optimizing NNI: done in 0.00463326 secs using 357.7% CPU
Optimizing NNI: done in 0.00156968 secs using 482% CPU
Optimizing NNI: done in 0.00150195 secs using 299.7% CPU
Optimizing NNI: done in 0.00270287 secs using 432.9% CPU
Optimizing NNI: done in 0.00208881 secs using 530.7% CPU
Optimizing NNI: done in 0.00307966 secs using 392.1% CPU
Optimizing NNI: done in 0.00160515 secs using 286.6% CPU
Optimizing NNI: done in 0.00151347 secs using 496.4% CPU
Optimizing NNI: done in 0.00152514 secs using 296.6% CPU
Optimizing NNI: done in 0.0014186 secs using 311.3% CPU
Optimizing NNI: done in 0.00342633 secs using 332% CPU
Optimizing NNI: done in 0.00250659 secs using 339.3% CPU
Optimizing NNI: done in 0.00329149 secs using 373.3% CPU
Optimizing NNI: done in 0.00153046 secs using 491.9% CPU
Optimizing NNI: done in 0.00285729 secs using 414.9% CPU
Optimizing NNI: done in 0.0026914 secs using 434.2% CPU
Optimizing NNI: done in 0.001373 secs using 536% CPU
Optimizing NNI: done in 0.00262819 secs using 442.3% CPU
Optimizing NNI: done in 0.00144243 secs using 307.9% CPU
Optimizing NNI: done in 0.0025569 secs using 334.5% CPU
Optimizing NNI: done in 0.0027529 secs using 423% CPU
Optimizing NNI: done in 0.00311772 secs using 388.6% CPU
Optimizing NNI: done in 0.00157522 secs using 416.8% CPU
Optimizing NNI: done in 0.00134881 secs using 540.4% CPU
Optimizing NNI: done in 0.00162569 secs using 468.8% CPU
Optimizing NNI: done in 0.00185211 secs using 463.7% CPU
Optimizing NNI: done in 0.00385198 secs using 407% CPU
Optimizing NNI: done in 0.00286016 secs using 378% CPU
Optimizing NNI: done in 0.00164984 secs using 461.7% CPU
Optimizing NNI: done in 0.0015015 secs using 499.5% CPU
Optimizing NNI: done in 0.0029164 secs using 416.3% CPU
Optimizing NNI: done in 0.00262973 secs using 441.1% CPU
Optimizing NNI: done in 0.00178282 secs using 268.2% CPU
Optimizing NNI: done in 0.00274266 secs using 317.9% CPU
Optimizing NNI: done in 0.00141699 secs using 295.5% CPU
Optimizing NNI: done in 0.00172234 secs using 434.2% CPU
Optimizing NNI: done in 0.0019229 secs using 268.9% CPU
Optimizing NNI: done in 0.00199658 secs using 416.5% CPU
Optimizing NNI: done in 0.00205429 secs using 375.2% CPU
Optimizing NNI: done in 0.00449883 secs using 379.7% CPU
Optimizing NNI: done in 0.00158874 secs using 477.5% CPU
Optimizing NNI: done in 0.00230491 secs using 447.4% CPU
Optimizing NNI: done in 0.00270187 secs using 432.7% CPU
Optimizing NNI: done in 0.00152174 secs using 492.4% CPU
Optimizing NNI: done in 0.00550514 secs using 426.9% CPU
Optimizing NNI: done in 0.00218397 secs using 374.6% CPU
Optimizing NNI: done in 0.0055928 secs using 332.3% CPU
Optimizing NNI: done in 0.00297719 secs using 368.3% CPU
Optimizing NNI: done in 0.00152351 secs using 493.7% CPU
Optimizing NNI: done in 0.00409073 secs using 392.3% CPU
Optimizing NNI: done in 0.00172792 secs using 457.3% CPU
Optimizing NNI: done in 0.00157589 secs using 410.2% CPU
Optimizing NNI: done in 0.00268228 secs using 435.3% CPU
Optimizing NNI: done in 0.00311131 secs using 485.2% CPU
Optimizing NNI: done in 0.00426794 secs using 381.1% CPU
Optimizing NNI: done in 0.00219571 secs using 371.4% CPU
Optimizing NNI: done in 0.00392976 secs using 399.5% CPU
Optimizing NNI: done in 0.00339667 secs using 364.6% CPU
Optimizing NNI: done in 0.0014959 secs using 411.2% CPU
Optimizing NNI: done in 0.00216831 secs using 376.5% CPU
Optimizing NNI: done in 0.00317499 secs using 382% CPU
Optimizing NNI: done in 0.00135276 secs using 543.3% CPU
Optimizing NNI: done in 0.0015099 secs using 298.4% CPU
Optimizing NNI: done in 0.00295575 secs using 403.2% CPU
Optimizing NNI: done in 0.00370289 secs using 342.8% CPU
Optimizing NNI: done in 0.00525462 secs using 390.2% CPU
Optimizing NNI: done in 0.00634384 secs using 415.1% CPU
Optimizing NNI: done in 0.00533259 secs using 380.6% CPU
Optimizing NNI: done in 0.00151404 secs using 297% CPU
Optimizing NNI: done in 0.0021427 secs using 331.3% CPU
Optimizing NNI: done in 0.00248363 secs using 462.3% CPU
Optimizing NNI: done in 0.00150068 secs using 325.5% CPU
Optimizing NNI: done in 0.00506296 secs using 396.2% CPU
Optimizing NNI: done in 0.00151489 secs using 231.2% CPU
Optimizing NNI: done in 0.00139975 secs using 314.4% CPU
Optimizing NNI: done in 0.00255401 secs using 413.4% CPU
Optimizing NNI: done in 0.00491787 secs using 410.5% CPU
Optimizing NNI: done in 0.00629451 secs using 369.4% CPU
Optimizing NNI: done in 0.00218407 secs using 373.5% CPU
Optimizing NNI: done in 0.00499516 secs using 400.2% CPU
Optimizing NNI: done in 0.00229321 secs using 361.5% CPU
Optimizing NNI: done in 0.00287344 secs using 413.1% CPU
Optimizing NNI: done in 0.00201387 secs using 397.1% CPU
Optimizing NNI: done in 0.00238947 secs using 351% CPU
Optimizing NNI: done in 0.00246198 secs using 465.5% CPU
Optimizing NNI: done in 0.00141256 secs using 524.5% CPU
Optimizing NNI: done in 0.00144104 secs using 307.8% CPU
Optimizing NNI: done in 0.00141686 secs using 311.4% CPU
Optimizing NNI: done in 0.00462683 secs using 402.5% CPU
Optimizing NNI: done in 0.00237636 secs using 478.6% CPU
Optimizing NNI: done in 0.00163275 secs using 467.4% CPU
Optimizing NNI: done in 0.00370811 secs using 396.6% CPU
Optimizing NNI: done in 0.00320577 secs using 346.1% CPU
Optimizing NNI: done in 0.00151743 secs using 295.8% CPU
Optimizing NNI: done in 0.00179213 secs using 428% CPU
Optimizing NNI: done in 0.00139994 secs using 528.3% CPU
Optimizing NNI: done in 0.00173917 secs using 444.9% CPU
Optimizing NNI: done in 0.00426797 secs using 448.6% CPU
100 samples done
Optimizing NNI: done in 0.00166605 secs using 457.1% CPU
Optimizing NNI: done in 0.0015404 secs using 489.4% CPU
Optimizing NNI: done in 0.00322486 secs using 470% CPU
Optimizing NNI: done in 0.00154413 secs using 488.3% CPU
Optimizing NNI: done in 0.00153177 secs using 295.7% CPU
Optimizing NNI: done in 0.00277857 secs using 423.2% CPU
Optimizing NNI: done in 0.0015484 secs using 487.3% CPU
Optimizing NNI: done in 0.00257271 secs using 449.7% CPU
Optimizing NNI: done in 0.00679104 secs using 393.1% CPU
Optimizing NNI: done in 0.0015901 secs using 414.5% CPU
Optimizing NNI: done in 0.00166468 secs using 454.2% CPU
Optimizing NNI: done in 0.00257911 secs using 443% CPU
Optimizing NNI: done in 0.00164099 secs using 400.7% CPU
Optimizing NNI: done in 0.00165373 secs using 462.7% CPU
Optimizing NNI: done in 0.00285046 secs using 415.6% CPU
Optimizing NNI: done in 0.00152841 secs using 296.2% CPU
Optimizing NNI: done in 0.00306706 secs using 393.4% CPU
Optimizing NNI: done in 0.00581592 secs using 390.8% CPU
Optimizing NNI: done in 0.00158148 secs using 289.5% CPU
Optimizing NNI: done in 0.00257555 secs using 292% CPU
Optimizing NNI: done in 0.00150613 secs using 295.5% CPU
Optimizing NNI: done in 0.00170524 secs using 269.6% CPU
Optimizing NNI: done in 0.00442852 secs using 367.7% CPU
Optimizing NNI: done in 0.00250641 secs using 335.9% CPU
Optimizing NNI: done in 0.00256614 secs using 450.7% CPU
Optimizing NNI: done in 0.00229556 secs using 361.1% CPU
Optimizing NNI: done in 0.00302166 secs using 396.6% CPU
Optimizing NNI: done in 0.00181532 secs using 367.3% CPU
Optimizing NNI: done in 0.00155298 secs using 292.9% CPU
Optimizing NNI: done in 0.00136911 secs using 318.7% CPU
Optimizing NNI: done in 0.00168933 secs using 453.9% CPU
Optimizing NNI: done in 0.00148197 secs using 503% CPU
Optimizing NNI: done in 0.00147986 secs using 302.5% CPU
Optimizing NNI: done in 0.00344969 secs using 359.6% CPU
Optimizing NNI: done in 0.00160295 secs using 287.1% CPU
Optimizing NNI: done in 0.00375284 secs using 416.9% CPU
Optimizing NNI: done in 0.00161807 secs using 467.5% CPU
Optimizing NNI: done in 0.0034698 secs using 354.1% CPU
Optimizing NNI: done in 0.00143617 secs using 308.8% CPU
Optimizing NNI: done in 0.00157313 secs using 290.6% CPU
Optimizing NNI: done in 0.00156038 secs using 292.1% CPU
Optimizing NNI: done in 0.00213569 secs using 333.9% CPU
Optimizing NNI: done in 0.00290281 secs using 409.9% CPU
Optimizing NNI: done in 0.00157372 secs using 290.6% CPU
Optimizing NNI: done in 0.00389581 secs using 382.3% CPU
Optimizing NNI: done in 0.00277971 secs using 423.5% CPU
Optimizing NNI: done in 0.0015774 secs using 480.2% CPU
Optimizing NNI: done in 0.0039679 secs using 400.6% CPU
Optimizing NNI: done in 0.00167134 secs using 455.8% CPU
Optimizing NNI: done in 0.00583446 secs using 356.4% CPU
Optimizing NNI: done in 0.00141844 secs using 311.3% CPU
Optimizing NNI: done in 0.00318005 secs using 445.1% CPU
Optimizing NNI: done in 0.00167734 secs using 454.8% CPU
Optimizing NNI: done in 0.0014381 secs using 308.2% CPU
Optimizing NNI: done in 0.00150312 secs using 298.3% CPU
Optimizing NNI: done in 0.00424147 secs using 382% CPU
Optimizing NNI: done in 0.00308966 secs using 358.7% CPU
Optimizing NNI: done in 0.00150977 secs using 497.2% CPU
Optimizing NNI: done in 0.00487049 secs using 407.3% CPU
Optimizing NNI: done in 0.00137492 secs using 317.9% CPU
Optimizing NNI: done in 0.00600822 secs using 382.9% CPU
Optimizing NNI: done in 0.00324702 secs using 375.9% CPU
Optimizing NNI: done in 0.00138225 secs using 317% CPU
Optimizing NNI: done in 0.00153651 secs using 490.3% CPU
Optimizing NNI: done in 0.00147059 secs using 506.5% CPU
Optimizing NNI: done in 0.00508339 secs using 394.8% CPU
Optimizing NNI: done in 0.00586047 secs using 406.1% CPU
Optimizing NNI: done in 0.0056833 secs using 411.6% CPU
Optimizing NNI: done in 0.0015326 secs using 295.3% CPU
Optimizing NNI: done in 0.00151531 secs using 297.4% CPU
Optimizing NNI: done in 0.00150587 secs using 299.1% CPU
Optimizing NNI: done in 0.00196704 secs using 404.8% CPU
Optimizing NNI: done in 0.00147547 secs using 302.3% CPU
Optimizing NNI: done in 0.00679787 secs using 394.3% CPU
Optimizing NNI: done in 0.00486784 secs using 407.6% CPU
Optimizing NNI: done in 0.00400573 secs using 399.8% CPU
Optimizing NNI: done in 0.00148026 secs using 505.1% CPU
Optimizing NNI: done in 0.00267132 secs using 399.5% CPU
Optimizing NNI: done in 0.00159625 secs using 475.6% CPU
Optimizing NNI: done in 0.00521978 secs using 386.5% CPU
Optimizing NNI: done in 0.00147235 secs using 303.5% CPU
Optimizing NNI: done in 0.00622923 secs using 437% CPU
Optimizing NNI: done in 0.00137257 secs using 318.5% CPU
Optimizing NNI: done in 0.00150684 secs using 497.9% CPU
Optimizing NNI: done in 0.00361091 secs using 432.2% CPU
Optimizing NNI: done in 0.00144038 secs using 304.9% CPU
Optimizing NNI: done in 0.00538688 secs using 359.9% CPU
Optimizing NNI: done in 0.00259995 secs using 446% CPU
Optimizing NNI: done in 0.00431528 secs using 377.2% CPU
Optimizing NNI: done in 0.00148442 secs using 503.9% CPU
Optimizing NNI: done in 0.00146438 secs using 508% CPU
Optimizing NNI: done in 0.00548677 secs using 373.3% CPU
Optimizing NNI: done in 0.00272703 secs using 319.9% CPU
Optimizing NNI: done in 0.00351832 secs using 355.7% CPU
Optimizing NNI: done in 0.00154787 secs using 293.8% CPU
Optimizing NNI: done in 0.0015791 secs using 479.8% CPU
Optimizing NNI: done in 0.00163967 secs using 465.8% CPU
Optimizing NNI: done in 0.00150105 secs using 498.8% CPU
Optimizing NNI: done in 0.00160473 secs using 473.7% CPU
Optimizing NNI: done in 0.00149983 secs using 433.4% CPU
200 samples done
Optimizing NNI: done in 0.00322769 secs using 378.7% CPU
Optimizing NNI: done in 0.00353672 secs using 354.4% CPU
Optimizing NNI: done in 0.00175311 secs using 271% CPU
Optimizing NNI: done in 0.00155131 secs using 293.1% CPU
Optimizing NNI: done in 0.00148412 secs using 301.9% CPU
Optimizing NNI: done in 0.00281138 secs using 383.5% CPU
Optimizing NNI: done in 0.00151769 secs using 297.4% CPU
Optimizing NNI: done in 0.00451018 secs using 388.1% CPU
Optimizing NNI: done in 0.00153614 secs using 490.4% CPU
Optimizing NNI: done in 0.00150209 secs using 499.8% CPU
Optimizing NNI: done in 0.00156731 secs using 482.6% CPU
Optimizing NNI: done in 0.00152122 secs using 286% CPU
Optimizing NNI: done in 0.00146845 secs using 304.1% CPU
Optimizing NNI: done in 0.00558829 secs using 368% CPU
Optimizing NNI: done in 0.00156324 secs using 288.9% CPU
Optimizing NNI: done in 0.00160371 secs using 286.3% CPU
Optimizing NNI: done in 0.00107299 secs using 379.3% CPU
Optimizing NNI: done in 0.00154 secs using 489.4% CPU
Optimizing NNI: done in 0.001502 secs using 231.5% CPU
Optimizing NNI: done in 0.00243351 secs using 346.7% CPU
Optimizing NNI: done in 0.00338978 secs using 365.5% CPU
Optimizing NNI: done in 0.00290701 secs using 408.4% CPU
Optimizing NNI: done in 0.00152154 secs using 296.9% CPU
Optimizing NNI: done in 0.00284151 secs using 415.8% CPU
Optimizing NNI: done in 0.00160789 secs using 286.4% CPU
Optimizing NNI: done in 0.00145781 secs using 305.7% CPU
Optimizing NNI: done in 0.00146694 secs using 301.6% CPU
Optimizing NNI: done in 0.00164916 secs using 463.6% CPU
Optimizing NNI: done in 0.00511415 secs using 373.2% CPU
Optimizing NNI: done in 0.00139595 secs using 314.9% CPU
Optimizing NNI: done in 0.00160279 secs using 474.1% CPU
Optimizing NNI: done in 0.00206453 secs using 390.5% CPU
Optimizing NNI: done in 0.00300352 secs using 399.5% CPU
Optimizing NNI: done in 0.00158057 secs using 288.8% CPU
Optimizing NNI: done in 0.00162082 secs using 285% CPU
Optimizing NNI: done in 0.00454244 secs using 364.1% CPU
Optimizing NNI: done in 0.00418973 secs using 385.8% CPU
Optimizing NNI: done in 0.00163483 secs using 466.9% CPU
Optimizing NNI: done in 0.00147368 secs using 507% CPU
Optimizing NNI: done in 0.00319619 secs using 350.7% CPU
Optimizing NNI: done in 0.00154284 secs using 294.3% CPU
Optimizing NNI: done in 0.00162195 secs using 283.2% CPU
Optimizing NNI: done in 0.00370067 secs using 424.1% CPU
Optimizing NNI: done in 0.0038837 secs using 407.9% CPU
Optimizing NNI: done in 0.00162575 secs using 284.4% CPU
Optimizing NNI: done in 0.00160143 secs using 287.2% CPU
Optimizing NNI: done in 0.00162177 secs using 281.5% CPU
Optimizing NNI: done in 0.00148459 secs using 503.8% CPU
Optimizing NNI: done in 0.00231296 secs using 358.2% CPU
Optimizing NNI: done in 0.001396 secs using 314.8% CPU
Optimizing NNI: done in 0.00152755 secs using 296.4% CPU
Optimizing NNI: done in 0.00153229 secs using 491.4% CPU
Optimizing NNI: done in 0.00463088 secs using 423.8% CPU
Optimizing NNI: done in 0.00359185 secs using 405.5% CPU
Optimizing NNI: done in 0.00148749 secs using 503.2% CPU
Optimizing NNI: done in 0.00303789 secs using 396.2% CPU
Optimizing NNI: done in 0.00196825 secs using 404.7% CPU
Optimizing NNI: done in 0.00161804 secs using 470.3% CPU
Optimizing NNI: done in 0.00154692 secs using 487.5% CPU
Optimizing NNI: done in 0.0015285 secs using 492.4% CPU
Optimizing NNI: done in 0.00296985 secs using 403% CPU
Optimizing NNI: done in 0.00136806 secs using 538.4% CPU
Optimizing NNI: done in 0.00156745 secs using 482.7% CPU
Optimizing NNI: done in 0.00716127 secs using 365.3% CPU
Optimizing NNI: done in 0.00153407 secs using 489.2% CPU
Optimizing NNI: done in 0.0015771 secs using 479.7% CPU
Optimizing NNI: done in 0.00438558 secs using 350.8% CPU
Optimizing NNI: done in 0.00158085 secs using 289.8% CPU
Optimizing NNI: done in 0.00136902 secs using 319.1% CPU
Optimizing NNI: done in 0.00255742 secs using 451.8% CPU
Optimizing NNI: done in 0.00165313 secs using 462.8% CPU
Optimizing NNI: done in 0.00234817 secs using 355.4% CPU
Optimizing NNI: done in 0.00289768 secs using 410.6% CPU
Optimizing NNI: done in 0.00390373 secs using 407.4% CPU
Optimizing NNI: done in 0.00154115 secs using 423.5% CPU
Optimizing NNI: done in 0.00110324 secs using 371.8% CPU
Optimizing NNI: done in 0.00621311 secs using 372.4% CPU
Optimizing NNI: done in 0.00406804 secs using 392.1% CPU
Optimizing NNI: done in 0.00152034 secs using 294% CPU
Optimizing NNI: done in 0.0024869 secs using 338.6% CPU
Optimizing NNI: done in 0.00301805 secs using 394% CPU
Optimizing NNI: done in 0.00406305 secs using 391.8% CPU
Optimizing NNI: done in 0.0140456 secs using 412% CPU
Optimizing NNI: done in 0.00246537 secs using 462.9% CPU
Optimizing NNI: done in 0.00288559 secs using 373.2% CPU
Optimizing NNI: done in 0.0014711 secs using 507.6% CPU
Optimizing NNI: done in 0.00473235 secs using 393.3% CPU
Optimizing NNI: done in 0.00156453 secs using 283.9% CPU
Optimizing NNI: done in 0.00158025 secs using 289.8% CPU
Optimizing NNI: done in 0.00144809 secs using 306.8% CPU
Optimizing NNI: done in 0.00149436 secs using 300.3% CPU
Optimizing NNI: done in 0.00161218 secs using 286.1% CPU
Optimizing NNI: done in 0.00151268 secs using 298.2% CPU
Optimizing NNI: done in 0.00160298 secs using 474.1% CPU
Optimizing NNI: done in 0.00357056 secs using 380.2% CPU
Optimizing NNI: done in 0.00140862 secs using 312.5% CPU
Optimizing NNI: done in 0.00147415 secs using 303.3% CPU
Optimizing NNI: done in 0.00149909 secs using 500.1% CPU
Optimizing NNI: done in 0.00132486 secs using 326.3% CPU
Optimizing NNI: done in 0.00214222 secs using 379.8% CPU
300 samples done
Optimizing NNI: done in 0.00293555 secs using 372.8% CPU
Optimizing NNI: done in 0.0015362 secs using 230.6% CPU
Optimizing NNI: done in 0.00149264 secs using 435.1% CPU
Optimizing NNI: done in 0.01434 secs using 385.8% CPU
Optimizing NNI: done in 0.00146613 secs using 304.5% CPU
Optimizing NNI: done in 0.00151246 secs using 496.5% CPU
Optimizing NNI: done in 0.00225527 secs using 366.1% CPU
Optimizing NNI: done in 0.00352078 secs using 440.7% CPU
Optimizing NNI: done in 0.00158146 secs using 289.4% CPU
Optimizing NNI: done in 0.00207071 secs using 389.7% CPU
Optimizing NNI: done in 0.00145097 secs using 306.6% CPU
Optimizing NNI: done in 0.00151765 secs using 495.1% CPU
Optimizing NNI: done in 0.00399232 secs using 400.5% CPU
Optimizing NNI: done in 0.00163101 secs using 467.7% CPU
Optimizing NNI: done in 0.00169177 secs using 276.3% CPU
Optimizing NNI: done in 0.00153434 secs using 490.8% CPU
Optimizing NNI: done in 0.00149 secs using 502.4% CPU
Optimizing NNI: done in 0.00161811 secs using 470.7% CPU
Optimizing NNI: done in 0.00452961 secs using 431.1% CPU
Optimizing NNI: done in 0.00177589 secs using 437.8% CPU
Optimizing NNI: done in 0.00169974 secs using 452.7% CPU
Optimizing NNI: done in 0.00170838 secs using 451.1% CPU
Optimizing NNI: done in 0.00502254 secs using 398.6% CPU
Optimizing NNI: done in 0.00436712 secs using 373.8% CPU
Optimizing NNI: done in 0.00281858 secs using 418.2% CPU
Optimizing NNI: done in 0.00154766 secs using 486.7% CPU
Optimizing NNI: done in 0.00159097 secs using 472% CPU
Optimizing NNI: done in 0.00264933 secs using 326.5% CPU
Optimizing NNI: done in 0.00154477 secs using 294.1% CPU
Optimizing NNI: done in 0.00668581 secs using 369.2% CPU
Optimizing NNI: done in 0.00243841 secs using 346% CPU
Optimizing NNI: done in 0.00324807 secs using 468.5% CPU
Optimizing NNI: done in 0.00399894 secs using 375.2% CPU
Optimizing NNI: done in 0.00248211 secs using 462.6% CPU
Optimizing NNI: done in 0.00148519 secs using 301.7% CPU
Optimizing NNI: done in 0.0014695 secs using 304% CPU
Optimizing NNI: done in 0.00155896 secs using 483.8% CPU
Optimizing NNI: done in 0.00336832 secs using 367.1% CPU
Optimizing NNI: done in 0.00167859 secs using 219% CPU
Optimizing NNI: done in 0.00146581 secs using 304.5% CPU
Optimizing NNI: done in 0.00267889 secs using 433.6% CPU
Optimizing NNI: done in 0.00148565 secs using 503.6% CPU
Optimizing NNI: done in 0.00201385 secs using 397.9% CPU
Optimizing NNI: done in 0.00310842 secs using 389% CPU
Optimizing NNI: done in 0.001524 secs using 296.7% CPU
Optimizing NNI: done in 0.00150598 secs using 498.1% CPU
Optimizing NNI: done in 0.00341137 secs using 362.9% CPU
Optimizing NNI: done in 0.00279738 secs using 421.6% CPU
Optimizing NNI: done in 0.00160407 secs using 286.3% CPU
Optimizing NNI: done in 0.00157574 secs using 290% CPU
Optimizing NNI: done in 0.00287767 secs using 308.5% CPU
Optimizing NNI: done in 0.00404824 secs using 396.3% CPU
Optimizing NNI: done in 0.0020839 secs using 387.8% CPU
Optimizing NNI: done in 0.00508869 secs using 375.1% CPU
Optimizing NNI: done in 0.00157553 secs using 480% CPU
Optimizing NNI: done in 0.00148854 secs using 301.4% CPU
Optimizing NNI: done in 0.00133791 secs using 547.5% CPU
Optimizing NNI: done in 0.00134693 secs using 545.2% CPU
Optimizing NNI: done in 0.0018369 secs using 426.4% CPU
Optimizing NNI: done in 0.00181139 secs using 265.4% CPU
Optimizing NNI: done in 0.0122402 secs using 402.3% CPU
WARNING: NNI search needs unusual large number of steps (16) to converge!
Optimizing NNI: done in 0.00145227 secs using 306.2% CPU
Optimizing NNI: done in 0.0031911 secs using 381.9% CPU
Optimizing NNI: done in 0.00131605 secs using 327.7% CPU
Optimizing NNI: done in 0.00125069 secs using 339.7% CPU
Optimizing NNI: done in 0.0012307 secs using 587.1% CPU
Optimizing NNI: done in 0.00147919 secs using 438.1% CPU
Optimizing NNI: done in 0.00138426 secs using 316.2% CPU
Optimizing NNI: done in 0.00130351 secs using 559.9% CPU
Optimizing NNI: done in 0.0024463 secs using 467.7% CPU
Optimizing NNI: done in 0.00140936 secs using 312.6% CPU
Optimizing NNI: done in 0.00273543 secs using 319.2% CPU
Optimizing NNI: done in 0.0041514 secs using 388.8% CPU
Optimizing NNI: done in 0.00162748 secs using 468.4% CPU
Optimizing NNI: done in 0.00157157 secs using 418.3% CPU
Optimizing NNI: done in 0.00338185 secs using 366% CPU
Optimizing NNI: done in 0.00156431 secs using 483.4% CPU
Optimizing NNI: done in 0.00148174 secs using 458.7% CPU
Optimizing NNI: done in 0.00152566 secs using 493.1% CPU
Optimizing NNI: done in 0.00387248 secs using 409.7% CPU
Optimizing NNI: done in 0.00150696 secs using 298.9% CPU
Optimizing NNI: done in 0.00454179 secs using 430.1% CPU
Optimizing NNI: done in 0.00241092 secs using 348.7% CPU
Optimizing NNI: done in 0.00137268 secs using 536.9% CPU
Optimizing NNI: done in 0.00211909 secs using 382.9% CPU
Optimizing NNI: done in 0.0058302 secs using 340.1% CPU
Optimizing NNI: done in 0.00250632 secs using 459% CPU
Optimizing NNI: done in 0.00124834 secs using 340.1% CPU
Optimizing NNI: done in 0.00130297 secs using 329.9% CPU
Optimizing NNI: done in 0.00190763 secs using 414.3% CPU
Optimizing NNI: done in 0.0013219 secs using 326.7% CPU
Optimizing NNI: done in 0.00144103 secs using 308.2% CPU
Optimizing NNI: done in 0.00328857 secs using 373.6% CPU
Optimizing NNI: done in 0.00132072 secs using 326.6% CPU
Optimizing NNI: done in 0.00513175 secs using 450.6% CPU
Optimizing NNI: done in 0.00126302 secs using 337.2% CPU
Optimizing NNI: done in 0.0105011 secs using 404.7% CPU
Optimizing NNI: done in 0.00131648 secs using 327.7% CPU
Optimizing NNI: done in 0.00163628 secs using 466.5% CPU
Optimizing NNI: done in 0.00272222 secs using 320.4% CPU
400 samples done
Optimizing NNI: done in 0.00392226 secs using 405.9% CPU
Optimizing NNI: done in 0.00129681 secs using 331% CPU
Optimizing NNI: done in 0.00125718 secs using 338.3% CPU
Optimizing NNI: done in 0.00128572 secs using 333% CPU
Optimizing NNI: done in 0.00128786 secs using 565.7% CPU
Optimizing NNI: done in 0.00131451 secs using 251.7% CPU
Optimizing NNI: done in 0.00265249 secs using 325.9% CPU
Optimizing NNI: done in 0.00262368 secs using 442.9% CPU
Optimizing NNI: done in 0.00258686 secs using 447.7% CPU
Optimizing NNI: done in 0.00267562 secs using 324.2% CPU
Optimizing NNI: done in 0.0112183 secs using 366.1% CPU
Optimizing NNI: done in 0.00122052 secs using 591.3% CPU
Optimizing NNI: done in 0.0012765 secs using 256.1% CPU
Optimizing NNI: done in 0.00154476 secs using 293.8% CPU
Optimizing NNI: done in 0.00137279 secs using 318.1% CPU
Optimizing NNI: done in 0.00130078 secs using 330.3% CPU
Optimizing NNI: done in 0.0107977 secs using 404.3% CPU
Optimizing NNI: done in 0.00404024 secs using 396.9% CPU
Optimizing NNI: done in 0.00116145 secs using 357.9% CPU
Optimizing NNI: done in 0.00126873 secs using 572.5% CPU
Optimizing NNI: done in 0.00333909 secs using 459.3% CPU
Optimizing NNI: done in 0.00110705 secs using 370.6% CPU
Optimizing NNI: done in 0.00329676 secs using 312.5% CPU
Optimizing NNI: done in 0.00137222 secs using 318.4% CPU
Optimizing NNI: done in 0.00133493 secs using 549.1% CPU
Optimizing NNI: done in 0.00167607 secs using 457.7% CPU
Optimizing NNI: done in 0.00133876 secs using 547.9% CPU
Optimizing NNI: done in 0.00237003 secs using 352.9% CPU
Optimizing NNI: done in 0.00121213 secs using 347.1% CPU
Optimizing NNI: done in 0.00232895 secs using 486.1% CPU
Optimizing NNI: done in 0.00106622 secs using 381% CPU
Optimizing NNI: done in 0.00121498 secs using 346.4% CPU
Optimizing NNI: done in 0.00382779 secs using 413.4% CPU
Optimizing NNI: done in 0.00148615 secs using 503.5% CPU
Optimizing NNI: done in 0.00227559 secs using 319.6% CPU
Optimizing NNI: done in 0.0014085 secs using 525.8% CPU
Optimizing NNI: done in 0.00128546 secs using 566.4% CPU
Optimizing NNI: done in 0.00247316 secs using 342.3% CPU
Optimizing NNI: done in 0.00161951 secs using 470.3% CPU
Optimizing NNI: done in 0.00419006 secs using 386.3% CPU
Optimizing NNI: done in 0.00163062 secs using 467.7% CPU
Optimizing NNI: done in 0.00145696 secs using 511.5% CPU
Optimizing NNI: done in 0.00264282 secs using 402.8% CPU
Optimizing NNI: done in 0.00143815 secs using 308.2% CPU
Optimizing NNI: done in 0.00265951 secs using 325.4% CPU
Optimizing NNI: done in 0.00138497 secs using 316% CPU
Optimizing NNI: done in 0.00258815 secs using 447.6% CPU
Optimizing NNI: done in 0.00163683 secs using 283.1% CPU
Optimizing NNI: done in 0.00146743 secs using 508.7% CPU
Optimizing NNI: done in 0.00143207 secs using 518.8% CPU
Optimizing NNI: done in 0.00476392 secs using 414.8% CPU
Optimizing NNI: done in 0.00208934 secs using 387.1% CPU
Optimizing NNI: done in 0.00153223 secs using 289.6% CPU
Optimizing NNI: done in 0.00130274 secs using 330.1% CPU
Optimizing NNI: done in 0.00131288 secs using 328.1% CPU
Optimizing NNI: done in 0.00239691 secs using 308.6% CPU
Optimizing NNI: done in 0.00252602 secs using 337.4% CPU
Optimizing NNI: done in 0.00240647 secs using 473.9% CPU
Optimizing NNI: done in 0.00135317 secs using 543.1% CPU
Optimizing NNI: done in 0.00130554 secs using 329.7% CPU
Optimizing NNI: done in 0.00155321 secs using 420.5% CPU
Optimizing NNI: done in 0.00145956 secs using 374.1% CPU
Optimizing NNI: done in 0.00131843 secs using 327.4% CPU
Optimizing NNI: done in 0.00164402 secs using 464.7% CPU
Optimizing NNI: done in 0.00313382 secs using 482.8% CPU
Optimizing NNI: done in 0.00447151 secs using 345.9% CPU
Optimizing NNI: done in 0.00249471 secs using 460.5% CPU
Optimizing NNI: done in 0.00129405 secs using 563.6% CPU
Optimizing NNI: done in 0.00146844 secs using 508.3% CPU
Optimizing NNI: done in 0.00144988 secs using 513.6% CPU
Optimizing NNI: done in 0.0034465 secs using 448% CPU
Optimizing NNI: done in 0.00168713 secs using 455.4% CPU
Optimizing NNI: done in 0.00360138 secs using 349.8% CPU
Optimizing NNI: done in 0.00150672 secs using 498% CPU
Optimizing NNI: done in 0.0014747 secs using 506.7% CPU
Optimizing NNI: done in 0.00326154 secs using 375.9% CPU
Optimizing NNI: done in 0.00160161 secs using 286.5% CPU
Optimizing NNI: done in 0.00253699 secs using 454.7% CPU
Optimizing NNI: done in 0.00131224 secs using 328.4% CPU
Optimizing NNI: done in 0.00125896 secs using 338% CPU
Optimizing NNI: done in 0.00200136 secs using 399.6% CPU
Optimizing NNI: done in 0.00408873 secs using 393.3% CPU
Optimizing NNI: done in 0.00213636 secs using 382.6% CPU
Optimizing NNI: done in 0.00462843 secs using 337.7% CPU
Optimizing NNI: done in 0.001452 secs using 513% CPU
Optimizing NNI: done in 0.00141268 secs using 312% CPU
Optimizing NNI: done in 0.00159346 secs using 476.4% CPU
Optimizing NNI: done in 0.000993661 secs using 401.6% CPU
Optimizing NNI: done in 0.00131633 secs using 327.6% CPU
Optimizing NNI: done in 0.00250794 secs using 299.1% CPU
Optimizing NNI: done in 0.00138423 secs using 533.2% CPU
Optimizing NNI: done in 0.00196734 secs using 404.8% CPU
Optimizing NNI: done in 0.00315207 secs using 385.4% CPU
Optimizing NNI: done in 0.00133942 secs using 547.6% CPU
Optimizing NNI: done in 0.00126172 secs using 336.9% CPU
Optimizing NNI: done in 0.003088 secs using 391.4% CPU
Optimizing NNI: done in 0.00129481 secs using 331.6% CPU
Optimizing NNI: done in 0.00150634 secs using 298.7% CPU
Optimizing NNI: done in 0.00169297 secs using 454.2% CPU
Optimizing NNI: done in 0.0037885 secs using 416.7% CPU
500 samples done
Optimizing NNI: done in 0.00216609 secs using 376.9% CPU
Optimizing NNI: done in 0.00132295 secs using 326.4% CPU
Optimizing NNI: done in 0.0029144 secs using 408.5% CPU
Optimizing NNI: done in 0.00162015 secs using 223.1% CPU
Optimizing NNI: done in 0.00276484 secs using 425.4% CPU
Optimizing NNI: done in 0.00264392 secs using 289.1% CPU
Optimizing NNI: done in 0.00522246 secs using 368% CPU
Optimizing NNI: done in 0.00458794 secs using 339.6% CPU
Optimizing NNI: done in 0.00336584 secs using 367.3% CPU
Optimizing NNI: done in 0.00278201 secs using 423.4% CPU
Optimizing NNI: done in 0.00266497 secs using 325.1% CPU
Optimizing NNI: done in 0.00147503 secs using 303% CPU
Optimizing NNI: done in 0.00346262 secs using 359.8% CPU
Optimizing NNI: done in 0.00135987 secs using 467.6% CPU
Optimizing NNI: done in 0.00129303 secs using 331.5% CPU
Optimizing NNI: done in 0.00127754 secs using 334.6% CPU
Optimizing NNI: done in 0.00210028 secs using 385.3% CPU
Optimizing NNI: done in 0.002843 secs using 412.7% CPU
Optimizing NNI: done in 0.0014282 secs using 309.7% CPU
Optimizing NNI: done in 0.00135505 secs using 321% CPU
Optimizing NNI: done in 0.00262015 secs using 405.5% CPU
Optimizing NNI: done in 0.00403721 secs using 372.4% CPU
Optimizing NNI: done in 0.00341394 secs using 451.4% CPU
Optimizing NNI: done in 0.00126516 secs using 573.8% CPU
Optimizing NNI: done in 0.00249051 secs using 340.8% CPU
Optimizing NNI: done in 0.00419995 secs using 385.3% CPU
Optimizing NNI: done in 0.00248889 secs using 300.8% CPU
Optimizing NNI: done in 0.00136868 secs using 318.7% CPU
Optimizing NNI: done in 0.00137846 secs using 339.1% CPU
Optimizing NNI: done in 0.00359985 secs using 349.9% CPU
Optimizing NNI: done in 0.00281492 secs using 419.1% CPU
Optimizing NNI: done in 0.00149309 secs using 300.6% CPU
Optimizing NNI: done in 0.0064422 secs using 425.9% CPU
Optimizing NNI: done in 0.00158226 secs using 289.4% CPU
Optimizing NNI: done in 0.00274625 secs using 427.6% CPU
Optimizing NNI: done in 0.0014889 secs using 301.4% CPU
Optimizing NNI: done in 0.00226323 secs using 364.9% CPU
Optimizing NNI: done in 0.0012211 secs using 345.4% CPU
Optimizing NNI: done in 0.00127229 secs using 335.6% CPU
Optimizing NNI: done in 0.00321699 secs using 379.7% CPU
Optimizing NNI: done in 0.00228202 secs using 494.3% CPU
Optimizing NNI: done in 0.00129188 secs using 487.4% CPU
Optimizing NNI: done in 0.00130744 secs using 329% CPU
Optimizing NNI: done in 0.00222025 secs using 325.1% CPU
Optimizing NNI: done in 0.0012646 secs using 337% CPU
Optimizing NNI: done in 0.00224824 secs using 366.6% CPU
Optimizing NNI: done in 0.00122909 secs using 262.6% CPU
Optimizing NNI: done in 0.0022922 secs using 361.4% CPU
Optimizing NNI: done in 0.00138549 secs using 532.8% CPU
Optimizing NNI: done in 0.00139764 secs using 314.5% CPU
Optimizing NNI: done in 0.00128326 secs using 567.1% CPU
Optimizing NNI: done in 0.00136916 secs using 319% CPU
Optimizing NNI: done in 0.00273174 secs using 429.3% CPU
Optimizing NNI: done in 0.0012768 secs using 569.6% CPU
Optimizing NNI: done in 0.00123272 secs using 343% CPU
Optimizing NNI: done in 0.00141266 secs using 312% CPU
Optimizing NNI: done in 0.00141349 secs using 311.8% CPU
Optimizing NNI: done in 0.00146732 secs using 508.6% CPU
Optimizing NNI: done in 0.00478662 secs using 329.7% CPU
Optimizing NNI: done in 0.00139098 secs using 531.1% CPU
Optimizing NNI: done in 0.00306071 secs using 393.9% CPU
Optimizing NNI: done in 0.00131592 secs using 327.8% CPU
Optimizing NNI: done in 0.00359208 secs using 350.3% CPU
Optimizing NNI: done in 0.00142071 secs using 521.9% CPU
Optimizing NNI: done in 0.00202157 secs using 396.2% CPU
Optimizing NNI: done in 0.00140148 secs using 527.7% CPU
Optimizing NNI: done in 0.00285769 secs using 414.8% CPU
Optimizing NNI: done in 0.00125535 secs using 338.9% CPU
Optimizing NNI: done in 0.00135697 secs using 320.8% CPU
Optimizing NNI: done in 0.00247883 secs using 462.9% CPU
Optimizing NNI: done in 0.00158044 secs using 479.4% CPU
Optimizing NNI: done in 0.00124304 secs using 341.2% CPU
Optimizing NNI: done in 0.0012193 secs using 345.9% CPU
Optimizing NNI: done in 0.00580749 secs using 409.6% CPU
Optimizing NNI: done in 0.00119517 secs using 269% CPU
Optimizing NNI: done in 0.0012986 secs using 330.7% CPU
Optimizing NNI: done in 0.00128357 secs using 333.6% CPU
Optimizing NNI: done in 0.00157782 secs using 290.8% CPU
Optimizing NNI: done in 0.00129395 secs using 331.3% CPU
Optimizing NNI: done in 0.00225437 secs using 366% CPU
Optimizing NNI: done in 0.00149382 secs using 300.6% CPU
Optimizing NNI: done in 0.00142774 secs using 309.8% CPU
Optimizing NNI: done in 0.00214195 secs using 379.9% CPU
Optimizing NNI: done in 0.00131493 secs using 327.5% CPU
Optimizing NNI: done in 0.00145125 secs using 306.4% CPU
Optimizing NNI: done in 0.00128259 secs using 567.4% CPU
Optimizing NNI: done in 0.00199096 secs using 401.2% CPU
Optimizing NNI: done in 0.00134437 secs using 546.1% CPU
Optimizing NNI: done in 0.00259159 secs using 331.5% CPU
Optimizing NNI: done in 0.00344154 secs using 361.4% CPU
Optimizing NNI: done in 0.00227407 secs using 363.6% CPU
Optimizing NNI: done in 0.00231249 secs using 359.3% CPU
Optimizing NNI: done in 0.00125416 secs using 259.5% CPU
Optimizing NNI: done in 0.00137251 secs using 516% CPU
Optimizing NNI: done in 0.00315768 secs using 384.3% CPU
Optimizing NNI: done in 0.00159813 secs using 475.3% CPU
Optimizing NNI: done in 0.0014392 secs using 514.2% CPU
Optimizing NNI: done in 0.00127819 secs using 306.7% CPU
Optimizing NNI: done in 0.00489075 secs using 406.6% CPU
Optimizing NNI: done in 0.00239488 secs using 350.3% CPU
600 samples done
Optimizing NNI: done in 0.00249091 secs using 461.2% CPU
Optimizing NNI: done in 0.0023441 secs using 355.8% CPU
Optimizing NNI: done in 0.00163422 secs using 282.9% CPU
Optimizing NNI: done in 0.00254907 secs using 451.4% CPU
Optimizing NNI: done in 0.00194159 secs using 408.8% CPU
Optimizing NNI: done in 0.0156736 secs using 405.3% CPU
Optimizing NNI: done in 0.00438233 secs using 442.2% CPU
Optimizing NNI: done in 0.00144283 secs using 515.6% CPU
Optimizing NNI: done in 0.0032603 secs using 376% CPU
Optimizing NNI: done in 0.00145411 secs using 512.4% CPU
Optimizing NNI: done in 0.00365904 secs using 372.2% CPU
Optimizing NNI: done in 0.00130836 secs using 558.3% CPU
Optimizing NNI: done in 0.0025068 secs using 459% CPU
Optimizing NNI: done in 0.00114735 secs using 621.1% CPU
Optimizing NNI: done in 0.00132274 secs using 553.2% CPU
Optimizing NNI: done in 0.0012857 secs using 333.1% CPU
Optimizing NNI: done in 0.0012314 secs using 586.8% CPU
Optimizing NNI: done in 0.00126677 secs using 573.3% CPU
Optimizing NNI: done in 0.0014944 secs using 300.6% CPU
Optimizing NNI: done in 0.00363046 secs using 430.4% CPU
Optimizing NNI: done in 0.00125813 secs using 337.8% CPU
Optimizing NNI: done in 0.00137249 secs using 318.1% CPU
Optimizing NNI: done in 0.00224391 secs using 367.2% CPU
Optimizing NNI: done in 0.00128602 secs using 333% CPU
Optimizing NNI: done in 0.00130897 secs using 330.4% CPU
Optimizing NNI: done in 0.0012746 secs using 335.1% CPU
Optimizing NNI: done in 0.00149368 secs using 300.5% CPU
Optimizing NNI: done in 0.00403962 secs using 396.9% CPU
Optimizing NNI: done in 0.00226286 secs using 365% CPU
Optimizing NNI: done in 0.00310432 secs using 389.8% CPU
Optimizing NNI: done in 0.00132188 secs using 553.7% CPU
Optimizing NNI: done in 0.00400627 secs using 399.4% CPU
Optimizing NNI: done in 0.00138469 secs using 316.2% CPU
Optimizing NNI: done in 0.00242928 secs using 429.4% CPU
Optimizing NNI: done in 0.0026477 secs using 288.5% CPU
Optimizing NNI: done in 0.00170027 secs using 455.3% CPU
Optimizing NNI: done in 0.00222487 secs using 504.4% CPU
Optimizing NNI: done in 0.00139662 secs using 529.2% CPU
Optimizing NNI: done in 0.00470385 secs using 397.7% CPU
Optimizing NNI: done in 0.0013253 secs using 325.7% CPU
Optimizing NNI: done in 0.00125305 secs using 338.9% CPU
Optimizing NNI: done in 0.00158346 secs using 478.4% CPU
Optimizing NNI: done in 0.00133003 secs using 325.3% CPU
Optimizing NNI: done in 0.00261715 secs using 443.7% CPU
Optimizing NNI: done in 0.00323101 secs using 347.5% CPU
Optimizing NNI: done in 0.00145854 secs using 304.6% CPU
Optimizing NNI: done in 0.00385405 secs using 411.3% CPU
Optimizing NNI: done in 0.00139857 secs using 314.3% CPU
Optimizing NNI: done in 0.0013416 secs using 323.4% CPU
Optimizing NNI: done in 0.0013258 secs using 326.7% CPU
Optimizing NNI: done in 0.00139885 secs using 457.5% CPU
Optimizing NNI: done in 0.00198123 secs using 402.6% CPU
Optimizing NNI: done in 0.00159985 secs using 474.9% CPU
Optimizing NNI: done in 0.0037506 secs using 393.3% CPU
Optimizing NNI: done in 0.00630975 secs using 432.7% CPU
Optimizing NNI: done in 0.00275541 secs using 426.4% CPU
Optimizing NNI: done in 0.00151527 secs using 430.1% CPU
Optimizing NNI: done in 0.00436925 secs using 443.2% CPU
Optimizing NNI: done in 0.00221341 secs using 371% CPU
Optimizing NNI: done in 0.00126929 secs using 336.1% CPU
Optimizing NNI: done in 0.00210042 secs using 337.9% CPU
Optimizing NNI: done in 0.0015541 secs using 485.7% CPU
Optimizing NNI: done in 0.00133819 secs using 324% CPU
Optimizing NNI: done in 0.00260563 secs using 330.2% CPU
Optimizing NNI: done in 0.00491956 secs using 384.4% CPU
Optimizing NNI: done in 0.00128909 secs using 332.4% CPU
Optimizing NNI: done in 0.00247799 secs using 421.8% CPU
Optimizing NNI: done in 0.00268271 secs using 396.7% CPU
Optimizing NNI: done in 0.00197801 secs using 402.9% CPU
Optimizing NNI: done in 0.00445023 secs using 369.5% CPU
Optimizing NNI: done in 0.0012973 secs using 330.9% CPU
Optimizing NNI: done in 0.0026347 secs using 441.5% CPU
Optimizing NNI: done in 0.0013586 secs using 320.6% CPU
Optimizing NNI: done in 0.00220489 secs using 372% CPU
Optimizing NNI: done in 0.00226347 secs using 364.9% CPU
Optimizing NNI: done in 0.00398522 secs using 401% CPU
Optimizing NNI: done in 0.00208651 secs using 387.3% CPU
Optimizing NNI: done in 0.00214474 secs using 333.2% CPU
Optimizing NNI: done in 0.00120746 secs using 348.3% CPU
Optimizing NNI: done in 0.00246803 secs using 464.4% CPU
Optimizing NNI: done in 0.00125316 secs using 339.2% CPU
Optimizing NNI: done in 0.00135724 secs using 541.7% CPU
Optimizing NNI: done in 0.00136475 secs using 539.2% CPU
Optimizing NNI: done in 0.00288836 secs using 411.4% CPU
Optimizing NNI: done in 0.0014635 secs using 304.8% CPU
Optimizing NNI: done in 0.00165209 secs using 281.3% CPU
Optimizing NNI: done in 0.00407666 secs using 394.2% CPU
Optimizing NNI: done in 0.0057365 secs using 326.5% CPU
Optimizing NNI: done in 0.00132465 secs using 327.8% CPU
Optimizing NNI: done in 0.001101 secs using 282% CPU
Optimizing NNI: done in 0.0022747 secs using 363.6% CPU
Optimizing NNI: done in 0.00134515 secs using 545.8% CPU
Optimizing NNI: done in 0.00150193 secs using 299.3% CPU
Optimizing NNI: done in 0.00326179 secs using 375.7% CPU
Optimizing NNI: done in 0.0012552 secs using 338.5% CPU
Optimizing NNI: done in 0.0012753 secs using 334.8% CPU
Optimizing NNI: done in 0.00136517 secs using 319.4% CPU
Optimizing NNI: done in 0.00249414 secs using 300.4% CPU
Optimizing NNI: done in 0.00261946 secs using 443.5% CPU
Optimizing NNI: done in 0.00133224 secs using 325% CPU
700 samples done
Optimizing NNI: done in 0.00300096 secs using 398.8% CPU
Optimizing NNI: done in 0.00124779 secs using 340.1% CPU
Optimizing NNI: done in 0.00126186 secs using 337.4% CPU
Optimizing NNI: done in 0.00127014 secs using 335.8% CPU
Optimizing NNI: done in 0.00147036 secs using 507.9% CPU
Optimizing NNI: done in 0.00402433 secs using 398% CPU
Optimizing NNI: done in 0.0017713 secs using 381.9% CPU
Optimizing NNI: done in 0.00152157 secs using 494.1% CPU
Optimizing NNI: done in 0.00163074 secs using 461.9% CPU
Optimizing NNI: done in 0.00205434 secs using 407.5% CPU
Optimizing NNI: done in 0.00254606 secs using 335.5% CPU
Optimizing NNI: done in 0.0032861 secs using 465% CPU
Optimizing NNI: done in 0.00270551 secs using 354.9% CPU
Optimizing NNI: done in 0.00216237 secs using 377.3% CPU
Optimizing NNI: done in 0.00507019 secs using 375% CPU
Optimizing NNI: done in 0.00135241 secs using 543.5% CPU
Optimizing NNI: done in 0.00170978 secs using 450.5% CPU
Optimizing NNI: done in 0.00138701 secs using 338.8% CPU
Optimizing NNI: done in 0.00148337 secs using 436% CPU
Optimizing NNI: done in 0.00347939 secs using 444.4% CPU
Optimizing NNI: done in 0.0015541 secs using 485.8% CPU
Optimizing NNI: done in 0.0015859 secs using 478.1% CPU
Optimizing NNI: done in 0.00329736 secs using 371.3% CPU
Optimizing NNI: done in 0.00247168 secs using 342.6% CPU
Optimizing NNI: done in 0.00156399 secs using 483.4% CPU
Optimizing NNI: done in 0.00387613 secs using 409.4% CPU
Optimizing NNI: done in 0.00163756 secs using 281% CPU
Optimizing NNI: done in 0.00378888 secs using 337.4% CPU
Optimizing NNI: done in 0.0029234 secs using 373.6% CPU
Optimizing NNI: done in 0.00552277 secs using 425.4% CPU
Optimizing NNI: done in 0.00297186 secs using 402.7% CPU
Optimizing NNI: done in 0.0015094 secs using 497.3% CPU
Optimizing NNI: done in 0.00366917 secs using 345.2% CPU
Optimizing NNI: done in 0.00123475 secs using 342.7% CPU
Optimizing NNI: done in 0.00157607 secs using 337.9% CPU
Optimizing NNI: done in 0.00347871 secs using 429.2% CPU
Optimizing NNI: done in 0.00142411 secs using 310.7% CPU
Optimizing NNI: done in 0.00200489 secs using 349.8% CPU
Optimizing NNI: done in 0.00708395 secs using 396.3% CPU
Optimizing NNI: done in 0.00260622 secs using 406.9% CPU
Optimizing NNI: done in 0.00138013 secs using 534.4% CPU
Optimizing NNI: done in 0.00146485 secs using 304.5% CPU
Optimizing NNI: done in 0.00147134 secs using 303.7% CPU
Optimizing NNI: done in 0.00352635 secs using 353.6% CPU
Optimizing NNI: done in 0.00376652 secs using 365.7% CPU
Optimizing NNI: done in 0.00253128 secs using 336.8% CPU
Optimizing NNI: done in 0.00136235 secs using 320% CPU
Optimizing NNI: done in 0.00137548 secs using 536% CPU
Optimizing NNI: done in 0.00552756 secs using 425% CPU
Optimizing NNI: done in 0.003702 secs using 397.3% CPU
Optimizing NNI: done in 0.00132876 secs using 325.6% CPU
Optimizing NNI: done in 0.00142745 secs using 520.1% CPU
Optimizing NNI: done in 0.00151636 secs using 297.5% CPU
Optimizing NNI: done in 0.00310394 secs using 389.9% CPU
Optimizing NNI: done in 0.00365239 secs using 428.4% CPU
Optimizing NNI: done in 0.00383769 secs using 386.6% CPU
Optimizing NNI: done in 0.00239421 secs using 350.6% CPU
Optimizing NNI: done in 0.00216268 secs using 470.2% CPU
Optimizing NNI: done in 0.00131288 secs using 328.1% CPU
Optimizing NNI: done in 0.0020957 secs using 386.2% CPU
Optimizing NNI: done in 0.0012667 secs using 336.2% CPU
Optimizing NNI: done in 0.0013015 secs using 330.5% CPU
Optimizing NNI: done in 0.00429028 secs using 376% CPU
Optimizing NNI: done in 0.00124517 secs using 555.6% CPU
Optimizing NNI: done in 0.00140248 secs using 313.5% CPU
Optimizing NNI: done in 0.00145516 secs using 305.9% CPU
Optimizing NNI: done in 0.00383895 secs using 408.1% CPU
Optimizing NNI: done in 0.00258734 secs using 447.8% CPU
Optimizing NNI: done in 0.00141454 secs using 523.8% CPU
Optimizing NNI: done in 0.00128358 secs using 255.8% CPU
Optimizing NNI: done in 0.00235492 secs using 354.6% CPU
Optimizing NNI: done in 0.00131707 secs using 555.2% CPU
Optimizing NNI: done in 0.00125476 secs using 338.9% CPU
Optimizing NNI: done in 0.00153023 secs using 296% CPU
Optimizing NNI: done in 0.00354418 secs using 353.3% CPU
Optimizing NNI: done in 0.00261463 secs using 444.1% CPU
Optimizing NNI: done in 0.00278391 secs using 423.2% CPU
Optimizing NNI: done in 0.00314173 secs using 381.5% CPU
Optimizing NNI: done in 0.00419128 secs using 386.2% CPU
Optimizing NNI: done in 0.00142912 secs using 311.2% CPU
Optimizing NNI: done in 0.00241747 secs using 348.2% CPU
Optimizing NNI: done in 0.00308769 secs using 388.5% CPU
Optimizing NNI: done in 0.00127841 secs using 334.2% CPU
Optimizing NNI: done in 0.00139285 secs using 315.1% CPU
Optimizing NNI: done in 0.00147444 secs using 503.6% CPU
Optimizing NNI: done in 0.00134509 secs using 322.7% CPU
Optimizing NNI: done in 0.00376795 secs using 418.3% CPU
Optimizing NNI: done in 0.00124767 secs using 340.4% CPU
Optimizing NNI: done in 0.00480754 secs using 411.9% CPU
Optimizing NNI: done in 0.00249696 secs using 340.1% CPU
Optimizing NNI: done in 0.00138334 secs using 316.3% CPU
Optimizing NNI: done in 0.00145469 secs using 306.1% CPU
Optimizing NNI: done in 0.00482451 secs using 368.2% CPU
Optimizing NNI: done in 0.00118071 secs using 607.6% CPU
Optimizing NNI: done in 0.00118328 secs using 352.2% CPU
Optimizing NNI: done in 0.00135984 secs using 320.6% CPU
Optimizing NNI: done in 0.00251973 secs using 338% CPU
Optimizing NNI: done in 0.00125853 secs using 338.1% CPU
Optimizing NNI: done in 0.00087187 secs using 443.9% CPU
Optimizing NNI: done in 0.00125904 secs using 338% CPU
800 samples done
Optimizing NNI: done in 0.00342234 secs using 450.5% CPU
Optimizing NNI: done in 0.00255759 secs using 451.8% CPU
Optimizing NNI: done in 0.0014678 secs using 304.3% CPU
Optimizing NNI: done in 0.00126821 secs using 336.4% CPU
Optimizing NNI: done in 0.00134481 secs using 248.7% CPU
Optimizing NNI: done in 0.00242536 secs using 347.1% CPU
Optimizing NNI: done in 0.00118898 secs using 352% CPU
Optimizing NNI: done in 0.00288663 secs using 411.6% CPU
Optimizing NNI: done in 0.0013164 secs using 327.6% CPU
Optimizing NNI: done in 0.0012846 secs using 333.2% CPU
Optimizing NNI: done in 0.00221088 secs using 280.9% CPU
Optimizing NNI: done in 0.00135432 secs using 321.2% CPU
Optimizing NNI: done in 0.00142635 secs using 310% CPU
Optimizing NNI: done in 0.00382051 secs using 414.1% CPU
Optimizing NNI: done in 0.00155163 secs using 293.2% CPU
Optimizing NNI: done in 0.00155174 secs using 486.6% CPU
Optimizing NNI: done in 0.00132979 secs using 325.2% CPU
Optimizing NNI: done in 0.00265465 secs using 325.9% CPU
Optimizing NNI: done in 0.00139857 secs using 314.2% CPU
Optimizing NNI: done in 0.00127524 secs using 335% CPU
Optimizing NNI: done in 0.00264848 secs using 439.6% CPU
Optimizing NNI: done in 0.00250743 secs using 458.9% CPU
Optimizing NNI: done in 0.00433921 secs using 376.3% CPU
Optimizing NNI: done in 0.00349856 secs using 328.6% CPU
Optimizing NNI: done in 0.00259977 secs using 446% CPU
Optimizing NNI: done in 0.0012505 secs using 579.5% CPU
Optimizing NNI: done in 0.00147374 secs using 506.8% CPU
Optimizing NNI: done in 0.0013068 secs using 558.8% CPU
Optimizing NNI: done in 0.00130088 secs using 561% CPU
Optimizing NNI: done in 0.00138543 secs using 316.2% CPU
Optimizing NNI: done in 0.00136246 secs using 539.9% CPU
Optimizing NNI: done in 0.00205058 secs using 392.4% CPU
Optimizing NNI: done in 0.00259507 secs using 331.1% CPU
Optimizing NNI: done in 0.00142277 secs using 310.5% CPU
Optimizing NNI: done in 0.00661695 secs using 417.3% CPU
Optimizing NNI: done in 0.00155907 secs using 484.5% CPU
Optimizing NNI: done in 0.00123047 secs using 343.7% CPU
Optimizing NNI: done in 0.00387142 secs using 409.9% CPU
Optimizing NNI: done in 0.00618216 secs using 374.9% CPU
Optimizing NNI: done in 0.00353541 secs using 439.2% CPU
Optimizing NNI: done in 0.00380757 secs using 415% CPU
Optimizing NNI: done in 0.00446747 secs using 346.1% CPU
Optimizing NNI: done in 0.00137459 secs using 317.9% CPU
Optimizing NNI: done in 0.00151848 secs using 494.8% CPU
Optimizing NNI: done in 0.00460528 secs using 425.4% CPU
Optimizing NNI: done in 0.00127298 secs using 335.4% CPU
Optimizing NNI: done in 0.00143072 secs using 519% CPU
Optimizing NNI: done in 0.00122783 secs using 343.9% CPU
Optimizing NNI: done in 0.00287946 secs using 412.4% CPU
Optimizing NNI: done in 0.0012443 secs using 581.9% CPU
Optimizing NNI: done in 0.0013094 secs using 328.9% CPU
Optimizing NNI: done in 0.00129309 secs using 331.8% CPU
Optimizing NNI: done in 0.00140193 secs using 313.9% CPU
Optimizing NNI: done in 0.00127847 secs using 334.2% CPU
Optimizing NNI: done in 0.00125913 secs using 337.9% CPU
Optimizing NNI: done in 0.00269929 secs using 322.1% CPU
Optimizing NNI: done in 0.00133957 secs using 323.5% CPU
Optimizing NNI: done in 0.00361209 secs using 404.3% CPU
Optimizing NNI: done in 0.0025518 secs using 334.8% CPU
Optimizing NNI: done in 0.00123573 secs using 342.6% CPU
Optimizing NNI: done in 0.00176822 secs using 440% CPU
Optimizing NNI: done in 0.00153737 secs using 293% CPU
Optimizing NNI: done in 0.00155449 secs using 421.7% CPU
Optimizing NNI: done in 0.00282375 secs using 418.6% CPU
Optimizing NNI: done in 0.00138307 secs using 316.6% CPU
Optimizing NNI: done in 0.00277921 secs using 315.7% CPU
Optimizing NNI: done in 0.0016562 secs using 280.9% CPU
Optimizing NNI: done in 0.00136209 secs using 320% CPU
Optimizing NNI: done in 0.00130931 secs using 557.9% CPU
Optimizing NNI: done in 0.00154505 secs using 488% CPU
Optimizing NNI: done in 0.00132395 secs using 553% CPU
Optimizing NNI: done in 0.00455377 secs using 363.4% CPU
Optimizing NNI: done in 0.00179639 secs using 434% CPU
Optimizing NNI: done in 0.00507802 secs using 395.3% CPU
Optimizing NNI: done in 0.00261352 secs using 444.3% CPU
Optimizing NNI: done in 0.00261431 secs using 406.1% CPU
Optimizing NNI: done in 0.00137209 secs using 537.1% CPU
Optimizing NNI: done in 0.00346969 secs using 359.4% CPU
Optimizing NNI: done in 0.00137328 secs using 318.1% CPU
Optimizing NNI: done in 0.0012922 secs using 332% CPU
Optimizing NNI: done in 0.0013515 secs using 321.9% CPU
Optimizing NNI: done in 0.00140392 secs using 313.2% CPU
Optimizing NNI: done in 0.00218636 secs using 511.5% CPU
Optimizing NNI: done in 0.00138339 secs using 316.3% CPU
Optimizing NNI: done in 0.00199162 secs using 400.9% CPU
Optimizing NNI: done in 0.00112656 secs using 632.4% CPU
Optimizing NNI: done in 0.00458897 secs using 317.9% CPU
Optimizing NNI: done in 0.00338141 secs using 366% CPU
Optimizing NNI: done in 0.00183629 secs using 263.3% CPU
Optimizing NNI: done in 0.00284704 secs using 310.5% CPU
Optimizing NNI: done in 0.00282173 secs using 418.8% CPU
Optimizing NNI: done in 0.00317568 secs using 446.5% CPU
Optimizing NNI: done in 0.00452302 secs using 408.4% CPU
Optimizing NNI: done in 0.00144971 secs using 306.5% CPU
Optimizing NNI: done in 0.00234362 secs using 355.9% CPU
Optimizing NNI: done in 0.00351382 secs using 441.4% CPU
Optimizing NNI: done in 0.002562 secs using 334.2% CPU
Optimizing NNI: done in 0.00156865 secs using 291% CPU
Optimizing NNI: done in 0.00144866 secs using 306.6% CPU
Optimizing NNI: done in 0.00206048 secs using 391% CPU
900 samples done
Optimizing NNI: done in 0.00274812 secs using 245.3% CPU
Optimizing NNI: done in 0.00103997 secs using 388.2% CPU
Optimizing NNI: done in 0.0013006 secs using 330.4% CPU
Optimizing NNI: done in 0.0013778 secs using 535.1% CPU
Optimizing NNI: done in 0.0021403 secs using 474% CPU
Optimizing NNI: done in 0.00135145 secs using 321.7% CPU
Optimizing NNI: done in 0.00253121 secs using 455.5% CPU
Optimizing NNI: done in 0.00139333 secs using 315% CPU
Optimizing NNI: done in 0.00136942 secs using 538% CPU
Optimizing NNI: done in 0.00274722 secs using 427.5% CPU
Optimizing NNI: done in 0.00291704 secs using 374.3% CPU
Optimizing NNI: done in 0.00173174 secs using 446.3% CPU
Optimizing NNI: done in 0.0016691 secs using 459.2% CPU
Optimizing NNI: done in 0.00265682 secs using 322.5% CPU
Optimizing NNI: done in 0.00168449 secs using 396.9% CPU
Optimizing NNI: done in 0.00172997 secs using 446.5% CPU
Optimizing NNI: done in 0.00309613 secs using 358.4% CPU
Optimizing NNI: done in 0.00159517 secs using 284% CPU
Optimizing NNI: done in 0.00128848 secs using 565.2% CPU
Optimizing NNI: done in 0.00129375 secs using 331.7% CPU
Optimizing NNI: done in 0.00259737 secs using 330.8% CPU
Optimizing NNI: done in 0.00119108 secs using 603.3% CPU
Optimizing NNI: done in 0.00270938 secs using 432.1% CPU
Optimizing NNI: done in 0.00155634 secs using 228.3% CPU
Optimizing NNI: done in 0.00128182 secs using 333.5% CPU
Optimizing NNI: done in 0.00152701 secs using 295.3% CPU
Optimizing NNI: done in 0.00372217 secs using 422.3% CPU
Optimizing NNI: done in 0.00272201 secs using 320.4% CPU
Optimizing NNI: done in 0.00167749 secs using 457.5% CPU
Optimizing NNI: done in 0.00213963 secs using 380.3% CPU
Optimizing NNI: done in 0.00275069 secs using 427.1% CPU
Optimizing NNI: done in 0.00262431 secs using 328.5% CPU
Optimizing NNI: done in 0.0012987 secs using 330.3% CPU
Optimizing NNI: done in 0.00131934 secs using 554.5% CPU
Optimizing NNI: done in 0.00227784 secs using 363.3% CPU
Optimizing NNI: done in 0.00211211 secs using 337% CPU
Optimizing NNI: done in 0.00127452 secs using 335.2% CPU
Optimizing NNI: done in 0.0023089 secs using 316.4% CPU
Optimizing NNI: done in 0.00388697 secs using 382.9% CPU
Optimizing NNI: done in 0.00261602 secs using 329% CPU
Optimizing NNI: done in 0.00140312 secs using 456.5% CPU
Optimizing NNI: done in 0.00227343 secs using 363.8% CPU
Optimizing NNI: done in 0.00131644 secs using 327.3% CPU
Optimizing NNI: done in 0.00127884 secs using 334.1% CPU
Optimizing NNI: done in 0.000828311 secs using 461.8% CPU
Optimizing NNI: done in 0.00337715 secs using 455.2% CPU
Optimizing NNI: done in 0.00191276 secs using 413.3% CPU
Optimizing NNI: done in 0.00307306 secs using 392.8% CPU
Optimizing NNI: done in 0.00124492 secs using 340.7% CPU
Optimizing NNI: done in 0.00138182 secs using 316.8% CPU
Optimizing NNI: done in 0.00127876 secs using 334.2% CPU
Optimizing NNI: done in 0.00129635 secs using 562.5% CPU
Optimizing NNI: done in 0.00178769 secs using 435.3% CPU
Optimizing NNI: done in 0.00147361 secs using 303.3% CPU
Optimizing NNI: done in 0.00125437 secs using 338.8% CPU
Optimizing NNI: done in 0.00323505 secs using 347.2% CPU
Optimizing NNI: done in 0.00129057 secs using 332.5% CPU
Optimizing NNI: done in 0.00128632 secs using 333% CPU
Optimizing NNI: done in 0.00136304 secs using 319.8% CPU
Optimizing NNI: done in 0.00157956 secs using 479.7% CPU
Optimizing NNI: done in 0.00150866 secs using 497.5% CPU
Optimizing NNI: done in 0.00477927 secs using 351% CPU
Optimizing NNI: done in 0.00123147 secs using 586.9% CPU
Optimizing NNI: done in 0.00123293 secs using 342.9% CPU
Optimizing NNI: done in 0.00204574 secs using 393.2% CPU
Optimizing NNI: done in 0.00132201 secs using 475.6% CPU
Optimizing NNI: done in 0.00131568 secs using 327.1% CPU
Optimizing NNI: done in 0.00221807 secs using 370.2% CPU
Optimizing NNI: done in 0.00161798 secs using 470.6% CPU
Optimizing NNI: done in 0.0015194 secs using 494.7% CPU
Optimizing NNI: done in 0.00549063 secs using 373.1% CPU
Optimizing NNI: done in 0.00404646 secs using 394.8% CPU
Optimizing NNI: done in 0.0015897 secs using 477.3% CPU
Optimizing NNI: done in 0.0029905 secs using 400.2% CPU
Optimizing NNI: done in 0.00163324 secs using 467.2% CPU
Optimizing NNI: done in 0.00145194 secs using 445.1% CPU
Optimizing NNI: done in 0.0013505 secs using 542.7% CPU
Optimizing NNI: done in 0.0032986 secs using 372.8% CPU
Optimizing NNI: done in 0.001386 secs using 313.6% CPU
Optimizing NNI: done in 0.00384318 secs using 412.2% CPU
Optimizing NNI: done in 0.00313485 secs using 386% CPU
Optimizing NNI: done in 0.00421287 secs using 384.7% CPU
Optimizing NNI: done in 0.00237038 secs using 480.1% CPU
Optimizing NNI: done in 0.00151748 secs using 468.9% CPU
Optimizing NNI: done in 0.00287943 secs using 377.5% CPU
Optimizing NNI: done in 0.00377815 secs using 390% CPU
Optimizing NNI: done in 0.00149414 secs using 501.4% CPU
Optimizing NNI: done in 0.00157895 secs using 479.4% CPU
Optimizing NNI: done in 0.00140883 secs using 312.7% CPU
Optimizing NNI: done in 0.00154143 secs using 294.3% CPU
Optimizing NNI: done in 0.0016226 secs using 469.3% CPU
Optimizing NNI: done in 0.00137686 secs using 316% CPU
Optimizing NNI: done in 0.00297742 secs using 402.3% CPU
Optimizing NNI: done in 0.00143915 secs using 447.6% CPU
Optimizing NNI: done in 0.00278539 secs using 423% CPU
Optimizing NNI: done in 0.0014017 secs using 313.8% CPU
Optimizing NNI: done in 0.00357192 secs using 434.8% CPU
Optimizing NNI: done in 0.00782077 secs using 393.5% CPU
Optimizing NNI: done in 0.00137119 secs using 317.2% CPU
Optimizing NNI: done in 0.00269385 secs using 322.3% CPU
1000 samples done
Total 994 ufboot trees refined
TREE SEARCH COMPLETED AFTER 125 ITERATIONS / Time: 0h:0m:36s

--------------------------------------------------------------------
|                    FINALIZING TREE SEARCH                        |
--------------------------------------------------------------------
Performs final model parameters optimization
Estimate model parameters (epsilon = 0.010)
1. Initial log-likelihood: -689.550
Optimal log-likelihood: -689.550
Parameters optimization took 1 rounds (0.001 sec)
BEST SCORE FOUND : -689.550
Creating bootstrap support values...
Split supports printed to NEXUS file 10_alignment_files/part1_alignment.afa.splits.nex
Total tree length: 0.216

Total number of iterations: 125
CPU time used for tree search: 35.642 sec (0h:0m:35s)
Wall-clock time used for tree search: 9.075 sec (0h:0m:9s)
Total CPU time used: 109.273 sec (0h:1m:49s)
Total wall-clock time used: 36.353 sec (0h:0m:36s)
UFBoot trees printed to 10_alignment_files/part1_alignment.afa.ufboot

Computing bootstrap consensus tree...
Reading input file 10_alignment_files/part1_alignment.afa.splits.nex...
16 taxa and 162 splits.
Consensus tree written to 10_alignment_files/part1_alignment.afa.contree
Reading input trees file 10_alignment_files/part1_alignment.afa.contree
Log-likelihood of consensus tree: -689.560

Analysis results written to: 
  IQ-TREE report:                10_alignment_files/part1_alignment.afa.iqtree
  Maximum-likelihood tree:       10_alignment_files/part1_alignment.afa.treefile
  Likelihood distances:          10_alignment_files/part1_alignment.afa.mldist

Ultrafast bootstrap approximation results written to:
  Split support values:          10_alignment_files/part1_alignment.afa.splits.nex
  Consensus tree:                10_alignment_files/part1_alignment.afa.contree
  UFBoot trees:                  10_alignment_files/part1_alignment.afa.ufboot
  Screen log file:               10_alignment_files/part1_alignment.afa.log

Date and Time: Fri Nov 28 12:53:16 2025
