IQ-TREE version 3.0.1 for Linux x86 64-bit built Jul  9 2025
Developed by Bui Quang Minh, Thomas Wong, Nhan Ly-Trong, Huaiyan Ren
Contributed by Lam-Tung Nguyen, Dominik Schrempf, Chris Bielow,
Olga Chernomor, Michael Woodhams, Diep Thi Hoang, Heiko Schmidt

Host:    thecomputer2 (AVX512, FMA3, 31 GB RAM)
Command: iqtree3 -s 10_supermatrix_files/supermatrix.afa -p 10_supermatrix_files/partition.txt -m MFP+MERGE -B 1000 --alrt 1000 -T AUTO -redo
Seed:    507659 (Using SPRNG - Scalable Parallel Random Number Generator)
Time:    Fri Nov 28 12:54:21 2025
Kernel:  AVX+FMA - auto-detect threads (8 CPU cores detected)

Reading partition model file 10_supermatrix_files/partition.txt ...
Reading alignment file 10_supermatrix_files/supermatrix.afa ... Fasta format detected
Reading fasta file: done in 0.000299505 secs
Alignment most likely contains protein sequences
Constructing alignment: done in 0.000737572 secs using 135.6% CPU
Alignment has 25 sequences with 517 columns, 251 distinct patterns
60 parsimony-informative, 23 singleton sites, 434 constant sites
                        Gap/Ambiguity  Composition  p-value
Analyzing sequences: done in 1.7356e-05 secs using 86.43% CPU
   1  Balaena_mysticetus       10.64%    passed     99.99%
   2  Caretta_caretta          67.50%    passed     99.32%
   3  Chelonia_mydas           66.15%    passed     99.41%
   4  Delphinapterus_leucas     0.58%    passed    100.00%
   5  Dermochelys_coriacea     33.08%    passed    100.00%
   6  Eretmochelys_imbricata   33.66%    passed     99.99%
   7  Eschrichtius_robustus    10.83%    passed    100.00%
   8  Eubalaena_australis      10.64%    passed    100.00%
   9  Eubalaena_glacialis      10.64%    passed    100.00%
  10  Eubalaena_japonica       10.64%    passed    100.00%
  11  Lepidochelys_kempii      67.50%    passed     98.70%
  12  Monodon_monoceros         0.58%    passed    100.00%
  13  Natator_depressa         66.15%    passed     99.41%
  14  Natator_depressus        67.31%    passed     99.25%
  15  Stigmochelys_pardalis    66.15%    passed     99.40%
  16  Thunnus_albacares        53.19%    passed     99.22%
  17  Thunnus_maccoyii         53.19%    passed     99.22%
  18  Thunnus_obesus           53.19%    passed     99.22%
  19  Thunnus_orientalis       78.72%    passed     89.71%
  20  Thunnus_thynnus          53.19%    passed     99.22%
  21  Thunnus_tonggol          74.47%    passed     85.67%
  22  sampleA                  10.83%    passed    100.00%
  23  sampleB                   4.45%    passed    100.00%
  24  sampleC                  54.35%    passed     96.82%
  25  sampleD                  35.98%    passed     99.76%
WARNING: 13 sequences contain more than 50% gaps/ambiguity
****  TOTAL                    39.74%  0 sequences failed composition chi2 test (p-value<5%; df=19)

Partition file is not in NEXUS format, assuming RAxML-style partition file...
Identifying sites to remove: done in 8.8532e-05 secs using 93.75% CPU
Identifying sites to remove: done in 6.8851e-05 secs using 7139% CPU
Identifying sites to remove: done in 9.0849e-05 secs using 99.07% CPU
Subset	Type	Seqs	Sites	Infor	Invar	Model	Name
1	AA	21	175	17	148	AA+MERGE	part1
2	AA	15	176	13	160	AA+MERGE	part2
3	AA	15	166	30	126	AA+MERGE	part3
Degree of missing data: 0.319

NOTE: Eubalaena_glacialis is identical to Eubalaena_australis but kept for subsequent analysis
NOTE: Thunnus_maccoyii is identical to Thunnus_albacares but kept for subsequent analysis
NOTE: Natator_depressa is identical to Chelonia_mydas but kept for subsequent analysis
Identifying sites to remove: done in 0.000102991 secs using 246.6% CPU
Identifying sites to remove: done in 6.6874e-05 secs using 98.69% CPU
Identifying sites to remove: done in 8.7943e-05 secs using 98.93% CPU
NOTE: 3 identical sequences (see below) will be ignored for subsequent analysis
NOTE: Eubalaena_japonica (identical to Eubalaena_australis) is ignored but added at the end
NOTE: Thunnus_obesus (identical to Thunnus_albacares) is ignored but added at the end
NOTE: Thunnus_thynnus (identical to Thunnus_albacares) is ignored but added at the end
Alignment was printed to 10_supermatrix_files/partition.txt.uniqueseq.phy

For your convenience alignment with unique sequences printed to 10_supermatrix_files/partition.txt.uniqueseq.phy


Create initial parsimony tree by phylogenetic likelihood library (PLL)... 0.001 seconds
Measuring multi-threading efficiency up to 8 CPU cores
Increase to 10 rounds for branch lengths
107 trees examined
Threads: 1 / Time: 8.056 sec / Speedup: 1.000 / Efficiency: 100% / LogL: -2760
Threads: 2 / Time: 5.906 sec / Speedup: 1.364 / Efficiency: 68% / LogL: -2760
Threads: 3 / Time: 5.839 sec / Speedup: 1.380 / Efficiency: 46% / LogL: -2760
Determining AUTO threadcount: done in 19.8018 secs using 187% CPU
BEST NUMBER OF THREADS: 2

Perform fast likelihood tree search using LG+I+G model...
Estimate model parameters (epsilon = 5.000)
Initial log-likelihood: -2222.478
Current log-likelihood at step 1: -2201.370
Current log-likelihood at step 2: -2200.884
Parameters optimization took 1 rounds (0.107 sec)

Perform nearest neighbor interchange...
Optimizing NNI: done in 0.29069 secs using 197.3% CPU
Estimate model parameters (epsilon = 1.000)
Initial log-likelihood: -2181.298
Current log-likelihood at step 1: -2180.510
Partition-specific rates:  0.547 0.317 2.202
Parameters optimization took 0 rounds (0.045 sec)

Time for fast ML tree search: 0.445 seconds

NOTE: ModelFinder requires 6 MB RAM!

PartitionFinder's parameters:
Fast Relaxed Algorithm
Percentage: 10.000
Maximum pairs: 30

Selecting individual models for 3 charsets using BIC...
 No. Model        Score       TreeLen     Charset
In ModelFinder: parallelization over partitions
   1 LG+I+G4      1639.312    0.486       part3
   2 LG+I+G4      1466.335    0.214       part1
   3 LG+I+G4      1301.606    0.108       part2
Full partition model BIC score: 4667.065 (LnL: -2180.456  df:49)
Merging models to increase model fit (about 4 total partition schemes)...
   4 LG+F+I+G4    4623.600    0.176       part1+part2
Merging part1+part2 with BIC score: 4623.600 (LnL: -2108.739  df: 65)
   5 LG+F+I+G4    4605.048    0.351       part1+part2+part3
Merging part1+part2+part3 with BIC score: 4605.048 (LnL: -2108.835  df: 62)
Agglomerative model selection: ((part1,part2)1:4623.6,part3)2:4605.05
Merging into 1 partitions...
In ModelFinder: parallelization over partitions
   6 MTZOA+R2     4251.423    0.424       part1+part2+part3
Best partition model BIC score: 4501.345 (LnL: -2116.339  df:43)
Partition information was printed to 10_supermatrix_files/partition.txt.best_scheme.nex
Partition information in Raxml format was printed to 10_supermatrix_files/partition.txt.best_scheme

All model information printed to 10_supermatrix_files/partition.txt.model.gz
CPU time for ModelFinder: 66.826 seconds (0h:1m:6s)
Wall-clock time for ModelFinder: 48.970 seconds (0h:0m:48s)
Generating 1000 samples for ultrafast bootstrap (seed: 507659)...

NOTE: 2 MB RAM (0 GB) is required!
Estimate model parameters (epsilon = 0.100)
Initial log-likelihood: -2116.544
Current log-likelihood at step 1: -2111.625
Current log-likelihood at step 2: -2111.506
Current log-likelihood at step 3: -2111.480
Partition-specific rates:  1.000
Parameters optimization took 2 rounds (0.112 sec)

Wrote distance file to... 
Computing ML distances based on estimated model parameters...
Calculating distance matrix: done in 5.4924e-05 secs using 207.6% CPU
Computing ML distances took 0.000103 sec (of wall-clock time) 0.000166 sec (of CPU time)
Setting up auxiliary I and S matrices: done in 8.4568e-05 secs
Constructing RapidNJ tree: done in 0.00164118 secs using 97.61% CPU
Computing RapidNJ tree took 0.001792 sec (of wall-clock time) 0.001664 sec (of CPU time)
Log-likelihood of RapidNJ tree: -2631.507
--------------------------------------------------------------------
|             INITIALIZING CANDIDATE TREE SET                      |
--------------------------------------------------------------------
Generating 98 parsimony trees... 0.080 second
Computing log-likelihood of 98 initial trees ... 0.735 seconds
Current best score: -2111.480

Do NNI search on 20 best initial trees
Optimizing NNI: done in 0.0999088 secs using 222.5% CPU
Estimate model parameters (epsilon = 0.100)
Initial log-likelihood: -2111.071
Current log-likelihood at step 1: -2111.004
Parameters optimization took 0 rounds (0.031 sec)

BETTER TREE FOUND at iteration 1: -2111.004
Optimizing NNI: done in 0.136631 secs using 227.7% CPU
BETTER TREE FOUND at iteration 2: -2111.002
Optimizing NNI: done in 0.247494 secs using 226% CPU
BETTER TREE FOUND at iteration 3: -2111.002
Optimizing NNI: done in 0.173088 secs using 222.7% CPU
Optimizing NNI: done in 0.195062 secs using 227.5% CPU
Optimizing NNI: done in 0.263198 secs using 232.2% CPU
Optimizing NNI: done in 0.223505 secs using 225.8% CPU
Optimizing NNI: done in 0.225656 secs using 228.8% CPU
Optimizing NNI: done in 0.18709 secs using 229.5% CPU
Optimizing NNI: done in 0.234178 secs using 226.3% CPU
Iteration 10 / LogL: -2111.003 / Time: 0h:0m:52s
Optimizing NNI: done in 0.174737 secs using 232.3% CPU
Optimizing NNI: done in 0.212281 secs using 223.7% CPU
Optimizing NNI: done in 0.231259 secs using 233.3% CPU
Optimizing NNI: done in 0.179857 secs using 231% CPU
Optimizing NNI: done in 0.212721 secs using 231.2% CPU
Optimizing NNI: done in 0.202241 secs using 224.6% CPU
Optimizing NNI: done in 0.435073 secs using 226% CPU
Optimizing NNI: done in 0.426676 secs using 226.5% CPU
Optimizing NNI: done in 0.269336 secs using 224.1% CPU
Optimizing NNI: done in 0.247252 secs using 232.7% CPU
Iteration 20 / LogL: -2111.003 / Time: 0h:0m:54s
Finish initializing candidate tree set (17)
Current best tree score: -2111.002 / CPU time: 5.459
Number of iterations: 20
--------------------------------------------------------------------
|               OPTIMIZING CANDIDATE TREE SET                      |
--------------------------------------------------------------------
Optimizing NNI: done in 0.118149 secs using 228.4% CPU
Optimizing NNI: done in 0.388623 secs using 227% CPU
Optimizing NNI: done in 0.313855 secs using 223.7% CPU
Optimizing NNI: done in 0.0663201 secs using 228.4% CPU
Optimizing NNI: done in 0.260106 secs using 218% CPU
Optimizing NNI: done in 0.221487 secs using 223.4% CPU
Optimizing NNI: done in 0.214604 secs using 222.1% CPU
Optimizing NNI: done in 0.210966 secs using 225.3% CPU
Optimizing NNI: done in 0.0964422 secs using 229.5% CPU
Optimizing NNI: done in 0.217975 secs using 232.3% CPU
Iteration 30 / LogL: -2111.003 / Time: 0h:0m:56s (0h:0m:19s left)
Optimizing NNI: done in 0.183982 secs using 221.1% CPU
Optimizing NNI: done in 0.221003 secs using 222.7% CPU
Optimizing NNI: done in 0.220967 secs using 228.5% CPU
Optimizing NNI: done in 0.175531 secs using 218.4% CPU
Optimizing NNI: done in 0.266955 secs using 220% CPU
Optimizing NNI: done in 0.352948 secs using 215% CPU
Optimizing NNI: done in 0.258091 secs using 216.4% CPU
Optimizing NNI: done in 0.255752 secs using 229.9% CPU
UPDATE BEST LOG-LIKELIHOOD: -2111.002
Optimizing NNI: done in 0.311204 secs using 197.7% CPU
Optimizing NNI: done in 0.281497 secs using 217.1% CPU
Iteration 40 / LogL: -2111.002 / Time: 0h:0m:59s (0h:0m:16s left)
Optimizing NNI: done in 0.248081 secs using 220.8% CPU
Optimizing NNI: done in 0.083109 secs using 234.5% CPU
BETTER TREE FOUND at iteration 42: -2111.002
Optimizing NNI: done in 0.280134 secs using 219.7% CPU
Optimizing NNI: done in 0.241099 secs using 210.6% CPU
Optimizing NNI: done in 0.231105 secs using 226.1% CPU
BETTER TREE FOUND at iteration 45: -2111.002
Optimizing NNI: done in 0.202552 secs using 202.7% CPU
Optimizing NNI: done in 0.156969 secs using 225.5% CPU
Optimizing NNI: done in 0.151048 secs using 221.6% CPU
Optimizing NNI: done in 0.298122 secs using 222.5% CPU
Optimizing NNI: done in 0.316036 secs using 215% CPU
Iteration 50 / LogL: -2111.002 / Time: 0h:1m:1s (0h:0m:24s left)
Log-likelihood cutoff on original alignment: -2138.722
Optimizing NNI: done in 0.233759 secs using 220.5% CPU
Optimizing NNI: done in 0.233758 secs using 211.8% CPU
Optimizing NNI: done in 0.149988 secs using 221.5% CPU
Optimizing NNI: done in 0.256556 secs using 229.7% CPU
Optimizing NNI: done in 0.406239 secs using 203.6% CPU
Optimizing NNI: done in 0.250972 secs using 230.8% CPU
Optimizing NNI: done in 0.204724 secs using 221.6% CPU
Optimizing NNI: done in 0.20391 secs using 220.6% CPU
Optimizing NNI: done in 0.197881 secs using 223.8% CPU
Optimizing NNI: done in 0.193465 secs using 234.9% CPU
Iteration 60 / LogL: -2111.002 / Time: 0h:1m:4s (0h:0m:21s left)
Optimizing NNI: done in 0.183389 secs using 221.7% CPU
Optimizing NNI: done in 0.323833 secs using 224.3% CPU
Optimizing NNI: done in 0.211259 secs using 231.9% CPU
Optimizing NNI: done in 0.24114 secs using 188.1% CPU
Optimizing NNI: done in 0.108784 secs using 229.3% CPU
Optimizing NNI: done in 0.234337 secs using 217.7% CPU
Optimizing NNI: done in 0.214976 secs using 224.3% CPU
Optimizing NNI: done in 0.230578 secs using 223.9% CPU
Optimizing NNI: done in 0.250426 secs using 217.8% CPU
Optimizing NNI: done in 0.150241 secs using 228.8% CPU
Iteration 70 / LogL: -2111.002 / Time: 0h:1m:6s (0h:0m:18s left)
Optimizing NNI: done in 0.0865866 secs using 187.1% CPU
Optimizing NNI: done in 0.0852489 secs using 217.2% CPU
BETTER TREE FOUND at iteration 72: -2111.002
Optimizing NNI: done in 0.242453 secs using 226.8% CPU
Optimizing NNI: done in 0.171215 secs using 224.9% CPU
Optimizing NNI: done in 0.355692 secs using 212.8% CPU
Optimizing NNI: done in 0.421599 secs using 199.4% CPU
Optimizing NNI: done in 0.167494 secs using 218.5% CPU
Optimizing NNI: done in 0.188533 secs using 225.3% CPU
Optimizing NNI: done in 0.24828 secs using 219% CPU
Optimizing NNI: done in 0.251454 secs using 216.2% CPU
Iteration 80 / LogL: -2111.002 / Time: 0h:1m:8s (0h:0m:22s left)
Optimizing NNI: done in 0.206285 secs using 210.6% CPU
Optimizing NNI: done in 0.296398 secs using 227.5% CPU
Optimizing NNI: done in 0.16161 secs using 226.8% CPU
Optimizing NNI: done in 0.26775 secs using 222.4% CPU
Optimizing NNI: done in 0.204914 secs using 205.1% CPU
Optimizing NNI: done in 0.254956 secs using 221.8% CPU
Optimizing NNI: done in 0.209606 secs using 228.4% CPU
Optimizing NNI: done in 0.20812 secs using 231.5% CPU
Optimizing NNI: done in 0.351342 secs using 224.4% CPU
Optimizing NNI: done in 0.212324 secs using 221% CPU
UPDATE BEST LOG-LIKELIHOOD: -2111.002
Iteration 90 / LogL: -2111.002 / Time: 0h:1m:10s (0h:0m:20s left)
Optimizing NNI: done in 0.295101 secs using 223.3% CPU
Optimizing NNI: done in 0.248093 secs using 229.5% CPU
Optimizing NNI: done in 0.210982 secs using 214.6% CPU
Optimizing NNI: done in 0.363978 secs using 223.2% CPU
Optimizing NNI: done in 0.352838 secs using 196% CPU
Optimizing NNI: done in 0.175276 secs using 218.8% CPU
Optimizing NNI: done in 0.274266 secs using 220.6% CPU
Optimizing NNI: done in 0.248819 secs using 226.1% CPU
Optimizing NNI: done in 0.189063 secs using 221.9% CPU
Optimizing NNI: done in 0.145326 secs using 232.8% CPU
Iteration 100 / LogL: -2113.287 / Time: 0h:1m:13s (0h:0m:17s left)
Log-likelihood cutoff on original alignment: -2138.824
NOTE: Bootstrap correlation coefficient of split occurrence frequencies: 0.986
NOTE: UFBoot does not converge, continue at least 100 more iterations
Optimizing NNI: done in 0.136889 secs using 220.8% CPU
Optimizing NNI: done in 0.202785 secs using 211.6% CPU
Optimizing NNI: done in 0.309615 secs using 215% CPU
Optimizing NNI: done in 0.0809688 secs using 215.2% CPU
Optimizing NNI: done in 0.214021 secs using 233.3% CPU
Optimizing NNI: done in 0.273586 secs using 217.3% CPU
Optimizing NNI: done in 0.074636 secs using 203.7% CPU
Optimizing NNI: done in 0.190823 secs using 233.7% CPU
Optimizing NNI: done in 0.179105 secs using 231.8% CPU
Optimizing NNI: done in 0.218741 secs using 220.8% CPU
Iteration 110 / LogL: -2111.003 / Time: 0h:1m:15s (0h:0m:21s left)
Optimizing NNI: done in 0.239458 secs using 229.1% CPU
Optimizing NNI: done in 0.141108 secs using 228.3% CPU
Optimizing NNI: done in 0.243124 secs using 215.9% CPU
Optimizing NNI: done in 0.290854 secs using 225.8% CPU
Optimizing NNI: done in 0.245767 secs using 221.6% CPU
Optimizing NNI: done in 0.274654 secs using 230.3% CPU
Optimizing NNI: done in 0.214631 secs using 225.4% CPU
Optimizing NNI: done in 0.272361 secs using 225.3% CPU
Optimizing NNI: done in 0.128252 secs using 241.4% CPU
BETTER TREE FOUND at iteration 119: -2111.002
Optimizing NNI: done in 0.168679 secs using 229% CPU
Iteration 120 / LogL: -2113.073 / Time: 0h:1m:17s (0h:0m:23s left)
Optimizing NNI: done in 0.260054 secs using 230.4% CPU
Optimizing NNI: done in 0.219667 secs using 214.8% CPU
Optimizing NNI: done in 0.299387 secs using 230.6% CPU
Optimizing NNI: done in 0.297699 secs using 199.3% CPU
Optimizing NNI: done in 0.230659 secs using 213.5% CPU
Optimizing NNI: done in 0.136104 secs using 230.9% CPU
Optimizing NNI: done in 0.208733 secs using 235.7% CPU
Optimizing NNI: done in 0.204264 secs using 224.7% CPU
Optimizing NNI: done in 0.0733277 secs using 224.8% CPU
Optimizing NNI: done in 0.246434 secs using 231.4% CPU
Iteration 130 / LogL: -2113.073 / Time: 0h:1m:19s (0h:0m:21s left)
Optimizing NNI: done in 0.222358 secs using 221.7% CPU
Optimizing NNI: done in 0.184113 secs using 231.1% CPU
Optimizing NNI: done in 0.207889 secs using 227.9% CPU
Optimizing NNI: done in 0.228836 secs using 221.8% CPU
Optimizing NNI: done in 0.231291 secs using 232% CPU
Optimizing NNI: done in 0.370065 secs using 180.7% CPU
Optimizing NNI: done in 0.148356 secs using 219.6% CPU
Optimizing NNI: done in 0.105621 secs using 223% CPU
Optimizing NNI: done in 0.230514 secs using 228.6% CPU
Optimizing NNI: done in 0.221396 secs using 227.9% CPU
Iteration 140 / LogL: -2115.386 / Time: 0h:1m:22s (0h:0m:18s left)
Optimizing NNI: done in 0.25175 secs using 226.1% CPU
Optimizing NNI: done in 0.19192 secs using 232.8% CPU
Optimizing NNI: done in 0.239101 secs using 227.7% CPU
Optimizing NNI: done in 0.27208 secs using 220.9% CPU
Optimizing NNI: done in 0.314176 secs using 227.4% CPU
Optimizing NNI: done in 0.18317 secs using 222.4% CPU
Optimizing NNI: done in 0.161045 secs using 228.2% CPU
Optimizing NNI: done in 0.23382 secs using 228.3% CPU
Optimizing NNI: done in 0.293854 secs using 194.4% CPU
Optimizing NNI: done in 0.149558 secs using 221.2% CPU
Iteration 150 / LogL: -2111.002 / Time: 0h:1m:24s (0h:0m:16s left)
Log-likelihood cutoff on original alignment: -2138.824
Optimizing NNI: done in 0.226976 secs using 228.7% CPU
Optimizing NNI: done in 0.0687654 secs using 222.4% CPU
Optimizing NNI: done in 0.260836 secs using 220.4% CPU
Optimizing NNI: done in 0.201484 secs using 224% CPU
Optimizing NNI: done in 0.211404 secs using 228.2% CPU
Optimizing NNI: done in 0.260365 secs using 229.2% CPU
Optimizing NNI: done in 0.258229 secs using 229.6% CPU
Optimizing NNI: done in 0.186651 secs using 230.5% CPU
Optimizing NNI: done in 0.196639 secs using 224.5% CPU
Optimizing NNI: done in 0.229078 secs using 212.6% CPU
Iteration 160 / LogL: -2111.003 / Time: 0h:1m:26s (0h:0m:13s left)
Optimizing NNI: done in 0.255211 secs using 224% CPU
Optimizing NNI: done in 0.197088 secs using 224.7% CPU
Optimizing NNI: done in 0.297874 secs using 224.8% CPU
Optimizing NNI: done in 0.260542 secs using 213.6% CPU
Optimizing NNI: done in 0.288626 secs using 223.7% CPU
Optimizing NNI: done in 0.171448 secs using 222.2% CPU
Optimizing NNI: done in 0.212763 secs using 216.8% CPU
Optimizing NNI: done in 0.223258 secs using 229.2% CPU
Optimizing NNI: done in 0.232133 secs using 206.8% CPU
Optimizing NNI: done in 0.263461 secs using 227.5% CPU
Iteration 170 / LogL: -2111.003 / Time: 0h:1m:29s (0h:0m:11s left)
Optimizing NNI: done in 0.219568 secs using 229.2% CPU
Optimizing NNI: done in 0.0758804 secs using 201.5% CPU
Optimizing NNI: done in 0.277922 secs using 203.1% CPU
Optimizing NNI: done in 0.324475 secs using 218.8% CPU
Optimizing NNI: done in 0.0867406 secs using 227.1% CPU
Optimizing NNI: done in 0.1798 secs using 223.5% CPU
Optimizing NNI: done in 0.254652 secs using 219.5% CPU
Optimizing NNI: done in 0.221972 secs using 225.5% CPU
Optimizing NNI: done in 0.179077 secs using 231% CPU
Optimizing NNI: done in 0.254339 secs using 219% CPU
Iteration 180 / LogL: -2111.002 / Time: 0h:1m:31s (0h:0m:9s left)
Optimizing NNI: done in 0.242571 secs using 226.6% CPU
Optimizing NNI: done in 0.25247 secs using 218.7% CPU
Optimizing NNI: done in 0.275266 secs using 225.3% CPU
Optimizing NNI: done in 0.280916 secs using 227.8% CPU
Optimizing NNI: done in 0.20569 secs using 219.3% CPU
Optimizing NNI: done in 0.234958 secs using 226% CPU
Optimizing NNI: done in 0.222127 secs using 220.6% CPU
Optimizing NNI: done in 0.070862 secs using 216.7% CPU
Optimizing NNI: done in 0.15208 secs using 218.9% CPU
Optimizing NNI: done in 0.296677 secs using 211.8% CPU
Iteration 190 / LogL: -2115.384 / Time: 0h:1m:33s (0h:0m:6s left)
Optimizing NNI: done in 0.197122 secs using 230.8% CPU
Optimizing NNI: done in 0.20871 secs using 228.5% CPU
Optimizing NNI: done in 0.316396 secs using 189.7% CPU
Optimizing NNI: done in 0.231313 secs using 215.5% CPU
Optimizing NNI: done in 0.234064 secs using 224.2% CPU
Optimizing NNI: done in 0.106827 secs using 229.5% CPU
Optimizing NNI: done in 0.231561 secs using 214.7% CPU
Optimizing NNI: done in 0.0837588 secs using 233.1% CPU
Optimizing NNI: done in 0.0777172 secs using 220.1% CPU
Optimizing NNI: done in 0.174892 secs using 235.2% CPU
Iteration 200 / LogL: -2111.002 / Time: 0h:1m:35s (0h:0m:4s left)
Log-likelihood cutoff on original alignment: -2138.824
NOTE: Bootstrap correlation coefficient of split occurrence frequencies: 0.991
Optimizing NNI: done in 0.24343 secs using 224.4% CPU
Optimizing NNI: done in 0.199328 secs using 226.2% CPU
Optimizing NNI: done in 0.0416683 secs using 227.4% CPU
Optimizing NNI: done in 0.200049 secs using 220.1% CPU
Optimizing NNI: done in 0.159986 secs using 219.7% CPU
Optimizing NNI: done in 0.219446 secs using 229.6% CPU
Optimizing NNI: done in 0.327869 secs using 219% CPU
Optimizing NNI: done in 0.189009 secs using 220.6% CPU
Optimizing NNI: done in 0.142897 secs using 227.4% CPU
Optimizing NNI: done in 0.210832 secs using 226.1% CPU
Iteration 210 / LogL: -2111.002 / Time: 0h:1m:37s (0h:0m:20s left)
Optimizing NNI: done in 0.210723 secs using 216.8% CPU
Optimizing NNI: done in 0.16133 secs using 228.5% CPU
Optimizing NNI: done in 0.223269 secs using 218.9% CPU
Optimizing NNI: done in 0.269318 secs using 222% CPU
Optimizing NNI: done in 0.18303 secs using 237% CPU
Optimizing NNI: done in 0.137258 secs using 233.1% CPU
Optimizing NNI: done in 0.183875 secs using 228.7% CPU
Optimizing NNI: done in 0.18598 secs using 225.6% CPU
Optimizing NNI: done in 0.329783 secs using 220.4% CPU
Optimizing NNI: done in 0.291554 secs using 195.3% CPU
Iteration 220 / LogL: -2113.072 / Time: 0h:1m:39s (0h:0m:18s left)
TREE SEARCH COMPLETED AFTER 220 ITERATIONS / Time: 0h:1m:39s

--------------------------------------------------------------------
|                    FINALIZING TREE SEARCH                        |
--------------------------------------------------------------------
Performs final model parameters optimization
Estimate model parameters (epsilon = 0.010)
Initial log-likelihood: -2111.002
Current log-likelihood at step 1: -2110.957
Current log-likelihood at step 2: -2110.928
Current log-likelihood at step 3: -2110.909
Current log-likelihood at step 4: -2110.899
Current log-likelihood at step 5: -2110.892
Partition-specific rates:  1.000
Parameters optimization took 4 rounds (0.158 sec)

Partition information was printed to 10_supermatrix_files/partition.txt.best_model.nex
BEST SCORE FOUND : -2110.892

Testing tree branches by SH-like aLRT with 1000 replicates...
0.133 sec.
Creating bootstrap support values...
Split supports printed to NEXUS file 10_supermatrix_files/partition.txt.splits.nex
Total tree length: 0.407

Total number of iterations: 220
CPU time used for tree search: 110.883 sec (0h:1m:50s)
Wall-clock time used for tree search: 50.432 sec (0h:0m:50s)
Total CPU time used: 178.782 sec (0h:2m:58s)
Total wall-clock time used: 99.961 sec (0h:1m:39s)

Computing bootstrap consensus tree...
Reading input file 10_supermatrix_files/partition.txt.splits.nex...
22 taxa and 238 splits.
Consensus tree written to 10_supermatrix_files/partition.txt.contree
Reading input trees file 10_supermatrix_files/partition.txt.contree
Log-likelihood of consensus tree: -2110.899

Analysis results written to: 
  IQ-TREE report:                10_supermatrix_files/partition.txt.iqtree
  Maximum-likelihood tree:       10_supermatrix_files/partition.txt.treefile
  Likelihood distances:          10_supermatrix_files/partition.txt.mldist
  Best partitioning scheme:      10_supermatrix_files/partition.txt.best_scheme.nex
           in RAxML format:      10_supermatrix_files/partition.txt.best_scheme

Ultrafast bootstrap approximation results written to:
  Split support values:          10_supermatrix_files/partition.txt.splits.nex
  Consensus tree:                10_supermatrix_files/partition.txt.contree
  Screen log file:               10_supermatrix_files/partition.txt.log

Date and Time: Fri Nov 28 12:56:01 2025
