IQ-TREE multicore version 2.0.7 for Linux 64-bit built Apr  1 2024
Developed by Bui Quang Minh, Nguyen Lam Tung, Olga Chernomor,
Heiko Schmidt, Dominik Schrempf, Michael Woodhams.

Host:    thecomputer2 (AVX512, FMA3, 31 GB RAM)
Command: iqtree2 -s 9_alignment_files/sampleA_part_2_alignment.afa -m MFP -B 1000 -bnni -nt AUTO -redo
Seed:    358233 (Using SPRNG - Scalable Parallel Random Number Generator)
Time:    Tue Nov 18 12:59:18 2025
Kernel:  AVX+FMA - auto-detect threads (8 CPU cores detected)

Reading alignment file 9_alignment_files/sampleA_part_2_alignment.afa ... Fasta format detected
Alignment most likely contains protein sequences
WARNING: 4 sites contain only gaps or ambiguous characters.
Alignment has 16 sequences with 185 columns, 83 distinct patterns
1 parsimony-informative, 41 singleton sites, 143 constant sites
WARNING: Some sequence names are changed as follows:
OZ205431.1:1192235-1192738 -> OZ205431.1_1192235-1192738
AB201259.1:5893-6395 -> AB201259.1_5893-6395
PQ997938.1:5892-6394 -> PQ997938.1_5892-6394
AP006468.1:5896-6398 -> AP006468.1_5896-6398
NC_006926.1:5895-6397 -> NC_006926.1_5895-6397
AP006471.1:5897-6399 -> AP006471.1_5897-6399
OZ004775.1:42802400-42802905 -> OZ004775.1_42802400-42802905
DQ095155.1:526-1031 -> DQ095155.1_526-1031
AB201257.1:5887-6392 -> AB201257.1_5887-6392
AP006472.1:5890-6395 -> AP006472.1_5890-6395
AP006475.1:5885-6390 -> AP006475.1_5885-6390
DQ095154.1:526-1031 -> DQ095154.1_526-1031
NC_006931.1:5886-6391 -> NC_006931.1_5886-6391
MW645456.1:5890-6395 -> MW645456.1_5890-6395
OQ554145.1:5890-6395 -> OQ554145.1_5890-6395

                              Gap/Ambiguity  Composition  p-value
   1  OZ205431.1_1192235-1192738     12.97%    failed      0.00%
   2  AB201259.1_5893-6395            9.73%    passed    100.00%
   3  PQ997938.1_5892-6394            9.73%    passed    100.00%
   4  AP006468.1_5896-6398            9.73%    passed    100.00%
   5  NC_006926.1_5895-6397           9.73%    passed    100.00%
   6  AP006471.1_5897-6399            9.73%    passed    100.00%
   7  sampleA_part_2                  8.11%    passed    100.00%
   8  OZ004775.1_42802400-42802905    9.73%    passed    100.00%
   9  DQ095155.1_526-1031             9.19%    passed    100.00%
  10  AB201257.1_5887-6392            9.19%    passed    100.00%
  11  AP006472.1_5890-6395            9.19%    passed    100.00%
  12  AP006475.1_5885-6390            9.19%    passed    100.00%
  13  DQ095154.1_526-1031             9.19%    passed    100.00%
  14  NC_006931.1_5886-6391           9.19%    passed    100.00%
  15  MW645456.1_5890-6395            9.19%    passed    100.00%
  16  OQ554145.1_5890-6395            9.19%    passed    100.00%
****  TOTAL                           9.56%  1 sequences failed composition chi2 test (p-value<5%; df=19)
NOTE: PQ997938.1_5892-6394 is identical to AB201259.1_5893-6395 but kept for subsequent analysis
NOTE: AB201257.1_5887-6392 is identical to DQ095155.1_526-1031 but kept for subsequent analysis
NOTE: 6 identical sequences (see below) will be ignored for subsequent analysis
NOTE: AP006468.1_5896-6398 (identical to AB201259.1_5893-6395) is ignored but added at the end
NOTE: AP006472.1_5890-6395 (identical to DQ095155.1_526-1031) is ignored but added at the end
NOTE: AP006475.1_5885-6390 (identical to DQ095155.1_526-1031) is ignored but added at the end
NOTE: DQ095154.1_526-1031 (identical to DQ095155.1_526-1031) is ignored but added at the end
NOTE: NC_006931.1_5886-6391 (identical to DQ095155.1_526-1031) is ignored but added at the end
NOTE: MW645456.1_5890-6395 (identical to DQ095155.1_526-1031) is ignored but added at the end
Alignment was printed to 9_alignment_files/sampleA_part_2_alignment.afa.uniqueseq.phy

For your convenience alignment with unique sequences printed to 9_alignment_files/sampleA_part_2_alignment.afa.uniqueseq.phy


Create initial parsimony tree by phylogenetic likelihood library (PLL)... 0.000 seconds
Measuring multi-threading efficiency up to 8 CPU cores
Increase to 10 rounds for branch lengths
1370 trees examined
Threads: 1 / Time: 8.006 sec / Speedup: 1.000 / Efficiency: 100% / LogL: -793
Threads: 2 / Time: 4.965 sec / Speedup: 1.613 / Efficiency: 81% / LogL: -793
Threads: 3 / Time: 3.864 sec / Speedup: 2.072 / Efficiency: 69% / LogL: -793
Threads: 4 / Time: 3.221 sec / Speedup: 2.486 / Efficiency: 62% / LogL: -793
Threads: 5 / Time: 3.725 sec / Speedup: 2.149 / Efficiency: 43% / LogL: -793
BEST NUMBER OF THREADS: 4

Perform fast likelihood tree search using LG+I+G model...
Estimate model parameters (epsilon = 5.000)
Perform nearest neighbor interchange...
Estimate model parameters (epsilon = 1.000)
1. Initial log-likelihood: -790.468
Optimal log-likelihood: -790.467
Proportion of invariable sites: 0.385
Gamma shape alpha: 0.840
Parameters optimization took 1 rounds (0.004 sec)
Time for fast ML tree search: 0.024 seconds

NOTE: ModelFinder requires 2 MB RAM!
ModelFinder will test up to 546 protein models (sample size: 185) ...
 No. Model         -LnL         df  AIC          AICc         BIC
  1  LG            794.945      17  1623.890     1627.555     1678.636
  2  LG+I          790.532      18  1617.064     1621.184     1675.030
  3  LG+G4         790.368      18  1616.735     1620.856     1674.702
  4  LG+I+G4       790.467      19  1618.935     1623.541     1680.122
  5  LG+R2         791.230      19  1620.460     1625.066     1681.646
  6  LG+R3         790.520      21  1623.041     1628.710     1690.668
 14  LG+F          773.945      36  1619.890     1637.890     1735.822
 15  LG+F+I        766.678      37  1607.356     1626.485     1726.509
 16  LG+F+G4       766.995      37  1607.990     1627.119     1727.143
 17  LG+F+I+G4     767.290      38  1610.581     1630.882     1732.954
 18  LG+F+R2       768.198      38  1612.396     1632.698     1734.770
 27  WAG           786.795      17  1607.591     1611.256     1662.337
 28  WAG+I         785.092      18  1606.185     1610.305     1664.151
 29  WAG+G4        784.942      18  1605.885     1610.005     1663.851
 30  WAG+I+G4      784.990      19  1607.981     1612.587     1669.167
 31  WAG+R2        785.555      19  1609.109     1613.715     1670.296
 40  WAG+F         768.757      36  1609.514     1627.514     1725.447
 41  WAG+F+I       765.279      37  1604.558     1623.687     1723.711
 42  WAG+F+G4      765.420      37  1604.840     1623.969     1723.993
 43  WAG+F+I+G4    765.469      38  1606.939     1627.240     1729.312
 44  WAG+F+R2      766.359      38  1608.718     1629.019     1731.091
 53  JTT           791.326      17  1616.651     1620.316     1671.397
 54  JTT+I         786.953      18  1609.905     1614.026     1667.872
 55  JTT+G4        786.541      18  1609.081     1613.202     1667.047
 56  JTT+I+G4      786.594      19  1611.188     1615.794     1672.374
 57  JTT+R2        786.997      19  1611.993     1616.600     1673.180
 66  JTT+F         773.474      36  1618.947     1636.947     1734.880
 67  JTT+F+I       767.222      37  1608.444     1627.573     1727.597
 68  JTT+F+G4      767.055      37  1608.110     1627.239     1727.263
 69  JTT+F+I+G4    767.262      38  1610.525     1630.826     1732.898
 70  JTT+F+R2      767.876      38  1611.752     1632.054     1734.126
 79  JTTDCMut      790.731      17  1615.463     1619.128     1670.209
 80  JTTDCMut+I    786.575      18  1609.151     1613.271     1667.117
 81  JTTDCMut+G4   786.192      18  1608.384     1612.504     1666.350
 82  JTTDCMut+I+G4 786.242      19  1610.483     1615.089     1671.670
 83  JTTDCMut+R2   786.726      19  1611.451     1616.057     1672.638
 92  JTTDCMut+F    772.913      36  1617.826     1635.826     1733.759
 93  JTTDCMut+F+I  766.878      37  1607.756     1626.885     1726.909
 94  JTTDCMut+F+G4 766.742      37  1607.484     1626.613     1726.637
 95  JTTDCMut+F+I+G4 766.931      38  1609.863     1630.164     1732.236
 96  JTTDCMut+F+R2 767.537      38  1611.073     1631.375     1733.447
105  DCMut         799.016      17  1632.033     1635.697     1686.779
106  DCMut+I       794.735      18  1625.469     1629.590     1683.435
107  DCMut+G4      794.214      18  1624.427     1628.548     1682.394
108  DCMut+I+G4    794.244      19  1626.488     1631.094     1687.675
109  DCMut+R2      794.561      19  1627.121     1631.727     1688.308
118  DCMut+F       772.505      36  1617.009     1635.009     1732.942
119  DCMut+F+I     766.206      37  1606.412     1625.541     1725.565
120  DCMut+F+G4    766.087      37  1606.173     1625.302     1725.326
121  DCMut+F+I+G4  766.250      38  1608.500     1628.801     1730.873
122  DCMut+F+R2    766.867      38  1609.733     1630.035     1732.107
131  VT            785.905      17  1605.811     1609.475     1660.557
132  VT+I          785.345      18  1606.691     1610.811     1664.657
133  VT+G4         785.269      18  1606.538     1610.658     1664.504
134  VT+I+G4       785.335      19  1608.671     1613.277     1669.857
135  VT+R2         785.372      19  1608.744     1613.350     1669.931
144  VT+F          766.883      36  1605.765     1623.765     1721.698
145  VT+F+I        765.460      37  1604.920     1624.049     1724.073
146  VT+F+G4       765.475      37  1604.951     1624.080     1724.104
147  VT+F+I+G4     765.480      38  1606.959     1627.261     1729.333
148  VT+F+R2       765.901      38  1607.803     1628.104     1730.176
157  PMB           781.022      17  1596.044     1599.709     1650.790
158  PMB+I         780.688      18  1597.376     1601.496     1655.342
159  PMB+G4        780.655      18  1597.309     1601.430     1655.276
160  PMB+I+G4      780.711      19  1599.423     1604.029     1660.610
161  PMB+R2        780.671      19  1599.342     1603.948     1660.529
170  PMB+F         767.052      36  1606.104     1624.104     1722.036
171  PMB+F+I       765.769      37  1605.538     1624.667     1724.691
172  PMB+F+G4      765.859      37  1605.719     1624.848     1724.872
173  PMB+F+I+G4    765.825      38  1607.649     1627.950     1730.023
174  PMB+F+R2      766.150      38  1608.300     1628.601     1730.674
183  Blosum62      785.715      17  1605.429     1609.094     1660.175
184  Blosum62+I    785.016      18  1606.033     1610.153     1663.999
185  Blosum62+G4   784.921      18  1605.841     1609.962     1663.808
186  Blosum62+I+G4 784.993      19  1607.985     1612.591     1669.172
187  Blosum62+R2   785.062      19  1608.125     1612.731     1669.311
196  Blosum62+F    768.025      36  1608.050     1626.050     1723.982
197  Blosum62+F+I  766.395      37  1606.791     1625.920     1725.944
198  Blosum62+F+G4 766.393      37  1606.787     1625.916     1725.940
199  Blosum62+F+I+G4 766.404      38  1608.809     1629.110     1731.182
200  Blosum62+F+R2 766.880      38  1609.760     1630.062     1732.134
209  Dayhoff       799.126      17  1632.252     1635.917     1686.998
210  Dayhoff+I     794.762      18  1625.525     1629.645     1683.491
211  Dayhoff+G4    794.234      18  1624.468     1628.588     1682.434
212  Dayhoff+I+G4  794.265      19  1626.530     1631.136     1687.716
213  Dayhoff+R2    794.579      19  1627.158     1631.764     1688.345
222  Dayhoff+F     772.601      36  1617.201     1635.201     1733.134
223  Dayhoff+F+I   766.202      37  1606.403     1625.533     1725.556
224  Dayhoff+F+G4  766.082      37  1606.165     1625.294     1725.318
225  Dayhoff+F+I+G4 766.251      38  1608.502     1628.803     1730.875
226  Dayhoff+F+R2  766.876      38  1609.752     1630.053     1732.125
235  mtREV         788.776      17  1611.552     1615.217     1666.298
236  mtREV+I       778.590      18  1593.181     1597.301     1651.147
237  mtREV+G4      777.830      18  1591.660     1595.781     1649.627
238  mtREV+I+G4    778.445      19  1594.890     1599.496     1656.077
239  mtREV+R2      779.522      19  1597.044     1601.651     1658.231
248  mtREV+F       780.983      36  1633.966     1651.966     1749.898
249  mtREV+F+I     769.924      37  1613.848     1632.977     1733.001
250  mtREV+F+G4    769.654      37  1613.307     1632.436     1732.460
251  mtREV+F+I+G4  770.255      38  1616.511     1636.812     1738.884
252  mtREV+F+R2    771.942      38  1619.884     1640.186     1742.258
261  mtART         798.524      17  1631.049     1634.714     1685.795
262  mtART+I       778.855      18  1593.710     1597.830     1651.676
263  mtART+G4      779.297      18  1594.594     1598.714     1652.560
264  mtART+I+G4    780.628      19  1599.257     1603.863     1660.443
265  mtART+R2      785.192      19  1608.384     1612.990     1669.570
274  mtART+F       790.081      36  1652.162     1670.162     1768.095
275  mtART+F+I     769.778      37  1613.557     1632.686     1732.710
276  mtART+F+G4    770.511      37  1615.023     1634.152     1734.176
277  mtART+F+I+G4  771.799      38  1619.597     1639.898     1741.971
278  mtART+F+R2    776.751      38  1629.502     1649.803     1751.876
287  mtZOA         789.031      17  1612.062     1615.726     1666.808
288  mtZOA+I       774.174      18  1584.347     1588.468     1642.314
289  mtZOA+G4      774.135      18  1584.270     1588.391     1642.237
290  mtZOA+I+G4    775.185      19  1588.371     1592.977     1649.557
291  mtZOA+R2      778.094      19  1594.189     1598.795     1655.376
300  mtZOA+F       783.441      36  1638.883     1656.883     1754.815
301  mtZOA+F+I     768.675      37  1611.350     1630.480     1730.503
302  mtZOA+F+G4    768.865      37  1611.731     1630.860     1730.884
303  mtZOA+F+I+G4  769.805      38  1615.610     1635.912     1737.984
304  mtZOA+F+R2    772.828      38  1621.657     1641.958     1744.030
313  mtMet         795.366      17  1624.732     1628.397     1679.478
314  mtMet+I       783.377      18  1602.754     1606.874     1660.720
315  mtMet+G4      782.952      18  1601.905     1606.025     1659.871
316  mtMet+I+G4    783.615      19  1605.230     1609.836     1666.417
317  mtMet+R2      785.281      19  1608.563     1613.169     1669.749
326  mtMet+F       782.831      36  1637.662     1655.662     1753.595
327  mtMet+F+I     769.275      37  1612.550     1631.680     1731.704
328  mtMet+F+G4    769.345      37  1612.691     1631.820     1731.844
329  mtMet+F+I+G4  770.064      38  1616.128     1636.429     1738.501
330  mtMet+F+R2    772.487      38  1620.973     1641.274     1743.347
339  mtVer         800.341      17  1634.682     1638.347     1689.428
340  mtVer+I       781.591      18  1599.183     1603.303     1657.149
341  mtVer+G4      781.286      18  1598.573     1602.693     1656.539
342  mtVer+I+G4    782.579      19  1603.158     1607.764     1664.345
343  mtVer+R2      785.842      19  1609.683     1614.289     1670.870
352  mtVer+F       788.416      36  1648.831     1666.831     1764.764
353  mtVer+F+I     769.351      37  1612.701     1631.831     1731.855
354  mtVer+F+G4    769.319      37  1612.637     1631.766     1731.790
355  mtVer+F+I+G4  770.334      38  1616.668     1636.969     1739.041
356  mtVer+F+R2    774.228      38  1624.456     1644.757     1746.829
365  mtInv         801.535      17  1637.071     1640.735     1691.817
366  mtInv+I       793.843      18  1623.685     1627.806     1681.652
367  mtInv+G4      793.503      18  1623.006     1627.126     1680.972
368  mtInv+I+G4    793.785      19  1625.569     1630.175     1686.756
369  mtInv+R2      794.592      19  1627.184     1631.790     1688.370
378  mtInv+F       775.681      36  1623.362     1641.362     1739.295
379  mtInv+F+I     767.763      37  1609.526     1628.655     1728.679
380  mtInv+F+G4    767.579      37  1609.158     1628.287     1728.311
381  mtInv+F+I+G4  767.899      38  1611.799     1632.100     1734.172
382  mtInv+F+R2    768.857      38  1613.714     1634.015     1736.087
391  mtMAM         801.880      17  1637.761     1641.425     1692.507
392  mtMAM+I       778.730      18  1593.459     1597.580     1651.426
393  mtMAM+G4      778.343      18  1592.686     1596.807     1650.653
394  mtMAM+I+G4    780.148      19  1598.295     1602.901     1659.482
395  mtMAM+R2      785.601      19  1609.202     1613.808     1670.389
404  mtMAM+F       795.346      36  1662.693     1680.693     1778.626
405  mtMAM+F+I     769.657      37  1613.315     1632.444     1732.468
406  mtMAM+F+G4    770.051      37  1614.101     1633.230     1733.254
407  mtMAM+F+I+G4  771.951      38  1619.901     1640.202     1742.275
408  mtMAM+F+R2    779.102      38  1634.204     1654.506     1756.578
417  HIVb          814.982      17  1663.964     1667.629     1718.710
418  HIVb+I        796.279      18  1628.558     1632.678     1686.524
419  HIVb+G4       795.661      18  1627.321     1631.442     1685.288
420  HIVb+I+G4     796.318      19  1630.636     1635.242     1691.823
421  HIVb+R2       798.593      19  1635.186     1639.792     1696.373
430  HIVb+F        791.142      36  1654.284     1672.284     1770.217
431  HIVb+F+I      769.549      37  1613.098     1632.228     1732.252
432  HIVb+F+G4     769.701      37  1613.402     1632.531     1732.555
433  HIVb+F+I+G4   770.583      38  1617.166     1637.467     1739.539
434  HIVb+F+R2     774.062      38  1624.125     1644.426     1746.498
443  HIVw          834.834      17  1703.669     1707.334     1758.415
444  HIVw+I        814.064      18  1664.128     1668.248     1722.094
445  HIVw+G4       812.359      18  1660.717     1664.838     1718.684
446  HIVw+I+G4     812.969      19  1663.939     1668.545     1725.126
447  HIVw+R2       815.594      19  1669.188     1673.794     1730.375
456  HIVw+F        798.428      36  1668.857     1686.857     1784.790
457  HIVw+F+I      775.559      37  1625.117     1644.246     1744.270
458  HIVw+F+G4     774.758      37  1623.516     1642.646     1742.669
459  HIVw+F+I+G4   775.561      38  1627.122     1647.423     1749.495
460  HIVw+F+R2     779.560      38  1635.120     1655.422     1757.494
469  FLU           807.584      17  1649.168     1652.833     1703.914
470  FLU+I         796.507      18  1629.014     1633.134     1686.980
471  FLU+G4        796.016      18  1628.032     1632.152     1685.998
472  FLU+I+G4      796.353      19  1630.705     1635.311     1691.892
473  FLU+R2        797.921      19  1633.843     1638.449     1695.029
482  FLU+F         784.785      36  1641.570     1659.570     1757.502
483  FLU+F+I       769.395      37  1612.789     1631.919     1731.943
484  FLU+F+G4      770.055      37  1614.109     1633.238     1733.262
485  FLU+F+I+G4    770.749      38  1617.499     1637.800     1739.872
486  FLU+F+R2      773.729      38  1623.458     1643.760     1745.832
495  rtREV         786.849      17  1607.697     1611.362     1662.443
496  rtREV+I       785.809      18  1607.617     1611.738     1665.584
497  rtREV+G4      785.818      18  1607.636     1611.757     1665.603
498  rtREV+I+G4    785.815      19  1609.630     1614.236     1670.817
499  rtREV+R2      786.003      19  1610.007     1614.613     1671.193
508  rtREV+F       767.972      36  1607.944     1625.944     1723.877
509  rtREV+F+I     764.773      37  1603.545     1622.674     1722.698
510  rtREV+F+G4    764.951      37  1603.902     1623.031     1723.055
511  rtREV+F+I+G4  765.002      38  1606.004     1626.306     1728.378
512  rtREV+F+R2    765.884      38  1607.767     1628.068     1730.141
521  cpREV         784.511      17  1603.021     1606.686     1657.767
522  cpREV+I       781.067      18  1598.134     1602.255     1656.101
523  cpREV+G4      781.218      18  1598.436     1602.556     1656.402
524  cpREV+I+G4    781.244      19  1600.488     1605.095     1661.675
525  cpREV+R2      782.065      19  1602.130     1606.736     1663.317
534  cpREV+F       767.740      36  1607.480     1625.480     1723.413
535  cpREV+F+I     763.738      37  1601.475     1620.604     1720.628
536  cpREV+F+G4    764.001      37  1602.002     1621.131     1721.155
537  cpREV+F+I+G4  764.035      38  1604.070     1624.371     1726.443
538  cpREV+F+R2    765.058      38  1606.116     1626.417     1728.489
Akaike Information Criterion:           mtZOA+G4
Corrected Akaike Information Criterion: mtZOA+G4
Bayesian Information Criterion:         mtZOA+G4
Best-fit model: mtZOA+G4 chosen according to BIC

All model information printed to 9_alignment_files/sampleA_part_2_alignment.afa.model.gz
CPU time for ModelFinder: 72.472 seconds (0h:1m:12s)
Wall-clock time for ModelFinder: 26.732 seconds (0h:0m:26s)
Generating 1000 samples for ultrafast bootstrap (seed: 358233)...

NOTE: 1 MB RAM (0 GB) is required!
Estimate model parameters (epsilon = 0.100)
1. Initial log-likelihood: -774.135
Optimal log-likelihood: -774.131
Gamma shape alpha: 0.135
Parameters optimization took 1 rounds (0.004 sec)
Computing ML distances based on estimated model parameters... 0.018 sec
Computing BIONJ tree...
0.000 seconds
Log-likelihood of BIONJ tree: -774.120
--------------------------------------------------------------------
|             INITIALIZING CANDIDATE TREE SET                      |
--------------------------------------------------------------------
Generating 98 parsimony trees... 0.024 second
Computing log-likelihood of 98 initial trees ... 0.142 seconds
Current best score: -774.119

Do NNI search on 20 best initial trees
Estimate model parameters (epsilon = 0.100)
BETTER TREE FOUND at iteration 1: -774.118
BETTER TREE FOUND at iteration 3: -774.118
BETTER TREE FOUND at iteration 8: -774.118
Iteration 10 / LogL: -774.118 / Time: 0h:0m:0s
Iteration 20 / LogL: -774.118 / Time: 0h:0m:0s
Finish initializing candidate tree set (20)
Current best tree score: -774.118 / CPU time: 0.349
Number of iterations: 20
--------------------------------------------------------------------
|               OPTIMIZING CANDIDATE TREE SET                      |
--------------------------------------------------------------------
BETTER TREE FOUND at iteration 23: -774.118
Iteration 30 / LogL: -774.119 / Time: 0h:0m:0s (0h:0m:1s left)
Iteration 40 / LogL: -774.118 / Time: 0h:0m:0s (0h:0m:1s left)
Iteration 50 / LogL: -774.118 / Time: 0h:0m:0s (0h:0m:1s left)
Iteration 60 / LogL: -774.118 / Time: 0h:0m:0s (0h:0m:0s left)
BETTER TREE FOUND at iteration 65: -774.118
Iteration 70 / LogL: -774.118 / Time: 0h:0m:0s (0h:0m:1s left)
Iteration 80 / LogL: -774.118 / Time: 0h:0m:1s (0h:0m:1s left)
Iteration 90 / LogL: -774.118 / Time: 0h:0m:1s (0h:0m:0s left)
Iteration 100 / LogL: -774.118 / Time: 0h:0m:1s (0h:0m:0s left)
Iteration 110 / LogL: -774.118 / Time: 0h:0m:1s (0h:0m:0s left)
Iteration 120 / LogL: -774.118 / Time: 0h:0m:1s (0h:0m:0s left)
Iteration 130 / LogL: -774.118 / Time: 0h:0m:1s (0h:0m:0s left)
Iteration 140 / LogL: -774.118 / Time: 0h:0m:1s (0h:0m:0s left)
Iteration 150 / LogL: -774.118 / Time: 0h:0m:1s (0h:0m:0s left)
Iteration 160 / LogL: -774.118 / Time: 0h:0m:1s (0h:0m:0s left)
Refining ufboot trees with NNI 1 branch...
100 samples done
200 samples done
300 samples done
400 samples done
500 samples done
600 samples done
700 samples done
800 samples done
900 samples done
1000 samples done
Total 958 ufboot trees refined
TREE SEARCH COMPLETED AFTER 166 ITERATIONS / Time: 0h:0m:8s

--------------------------------------------------------------------
|                    FINALIZING TREE SEARCH                        |
--------------------------------------------------------------------
Performs final model parameters optimization
Estimate model parameters (epsilon = 0.010)
1. Initial log-likelihood: -774.118
Optimal log-likelihood: -774.118
Gamma shape alpha: 0.135
Parameters optimization took 1 rounds (0.004 sec)
BEST SCORE FOUND : -774.118
Creating bootstrap support values...
Split supports printed to NEXUS file 9_alignment_files/sampleA_part_2_alignment.afa.splits.nex
Total tree length: 1.274

Total number of iterations: 166
CPU time used for tree search: 33.233 sec (0h:0m:33s)
Wall-clock time used for tree search: 8.356 sec (0h:0m:8s)
Total CPU time used: 33.453 sec (0h:0m:33s)
Total wall-clock time used: 8.413 sec (0h:0m:8s)
UFBoot trees printed to 9_alignment_files/sampleA_part_2_alignment.afa.ufboot

Computing bootstrap consensus tree...
Reading input file 9_alignment_files/sampleA_part_2_alignment.afa.splits.nex...
10 taxa and 136 splits.
Consensus tree written to 9_alignment_files/sampleA_part_2_alignment.afa.contree
Reading input trees file 9_alignment_files/sampleA_part_2_alignment.afa.contree
Log-likelihood of consensus tree: -774.121

Analysis results written to: 
  IQ-TREE report:                9_alignment_files/sampleA_part_2_alignment.afa.iqtree
  Maximum-likelihood tree:       9_alignment_files/sampleA_part_2_alignment.afa.treefile
  Likelihood distances:          9_alignment_files/sampleA_part_2_alignment.afa.mldist

Ultrafast bootstrap approximation results written to:
  Split support values:          9_alignment_files/sampleA_part_2_alignment.afa.splits.nex
  Consensus tree:                9_alignment_files/sampleA_part_2_alignment.afa.contree
  UFBoot trees:                  9_alignment_files/sampleA_part_2_alignment.afa.ufboot
  Screen log file:               9_alignment_files/sampleA_part_2_alignment.afa.log

Date and Time: Tue Nov 18 12:59:53 2025
