IQ-TREE multicore version 2.0.7 for Linux 64-bit built Apr  1 2024
Developed by Bui Quang Minh, Nguyen Lam Tung, Olga Chernomor,
Heiko Schmidt, Dominik Schrempf, Michael Woodhams.

Host:    thecomputer2 (AVX512, FMA3, 31 GB RAM)
Command: iqtree2 -s 9_alignment_files/sampleA_part_1_alignment.afa -m MFP -B 1000 -bnni -nt AUTO -redo
Seed:    883987 (Using SPRNG - Scalable Parallel Random Number Generator)
Time:    Tue Nov 18 12:58:46 2025
Kernel:  AVX+FMA - auto-detect threads (8 CPU cores detected)

Reading alignment file 9_alignment_files/sampleA_part_1_alignment.afa ... Fasta format detected
Alignment most likely contains protein sequences
WARNING: 1 sites contain only gaps or ambiguous characters.
Alignment has 16 sequences with 178 columns, 70 distinct patterns
3 parsimony-informative, 38 singleton sites, 137 constant sites
WARNING: Some sequence names are changed as follows:
OZ071514.1:802866-803387 -> OZ071514.1_802866-803387
OZ205431.1:1191713-1192233 -> OZ205431.1_1191713-1192233
AB201257.1:5362-5885 -> AB201257.1_5362-5885
AP006468.1:5371-5894 -> AP006468.1_5371-5894
EU496283.1:1-513 -> EU496283.1_1-513
DQ095155.1:1-525 -> DQ095155.1_1-525
AB201259.1:5368-5892 -> AB201259.1_5368-5892
AP006472.1:5365-5889 -> AP006472.1_5365-5889
AP006475.1:5360-5884 -> AP006475.1_5360-5884
DQ095154.1:1-525 -> DQ095154.1_1-525
NC_006931.1:5361-5885 -> NC_006931.1_5361-5885
NC_006926.1:5370-5894 -> NC_006926.1_5370-5894
MF409248.1:5369-5893 -> MF409248.1_5369-5893
MW984423.1:1-525 -> MW984423.1_1-525
AP006471.1:5372-5896 -> AP006471.1_5372-5896

                            Gap/Ambiguity  Composition  p-value
   1  OZ071514.1_802866-803387      3.93%    failed      0.00%
   2  OZ205431.1_1191713-1192233    2.81%    passed    100.00%
   3  AB201257.1_5362-5885          2.25%    passed    100.00%
   4  AP006468.1_5371-5894          2.25%    passed    100.00%
   5  EU496283.1_1-513              3.93%    passed    100.00%
   6  DQ095155.1_1-525              1.69%    passed    100.00%
   7  AB201259.1_5368-5892          1.69%    passed    100.00%
   8  AP006472.1_5365-5889          1.69%    passed    100.00%
   9  AP006475.1_5360-5884          1.69%    passed    100.00%
  10  DQ095154.1_1-525              1.69%    passed    100.00%
  11  NC_006931.1_5361-5885         1.69%    passed    100.00%
  12  NC_006926.1_5370-5894         1.69%    passed    100.00%
  13  MF409248.1_5369-5893          1.69%    passed    100.00%
  14  MW984423.1_1-525              1.69%    passed    100.00%
  15  AP006471.1_5372-5896          1.69%    passed    100.00%
  16  sampleA_part_1                4.49%    passed    100.00%
****  TOTAL                         2.28%  1 sequences failed composition chi2 test (p-value<5%; df=19)
NOTE: AB201259.1_5368-5892 is identical to DQ095155.1_1-525 but kept for subsequent analysis
NOTE: 7 identical sequences (see below) will be ignored for subsequent analysis
NOTE: AP006472.1_5365-5889 (identical to DQ095155.1_1-525) is ignored but added at the end
NOTE: AP006475.1_5360-5884 (identical to DQ095155.1_1-525) is ignored but added at the end
NOTE: DQ095154.1_1-525 (identical to DQ095155.1_1-525) is ignored but added at the end
NOTE: NC_006931.1_5361-5885 (identical to DQ095155.1_1-525) is ignored but added at the end
NOTE: NC_006926.1_5370-5894 (identical to DQ095155.1_1-525) is ignored but added at the end
NOTE: MF409248.1_5369-5893 (identical to DQ095155.1_1-525) is ignored but added at the end
NOTE: MW984423.1_1-525 (identical to DQ095155.1_1-525) is ignored but added at the end
Alignment was printed to 9_alignment_files/sampleA_part_1_alignment.afa.uniqueseq.phy

For your convenience alignment with unique sequences printed to 9_alignment_files/sampleA_part_1_alignment.afa.uniqueseq.phy


Create initial parsimony tree by phylogenetic likelihood library (PLL)... 0.001 seconds
Measuring multi-threading efficiency up to 8 CPU cores
Increase to 10 rounds for branch lengths
1847 trees examined
Threads: 1 / Time: 8.002 sec / Speedup: 1.000 / Efficiency: 100% / LogL: -777
Threads: 2 / Time: 4.960 sec / Speedup: 1.613 / Efficiency: 81% / LogL: -777
Threads: 3 / Time: 3.873 sec / Speedup: 2.066 / Efficiency: 69% / LogL: -777
Threads: 4 / Time: 3.375 sec / Speedup: 2.371 / Efficiency: 59% / LogL: -777
Threads: 5 / Time: 3.566 sec / Speedup: 2.244 / Efficiency: 45% / LogL: -777
BEST NUMBER OF THREADS: 4

Perform fast likelihood tree search using LG+I+G model...
Estimate model parameters (epsilon = 5.000)
Perform nearest neighbor interchange...
Estimate model parameters (epsilon = 1.000)
1. Initial log-likelihood: -773.053
Optimal log-likelihood: -773.051
Proportion of invariable sites: 0.383
Gamma shape alpha: 0.819
Parameters optimization took 1 rounds (0.006 sec)
Time for fast ML tree search: 0.016 seconds

NOTE: ModelFinder requires 1 MB RAM!
ModelFinder will test up to 546 protein models (sample size: 178) ...
 No. Model         -LnL         df  AIC          AICc         BIC
WARNING: Number of threads seems too high for short alignments. Use -T AUTO to determine best number of threads.
  1  LG            776.560      15  1583.121     1586.084     1630.848
WARNING: Number of threads seems too high for short alignments. Use -T AUTO to determine best number of threads.
  2  LG+I          772.884      16  1577.768     1581.147     1628.677
WARNING: Number of threads seems too high for short alignments. Use -T AUTO to determine best number of threads.
  3  LG+G4         773.007      16  1578.014     1581.393     1628.923
WARNING: Number of threads seems too high for short alignments. Use -T AUTO to determine best number of threads.
  4  LG+I+G4       773.051      17  1580.101     1583.926     1634.192
WARNING: Number of threads seems too high for short alignments. Use -T AUTO to determine best number of threads.
  5  LG+R2         774.351      17  1582.702     1586.527     1636.792
WARNING: Number of threads seems too high for short alignments. Use -T AUTO to determine best number of threads.
  6  LG+R3         773.216      19  1584.433     1589.243     1644.887
WARNING: Number of threads seems too high for short alignments. Use -T AUTO to determine best number of threads.
 14  LG+F          752.200      34  1572.400     1589.043     1680.581
WARNING: Number of threads seems too high for short alignments. Use -T AUTO to determine best number of threads.
 15  LG+F+I        745.825      35  1561.650     1579.397     1673.013
WARNING: Number of threads seems too high for short alignments. Use -T AUTO to determine best number of threads.
 16  LG+F+G4       746.210      35  1562.420     1580.167     1673.783
WARNING: Number of threads seems too high for short alignments. Use -T AUTO to determine best number of threads.
 17  LG+F+I+G4     746.465      36  1564.931     1583.824     1679.475
WARNING: Number of threads seems too high for short alignments. Use -T AUTO to determine best number of threads.
 18  LG+F+R2       747.438      36  1566.877     1585.770     1681.421
WARNING: Number of threads seems too high for short alignments. Use -T AUTO to determine best number of threads.
 27  WAG           770.318      15  1570.636     1573.599     1618.363
WARNING: Number of threads seems too high for short alignments. Use -T AUTO to determine best number of threads.
 28  WAG+I         769.023      16  1570.047     1573.426     1620.955
WARNING: Number of threads seems too high for short alignments. Use -T AUTO to determine best number of threads.
 29  WAG+G4        769.017      16  1570.034     1573.413     1620.942
WARNING: Number of threads seems too high for short alignments. Use -T AUTO to determine best number of threads.
 30  WAG+I+G4      769.017      17  1572.035     1575.860     1626.125
WARNING: Number of threads seems too high for short alignments. Use -T AUTO to determine best number of threads.
 31  WAG+R2        769.447      17  1572.894     1576.719     1626.984
WARNING: Number of threads seems too high for short alignments. Use -T AUTO to determine best number of threads.
 40  WAG+F         747.932      34  1563.863     1580.507     1672.044
WARNING: Number of threads seems too high for short alignments. Use -T AUTO to determine best number of threads.
 41  WAG+F+I       744.659      35  1559.318     1577.064     1670.680
WARNING: Number of threads seems too high for short alignments. Use -T AUTO to determine best number of threads.
 42  WAG+F+G4      744.905      35  1559.810     1577.557     1671.173
WARNING: Number of threads seems too high for short alignments. Use -T AUTO to determine best number of threads.
 43  WAG+F+I+G4    744.974      36  1561.948     1580.841     1676.492
WARNING: Number of threads seems too high for short alignments. Use -T AUTO to determine best number of threads.
 44  WAG+F+R2      746.359      36  1564.719     1583.612     1679.263
WARNING: Number of threads seems too high for short alignments. Use -T AUTO to determine best number of threads.
 53  JTT           765.639      15  1561.278     1564.241     1609.005
WARNING: Number of threads seems too high for short alignments. Use -T AUTO to determine best number of threads.
 54  JTT+I         764.493      16  1560.986     1564.364     1611.894
WARNING: Number of threads seems too high for short alignments. Use -T AUTO to determine best number of threads.
 55  JTT+G4        764.470      16  1560.940     1564.319     1611.849
WARNING: Number of threads seems too high for short alignments. Use -T AUTO to determine best number of threads.
 56  JTT+I+G4      764.474      17  1562.948     1566.773     1617.038
WARNING: Number of threads seems too high for short alignments. Use -T AUTO to determine best number of threads.
 57  JTT+R2        764.836      17  1563.673     1567.498     1617.763
WARNING: Number of threads seems too high for short alignments. Use -T AUTO to determine best number of threads.
 66  JTT+F         746.249      34  1560.498     1577.142     1668.679
WARNING: Number of threads seems too high for short alignments. Use -T AUTO to determine best number of threads.
 67  JTT+F+I       743.862      35  1557.724     1575.470     1669.086
WARNING: Number of threads seems too high for short alignments. Use -T AUTO to determine best number of threads.
 68  JTT+F+G4      743.918      35  1557.835     1575.582     1669.198
WARNING: Number of threads seems too high for short alignments. Use -T AUTO to determine best number of threads.
 69  JTT+F+I+G4    743.932      36  1559.863     1578.757     1674.408
WARNING: Number of threads seems too high for short alignments. Use -T AUTO to determine best number of threads.
 70  JTT+F+R2      744.957      36  1561.914     1580.808     1676.458
WARNING: Number of threads seems too high for short alignments. Use -T AUTO to determine best number of threads.
 79  JTTDCMut      765.535      15  1561.070     1564.033     1608.797
WARNING: Number of threads seems too high for short alignments. Use -T AUTO to determine best number of threads.
 80  JTTDCMut+I    764.527      16  1561.055     1564.434     1611.964
WARNING: Number of threads seems too high for short alignments. Use -T AUTO to determine best number of threads.
 81  JTTDCMut+G4   764.508      16  1561.015     1564.394     1611.924
WARNING: Number of threads seems too high for short alignments. Use -T AUTO to determine best number of threads.
 82  JTTDCMut+I+G4 764.506      17  1563.012     1566.837     1617.102
WARNING: Number of threads seems too high for short alignments. Use -T AUTO to determine best number of threads.
 83  JTTDCMut+R2   764.802      17  1563.604     1567.429     1617.694
WARNING: Number of threads seems too high for short alignments. Use -T AUTO to determine best number of threads.
 92  JTTDCMut+F    745.855      34  1559.709     1576.353     1667.890
WARNING: Number of threads seems too high for short alignments. Use -T AUTO to determine best number of threads.
 93  JTTDCMut+F+I  743.625      35  1557.251     1574.997     1668.613
WARNING: Number of threads seems too high for short alignments. Use -T AUTO to determine best number of threads.
 94  JTTDCMut+F+G4 743.679      35  1557.359     1575.105     1668.721
WARNING: Number of threads seems too high for short alignments. Use -T AUTO to determine best number of threads.
 95  JTTDCMut+F+I+G4 743.690      36  1559.381     1578.274     1673.925
WARNING: Number of threads seems too high for short alignments. Use -T AUTO to determine best number of threads.
 96  JTTDCMut+F+R2 744.627      36  1561.254     1580.148     1675.798
WARNING: Number of threads seems too high for short alignments. Use -T AUTO to determine best number of threads.
105  DCMut         783.013      15  1596.026     1598.989     1643.753
WARNING: Number of threads seems too high for short alignments. Use -T AUTO to determine best number of threads.
106  DCMut+I       779.047      16  1590.093     1593.472     1641.002
WARNING: Number of threads seems too high for short alignments. Use -T AUTO to determine best number of threads.
107  DCMut+G4      779.164      16  1590.328     1593.706     1641.236
WARNING: Number of threads seems too high for short alignments. Use -T AUTO to determine best number of threads.
108  DCMut+I+G4    779.231      17  1592.462     1596.287     1646.552
WARNING: Number of threads seems too high for short alignments. Use -T AUTO to determine best number of threads.
109  DCMut+R2      780.542      17  1595.085     1598.910     1649.175
WARNING: Number of threads seems too high for short alignments. Use -T AUTO to determine best number of threads.
118  DCMut+F       756.048      34  1580.097     1596.740     1688.277
WARNING: Number of threads seems too high for short alignments. Use -T AUTO to determine best number of threads.
119  DCMut+F+I     750.101      35  1570.203     1587.949     1681.565
WARNING: Number of threads seems too high for short alignments. Use -T AUTO to determine best number of threads.
120  DCMut+F+G4    750.233      35  1570.467     1588.213     1681.829
WARNING: Number of threads seems too high for short alignments. Use -T AUTO to determine best number of threads.
121  DCMut+F+I+G4  750.467      36  1572.933     1591.827     1687.477
WARNING: Number of threads seems too high for short alignments. Use -T AUTO to determine best number of threads.
122  DCMut+F+R2    751.484      36  1574.968     1593.862     1689.512
WARNING: Number of threads seems too high for short alignments. Use -T AUTO to determine best number of threads.
131  VT            767.100      15  1564.199     1567.162     1611.926
WARNING: Number of threads seems too high for short alignments. Use -T AUTO to determine best number of threads.
132  VT+I          766.619      16  1565.237     1568.616     1616.146
WARNING: Number of threads seems too high for short alignments. Use -T AUTO to determine best number of threads.
133  VT+G4         766.635      16  1565.270     1568.649     1616.179
WARNING: Number of threads seems too high for short alignments. Use -T AUTO to determine best number of threads.
134  VT+I+G4       766.623      17  1567.246     1571.071     1621.336
WARNING: Number of threads seems too high for short alignments. Use -T AUTO to determine best number of threads.
135  VT+R2         766.687      17  1567.373     1571.198     1621.464
WARNING: Number of threads seems too high for short alignments. Use -T AUTO to determine best number of threads.
144  VT+F          745.525      34  1559.051     1575.694     1667.231
WARNING: Number of threads seems too high for short alignments. Use -T AUTO to determine best number of threads.
145  VT+F+I        744.187      35  1558.375     1576.121     1669.737
WARNING: Number of threads seems too high for short alignments. Use -T AUTO to determine best number of threads.
146  VT+F+G4       744.306      35  1558.612     1576.359     1669.975
WARNING: Number of threads seems too high for short alignments. Use -T AUTO to determine best number of threads.
147  VT+F+I+G4     744.285      36  1560.570     1579.464     1675.114
WARNING: Number of threads seems too high for short alignments. Use -T AUTO to determine best number of threads.
148  VT+F+R2       744.714      36  1561.428     1580.321     1675.972
WARNING: Number of threads seems too high for short alignments. Use -T AUTO to determine best number of threads.
157  PMB           766.669      15  1563.337     1566.300     1611.064
WARNING: Number of threads seems too high for short alignments. Use -T AUTO to determine best number of threads.
158  PMB+I         765.664      16  1563.328     1566.707     1614.237
WARNING: Number of threads seems too high for short alignments. Use -T AUTO to determine best number of threads.
159  PMB+G4        765.757      16  1563.513     1566.892     1614.422
WARNING: Number of threads seems too high for short alignments. Use -T AUTO to determine best number of threads.
160  PMB+I+G4      765.729      17  1565.458     1569.283     1619.548
WARNING: Number of threads seems too high for short alignments. Use -T AUTO to determine best number of threads.
161  PMB+R2        766.027      17  1566.055     1569.880     1620.145
WARNING: Number of threads seems too high for short alignments. Use -T AUTO to determine best number of threads.
170  PMB+F         750.919      34  1569.838     1586.481     1678.018
WARNING: Number of threads seems too high for short alignments. Use -T AUTO to determine best number of threads.
171  PMB+F+I       748.532      35  1567.064     1584.811     1678.427
WARNING: Number of threads seems too high for short alignments. Use -T AUTO to determine best number of threads.
172  PMB+F+G4      748.797      35  1567.594     1585.341     1678.957
WARNING: Number of threads seems too high for short alignments. Use -T AUTO to determine best number of threads.
173  PMB+F+I+G4    748.846      36  1569.692     1588.586     1684.237
WARNING: Number of threads seems too high for short alignments. Use -T AUTO to determine best number of threads.
174  PMB+F+R2      749.784      36  1571.568     1590.462     1686.113
WARNING: Number of threads seems too high for short alignments. Use -T AUTO to determine best number of threads.
183  Blosum62      768.239      15  1566.477     1569.440     1614.204
WARNING: Number of threads seems too high for short alignments. Use -T AUTO to determine best number of threads.
184  Blosum62+I    767.056      16  1566.113     1569.491     1617.021
WARNING: Number of threads seems too high for short alignments. Use -T AUTO to determine best number of threads.
185  Blosum62+G4   767.171      16  1566.342     1569.721     1617.250
WARNING: Number of threads seems too high for short alignments. Use -T AUTO to determine best number of threads.
186  Blosum62+I+G4 767.150      17  1568.299     1572.124     1622.389
WARNING: Number of threads seems too high for short alignments. Use -T AUTO to determine best number of threads.
187  Blosum62+R2   767.511      17  1569.023     1572.848     1623.113
WARNING: Number of threads seems too high for short alignments. Use -T AUTO to determine best number of threads.
196  Blosum62+F    749.626      34  1567.252     1583.896     1675.433
WARNING: Number of threads seems too high for short alignments. Use -T AUTO to determine best number of threads.
197  Blosum62+F+I  747.205      35  1564.411     1582.157     1675.773
WARNING: Number of threads seems too high for short alignments. Use -T AUTO to determine best number of threads.
198  Blosum62+F+G4 747.474      35  1564.949     1582.695     1676.311
WARNING: Number of threads seems too high for short alignments. Use -T AUTO to determine best number of threads.
199  Blosum62+F+I+G4 747.507      36  1567.015     1585.908     1681.559
WARNING: Number of threads seems too high for short alignments. Use -T AUTO to determine best number of threads.
200  Blosum62+F+R2 748.434      36  1568.867     1587.761     1683.411
WARNING: Number of threads seems too high for short alignments. Use -T AUTO to determine best number of threads.
209  Dayhoff       783.074      15  1596.149     1599.112     1643.875
WARNING: Number of threads seems too high for short alignments. Use -T AUTO to determine best number of threads.
210  Dayhoff+I     779.029      16  1590.058     1593.437     1640.967
WARNING: Number of threads seems too high for short alignments. Use -T AUTO to determine best number of threads.
211  Dayhoff+G4    779.148      16  1590.297     1593.676     1641.205
WARNING: Number of threads seems too high for short alignments. Use -T AUTO to determine best number of threads.
212  Dayhoff+I+G4  779.219      17  1592.437     1596.262     1646.527
WARNING: Number of threads seems too high for short alignments. Use -T AUTO to determine best number of threads.
213  Dayhoff+R2    780.555      17  1595.111     1598.936     1649.201
WARNING: Number of threads seems too high for short alignments. Use -T AUTO to determine best number of threads.
222  Dayhoff+F     756.115      34  1580.231     1596.874     1688.411
WARNING: Number of threads seems too high for short alignments. Use -T AUTO to determine best number of threads.
223  Dayhoff+F+I   750.078      35  1570.155     1587.902     1681.518
WARNING: Number of threads seems too high for short alignments. Use -T AUTO to determine best number of threads.
224  Dayhoff+F+G4  750.211      35  1570.422     1588.168     1681.784
WARNING: Number of threads seems too high for short alignments. Use -T AUTO to determine best number of threads.
225  Dayhoff+F+I+G4 750.449      36  1572.899     1591.792     1687.443
WARNING: Number of threads seems too high for short alignments. Use -T AUTO to determine best number of threads.
226  Dayhoff+F+R2  751.473      36  1574.945     1593.839     1689.490
WARNING: Number of threads seems too high for short alignments. Use -T AUTO to determine best number of threads.
235  mtREV         766.253      15  1562.507     1565.470     1610.233
WARNING: Number of threads seems too high for short alignments. Use -T AUTO to determine best number of threads.
236  mtREV+I       754.210      16  1540.420     1543.799     1591.329
WARNING: Number of threads seems too high for short alignments. Use -T AUTO to determine best number of threads.
237  mtREV+G4      754.626      16  1541.252     1544.631     1592.161
WARNING: Number of threads seems too high for short alignments. Use -T AUTO to determine best number of threads.
238  mtREV+I+G4    755.269      17  1544.538     1548.363     1598.628
WARNING: Number of threads seems too high for short alignments. Use -T AUTO to determine best number of threads.
239  mtREV+R2      757.818      17  1549.637     1553.462     1603.727
WARNING: Number of threads seems too high for short alignments. Use -T AUTO to determine best number of threads.
248  mtREV+F       760.258      34  1588.516     1605.160     1696.697
WARNING: Number of threads seems too high for short alignments. Use -T AUTO to determine best number of threads.
249  mtREV+F+I     749.480      35  1568.961     1586.707     1680.323
WARNING: Number of threads seems too high for short alignments. Use -T AUTO to determine best number of threads.
250  mtREV+F+G4    749.714      35  1569.429     1587.175     1680.791
WARNING: Number of threads seems too high for short alignments. Use -T AUTO to determine best number of threads.
251  mtREV+F+I+G4  750.252      36  1572.505     1591.398     1687.049
WARNING: Number of threads seems too high for short alignments. Use -T AUTO to determine best number of threads.
252  mtREV+F+R2    752.631      36  1577.262     1596.156     1691.807
WARNING: Number of threads seems too high for short alignments. Use -T AUTO to determine best number of threads.
261  mtART         783.606      15  1597.213     1600.176     1644.939
WARNING: Number of threads seems too high for short alignments. Use -T AUTO to determine best number of threads.
262  mtART+I       761.940      16  1555.880     1559.259     1606.789
WARNING: Number of threads seems too high for short alignments. Use -T AUTO to determine best number of threads.
263  mtART+G4      761.776      16  1555.552     1558.931     1606.461
WARNING: Number of threads seems too high for short alignments. Use -T AUTO to determine best number of threads.
264  mtART+I+G4    761.363      17  1556.726     1560.551     1610.816
WARNING: Number of threads seems too high for short alignments. Use -T AUTO to determine best number of threads.
265  mtART+R2      769.359      17  1572.719     1576.544     1626.809
WARNING: Number of threads seems too high for short alignments. Use -T AUTO to determine best number of threads.
274  mtART+F       780.326      34  1628.652     1645.296     1736.833
WARNING: Number of threads seems too high for short alignments. Use -T AUTO to determine best number of threads.
275  mtART+F+I     760.486      35  1590.972     1608.718     1702.334
WARNING: Number of threads seems too high for short alignments. Use -T AUTO to determine best number of threads.
276  mtART+F+G4    759.382      35  1588.764     1606.511     1700.127
WARNING: Number of threads seems too high for short alignments. Use -T AUTO to determine best number of threads.
277  mtART+F+I+G4  758.768      36  1589.536     1608.430     1704.080
WARNING: Number of threads seems too high for short alignments. Use -T AUTO to determine best number of threads.
278  mtART+F+R2    767.658      36  1607.315     1626.209     1721.860
WARNING: Number of threads seems too high for short alignments. Use -T AUTO to determine best number of threads.
287  mtZOA         771.285      15  1572.569     1575.532     1620.296
WARNING: Number of threads seems too high for short alignments. Use -T AUTO to determine best number of threads.
288  mtZOA+I       755.761      16  1543.521     1546.900     1594.430
WARNING: Number of threads seems too high for short alignments. Use -T AUTO to determine best number of threads.
289  mtZOA+G4      755.384      16  1542.767     1546.146     1593.676
WARNING: Number of threads seems too high for short alignments. Use -T AUTO to determine best number of threads.
290  mtZOA+I+G4    755.277      17  1544.554     1548.379     1598.645
WARNING: Number of threads seems too high for short alignments. Use -T AUTO to determine best number of threads.
291  mtZOA+R2      759.816      17  1553.632     1557.457     1607.723
WARNING: Number of threads seems too high for short alignments. Use -T AUTO to determine best number of threads.
300  mtZOA+F       769.875      34  1607.751     1624.394     1715.931
WARNING: Number of threads seems too high for short alignments. Use -T AUTO to determine best number of threads.
301  mtZOA+F+I     755.958      35  1581.916     1599.662     1693.278
WARNING: Number of threads seems too high for short alignments. Use -T AUTO to determine best number of threads.
302  mtZOA+F+G4    754.801      35  1579.602     1597.349     1690.965
WARNING: Number of threads seems too high for short alignments. Use -T AUTO to determine best number of threads.
303  mtZOA+F+I+G4  754.508      36  1581.017     1599.911     1695.561
WARNING: Number of threads seems too high for short alignments. Use -T AUTO to determine best number of threads.
304  mtZOA+F+R2    759.026      36  1590.051     1608.945     1704.595
WARNING: Number of threads seems too high for short alignments. Use -T AUTO to determine best number of threads.
313  mtMet         774.306      15  1578.611     1581.574     1626.338
WARNING: Number of threads seems too high for short alignments. Use -T AUTO to determine best number of threads.
314  mtMet+I       761.751      16  1555.501     1558.880     1606.410
WARNING: Number of threads seems too high for short alignments. Use -T AUTO to determine best number of threads.
315  mtMet+G4      761.988      16  1555.977     1559.356     1606.885
WARNING: Number of threads seems too high for short alignments. Use -T AUTO to determine best number of threads.
316  mtMet+I+G4    762.575      17  1559.149     1562.974     1613.239
WARNING: Number of threads seems too high for short alignments. Use -T AUTO to determine best number of threads.
317  mtMet+R2      764.888      17  1563.775     1567.600     1617.866
WARNING: Number of threads seems too high for short alignments. Use -T AUTO to determine best number of threads.
326  mtMet+F       762.913      34  1593.826     1610.469     1702.007
WARNING: Number of threads seems too high for short alignments. Use -T AUTO to determine best number of threads.
327  mtMet+F+I     752.001      35  1574.002     1591.749     1685.365
WARNING: Number of threads seems too high for short alignments. Use -T AUTO to determine best number of threads.
328  mtMet+F+G4    751.897      35  1573.795     1591.541     1685.157
WARNING: Number of threads seems too high for short alignments. Use -T AUTO to determine best number of threads.
329  mtMet+F+I+G4  752.162      36  1576.324     1595.218     1690.868
WARNING: Number of threads seems too high for short alignments. Use -T AUTO to determine best number of threads.
330  mtMet+F+R2    754.542      36  1581.085     1599.978     1695.629
WARNING: Number of threads seems too high for short alignments. Use -T AUTO to determine best number of threads.
339  mtVer         779.186      15  1588.373     1591.336     1636.100
WARNING: Number of threads seems too high for short alignments. Use -T AUTO to determine best number of threads.
340  mtVer+I       760.933      16  1553.866     1557.245     1604.774
WARNING: Number of threads seems too high for short alignments. Use -T AUTO to determine best number of threads.
341  mtVer+G4      761.269      16  1554.538     1557.917     1605.446
WARNING: Number of threads seems too high for short alignments. Use -T AUTO to determine best number of threads.
342  mtVer+I+G4    762.314      17  1558.628     1562.453     1612.718
WARNING: Number of threads seems too high for short alignments. Use -T AUTO to determine best number of threads.
343  mtVer+R2      766.342      17  1566.685     1570.510     1620.775
WARNING: Number of threads seems too high for short alignments. Use -T AUTO to determine best number of threads.
352  mtVer+F       767.384      34  1602.768     1619.412     1710.949
WARNING: Number of threads seems too high for short alignments. Use -T AUTO to determine best number of threads.
353  mtVer+F+I     750.920      35  1571.841     1589.587     1683.203
WARNING: Number of threads seems too high for short alignments. Use -T AUTO to determine best number of threads.
354  mtVer+F+G4    750.932      35  1571.865     1589.611     1683.227
WARNING: Number of threads seems too high for short alignments. Use -T AUTO to determine best number of threads.
355  mtVer+F+I+G4  751.663      36  1575.326     1594.220     1689.870
WARNING: Number of threads seems too high for short alignments. Use -T AUTO to determine best number of threads.
356  mtVer+F+R2    755.475      36  1582.951     1601.845     1697.495
WARNING: Number of threads seems too high for short alignments. Use -T AUTO to determine best number of threads.
365  mtInv         779.444      15  1588.887     1591.850     1636.614
WARNING: Number of threads seems too high for short alignments. Use -T AUTO to determine best number of threads.
366  mtInv+I       771.338      16  1574.676     1578.055     1625.585
WARNING: Number of threads seems too high for short alignments. Use -T AUTO to determine best number of threads.
367  mtInv+G4      771.437      16  1574.874     1578.253     1625.782
WARNING: Number of threads seems too high for short alignments. Use -T AUTO to determine best number of threads.
368  mtInv+I+G4    771.687      17  1577.374     1581.199     1631.465
WARNING: Number of threads seems too high for short alignments. Use -T AUTO to determine best number of threads.
369  mtInv+R2      772.928      17  1579.856     1583.681     1633.947
WARNING: Number of threads seems too high for short alignments. Use -T AUTO to determine best number of threads.
378  mtInv+F       755.960      34  1579.920     1596.563     1688.100
WARNING: Number of threads seems too high for short alignments. Use -T AUTO to determine best number of threads.
379  mtInv+F+I     750.068      35  1570.135     1587.882     1681.498
WARNING: Number of threads seems too high for short alignments. Use -T AUTO to determine best number of threads.
380  mtInv+F+G4    749.846      35  1569.692     1587.439     1681.055
WARNING: Number of threads seems too high for short alignments. Use -T AUTO to determine best number of threads.
381  mtInv+F+I+G4  749.820      36  1571.641     1590.535     1686.185
WARNING: Number of threads seems too high for short alignments. Use -T AUTO to determine best number of threads.
382  mtInv+F+R2    750.865      36  1573.730     1592.623     1688.274
WARNING: Number of threads seems too high for short alignments. Use -T AUTO to determine best number of threads.
391  mtMAM         783.832      15  1597.665     1600.628     1645.391
WARNING: Number of threads seems too high for short alignments. Use -T AUTO to determine best number of threads.
392  mtMAM+I       754.166      16  1540.332     1543.711     1591.241
WARNING: Number of threads seems too high for short alignments. Use -T AUTO to determine best number of threads.
393  mtMAM+G4      754.861      16  1541.723     1545.101     1592.631
WARNING: Number of threads seems too high for short alignments. Use -T AUTO to determine best number of threads.
394  mtMAM+I+G4    756.786      17  1547.572     1551.397     1601.663
WARNING: Number of threads seems too high for short alignments. Use -T AUTO to determine best number of threads.
395  mtMAM+R2      764.700      17  1563.400     1567.225     1617.490
WARNING: Number of threads seems too high for short alignments. Use -T AUTO to determine best number of threads.
404  mtMAM+F       779.761      34  1627.522     1644.166     1735.703
WARNING: Number of threads seems too high for short alignments. Use -T AUTO to determine best number of threads.
405  mtMAM+F+I     750.364      35  1570.727     1588.474     1682.090
WARNING: Number of threads seems too high for short alignments. Use -T AUTO to determine best number of threads.
406  mtMAM+F+G4    750.904      35  1571.808     1589.555     1683.171
WARNING: Number of threads seems too high for short alignments. Use -T AUTO to determine best number of threads.
407  mtMAM+F+I+G4  752.807      36  1577.614     1596.508     1692.158
WARNING: Number of threads seems too high for short alignments. Use -T AUTO to determine best number of threads.
408  mtMAM+F+R2    761.064      36  1594.128     1613.021     1708.672
WARNING: Number of threads seems too high for short alignments. Use -T AUTO to determine best number of threads.
417  HIVb          786.280      15  1602.561     1605.524     1650.288
WARNING: Number of threads seems too high for short alignments. Use -T AUTO to determine best number of threads.
418  HIVb+I        777.256      16  1586.511     1589.890     1637.420
WARNING: Number of threads seems too high for short alignments. Use -T AUTO to determine best number of threads.
419  HIVb+G4       777.501      16  1587.003     1590.382     1637.912
WARNING: Number of threads seems too high for short alignments. Use -T AUTO to determine best number of threads.
420  HIVb+I+G4     777.910      17  1589.820     1593.645     1643.910
WARNING: Number of threads seems too high for short alignments. Use -T AUTO to determine best number of threads.
421  HIVb+R2       778.992      17  1591.984     1595.809     1646.074
WARNING: Number of threads seems too high for short alignments. Use -T AUTO to determine best number of threads.
430  HIVb+F        756.317      34  1580.634     1597.277     1688.815
WARNING: Number of threads seems too high for short alignments. Use -T AUTO to determine best number of threads.
431  HIVb+F+I      745.198      35  1560.395     1578.141     1671.757
WARNING: Number of threads seems too high for short alignments. Use -T AUTO to determine best number of threads.
432  HIVb+F+G4     745.625      35  1561.251     1578.997     1672.613
WARNING: Number of threads seems too high for short alignments. Use -T AUTO to determine best number of threads.
433  HIVb+F+I+G4   746.226      36  1564.453     1583.347     1678.997
WARNING: Number of threads seems too high for short alignments. Use -T AUTO to determine best number of threads.
434  HIVb+F+R2     747.794      36  1567.588     1586.482     1682.132
WARNING: Number of threads seems too high for short alignments. Use -T AUTO to determine best number of threads.
443  HIVw          803.240      15  1636.480     1639.443     1684.207
WARNING: Number of threads seems too high for short alignments. Use -T AUTO to determine best number of threads.
444  HIVw+I        792.846      16  1617.692     1621.071     1668.601
WARNING: Number of threads seems too high for short alignments. Use -T AUTO to determine best number of threads.
445  HIVw+G4       791.712      16  1615.424     1618.803     1666.333
WARNING: Number of threads seems too high for short alignments. Use -T AUTO to determine best number of threads.
446  HIVw+I+G4     791.418      17  1616.837     1620.662     1670.927
WARNING: Number of threads seems too high for short alignments. Use -T AUTO to determine best number of threads.
447  HIVw+R2       792.658      17  1619.317     1623.142     1673.407
WARNING: Number of threads seems too high for short alignments. Use -T AUTO to determine best number of threads.
456  HIVw+F        766.063      34  1600.126     1616.770     1708.307
WARNING: Number of threads seems too high for short alignments. Use -T AUTO to determine best number of threads.
457  HIVw+F+I      755.481      35  1580.961     1598.708     1692.324
WARNING: Number of threads seems too high for short alignments. Use -T AUTO to determine best number of threads.
458  HIVw+F+G4     754.533      35  1579.065     1596.812     1690.428
WARNING: Number of threads seems too high for short alignments. Use -T AUTO to determine best number of threads.
459  HIVw+F+I+G4   754.226      36  1580.452     1599.346     1694.996
WARNING: Number of threads seems too high for short alignments. Use -T AUTO to determine best number of threads.
460  HIVw+F+R2     755.876      36  1583.752     1602.646     1698.296
WARNING: Number of threads seems too high for short alignments. Use -T AUTO to determine best number of threads.
469  FLU           788.668      15  1607.335     1610.298     1655.062
WARNING: Number of threads seems too high for short alignments. Use -T AUTO to determine best number of threads.
470  FLU+I         777.397      16  1586.794     1590.173     1637.702
WARNING: Number of threads seems too high for short alignments. Use -T AUTO to determine best number of threads.
471  FLU+G4        777.545      16  1587.090     1590.469     1637.999
WARNING: Number of threads seems too high for short alignments. Use -T AUTO to determine best number of threads.
472  FLU+I+G4      778.195      17  1590.390     1594.215     1644.480
WARNING: Number of threads seems too high for short alignments. Use -T AUTO to determine best number of threads.
473  FLU+R2        779.905      17  1593.810     1597.635     1647.900
WARNING: Number of threads seems too high for short alignments. Use -T AUTO to determine best number of threads.
482  FLU+F         766.286      34  1600.572     1617.215     1708.752
WARNING: Number of threads seems too high for short alignments. Use -T AUTO to determine best number of threads.
483  FLU+F+I       750.956      35  1571.911     1589.658     1683.274
WARNING: Number of threads seems too high for short alignments. Use -T AUTO to determine best number of threads.
484  FLU+F+G4      751.578      35  1573.155     1590.902     1684.518
WARNING: Number of threads seems too high for short alignments. Use -T AUTO to determine best number of threads.
485  FLU+F+I+G4    752.677      36  1577.354     1596.248     1691.899
WARNING: Number of threads seems too high for short alignments. Use -T AUTO to determine best number of threads.
486  FLU+F+R2      755.884      36  1583.769     1602.663     1698.313
WARNING: Number of threads seems too high for short alignments. Use -T AUTO to determine best number of threads.
495  rtREV         781.619      15  1593.237     1596.200     1640.964
WARNING: Number of threads seems too high for short alignments. Use -T AUTO to determine best number of threads.
496  rtREV+I       778.442      16  1588.885     1592.264     1639.793
WARNING: Number of threads seems too high for short alignments. Use -T AUTO to determine best number of threads.
497  rtREV+G4      778.703      16  1589.406     1592.785     1640.314
WARNING: Number of threads seems too high for short alignments. Use -T AUTO to determine best number of threads.
498  rtREV+I+G4    778.726      17  1591.451     1595.276     1645.542
WARNING: Number of threads seems too high for short alignments. Use -T AUTO to determine best number of threads.
499  rtREV+R2      780.006      17  1594.012     1597.837     1648.102
WARNING: Number of threads seems too high for short alignments. Use -T AUTO to determine best number of threads.
508  rtREV+F       750.666      34  1569.332     1585.975     1677.513
WARNING: Number of threads seems too high for short alignments. Use -T AUTO to determine best number of threads.
509  rtREV+F+I     745.173      35  1560.346     1578.093     1671.709
WARNING: Number of threads seems too high for short alignments. Use -T AUTO to determine best number of threads.
510  rtREV+F+G4    745.649      35  1561.299     1579.045     1672.661
WARNING: Number of threads seems too high for short alignments. Use -T AUTO to determine best number of threads.
511  rtREV+F+I+G4  745.841      36  1563.682     1582.576     1678.226
WARNING: Number of threads seems too high for short alignments. Use -T AUTO to determine best number of threads.
512  rtREV+F+R2    746.834      36  1565.668     1584.562     1680.212
WARNING: Number of threads seems too high for short alignments. Use -T AUTO to determine best number of threads.
521  cpREV         766.079      15  1562.157     1565.120     1609.884
WARNING: Number of threads seems too high for short alignments. Use -T AUTO to determine best number of threads.
522  cpREV+I       761.741      16  1555.482     1558.861     1606.391
WARNING: Number of threads seems too high for short alignments. Use -T AUTO to determine best number of threads.
523  cpREV+G4      761.507      16  1555.013     1558.392     1605.922
WARNING: Number of threads seems too high for short alignments. Use -T AUTO to determine best number of threads.
524  cpREV+I+G4    761.499      17  1556.998     1560.823     1611.088
WARNING: Number of threads seems too high for short alignments. Use -T AUTO to determine best number of threads.
525  cpREV+R2      762.109      17  1558.217     1562.042     1612.308
WARNING: Number of threads seems too high for short alignments. Use -T AUTO to determine best number of threads.
534  cpREV+F       749.107      34  1566.214     1582.857     1674.394
WARNING: Number of threads seems too high for short alignments. Use -T AUTO to determine best number of threads.
535  cpREV+F+I     744.555      35  1559.110     1576.857     1670.473
WARNING: Number of threads seems too high for short alignments. Use -T AUTO to determine best number of threads.
536  cpREV+F+G4    744.429      35  1558.858     1576.605     1670.221
WARNING: Number of threads seems too high for short alignments. Use -T AUTO to determine best number of threads.
537  cpREV+F+I+G4  744.442      36  1560.885     1579.778     1675.429
WARNING: Number of threads seems too high for short alignments. Use -T AUTO to determine best number of threads.
538  cpREV+F+R2    745.190      36  1562.380     1581.274     1676.925
Akaike Information Criterion:           mtMAM+I
Corrected Akaike Information Criterion: mtMAM+I
Bayesian Information Criterion:         mtMAM+I
Best-fit model: mtMAM+I chosen according to BIC

All model information printed to 9_alignment_files/sampleA_part_1_alignment.afa.model.gz
CPU time for ModelFinder: 73.502 seconds (0h:1m:13s)
Wall-clock time for ModelFinder: 27.065 seconds (0h:0m:27s)
Generating 1000 samples for ultrafast bootstrap (seed: 883987)...

NOTE: 0 MB RAM (0 GB) is required!
WARNING: Number of threads seems too high for short alignments. Use -T AUTO to determine best number of threads.
Estimate model parameters (epsilon = 0.100)
1. Initial log-likelihood: -754.166
Optimal log-likelihood: -754.166
Proportion of invariable sites: 0.699
Parameters optimization took 1 rounds (0.001 sec)
Computing ML distances based on estimated model parameters... 0.008 sec
Computing BIONJ tree...
0.000 seconds
Log-likelihood of BIONJ tree: -754.167
--------------------------------------------------------------------
|             INITIALIZING CANDIDATE TREE SET                      |
--------------------------------------------------------------------
Generating 98 parsimony trees... 0.016 second
Computing log-likelihood of 98 initial trees ... 0.035 seconds
Current best score: -754.166

Do NNI search on 20 best initial trees
Estimate model parameters (epsilon = 0.100)
BETTER TREE FOUND at iteration 1: -754.166
Iteration 10 / LogL: -754.166 / Time: 0h:0m:0s
Iteration 20 / LogL: -754.166 / Time: 0h:0m:0s
Finish initializing candidate tree set (18)
Current best tree score: -754.166 / CPU time: 0.162
Number of iterations: 20
--------------------------------------------------------------------
|               OPTIMIZING CANDIDATE TREE SET                      |
--------------------------------------------------------------------
BETTER TREE FOUND at iteration 21: -754.166
BETTER TREE FOUND at iteration 22: -754.166
BETTER TREE FOUND at iteration 25: -754.166
Iteration 30 / LogL: -754.166 / Time: 0h:0m:0s (0h:0m:0s left)
UPDATE BEST LOG-LIKELIHOOD: -754.166
BETTER TREE FOUND at iteration 39: -754.166
Iteration 40 / LogL: -754.166 / Time: 0h:0m:0s (0h:0m:0s left)
Iteration 50 / LogL: -754.166 / Time: 0h:0m:0s (0h:0m:0s left)
UPDATE BEST LOG-LIKELIHOOD: -754.166
Iteration 60 / LogL: -754.166 / Time: 0h:0m:0s (0h:0m:0s left)
Iteration 70 / LogL: -754.166 / Time: 0h:0m:0s (0h:0m:0s left)
UPDATE BEST LOG-LIKELIHOOD: -754.166
Iteration 80 / LogL: -754.166 / Time: 0h:0m:0s (0h:0m:0s left)
Iteration 90 / LogL: -754.166 / Time: 0h:0m:0s (0h:0m:0s left)
Iteration 100 / LogL: -754.166 / Time: 0h:0m:0s (0h:0m:0s left)
Iteration 110 / LogL: -754.166 / Time: 0h:0m:0s (0h:0m:0s left)
Iteration 120 / LogL: -754.166 / Time: 0h:0m:0s (0h:0m:0s left)
Iteration 130 / LogL: -754.166 / Time: 0h:0m:0s (0h:0m:0s left)
Iteration 140 / LogL: -754.166 / Time: 0h:0m:0s (0h:0m:-1s left)
Refining ufboot trees with NNI 1 branch...
100 samples done
200 samples done
300 samples done
400 samples done
500 samples done
600 samples done
700 samples done
800 samples done
900 samples done
1000 samples done
Total 893 ufboot trees refined
TREE SEARCH COMPLETED AFTER 140 ITERATIONS / Time: 0h:0m:4s

--------------------------------------------------------------------
|                    FINALIZING TREE SEARCH                        |
--------------------------------------------------------------------
Performs final model parameters optimization
Estimate model parameters (epsilon = 0.010)
1. Initial log-likelihood: -754.166
Optimal log-likelihood: -754.166
Proportion of invariable sites: 0.699
Parameters optimization took 1 rounds (0.001 sec)
BEST SCORE FOUND : -754.166
Creating bootstrap support values...
Split supports printed to NEXUS file 9_alignment_files/sampleA_part_1_alignment.afa.splits.nex
Total tree length: 1.359

Total number of iterations: 140
CPU time used for tree search: 17.048 sec (0h:0m:17s)
Wall-clock time used for tree search: 4.298 sec (0h:0m:4s)
Total CPU time used: 17.210 sec (0h:0m:17s)
Total wall-clock time used: 4.339 sec (0h:0m:4s)
UFBoot trees printed to 9_alignment_files/sampleA_part_1_alignment.afa.ufboot

Computing bootstrap consensus tree...
Reading input file 9_alignment_files/sampleA_part_1_alignment.afa.splits.nex...
9 taxa and 111 splits.
Consensus tree written to 9_alignment_files/sampleA_part_1_alignment.afa.contree
Reading input trees file 9_alignment_files/sampleA_part_1_alignment.afa.contree
Log-likelihood of consensus tree: -754.168

Analysis results written to: 
  IQ-TREE report:                9_alignment_files/sampleA_part_1_alignment.afa.iqtree
  Maximum-likelihood tree:       9_alignment_files/sampleA_part_1_alignment.afa.treefile
  Likelihood distances:          9_alignment_files/sampleA_part_1_alignment.afa.mldist

Ultrafast bootstrap approximation results written to:
  Split support values:          9_alignment_files/sampleA_part_1_alignment.afa.splits.nex
  Consensus tree:                9_alignment_files/sampleA_part_1_alignment.afa.contree
  UFBoot trees:                  9_alignment_files/sampleA_part_1_alignment.afa.ufboot
  Screen log file:               9_alignment_files/sampleA_part_1_alignment.afa.log

Date and Time: Tue Nov 18 12:59:18 2025
