IQ-TREE multicore version 2.0.7 for Linux 64-bit built Apr  1 2024
Developed by Bui Quang Minh, Nguyen Lam Tung, Olga Chernomor,
Heiko Schmidt, Dominik Schrempf, Michael Woodhams.

Host:    thecomputer2 (AVX512, FMA3, 31 GB RAM)
Command: iqtree2 -s 9_alignment_files/sampleA_part_3_alignment.afa -m MFP -B 1000 -bnni -nt AUTO -redo
Seed:    579283 (Using SPRNG - Scalable Parallel Random Number Generator)
Time:    Tue Nov 18 12:59:53 2025
Kernel:  AVX+FMA - auto-detect threads (8 CPU cores detected)

Reading alignment file 9_alignment_files/sampleA_part_3_alignment.afa ... Fasta format detected
Alignment most likely contains protein sequences
WARNING: 37 sites contain only gaps or ambiguous characters.
Alignment has 16 sequences with 167 columns, 70 distinct patterns
13 parsimony-informative, 6 singleton sites, 148 constant sites
WARNING: Some sequence names are changed as follows:
JF289176.1:6670-6906 -> JF289176.1_6670-6906
PQ632151.1:6676-6921 -> PQ632151.1_6676-6921
JF339974.1:4530-4775 -> JF339974.1_4530-4775
AP006475.1:6555-6910 -> AP006475.1_6555-6910
JF339982.1:6555-6914 -> JF339982.1_6555-6914
KC776693.2:6554-6914 -> KC776693.2_6554-6914
AJ554061.1:6557-6916 -> AJ554061.1_6557-6916
DQ095155.1:1191-1551 -> DQ095155.1_1191-1551
DQ095154.1:1191-1551 -> DQ095154.1_1191-1551
NC_006931.1:6551-6911 -> NC_006931.1_6551-6911
AB201259.1:6559-6918 -> AB201259.1_6559-6918
PQ997938.1:6558-6917 -> PQ997938.1_6558-6917
MN124685.1:6555-6915 -> MN124685.1_6555-6915
OK326893.1:6555-6915 -> OK326893.1_6555-6915
NC_006926.1:6560-6920 -> NC_006926.1_6560-6920

                       Gap/Ambiguity  Composition  p-value
   1  JF289176.1_6670-6906    52.69%    passed     99.96%
   2  sampleA_part_3          27.54%    passed    100.00%
   3  PQ632151.1_6676-6921    51.50%    passed     99.54%
   4  JF339974.1_4530-4775    51.50%    passed     99.29%
   5  AP006475.1_6555-6910    29.94%    passed    100.00%
   6  JF339982.1_6555-6914    28.74%    passed    100.00%
   7  KC776693.2_6554-6914    28.74%    passed    100.00%
   8  AJ554061.1_6557-6916    28.74%    passed    100.00%
   9  DQ095155.1_1191-1551    28.74%    passed    100.00%
  10  DQ095154.1_1191-1551    28.74%    passed    100.00%
  11  NC_006931.1_6551-6911   28.74%    passed    100.00%
  12  AB201259.1_6559-6918    28.74%    passed    100.00%
  13  PQ997938.1_6558-6917    28.74%    passed    100.00%
  14  MN124685.1_6555-6915    28.74%    passed    100.00%
  15  OK326893.1_6555-6915    28.74%    passed    100.00%
  16  NC_006926.1_6560-6920   28.74%    passed    100.00%
WARNING: 3 sequences contain more than 50% gaps/ambiguity
****  TOTAL                   33.08%  0 sequences failed composition chi2 test (p-value<5%; df=19)
NOTE: DQ095154.1_1191-1551 is identical to DQ095155.1_1191-1551 but kept for subsequent analysis
NOTE: 1 identical sequences (see below) will be ignored for subsequent analysis
NOTE: NC_006931.1_6551-6911 (identical to DQ095155.1_1191-1551) is ignored but added at the end
Alignment was printed to 9_alignment_files/sampleA_part_3_alignment.afa.uniqueseq.phy

For your convenience alignment with unique sequences printed to 9_alignment_files/sampleA_part_3_alignment.afa.uniqueseq.phy


Create initial parsimony tree by phylogenetic likelihood library (PLL)... 0.000 seconds
Measuring multi-threading efficiency up to 8 CPU cores
Increase to 10 rounds for branch lengths
542 trees examined
Threads: 1 / Time: 8.002 sec / Speedup: 1.000 / Efficiency: 100% / LogL: -673
Threads: 2 / Time: 5.189 sec / Speedup: 1.542 / Efficiency: 77% / LogL: -673
Threads: 3 / Time: 4.071 sec / Speedup: 1.966 / Efficiency: 66% / LogL: -673
Threads: 4 / Time: 3.623 sec / Speedup: 2.209 / Efficiency: 55% / LogL: -673
Threads: 5 / Time: 4.245 sec / Speedup: 1.885 / Efficiency: 38% / LogL: -673
BEST NUMBER OF THREADS: 4

Perform fast likelihood tree search using LG+I+G model...
Estimate model parameters (epsilon = 5.000)
Perform nearest neighbor interchange...
Estimate model parameters (epsilon = 1.000)
1. Initial log-likelihood: -574.162
Optimal log-likelihood: -574.162
Proportion of invariable sites: 0.440
Gamma shape alpha: 0.498
Parameters optimization took 1 rounds (0.005 sec)
Time for fast ML tree search: 0.040 seconds

NOTE: ModelFinder requires 2 MB RAM!
ModelFinder will test up to 546 protein models (sample size: 167) ...
 No. Model         -LnL         df  AIC          AICc         BIC
WARNING: Number of threads seems too high for short alignments. Use -T AUTO to determine best number of threads.
  1  LG            581.886      27  1217.771     1228.649     1301.957
WARNING: Number of threads seems too high for short alignments. Use -T AUTO to determine best number of threads.
  2  LG+I          573.595      28  1203.191     1214.959     1290.495
WARNING: Number of threads seems too high for short alignments. Use -T AUTO to determine best number of threads.
  3  LG+G4         573.625      28  1203.251     1215.019     1290.555
WARNING: Number of threads seems too high for short alignments. Use -T AUTO to determine best number of threads.
  4  LG+I+G4       574.162      29  1206.323     1219.024     1296.745
WARNING: Number of threads seems too high for short alignments. Use -T AUTO to determine best number of threads.
  5  LG+R2         574.806      29  1207.612     1220.312     1298.034
WARNING: Number of threads seems too high for short alignments. Use -T AUTO to determine best number of threads.
  6  LG+R3         574.350      31  1210.700     1225.396     1307.358
WARNING: Number of threads seems too high for short alignments. Use -T AUTO to determine best number of threads.
 15  LG+F+I        552.402      47  1198.804     1236.720     1345.350
WARNING: Number of threads seems too high for short alignments. Use -T AUTO to determine best number of threads.
 16  LG+F+G4       552.481      47  1198.961     1236.877     1345.507
WARNING: Number of threads seems too high for short alignments. Use -T AUTO to determine best number of threads.
 17  LG+F+I+G4     552.911      48  1201.821     1241.686     1351.485
WARNING: Number of threads seems too high for short alignments. Use -T AUTO to determine best number of threads.
 18  LG+F+R2       553.477      48  1202.953     1242.817     1352.617
WARNING: Number of threads seems too high for short alignments. Use -T AUTO to determine best number of threads.
 28  WAG+I         573.299      28  1202.597     1214.365     1289.901
WARNING: Number of threads seems too high for short alignments. Use -T AUTO to determine best number of threads.
 29  WAG+G4        573.303      28  1202.606     1214.374     1289.910
WARNING: Number of threads seems too high for short alignments. Use -T AUTO to determine best number of threads.
 30  WAG+I+G4      573.943      29  1205.885     1218.586     1296.307
WARNING: Number of threads seems too high for short alignments. Use -T AUTO to determine best number of threads.
 31  WAG+R2        574.619      29  1207.238     1219.939     1297.660
WARNING: Number of threads seems too high for short alignments. Use -T AUTO to determine best number of threads.
 41  WAG+F+I       552.655      47  1199.311     1237.227     1345.856
WARNING: Number of threads seems too high for short alignments. Use -T AUTO to determine best number of threads.
 42  WAG+F+G4      552.701      47  1199.403     1237.319     1345.948
WARNING: Number of threads seems too high for short alignments. Use -T AUTO to determine best number of threads.
 43  WAG+F+I+G4    553.125      48  1202.249     1242.114     1351.913
WARNING: Number of threads seems too high for short alignments. Use -T AUTO to determine best number of threads.
 44  WAG+F+R2      553.674      48  1203.349     1243.213     1353.012
WARNING: Number of threads seems too high for short alignments. Use -T AUTO to determine best number of threads.
 54  JTT+I         564.581      28  1185.161     1196.929     1272.465
WARNING: Number of threads seems too high for short alignments. Use -T AUTO to determine best number of threads.
 55  JTT+G4        564.606      28  1185.213     1196.981     1272.516
WARNING: Number of threads seems too high for short alignments. Use -T AUTO to determine best number of threads.
 56  JTT+I+G4      565.191      29  1188.383     1201.083     1278.805
WARNING: Number of threads seems too high for short alignments. Use -T AUTO to determine best number of threads.
 57  JTT+R2        565.844      29  1189.689     1202.390     1280.111
WARNING: Number of threads seems too high for short alignments. Use -T AUTO to determine best number of threads.
 67  JTT+F+I       546.011      47  1186.021     1223.937     1332.567
WARNING: Number of threads seems too high for short alignments. Use -T AUTO to determine best number of threads.
 68  JTT+F+G4      546.105      47  1186.211     1224.127     1332.757
WARNING: Number of threads seems too high for short alignments. Use -T AUTO to determine best number of threads.
 69  JTT+F+I+G4    546.572      48  1189.144     1229.009     1338.808
WARNING: Number of threads seems too high for short alignments. Use -T AUTO to determine best number of threads.
 70  JTT+F+R2      547.221      48  1190.441     1230.306     1340.105
WARNING: Number of threads seems too high for short alignments. Use -T AUTO to determine best number of threads.
 80  JTTDCMut+I    565.082      28  1186.164     1197.932     1273.468
WARNING: Number of threads seems too high for short alignments. Use -T AUTO to determine best number of threads.
 81  JTTDCMut+G4   565.109      28  1186.218     1197.986     1273.522
WARNING: Number of threads seems too high for short alignments. Use -T AUTO to determine best number of threads.
 82  JTTDCMut+I+G4 565.688      29  1189.377     1202.078     1279.799
WARNING: Number of threads seems too high for short alignments. Use -T AUTO to determine best number of threads.
 83  JTTDCMut+R2   566.336      29  1190.672     1203.372     1281.094
WARNING: Number of threads seems too high for short alignments. Use -T AUTO to determine best number of threads.
 93  JTTDCMut+F+I  546.311      47  1186.623     1224.539     1333.168
WARNING: Number of threads seems too high for short alignments. Use -T AUTO to determine best number of threads.
 94  JTTDCMut+F+G4 546.407      47  1186.815     1224.730     1333.360
WARNING: Number of threads seems too high for short alignments. Use -T AUTO to determine best number of threads.
 95  JTTDCMut+F+I+G4 546.864      48  1189.729     1229.593     1339.392
WARNING: Number of threads seems too high for short alignments. Use -T AUTO to determine best number of threads.
 96  JTTDCMut+F+R2 547.506      48  1191.012     1230.877     1340.676
WARNING: Number of threads seems too high for short alignments. Use -T AUTO to determine best number of threads.
106  DCMut+I       580.956      28  1217.912     1229.680     1305.216
WARNING: Number of threads seems too high for short alignments. Use -T AUTO to determine best number of threads.
107  DCMut+G4      580.960      28  1217.920     1229.688     1305.224
WARNING: Number of threads seems too high for short alignments. Use -T AUTO to determine best number of threads.
108  DCMut+I+G4    581.629      29  1221.257     1233.958     1311.679
WARNING: Number of threads seems too high for short alignments. Use -T AUTO to determine best number of threads.
109  DCMut+R2      582.416      29  1222.833     1235.534     1313.255
WARNING: Number of threads seems too high for short alignments. Use -T AUTO to determine best number of threads.
119  DCMut+F+I     553.338      47  1200.676     1238.592     1347.222
WARNING: Number of threads seems too high for short alignments. Use -T AUTO to determine best number of threads.
120  DCMut+F+G4    553.388      47  1200.775     1238.691     1347.321
WARNING: Number of threads seems too high for short alignments. Use -T AUTO to determine best number of threads.
121  DCMut+F+I+G4  553.850      48  1203.700     1243.565     1353.364
WARNING: Number of threads seems too high for short alignments. Use -T AUTO to determine best number of threads.
122  DCMut+F+R2    554.460      48  1204.919     1244.784     1354.583
WARNING: Number of threads seems too high for short alignments. Use -T AUTO to determine best number of threads.
132  VT+I          571.768      28  1199.536     1211.304     1286.840
WARNING: Number of threads seems too high for short alignments. Use -T AUTO to determine best number of threads.
133  VT+G4         571.785      28  1199.570     1211.338     1286.874
WARNING: Number of threads seems too high for short alignments. Use -T AUTO to determine best number of threads.
134  VT+I+G4       572.366      29  1202.731     1215.432     1293.153
WARNING: Number of threads seems too high for short alignments. Use -T AUTO to determine best number of threads.
135  VT+R2         572.993      29  1203.987     1216.687     1294.409
WARNING: Number of threads seems too high for short alignments. Use -T AUTO to determine best number of threads.
145  VT+F+I        552.156      47  1198.311     1236.227     1344.857
WARNING: Number of threads seems too high for short alignments. Use -T AUTO to determine best number of threads.
146  VT+F+G4       552.215      47  1198.430     1236.346     1344.976
WARNING: Number of threads seems too high for short alignments. Use -T AUTO to determine best number of threads.
147  VT+F+I+G4     552.663      48  1201.327     1241.191     1350.991
WARNING: Number of threads seems too high for short alignments. Use -T AUTO to determine best number of threads.
148  VT+F+R2       553.215      48  1202.430     1242.294     1352.094
WARNING: Number of threads seems too high for short alignments. Use -T AUTO to determine best number of threads.
158  PMB+I         576.731      28  1209.462     1221.230     1296.766
WARNING: Number of threads seems too high for short alignments. Use -T AUTO to determine best number of threads.
159  PMB+G4        576.742      28  1209.484     1221.252     1296.787
WARNING: Number of threads seems too high for short alignments. Use -T AUTO to determine best number of threads.
160  PMB+I+G4      577.204      29  1212.408     1225.109     1302.830
WARNING: Number of threads seems too high for short alignments. Use -T AUTO to determine best number of threads.
161  PMB+R2        577.794      29  1213.588     1226.288     1304.009
WARNING: Number of threads seems too high for short alignments. Use -T AUTO to determine best number of threads.
171  PMB+F+I       558.397      47  1210.793     1248.709     1357.339
WARNING: Number of threads seems too high for short alignments. Use -T AUTO to determine best number of threads.
172  PMB+F+G4      558.431      47  1210.862     1248.778     1357.408
WARNING: Number of threads seems too high for short alignments. Use -T AUTO to determine best number of threads.
173  PMB+F+I+G4    558.778      48  1213.557     1253.421     1363.221
WARNING: Number of threads seems too high for short alignments. Use -T AUTO to determine best number of threads.
174  PMB+F+R2      559.307      48  1214.613     1254.478     1364.277
WARNING: Number of threads seems too high for short alignments. Use -T AUTO to determine best number of threads.
184  Blosum62+I    578.788      28  1213.575     1225.343     1300.879
WARNING: Number of threads seems too high for short alignments. Use -T AUTO to determine best number of threads.
185  Blosum62+G4   578.803      28  1213.607     1225.375     1300.910
WARNING: Number of threads seems too high for short alignments. Use -T AUTO to determine best number of threads.
186  Blosum62+I+G4 579.383      29  1216.766     1229.467     1307.188
WARNING: Number of threads seems too high for short alignments. Use -T AUTO to determine best number of threads.
187  Blosum62+R2   580.020      29  1218.040     1230.741     1308.462
WARNING: Number of threads seems too high for short alignments. Use -T AUTO to determine best number of threads.
197  Blosum62+F+I  557.933      47  1209.866     1247.782     1356.411
WARNING: Number of threads seems too high for short alignments. Use -T AUTO to determine best number of threads.
198  Blosum62+F+G4 557.972      47  1209.945     1247.861     1356.491
WARNING: Number of threads seems too high for short alignments. Use -T AUTO to determine best number of threads.
199  Blosum62+F+I+G4 558.440      48  1212.880     1252.744     1362.543
WARNING: Number of threads seems too high for short alignments. Use -T AUTO to determine best number of threads.
200  Blosum62+F+R2 559.016      48  1214.032     1253.897     1363.696
WARNING: Number of threads seems too high for short alignments. Use -T AUTO to determine best number of threads.
210  Dayhoff+I     580.881      28  1217.762     1229.530     1305.066
WARNING: Number of threads seems too high for short alignments. Use -T AUTO to determine best number of threads.
211  Dayhoff+G4    580.885      28  1217.770     1229.538     1305.074
WARNING: Number of threads seems too high for short alignments. Use -T AUTO to determine best number of threads.
212  Dayhoff+I+G4  581.557      29  1221.114     1233.815     1311.536
WARNING: Number of threads seems too high for short alignments. Use -T AUTO to determine best number of threads.
213  Dayhoff+R2    582.347      29  1222.694     1235.395     1313.116
WARNING: Number of threads seems too high for short alignments. Use -T AUTO to determine best number of threads.
223  Dayhoff+F+I   553.267      47  1200.535     1238.451     1347.080
WARNING: Number of threads seems too high for short alignments. Use -T AUTO to determine best number of threads.
224  Dayhoff+F+G4  553.317      47  1200.635     1238.551     1347.180
WARNING: Number of threads seems too high for short alignments. Use -T AUTO to determine best number of threads.
225  Dayhoff+F+I+G4 553.783      48  1203.566     1243.430     1353.230
WARNING: Number of threads seems too high for short alignments. Use -T AUTO to determine best number of threads.
226  Dayhoff+F+R2  554.394      48  1204.788     1244.652     1354.451
WARNING: Number of threads seems too high for short alignments. Use -T AUTO to determine best number of threads.
236  mtREV+I       554.715      28  1165.431     1177.199     1252.735
WARNING: Number of threads seems too high for short alignments. Use -T AUTO to determine best number of threads.
237  mtREV+G4      554.811      28  1165.621     1177.390     1252.925
WARNING: Number of threads seems too high for short alignments. Use -T AUTO to determine best number of threads.
238  mtREV+I+G4    555.193      29  1168.386     1181.087     1258.808
WARNING: Number of threads seems too high for short alignments. Use -T AUTO to determine best number of threads.
239  mtREV+R2      555.971      29  1169.942     1182.643     1260.364
WARNING: Number of threads seems too high for short alignments. Use -T AUTO to determine best number of threads.
249  mtREV+F+I     547.081      47  1188.163     1226.079     1334.709
WARNING: Number of threads seems too high for short alignments. Use -T AUTO to determine best number of threads.
250  mtREV+F+G4    547.161      47  1188.322     1226.238     1334.867
WARNING: Number of threads seems too high for short alignments. Use -T AUTO to determine best number of threads.
251  mtREV+F+I+G4  547.553      48  1191.106     1230.971     1340.770
WARNING: Number of threads seems too high for short alignments. Use -T AUTO to determine best number of threads.
252  mtREV+F+R2    548.251      48  1192.503     1232.367     1342.167
WARNING: Number of threads seems too high for short alignments. Use -T AUTO to determine best number of threads.
262  mtART+I       565.826      28  1187.653     1199.421     1274.957
WARNING: Number of threads seems too high for short alignments. Use -T AUTO to determine best number of threads.
263  mtART+G4      565.879      28  1187.758     1199.526     1275.062
WARNING: Number of threads seems too high for short alignments. Use -T AUTO to determine best number of threads.
264  mtART+I+G4    565.983      29  1189.966     1202.667     1280.388
WARNING: Number of threads seems too high for short alignments. Use -T AUTO to determine best number of threads.
265  mtART+R2      566.815      29  1191.630     1204.330     1282.051
WARNING: Number of threads seems too high for short alignments. Use -T AUTO to determine best number of threads.
275  mtART+F+I     555.043      47  1204.085     1242.001     1350.631
WARNING: Number of threads seems too high for short alignments. Use -T AUTO to determine best number of threads.
276  mtART+F+G4    555.117      47  1204.234     1242.150     1350.780
WARNING: Number of threads seems too high for short alignments. Use -T AUTO to determine best number of threads.
277  mtART+F+I+G4  555.408      48  1206.815     1246.680     1356.479
WARNING: Number of threads seems too high for short alignments. Use -T AUTO to determine best number of threads.
278  mtART+F+R2    556.209      48  1208.419     1248.283     1358.083
WARNING: Number of threads seems too high for short alignments. Use -T AUTO to determine best number of threads.
288  mtZOA+I       559.545      28  1175.089     1186.858     1262.393
WARNING: Number of threads seems too high for short alignments. Use -T AUTO to determine best number of threads.
289  mtZOA+G4      559.657      28  1175.313     1187.082     1262.617
WARNING: Number of threads seems too high for short alignments. Use -T AUTO to determine best number of threads.
290  mtZOA+I+G4    559.934      29  1177.868     1190.568     1268.289
WARNING: Number of threads seems too high for short alignments. Use -T AUTO to determine best number of threads.
291  mtZOA+R2      560.700      29  1179.400     1192.101     1269.822
WARNING: Number of threads seems too high for short alignments. Use -T AUTO to determine best number of threads.
301  mtZOA+F+I     550.449      47  1194.898     1232.814     1341.444
WARNING: Number of threads seems too high for short alignments. Use -T AUTO to determine best number of threads.
302  mtZOA+F+G4    550.584      47  1195.169     1233.085     1341.714
WARNING: Number of threads seems too high for short alignments. Use -T AUTO to determine best number of threads.
303  mtZOA+F+I+G4  551.013      48  1198.026     1237.890     1347.689
WARNING: Number of threads seems too high for short alignments. Use -T AUTO to determine best number of threads.
304  mtZOA+F+R2    551.758      48  1199.515     1239.380     1349.179
WARNING: Number of threads seems too high for short alignments. Use -T AUTO to determine best number of threads.
314  mtMet+I       552.918      28  1161.835     1173.604     1249.139
WARNING: Number of threads seems too high for short alignments. Use -T AUTO to determine best number of threads.
315  mtMet+G4      553.084      28  1162.168     1173.936     1249.472
WARNING: Number of threads seems too high for short alignments. Use -T AUTO to determine best number of threads.
316  mtMet+I+G4    553.362      29  1164.724     1177.424     1255.145
WARNING: Number of threads seems too high for short alignments. Use -T AUTO to determine best number of threads.
317  mtMet+R2      554.044      29  1166.088     1178.789     1256.510
WARNING: Number of threads seems too high for short alignments. Use -T AUTO to determine best number of threads.
327  mtMet+F+I     541.919      47  1177.838     1215.754     1324.383
WARNING: Number of threads seems too high for short alignments. Use -T AUTO to determine best number of threads.
328  mtMet+F+G4    542.105      47  1178.211     1216.127     1324.757
WARNING: Number of threads seems too high for short alignments. Use -T AUTO to determine best number of threads.
329  mtMet+F+I+G4  542.465      48  1180.930     1220.795     1330.594
WARNING: Number of threads seems too high for short alignments. Use -T AUTO to determine best number of threads.
330  mtMet+F+R2    543.196      48  1182.392     1222.257     1332.056
WARNING: Number of threads seems too high for short alignments. Use -T AUTO to determine best number of threads.
340  mtVer+I       549.092      28  1154.183     1165.952     1241.487
WARNING: Number of threads seems too high for short alignments. Use -T AUTO to determine best number of threads.
341  mtVer+G4      549.289      28  1154.578     1166.346     1241.882
WARNING: Number of threads seems too high for short alignments. Use -T AUTO to determine best number of threads.
342  mtVer+I+G4    549.538      29  1157.077     1169.777     1247.498
WARNING: Number of threads seems too high for short alignments. Use -T AUTO to determine best number of threads.
343  mtVer+R2      550.376      29  1158.753     1171.454     1249.175
WARNING: Number of threads seems too high for short alignments. Use -T AUTO to determine best number of threads.
353  mtVer+F+I     539.896      47  1173.793     1211.709     1320.338
WARNING: Number of threads seems too high for short alignments. Use -T AUTO to determine best number of threads.
354  mtVer+F+G4    540.021      47  1174.042     1211.958     1320.587
WARNING: Number of threads seems too high for short alignments. Use -T AUTO to determine best number of threads.
355  mtVer+F+I+G4  540.297      48  1176.595     1216.459     1326.258
WARNING: Number of threads seems too high for short alignments. Use -T AUTO to determine best number of threads.
356  mtVer+F+R2    540.931      48  1177.862     1217.726     1327.525
WARNING: Number of threads seems too high for short alignments. Use -T AUTO to determine best number of threads.
366  mtInv+I       567.712      28  1191.424     1203.192     1278.728
WARNING: Number of threads seems too high for short alignments. Use -T AUTO to determine best number of threads.
367  mtInv+G4      567.819      28  1191.638     1203.406     1278.942
WARNING: Number of threads seems too high for short alignments. Use -T AUTO to determine best number of threads.
368  mtInv+I+G4    568.102      29  1194.203     1206.904     1284.625
WARNING: Number of threads seems too high for short alignments. Use -T AUTO to determine best number of threads.
369  mtInv+R2      568.756      29  1195.513     1208.213     1285.934
WARNING: Number of threads seems too high for short alignments. Use -T AUTO to determine best number of threads.
379  mtInv+F+I     547.065      47  1188.130     1226.046     1334.676
WARNING: Number of threads seems too high for short alignments. Use -T AUTO to determine best number of threads.
380  mtInv+F+G4    547.196      47  1188.392     1226.308     1334.938
WARNING: Number of threads seems too high for short alignments. Use -T AUTO to determine best number of threads.
381  mtInv+F+I+G4  547.647      48  1191.294     1231.158     1340.958
WARNING: Number of threads seems too high for short alignments. Use -T AUTO to determine best number of threads.
382  mtInv+F+R2    548.323      48  1192.647     1232.511     1342.311
WARNING: Number of threads seems too high for short alignments. Use -T AUTO to determine best number of threads.
392  mtMAM+I       547.475      28  1150.950     1162.718     1238.253
WARNING: Number of threads seems too high for short alignments. Use -T AUTO to determine best number of threads.
393  mtMAM+G4      547.652      28  1151.304     1163.072     1238.608
WARNING: Number of threads seems too high for short alignments. Use -T AUTO to determine best number of threads.
394  mtMAM+I+G4    547.749      29  1153.497     1166.198     1243.919
WARNING: Number of threads seems too high for short alignments. Use -T AUTO to determine best number of threads.
395  mtMAM+R2      548.681      29  1155.362     1168.063     1245.784
WARNING: Number of threads seems too high for short alignments. Use -T AUTO to determine best number of threads.
405  mtMAM+F+I     540.441      47  1174.882     1212.798     1321.428
WARNING: Number of threads seems too high for short alignments. Use -T AUTO to determine best number of threads.
406  mtMAM+F+G4    540.551      47  1175.102     1213.018     1321.648
WARNING: Number of threads seems too high for short alignments. Use -T AUTO to determine best number of threads.
407  mtMAM+F+I+G4  540.757      48  1177.514     1217.379     1327.178
WARNING: Number of threads seems too high for short alignments. Use -T AUTO to determine best number of threads.
408  mtMAM+F+R2    541.486      48  1178.972     1218.837     1328.636
WARNING: Number of threads seems too high for short alignments. Use -T AUTO to determine best number of threads.
418  HIVb+I        567.927      28  1191.853     1203.621     1279.157
WARNING: Number of threads seems too high for short alignments. Use -T AUTO to determine best number of threads.
419  HIVb+G4       567.927      28  1191.854     1203.622     1279.158
WARNING: Number of threads seems too high for short alignments. Use -T AUTO to determine best number of threads.
420  HIVb+I+G4     568.249      29  1194.499     1207.200     1284.921
WARNING: Number of threads seems too high for short alignments. Use -T AUTO to determine best number of threads.
421  HIVb+R2       568.872      29  1195.744     1208.445     1286.166
WARNING: Number of threads seems too high for short alignments. Use -T AUTO to determine best number of threads.
431  HIVb+F+I      544.730      47  1183.460     1221.376     1330.005
WARNING: Number of threads seems too high for short alignments. Use -T AUTO to determine best number of threads.
432  HIVb+F+G4     544.740      47  1183.480     1221.396     1330.026
WARNING: Number of threads seems too high for short alignments. Use -T AUTO to determine best number of threads.
433  HIVb+F+I+G4   544.917      48  1185.834     1225.699     1335.498
WARNING: Number of threads seems too high for short alignments. Use -T AUTO to determine best number of threads.
434  HIVb+F+R2     545.411      48  1186.822     1226.687     1336.486
WARNING: Number of threads seems too high for short alignments. Use -T AUTO to determine best number of threads.
444  HIVw+I        574.924      28  1205.849     1217.617     1293.152
WARNING: Number of threads seems too high for short alignments. Use -T AUTO to determine best number of threads.
445  HIVw+G4       574.925      28  1205.850     1217.618     1293.154
WARNING: Number of threads seems too high for short alignments. Use -T AUTO to determine best number of threads.
446  HIVw+I+G4     575.189      29  1208.377     1221.078     1298.799
WARNING: Number of threads seems too high for short alignments. Use -T AUTO to determine best number of threads.
447  HIVw+R2       575.946      29  1209.891     1222.592     1300.313
WARNING: Number of threads seems too high for short alignments. Use -T AUTO to determine best number of threads.
457  HIVw+F+I      549.788      47  1193.576     1231.492     1340.122
WARNING: Number of threads seems too high for short alignments. Use -T AUTO to determine best number of threads.
458  HIVw+F+G4     549.791      47  1193.582     1231.498     1340.128
WARNING: Number of threads seems too high for short alignments. Use -T AUTO to determine best number of threads.
459  HIVw+F+I+G4   549.847      48  1195.694     1235.559     1345.358
WARNING: Number of threads seems too high for short alignments. Use -T AUTO to determine best number of threads.
460  HIVw+F+R2     550.358      48  1196.716     1236.581     1346.380
WARNING: Number of threads seems too high for short alignments. Use -T AUTO to determine best number of threads.
470  FLU+I         564.890      28  1185.779     1197.547     1273.083
WARNING: Number of threads seems too high for short alignments. Use -T AUTO to determine best number of threads.
471  FLU+G4        564.925      28  1185.849     1197.617     1273.153
WARNING: Number of threads seems too high for short alignments. Use -T AUTO to determine best number of threads.
472  FLU+I+G4      565.256      29  1188.513     1201.214     1278.935
WARNING: Number of threads seems too high for short alignments. Use -T AUTO to determine best number of threads.
473  FLU+R2        565.859      29  1189.717     1202.418     1280.139
WARNING: Number of threads seems too high for short alignments. Use -T AUTO to determine best number of threads.
483  FLU+F+I       546.256      47  1186.512     1224.428     1333.058
WARNING: Number of threads seems too high for short alignments. Use -T AUTO to determine best number of threads.
484  FLU+F+G4      546.229      47  1186.457     1224.373     1333.003
WARNING: Number of threads seems too high for short alignments. Use -T AUTO to determine best number of threads.
485  FLU+F+I+G4    546.322      48  1188.644     1228.509     1338.308
WARNING: Number of threads seems too high for short alignments. Use -T AUTO to determine best number of threads.
486  FLU+F+R2      546.763      48  1189.527     1229.391     1339.191
WARNING: Number of threads seems too high for short alignments. Use -T AUTO to determine best number of threads.
496  rtREV+I       575.303      28  1206.607     1218.375     1293.910
WARNING: Number of threads seems too high for short alignments. Use -T AUTO to determine best number of threads.
497  rtREV+G4      575.335      28  1206.670     1218.438     1293.974
WARNING: Number of threads seems too high for short alignments. Use -T AUTO to determine best number of threads.
498  rtREV+I+G4    575.998      29  1209.995     1222.696     1300.417
WARNING: Number of threads seems too high for short alignments. Use -T AUTO to determine best number of threads.
499  rtREV+R2      576.697      29  1211.394     1224.095     1301.816
WARNING: Number of threads seems too high for short alignments. Use -T AUTO to determine best number of threads.
509  rtREV+F+I     552.428      47  1198.857     1236.773     1345.403
WARNING: Number of threads seems too high for short alignments. Use -T AUTO to determine best number of threads.
510  rtREV+F+G4    552.523      47  1199.046     1236.962     1345.592
WARNING: Number of threads seems too high for short alignments. Use -T AUTO to determine best number of threads.
511  rtREV+F+I+G4  552.982      48  1201.965     1241.829     1351.628
WARNING: Number of threads seems too high for short alignments. Use -T AUTO to determine best number of threads.
512  rtREV+F+R2    553.637      48  1203.274     1243.138     1352.937
WARNING: Number of threads seems too high for short alignments. Use -T AUTO to determine best number of threads.
522  cpREV+I       570.497      28  1196.993     1208.761     1284.297
WARNING: Number of threads seems too high for short alignments. Use -T AUTO to determine best number of threads.
523  cpREV+G4      570.497      28  1196.993     1208.761     1284.297
WARNING: Number of threads seems too high for short alignments. Use -T AUTO to determine best number of threads.
524  cpREV+I+G4    570.986      29  1199.973     1212.673     1290.395
WARNING: Number of threads seems too high for short alignments. Use -T AUTO to determine best number of threads.
525  cpREV+R2      571.700      29  1201.399     1214.100     1291.821
WARNING: Number of threads seems too high for short alignments. Use -T AUTO to determine best number of threads.
535  cpREV+F+I     552.751      47  1199.501     1237.417     1346.047
WARNING: Number of threads seems too high for short alignments. Use -T AUTO to determine best number of threads.
536  cpREV+F+G4    552.774      47  1199.547     1237.463     1346.093
WARNING: Number of threads seems too high for short alignments. Use -T AUTO to determine best number of threads.
537  cpREV+F+I+G4  553.176      48  1202.353     1242.217     1352.016
WARNING: Number of threads seems too high for short alignments. Use -T AUTO to determine best number of threads.
538  cpREV+F+R2    553.772      48  1203.543     1243.408     1353.207
Akaike Information Criterion:           mtMAM+I
Corrected Akaike Information Criterion: mtMAM+I
Bayesian Information Criterion:         mtMAM+I
Best-fit model: mtMAM+I chosen according to BIC

All model information printed to 9_alignment_files/sampleA_part_3_alignment.afa.model.gz
CPU time for ModelFinder: 83.679 seconds (0h:1m:23s)
Wall-clock time for ModelFinder: 29.613 seconds (0h:0m:29s)
Generating 1000 samples for ultrafast bootstrap (seed: 579283)...

NOTE: 0 MB RAM (0 GB) is required!
WARNING: Number of threads seems too high for short alignments. Use -T AUTO to determine best number of threads.
Estimate model parameters (epsilon = 0.100)
1. Initial log-likelihood: -547.475
Optimal log-likelihood: -547.475
Proportion of invariable sites: 0.698
Parameters optimization took 1 rounds (0.003 sec)
Computing ML distances based on estimated model parameters... 0.019 sec
Computing BIONJ tree...
0.000 seconds
Log-likelihood of BIONJ tree: -547.716
--------------------------------------------------------------------
|             INITIALIZING CANDIDATE TREE SET                      |
--------------------------------------------------------------------
Generating 98 parsimony trees... 0.039 second
Computing log-likelihood of 98 initial trees ... 0.081 seconds
Current best score: -547.430

Do NNI search on 20 best initial trees
Estimate model parameters (epsilon = 0.100)
BETTER TREE FOUND at iteration 1: -546.604
Iteration 10 / LogL: -546.606 / Time: 0h:0m:0s
Iteration 20 / LogL: -547.475 / Time: 0h:0m:0s
Finish initializing candidate tree set (16)
Current best tree score: -546.604 / CPU time: 0.294
Number of iterations: 20
--------------------------------------------------------------------
|               OPTIMIZING CANDIDATE TREE SET                      |
--------------------------------------------------------------------
Iteration 30 / LogL: -546.604 / Time: 0h:0m:0s (0h:0m:1s left)
Iteration 40 / LogL: -546.604 / Time: 0h:0m:0s (0h:0m:0s left)
UPDATE BEST LOG-LIKELIHOOD: -546.604
BETTER TREE FOUND at iteration 49: -546.604
Iteration 50 / LogL: -547.473 / Time: 0h:0m:0s (0h:0m:1s left)
UPDATE BEST LOG-LIKELIHOOD: -546.604
Iteration 60 / LogL: -546.606 / Time: 0h:0m:0s (0h:0m:1s left)
Iteration 70 / LogL: -546.604 / Time: 0h:0m:1s (0h:0m:1s left)
UPDATE BEST LOG-LIKELIHOOD: -546.604
Iteration 80 / LogL: -546.606 / Time: 0h:0m:1s (0h:0m:1s left)
Iteration 90 / LogL: -546.606 / Time: 0h:0m:1s (0h:0m:0s left)
UPDATE BEST LOG-LIKELIHOOD: -546.604
UPDATE BEST LOG-LIKELIHOOD: -546.604
UPDATE BEST LOG-LIKELIHOOD: -546.604
Iteration 100 / LogL: -547.150 / Time: 0h:0m:1s (0h:0m:0s left)
Iteration 110 / LogL: -546.606 / Time: 0h:0m:1s (0h:0m:0s left)
Iteration 120 / LogL: -546.606 / Time: 0h:0m:1s (0h:0m:0s left)
Iteration 130 / LogL: -550.538 / Time: 0h:0m:2s (0h:0m:0s left)
Iteration 140 / LogL: -546.606 / Time: 0h:0m:2s (0h:0m:0s left)
Iteration 150 / LogL: -546.606 / Time: 0h:0m:2s (0h:0m:-1s left)
Refining ufboot trees with NNI 1 branch...
100 samples done
200 samples done
300 samples done
400 samples done
500 samples done
600 samples done
700 samples done
800 samples done
900 samples done
1000 samples done
Total 997 ufboot trees refined
TREE SEARCH COMPLETED AFTER 150 ITERATIONS / Time: 0h:0m:7s

--------------------------------------------------------------------
|                    FINALIZING TREE SEARCH                        |
--------------------------------------------------------------------
Performs final model parameters optimization
Estimate model parameters (epsilon = 0.010)
1. Initial log-likelihood: -546.604
Optimal log-likelihood: -546.604
Proportion of invariable sites: 0.699
Parameters optimization took 1 rounds (0.002 sec)
BEST SCORE FOUND : -546.604
Creating bootstrap support values...
Split supports printed to NEXUS file 9_alignment_files/sampleA_part_3_alignment.afa.splits.nex
Total tree length: 0.335

Total number of iterations: 150
CPU time used for tree search: 29.579 sec (0h:0m:29s)
Wall-clock time used for tree search: 7.515 sec (0h:0m:7s)
Total CPU time used: 29.797 sec (0h:0m:29s)
Total wall-clock time used: 7.582 sec (0h:0m:7s)
UFBoot trees printed to 9_alignment_files/sampleA_part_3_alignment.afa.ufboot

Computing bootstrap consensus tree...
Reading input file 9_alignment_files/sampleA_part_3_alignment.afa.splits.nex...
15 taxa and 152 splits.
Consensus tree written to 9_alignment_files/sampleA_part_3_alignment.afa.contree
Reading input trees file 9_alignment_files/sampleA_part_3_alignment.afa.contree
Log-likelihood of consensus tree: -546.605

Analysis results written to: 
  IQ-TREE report:                9_alignment_files/sampleA_part_3_alignment.afa.iqtree
  Maximum-likelihood tree:       9_alignment_files/sampleA_part_3_alignment.afa.treefile
  Likelihood distances:          9_alignment_files/sampleA_part_3_alignment.afa.mldist

Ultrafast bootstrap approximation results written to:
  Split support values:          9_alignment_files/sampleA_part_3_alignment.afa.splits.nex
  Consensus tree:                9_alignment_files/sampleA_part_3_alignment.afa.contree
  UFBoot trees:                  9_alignment_files/sampleA_part_3_alignment.afa.ufboot
  Screen log file:               9_alignment_files/sampleA_part_3_alignment.afa.log

Date and Time: Tue Nov 18 13:00:30 2025
