IQ-TREE multicore version 2.0.7 for Linux 64-bit built Apr  1 2024
Developed by Bui Quang Minh, Nguyen Lam Tung, Olga Chernomor,
Heiko Schmidt, Dominik Schrempf, Michael Woodhams.

Host:    thecomputer2 (AVX512, FMA3, 31 GB RAM)
Command: iqtree2 -s 9_alignment_files/sampleA_part3_alignment.afa -m MFP -B 1000 -bnni -nt AUTO -redo
Seed:    535243 (Using SPRNG - Scalable Parallel Random Number Generator)
Time:    Wed Nov 19 11:36:07 2025
Kernel:  AVX+FMA - auto-detect threads (8 CPU cores detected)

Reading alignment file 9_alignment_files/sampleA_part3_alignment.afa ... Fasta format detected
Alignment most likely contains protein sequences
WARNING: 37 sites contain only gaps or ambiguous characters.
Alignment has 14 sequences with 167 columns, 49 distinct patterns
6 parsimony-informative, 6 singleton sites, 155 constant sites
                                       Gap/Ambiguity  Composition  p-value
   1  sampleA_part3                           27.54%    passed    100.00%
   2  AP006475.1_Caperea_marginata            29.94%    passed    100.00%
   3  DQ095155.1_Eubalaena_australis          28.74%    passed    100.00%
   4  DQ095154.1_Eubalaena_glacialis          28.74%    passed    100.00%
   5  NC_006931.1_Eubalaena_japonica          28.74%    passed    100.00%
   6  AB201259.1_Balaenoptera_brydei          28.74%    passed    100.00%
   7  PQ997938.1_Balaenoptera_ricei           28.74%    passed    100.00%
   8  MF409245.1_Eschrichtius_robustus        28.74%    passed    100.00%
   9  MF409248.1_Balaenoptera_borealis        28.74%    passed    100.00%
  10  NC_007938.1_Balaenoptera_edeni          28.74%    passed    100.00%
  11  MN124685.1_Balaena_mysticetus           28.74%    passed    100.00%
  12  NC_006926.1_Balaenoptera_bonaerensis    28.74%    passed    100.00%
  13  OX465372.1_Balaenoptera_acutorostrata   28.74%    passed    100.00%
  14  ON675289.1_Balaenoptera_musculus        28.74%    passed    100.00%
****  TOTAL                                   28.74%  0 sequences failed composition chi2 test (p-value<5%; df=19)
NOTE: DQ095154.1_Eubalaena_glacialis is identical to DQ095155.1_Eubalaena_australis but kept for subsequent analysis
NOTE: MF409245.1_Eschrichtius_robustus is identical to PQ997938.1_Balaenoptera_ricei but kept for subsequent analysis
NOTE: 3 identical sequences (see below) will be ignored for subsequent analysis
NOTE: NC_006931.1_Eubalaena_japonica (identical to DQ095155.1_Eubalaena_australis) is ignored but added at the end
NOTE: MF409248.1_Balaenoptera_borealis (identical to PQ997938.1_Balaenoptera_ricei) is ignored but added at the end
NOTE: NC_007938.1_Balaenoptera_edeni (identical to PQ997938.1_Balaenoptera_ricei) is ignored but added at the end
Alignment was printed to 9_alignment_files/sampleA_part3_alignment.afa.uniqueseq.phy

For your convenience alignment with unique sequences printed to 9_alignment_files/sampleA_part3_alignment.afa.uniqueseq.phy


Create initial parsimony tree by phylogenetic likelihood library (PLL)... 0.000 seconds
Measuring multi-threading efficiency up to 8 CPU cores
Increase to 10 rounds for branch lengths
1363 trees examined
Threads: 1 / Time: 8.002 sec / Speedup: 1.000 / Efficiency: 100% / LogL: -541
Threads: 2 / Time: 6.039 sec / Speedup: 1.325 / Efficiency: 66% / LogL: -541
Threads: 3 / Time: 5.521 sec / Speedup: 1.450 / Efficiency: 48% / LogL: -541
BEST NUMBER OF THREADS: 2

Perform fast likelihood tree search using LG+I+G model...
Estimate model parameters (epsilon = 5.000)
Perform nearest neighbor interchange...
Estimate model parameters (epsilon = 1.000)
1. Initial log-likelihood: -490.915
Optimal log-likelihood: -490.914
Proportion of invariable sites: 0.463
Gamma shape alpha: 0.673
Parameters optimization took 1 rounds (0.008 sec)
Time for fast ML tree search: 0.038 seconds

NOTE: ModelFinder requires 1 MB RAM!
ModelFinder will test up to 546 protein models (sample size: 167) ...
 No. Model         -LnL         df  AIC          AICc         BIC
  1  LG            493.017      19  1024.034     1029.204     1083.276
  2  LG+I          491.115      20  1022.231     1027.984     1084.591
  3  LG+G4         491.034      20  1022.068     1027.821     1084.428
  4  LG+I+G4       490.914      21  1023.829     1030.201     1089.307
  5  LG+R2         492.034      21  1026.068     1032.440     1091.545
  6  LG+R3         491.269      23  1028.537     1036.257     1100.251
 14  LG+F          471.775      38  1019.551     1042.707     1138.035
 15  LG+F+I        469.960      39  1017.919     1042.486     1139.521
 16  LG+F+G4       469.864      39  1017.728     1042.295     1139.329
 17  LG+F+I+G4     469.746      40  1019.493     1045.525     1144.213
 18  LG+F+R2       470.808      40  1021.616     1047.648     1146.336
 27  WAG           492.027      19  1022.054     1027.224     1081.296
 28  WAG+I         489.844      20  1019.687     1025.441     1082.047
 29  WAG+G4        489.809      20  1019.618     1025.371     1081.978
 30  WAG+I+G4      489.692      21  1021.384     1027.756     1086.862
 31  WAG+R2        490.996      21  1023.993     1030.365     1089.470
 40  WAG+F         472.028      38  1020.056     1043.213     1138.540
 41  WAG+F+I       470.112      39  1018.224     1042.791     1139.826
 42  WAG+F+G4      470.040      39  1018.080     1042.647     1139.682
 43  WAG+F+I+G4    469.925      40  1019.850     1045.882     1144.570
 44  WAG+F+R2      471.047      40  1022.095     1048.126     1146.814
 53  JTT           488.023      19  1014.046     1019.216     1073.288
 54  JTT+I         486.047      20  1012.093     1017.847     1074.453
 55  JTT+G4        485.997      20  1011.995     1017.748     1074.355
 56  JTT+I+G4      485.919      21  1013.838     1020.210     1079.316
 57  JTT+R2        487.039      21  1016.078     1022.450     1081.555
 66  JTT+F         469.422      38  1014.843     1038.000     1133.327
 67  JTT+F+I       467.611      39  1013.222     1037.789     1134.824
 68  JTT+F+G4      467.542      39  1013.083     1037.650     1134.685
 69  JTT+F+I+G4    467.468      40  1014.937     1040.969     1139.657
 70  JTT+F+R2      468.470      40  1016.939     1042.971     1141.659
 79  JTTDCMut      488.320      19  1014.640     1019.810     1073.882
 80  JTTDCMut+I    486.321      20  1012.642     1018.396     1075.002
 81  JTTDCMut+G4   486.274      20  1012.549     1018.302     1074.908
 82  JTTDCMut+I+G4 486.195      21  1014.390     1020.763     1079.868
 83  JTTDCMut+R2   487.331      21  1016.662     1023.035     1082.140
 92  JTTDCMut+F    469.552      38  1015.104     1038.260     1133.587
 93  JTTDCMut+F+I  467.726      39  1013.452     1038.019     1135.054
 94  JTTDCMut+F+G4 467.658      39  1013.316     1037.883     1134.918
 95  JTTDCMut+F+I+G4 467.583      40  1015.167     1041.199     1139.887
 96  JTTDCMut+F+R2 468.596      40  1017.192     1043.224     1141.912
105  DCMut         498.200      19  1034.400     1039.570     1093.642
106  DCMut+I       495.670      20  1031.340     1037.094     1093.700
107  DCMut+G4      495.668      20  1031.335     1037.089     1093.695
108  DCMut+I+G4    495.564      21  1033.129     1039.501     1098.607
109  DCMut+R2      497.104      21  1036.209     1042.581     1101.686
118  DCMut+F       472.471      38  1020.942     1044.098     1139.426
119  DCMut+F+I     470.319      39  1018.639     1043.205     1140.240
120  DCMut+F+G4    470.280      39  1018.560     1043.127     1140.161
121  DCMut+F+I+G4  470.172      40  1020.345     1046.377     1145.065
122  DCMut+F+R2    471.446      40  1022.892     1048.923     1147.611
131  VT            490.596      19  1019.192     1024.362     1078.434
132  VT+I          488.673      20  1017.346     1023.099     1079.706
133  VT+G4         488.616      20  1017.231     1022.985     1079.591
134  VT+I+G4       488.526      21  1019.053     1025.425     1084.531
135  VT+R2         489.622      21  1021.244     1027.617     1086.722
144  VT+F          471.546      38  1019.093     1042.249     1137.576
145  VT+F+I        469.750      39  1017.501     1042.068     1139.103
146  VT+F+G4       469.674      39  1017.348     1041.915     1138.950
147  VT+F+I+G4     469.584      40  1019.169     1045.201     1143.889
148  VT+F+R2       470.597      40  1021.194     1047.226     1145.914
157  PMB           492.054      19  1022.108     1027.278     1081.350
158  PMB+I         490.196      20  1020.392     1026.146     1082.752
159  PMB+G4        490.118      20  1020.237     1025.990     1082.597
160  PMB+I+G4      490.007      21  1022.014     1028.386     1087.492
161  PMB+R2        491.087      21  1024.174     1030.546     1089.652
170  PMB+F         474.358      38  1024.716     1047.872     1143.199
171  PMB+F+I       472.553      39  1023.105     1047.672     1144.707
172  PMB+F+G4      472.463      39  1022.926     1047.493     1144.528
173  PMB+F+I+G4    472.347      40  1024.695     1050.727     1149.415
174  PMB+F+R2      473.399      40  1026.798     1052.830     1151.518
183  Blosum62      494.140      19  1026.281     1031.451     1085.523
184  Blosum62+I    492.298      20  1024.597     1030.350     1086.957
185  Blosum62+G4   492.218      20  1024.436     1030.189     1086.796
186  Blosum62+I+G4 492.109      21  1026.219     1032.591     1091.696
187  Blosum62+R2   493.175      21  1028.351     1034.723     1093.828
196  Blosum62+F    473.844      38  1023.689     1046.845     1142.173
197  Blosum62+F+I  472.035      39  1022.069     1046.636     1143.671
198  Blosum62+F+G4 471.946      39  1021.893     1046.459     1143.494
199  Blosum62+F+I+G4 471.833      40  1023.666     1049.698     1148.386
200  Blosum62+F+R2 472.884      40  1025.769     1051.800     1150.488
209  Dayhoff       498.198      19  1034.395     1039.566     1093.637
210  Dayhoff+I     495.663      20  1031.326     1037.080     1093.686
211  Dayhoff+G4    495.661      20  1031.322     1037.076     1093.682
212  Dayhoff+I+G4  495.557      21  1033.115     1039.487     1098.593
213  Dayhoff+R2    497.101      21  1036.202     1042.575     1101.680
222  Dayhoff+F     472.469      38  1020.938     1044.094     1139.422
223  Dayhoff+F+I   470.314      39  1018.629     1043.196     1140.231
224  Dayhoff+F+G4  470.275      39  1018.550     1043.117     1140.152
225  Dayhoff+F+I+G4 470.168      40  1020.335     1046.367     1145.055
226  Dayhoff+F+R2  471.443      40  1022.886     1048.918     1147.606
235  mtREV         475.847      19  989.695      994.865      1048.936
236  mtREV+I       474.383      20  988.766      994.520      1051.126
237  mtREV+G4      474.256      20  988.512      994.265      1050.872
238  mtREV+I+G4    474.210      21  990.420      996.793      1055.898
239  mtREV+R2      474.959      21  991.917      998.290      1057.395
248  mtREV+F       469.675      38  1015.350     1038.506     1133.833
249  mtREV+F+I     467.996      39  1013.992     1038.559     1135.594
250  mtREV+F+G4    467.899      39  1013.799     1038.366     1135.401
251  mtREV+F+I+G4  467.838      40  1015.676     1041.707     1140.395
252  mtREV+F+R2    468.740      40  1017.481     1043.512     1142.200
261  mtART         482.963      19  1003.926     1009.096     1063.168
262  mtART+I       481.197      20  1002.395     1008.148     1064.755
263  mtART+G4      481.026      20  1002.053     1007.806     1064.413
264  mtART+I+G4    480.879      21  1003.759     1010.131     1069.236
265  mtART+R2      481.961      21  1005.921     1012.294     1071.399
274  mtART+F       474.341      38  1024.681     1047.837     1143.165
275  mtART+F+I     472.501      39  1023.001     1047.568     1144.603
276  mtART+F+G4    472.364      39  1022.727     1047.294     1144.329
277  mtART+F+I+G4  472.216      40  1024.432     1050.463     1149.151
278  mtART+F+R2    473.340      40  1026.680     1052.712     1151.400
287  mtZOA         478.201      19  994.402      999.572      1053.644
288  mtZOA+I       476.702      20  993.404      999.158      1055.764
289  mtZOA+G4      476.537      20  993.074      998.827      1055.434
290  mtZOA+I+G4    476.459      21  994.918      1001.290     1060.396
291  mtZOA+R2      477.284      21  996.567      1002.940     1062.045
300  mtZOA+F       470.674      38  1017.349     1040.505     1135.832
301  mtZOA+F+I     469.028      39  1016.056     1040.623     1137.658
302  mtZOA+F+G4    468.901      39  1015.802     1040.369     1137.404
303  mtZOA+F+I+G4  468.813      40  1017.626     1043.658     1142.346
304  mtZOA+F+R2    469.735      40  1019.470     1045.502     1144.190
313  mtMet         475.747      19  989.494      994.664      1048.736
314  mtMet+I       474.412      20  988.824      994.577      1051.184
315  mtMet+G4      474.266      20  988.532      994.285      1050.891
316  mtMet+I+G4    474.230      21  990.459      996.832      1055.937
317  mtMet+R2      474.893      21  991.787      998.159      1057.264
326  mtMet+F       466.271      38  1008.542     1031.698     1127.026
327  mtMet+F+I     464.767      39  1007.533     1032.100     1129.135
328  mtMet+F+G4    464.657      39  1007.315     1031.882     1128.916
329  mtMet+F+I+G4  464.615      40  1009.230     1035.262     1133.950
330  mtMet+F+R2    465.382      40  1010.764     1036.796     1135.484
339  mtVer         476.024      19  990.049      995.219      1049.291
340  mtVer+I       474.686      20  989.372      995.126      1051.732
341  mtVer+G4      474.519      20  989.038      994.792      1051.398
342  mtVer+I+G4    474.473      21  990.946      997.318      1056.424
343  mtVer+R2      475.160      21  992.321      998.693      1057.799
352  mtVer+F       467.669      38  1011.338     1034.494     1129.822
353  mtVer+F+I     466.046      39  1010.092     1034.659     1131.694
354  mtVer+F+G4    465.931      39  1009.862     1034.429     1131.464
355  mtVer+F+I+G4  465.857      40  1011.715     1037.747     1136.435
356  mtVer+F+R2    466.746      40  1013.491     1039.523     1138.211
365  mtInv         487.069      19  1012.138     1017.308     1071.380
366  mtInv+I       485.642      20  1011.284     1017.037     1073.644
367  mtInv+G4      485.502      20  1011.004     1016.758     1073.364
368  mtInv+I+G4    485.446      21  1012.892     1019.264     1078.370
369  mtInv+R2      486.192      21  1014.384     1020.756     1079.862
378  mtInv+F       469.008      38  1014.017     1037.173     1132.500
379  mtInv+F+I     467.431      39  1012.862     1037.429     1134.464
380  mtInv+F+G4    467.324      39  1012.649     1037.216     1134.251
381  mtInv+F+I+G4  467.262      40  1014.525     1040.556     1139.244
382  mtInv+F+R2    468.102      40  1016.204     1042.236     1140.924
391  mtMAM         473.404      19  984.808      989.978      1044.050
392  mtMAM+I       472.128      20  984.257      990.010      1046.617
393  mtMAM+G4      471.938      20  983.876      989.629      1046.235
394  mtMAM+I+G4    471.902      21  985.804      992.177      1051.282
395  mtMAM+R2      472.543      21  987.087      993.459      1052.564
404  mtMAM+F       467.414      38  1010.829     1033.985     1129.312
405  mtMAM+F+I     465.943      39  1009.885     1034.452     1131.487
406  mtMAM+F+G4    465.798      39  1009.595     1034.162     1131.197
407  mtMAM+F+I+G4  465.741      40  1011.482     1037.513     1136.201
408  mtMAM+F+R2    466.516      40  1013.032     1039.064     1137.752
417  HIVb          493.409      19  1024.817     1029.987     1084.059
418  HIVb+I        491.406      20  1022.812     1028.565     1085.172
419  HIVb+G4       491.359      20  1022.718     1028.471     1085.077
420  HIVb+I+G4     491.288      21  1024.575     1030.948     1090.053
421  HIVb+R2       492.419      21  1026.837     1033.210     1092.315
430  HIVb+F        469.336      38  1014.672     1037.829     1133.156
431  HIVb+F+I      467.351      39  1012.702     1037.269     1134.304
432  HIVb+F+G4     467.299      39  1012.598     1037.164     1134.199
433  HIVb+F+I+G4   467.222      40  1014.444     1040.475     1139.163
434  HIVb+F+R2     468.348      40  1016.695     1042.727     1141.415
443  HIVw          502.060      19  1042.120     1047.290     1101.362
444  HIVw+I        498.325      20  1036.649     1042.403     1099.009
445  HIVw+G4       498.437      20  1036.875     1042.628     1099.235
446  HIVw+I+G4     498.190      21  1038.380     1044.752     1103.858
447  HIVw+R2       500.605      21  1043.210     1049.583     1108.688
456  HIVw+F        476.153      38  1028.306     1051.462     1146.790
457  HIVw+F+I      473.242      39  1024.484     1049.051     1146.086
458  HIVw+F+G4     473.266      39  1024.532     1049.099     1146.134
459  HIVw+F+I+G4   473.077      40  1026.154     1052.186     1150.874
460  HIVw+F+R2     474.969      40  1029.938     1055.970     1154.658
469  FLU           489.428      19  1016.856     1022.027     1076.098
470  FLU+I         487.307      20  1014.613     1020.367     1076.973
471  FLU+G4        487.240      20  1014.480     1020.233     1076.840
472  FLU+I+G4      487.102      21  1016.203     1022.576     1081.681
473  FLU+R2        488.391      21  1018.782     1025.154     1084.259
482  FLU+F         470.448      38  1016.896     1040.052     1135.380
483  FLU+F+I       468.585      39  1015.171     1039.737     1136.772
484  FLU+F+G4      468.474      39  1014.948     1039.515     1136.550
485  FLU+F+I+G4    468.344      40  1016.689     1042.721     1141.409
486  FLU+F+R2      469.457      40  1018.913     1044.945     1143.633
495  rtREV         494.671      19  1027.343     1032.513     1086.585
496  rtREV+I       492.769      20  1025.539     1031.292     1087.899
497  rtREV+G4      492.687      20  1025.374     1031.127     1087.734
498  rtREV+I+G4    492.571      21  1027.142     1033.515     1092.620
499  rtREV+R2      493.687      21  1029.374     1035.747     1094.852
508  rtREV+F       471.567      38  1019.133     1042.289     1137.617
509  rtREV+F+I     469.720      39  1017.440     1042.007     1139.041
510  rtREV+F+G4    469.630      39  1017.261     1041.828     1138.863
511  rtREV+F+I+G4  469.517      40  1019.035     1045.066     1143.754
512  rtREV+F+R2    470.594      40  1021.187     1047.219     1145.907
521  cpREV         490.003      19  1018.006     1023.176     1077.248
522  cpREV+I       487.625      20  1015.250     1021.003     1077.610
523  cpREV+G4      487.604      20  1015.207     1020.960     1077.567
524  cpREV+I+G4    487.467      21  1016.933     1023.306     1082.411
525  cpREV+R2      488.928      21  1019.856     1026.228     1085.334
534  cpREV+F       472.785      38  1021.570     1044.727     1140.054
535  cpREV+F+I     470.502      39  1019.004     1043.571     1140.606
536  cpREV+F+G4    470.471      39  1018.943     1043.510     1140.544
537  cpREV+F+I+G4  470.337      40  1020.674     1046.706     1145.394
538  cpREV+F+R2    471.730      40  1023.460     1049.492     1148.180
Akaike Information Criterion:           mtMAM+G4
Corrected Akaike Information Criterion: mtMAM+G4
Bayesian Information Criterion:         mtMAM
Best-fit model: mtMAM chosen according to BIC

All model information printed to 9_alignment_files/sampleA_part3_alignment.afa.model.gz
CPU time for ModelFinder: 38.989 seconds (0h:0m:38s)
Wall-clock time for ModelFinder: 20.983 seconds (0h:0m:20s)
Generating 1000 samples for ultrafast bootstrap (seed: 535243)...

NOTE: 0 MB RAM (0 GB) is required!
Estimate model parameters (epsilon = 0.100)
1. Initial log-likelihood: -473.404
Optimal log-likelihood: -473.404
Parameters optimization took 1 rounds (0.002 sec)
Computing ML distances based on estimated model parameters... 0.004 sec
Computing BIONJ tree...
0.000 seconds
Log-likelihood of BIONJ tree: -473.405
--------------------------------------------------------------------
|             INITIALIZING CANDIDATE TREE SET                      |
--------------------------------------------------------------------
Generating 98 parsimony trees... 0.027 second
Computing log-likelihood of 97 initial trees ... 0.043 seconds
Current best score: -473.404

Do NNI search on 20 best initial trees
Estimate model parameters (epsilon = 0.100)
BETTER TREE FOUND at iteration 1: -473.404
Iteration 10 / LogL: -473.404 / Time: 0h:0m:0s
Iteration 20 / LogL: -474.666 / Time: 0h:0m:0s
Finish initializing candidate tree set (10)
Current best tree score: -473.404 / CPU time: 0.123
Number of iterations: 20
--------------------------------------------------------------------
|               OPTIMIZING CANDIDATE TREE SET                      |
--------------------------------------------------------------------
Iteration 30 / LogL: -479.017 / Time: 0h:0m:0s (0h:0m:0s left)
UPDATE BEST LOG-LIKELIHOOD: -473.404
Iteration 40 / LogL: -473.404 / Time: 0h:0m:0s (0h:0m:0s left)
Iteration 50 / LogL: -473.404 / Time: 0h:0m:0s (0h:0m:0s left)
Iteration 60 / LogL: -473.404 / Time: 0h:0m:0s (0h:0m:0s left)
Iteration 70 / LogL: -473.404 / Time: 0h:0m:0s (0h:0m:0s left)
Iteration 80 / LogL: -475.576 / Time: 0h:0m:0s (0h:0m:0s left)
Iteration 90 / LogL: -473.404 / Time: 0h:0m:0s (0h:0m:0s left)
Iteration 100 / LogL: -473.404 / Time: 0h:0m:0s (0h:0m:0s left)
Refining ufboot trees with NNI 1 branch...
100 samples done
200 samples done
300 samples done
400 samples done
500 samples done
600 samples done
700 samples done
800 samples done
900 samples done
1000 samples done
Total 946 ufboot trees refined
TREE SEARCH COMPLETED AFTER 102 ITERATIONS / Time: 0h:0m:3s

--------------------------------------------------------------------
|                    FINALIZING TREE SEARCH                        |
--------------------------------------------------------------------
Performs final model parameters optimization
Estimate model parameters (epsilon = 0.010)
1. Initial log-likelihood: -473.404
Optimal log-likelihood: -473.404
Parameters optimization took 1 rounds (0.001 sec)
BEST SCORE FOUND : -473.404
Creating bootstrap support values...
Split supports printed to NEXUS file 9_alignment_files/sampleA_part3_alignment.afa.splits.nex
Total tree length: 0.134

Total number of iterations: 102
CPU time used for tree search: 7.527 sec (0h:0m:7s)
Wall-clock time used for tree search: 3.822 sec (0h:0m:3s)
Total CPU time used: 7.601 sec (0h:0m:7s)
Total wall-clock time used: 3.864 sec (0h:0m:3s)
UFBoot trees printed to 9_alignment_files/sampleA_part3_alignment.afa.ufboot

Computing bootstrap consensus tree...
Reading input file 9_alignment_files/sampleA_part3_alignment.afa.splits.nex...
11 taxa and 92 splits.
Consensus tree written to 9_alignment_files/sampleA_part3_alignment.afa.contree
Reading input trees file 9_alignment_files/sampleA_part3_alignment.afa.contree
Log-likelihood of consensus tree: -473.405

Analysis results written to: 
  IQ-TREE report:                9_alignment_files/sampleA_part3_alignment.afa.iqtree
  Maximum-likelihood tree:       9_alignment_files/sampleA_part3_alignment.afa.treefile
  Likelihood distances:          9_alignment_files/sampleA_part3_alignment.afa.mldist

Ultrafast bootstrap approximation results written to:
  Split support values:          9_alignment_files/sampleA_part3_alignment.afa.splits.nex
  Consensus tree:                9_alignment_files/sampleA_part3_alignment.afa.contree
  UFBoot trees:                  9_alignment_files/sampleA_part3_alignment.afa.ufboot
  Screen log file:               9_alignment_files/sampleA_part3_alignment.afa.log

Date and Time: Wed Nov 19 11:36:32 2025
