IQ-TREE version 3.0.1 for Linux x86 64-bit built Jul  9 2025
Developed by Bui Quang Minh, Thomas Wong, Nhan Ly-Trong, Huaiyan Ren
Contributed by Lam-Tung Nguyen, Dominik Schrempf, Chris Bielow,
Olga Chernomor, Michael Woodhams, Diep Thi Hoang, Heiko Schmidt

Host:    thecomputer2 (AVX512, FMA3, 31 GB RAM)
Command: iqtree3 -s 10_alignment_files/part3_alignment.afa -m MFP -B 1000 -bnni -T AUTO -redo
Seed:    529131 (Using SPRNG - Scalable Parallel Random Number Generator)
Time:    Fri Nov 28 12:15:13 2025
Kernel:  AVX+FMA - auto-detect threads (8 CPU cores detected)

Reading alignment file 10_alignment_files/part3_alignment.afa ... Fasta format detected
Reading fasta file: done in 0.000118137 secs using 33.01% CPU
Alignment most likely contains protein sequences
Constructing alignment: done in 0.000281677 secs using 139.9% CPU
Alignment has 17 sequences with 166 columns, 107 distinct patterns
31 parsimony-informative, 9 singleton sites, 126 constant sites
                       Gap/Ambiguity  Composition  p-value
Analyzing sequences: done in 0.00599502 secs using 700.4% CPU
   1  Thunnus_thynnus         20.48%    passed     98.32%
   2  Thunnus_maccoyii        20.48%    passed     98.32%
   3  Thunnus_obesus          20.48%    passed     98.32%
   4  Thunnus_tonggol         20.48%    passed     98.32%
   5  Thunnus_albacares       20.48%    passed     98.32%
   6  Thunnus_atlanticus      20.48%    passed     98.32%
   7  sampleC                 17.47%    passed     96.16%
   8  sampleA                 27.11%    passed     98.07%
   9  sampleB                  4.82%    passed    100.00%
  10  Eubalaena_japonica      28.31%    passed     98.89%
  11  Eubalaena_glacialis     28.31%    passed     98.89%
  12  Eubalaena_australis     28.31%    passed     98.89%
  13  Balaena_mysticetus      28.31%    passed     98.08%
  14  Eschrichtius_robustus   28.31%    passed     98.33%
  15  Balaenoptera_brydei     28.31%    passed     99.37%
  16  Monodon_monoceros        0.60%    passed    100.00%
  17  Delphinapterus_leucas    0.60%    passed    100.00%
****  TOTAL                   20.20%  0 sequences failed composition chi2 test (p-value<5%; df=19)
NOTE: Thunnus_maccoyii is identical to Thunnus_thynnus but kept for subsequent analysis
NOTE: Eubalaena_glacialis is identical to Eubalaena_japonica but kept for subsequent analysis
Checking for duplicate sequences: done in 0.00396317 secs using 693.9% CPU
Identifying sites to remove: done in 0.000111652 secs using 97.62% CPU
NOTE: 5 identical sequences (see below) will be ignored for subsequent analysis
NOTE: Thunnus_obesus (identical to Thunnus_thynnus) is ignored but added at the end
NOTE: Thunnus_tonggol (identical to Thunnus_thynnus) is ignored but added at the end
NOTE: Thunnus_albacares (identical to Thunnus_thynnus) is ignored but added at the end
NOTE: Thunnus_atlanticus (identical to Thunnus_thynnus) is ignored but added at the end
NOTE: Eubalaena_australis (identical to Eubalaena_japonica) is ignored but added at the end
Alignment was printed to 10_alignment_files/part3_alignment.afa.uniqueseq.phy

For your convenience alignment with unique sequences printed to 10_alignment_files/part3_alignment.afa.uniqueseq.phy


Create initial parsimony tree by phylogenetic likelihood library (PLL)... 0.000 seconds
Measuring multi-threading efficiency up to 8 CPU cores
Increase to 10 rounds for branch lengths
513 trees examined
Threads: 1 / Time: 8.010 sec / Speedup: 1.000 / Efficiency: 100% / LogL: -976
Threads: 2 / Time: 5.124 sec / Speedup: 1.563 / Efficiency: 78% / LogL: -976
Threads: 3 / Time: 4.024 sec / Speedup: 1.991 / Efficiency: 66% / LogL: -976
Threads: 4 / Time: 3.442 sec / Speedup: 2.327 / Efficiency: 58% / LogL: -976
Threads: 5 / Time: 3.474 sec / Speedup: 2.305 / Efficiency: 46% / LogL: -976
Determining AUTO threadcount: done in 24.0747 secs using 254.5% CPU
BEST NUMBER OF THREADS: 4

Perform fast likelihood tree search using LG+I+G model...
Estimate model parameters (epsilon = 5.000)
Perform nearest neighbor interchange...
Optimizing NNI: done in 0.0360903 secs using 399.2% CPU
Estimate model parameters (epsilon = 1.000)
1. Initial log-likelihood: -808.908
Optimal log-likelihood: -808.896
Proportion of invariable sites: 0.378
Gamma shape alpha: 0.986
Parameters optimization took 1 rounds (0.008 sec)
Time for fast ML tree search: 0.058 seconds

NOTE: ModelFinder requires 2 MB RAM!
ModelFinder will test up to 1232 protein models (sample size: 166 epsilon: 0.100) ...
 No. Model         -LnL         df  AIC          AICc         BIC
  1  LG            815.917      21  1673.835     1680.251     1739.186
  2  LG+I          809.644      22  1663.288     1670.365     1731.752
  3  LG+G4         809.005      22  1662.011     1669.087     1730.474
  4  LG+I+G4       808.896      23  1663.792     1671.567     1735.368
  5  LG+R2         809.502      23  1665.004     1672.779     1736.580
  6  LG+R3         808.876      25  1667.752     1677.038     1745.552
 14  LG+I+R2       809.323      24  1666.647     1675.157     1741.334
 15  LG+I+R3       808.969      26  1669.937     1680.038     1750.849
 23  LG+F          787.913      40  1655.825     1682.065     1780.305
 24  LG+F+I        781.016      41  1644.032     1671.807     1771.624
 25  LG+F+G4       780.558      41  1643.116     1670.891     1770.708
 26  LG+F+I+G4     780.434      42  1644.869     1674.234     1775.572
 27  LG+F+R2       780.878      42  1645.757     1675.122     1776.460
 45  WAG           813.396      21  1668.792     1675.209     1734.144
 46  WAG+I         807.265      22  1658.530     1665.607     1726.994
 47  WAG+G4        806.705      22  1657.411     1664.488     1725.875
 48  WAG+I+G4      806.628      23  1659.256     1667.031     1730.832
 49  WAG+R2        807.031      23  1660.063     1667.837     1731.638
 67  WAG+F         786.445      40  1652.889     1679.129     1777.369
 68  WAG+F+I       780.196      41  1642.392     1670.166     1769.983
 69  WAG+F+G4      779.836      41  1641.672     1669.446     1769.263
 70  WAG+F+I+G4    779.752      42  1643.505     1672.870     1774.208
 71  WAG+F+R2      780.047      42  1644.094     1673.460     1774.797
 89  JTT           807.039      21  1656.078     1662.495     1721.430
 90  JTT+I         800.065      22  1644.129     1651.206     1712.593
 91  JTT+G4        799.618      22  1643.237     1650.314     1711.701
 92  JTT+I+G4      799.518      23  1645.036     1652.811     1716.612
 93  JTT+R2        799.860      23  1645.721     1653.495     1717.296
111  JTT+F         780.127      40  1640.254     1666.494     1764.733
112  JTT+F+I       773.499      41  1628.999     1656.773     1756.590
113  JTT+F+G4      773.148      41  1628.296     1656.070     1755.887
114  JTT+F+I+G4    773.053      42  1630.106     1659.471     1760.809
115  JTT+F+R2      773.336      42  1630.673     1660.038     1761.376
133  Q.PFAM        815.236      21  1672.471     1678.888     1737.823
134  Q.PFAM+I      809.178      22  1662.356     1669.433     1730.820
135  Q.PFAM+G4     808.569      22  1661.138     1668.215     1729.602
136  Q.PFAM+I+G4   808.481      23  1662.961     1670.736     1734.537
137  Q.PFAM+R2     808.862      23  1663.723     1671.498     1735.299
155  Q.PFAM+F      787.592      40  1655.184     1681.424     1779.663
156  Q.PFAM+F+I    780.917      41  1643.834     1671.608     1771.425
157  Q.PFAM+F+G4   780.454      41  1642.908     1670.682     1770.499
158  Q.PFAM+F+I+G4 780.343      42  1644.686     1674.052     1775.390
159  Q.PFAM+F+R2   780.667      42  1645.335     1674.700     1776.038
177  Q.BIRD        809.449      21  1660.897     1667.314     1726.249
178  Q.BIRD+I      800.177      22  1644.353     1651.430     1712.817
179  Q.BIRD+G4     799.814      22  1643.628     1650.705     1712.092
180  Q.BIRD+I+G4   799.737      23  1645.473     1653.248     1717.049
181  Q.BIRD+R2     799.949      23  1645.899     1653.673     1717.474
199  Q.BIRD+F      778.037      40  1636.074     1662.314     1760.554
200  Q.BIRD+F+I    769.133      41  1620.266     1648.040     1747.857
201  Q.BIRD+F+G4   768.831      41  1619.662     1647.436     1747.253
202  Q.BIRD+F+I+G4 768.750      42  1621.499     1650.865     1752.203
203  Q.BIRD+F+R2   768.918      42  1621.836     1651.202     1752.539
221  Q.MAMMAL      810.492      21  1662.985     1669.402     1728.337
222  Q.MAMMAL+I    802.737      22  1649.475     1656.552     1717.938
223  Q.MAMMAL+G4   802.321      22  1648.641     1655.718     1717.105
224  Q.MAMMAL+I+G4 802.246      23  1650.492     1658.267     1722.068
225  Q.MAMMAL+R2   802.436      23  1650.871     1658.646     1722.447
243  Q.MAMMAL+F    778.342      40  1636.683     1662.923     1761.163
244  Q.MAMMAL+F+I  770.656      41  1623.311     1651.085     1750.903
245  Q.MAMMAL+F+G4 770.296      41  1622.593     1650.367     1750.184
246  Q.MAMMAL+F+I+G4 770.214      42  1624.429     1653.794     1755.132
247  Q.MAMMAL+F+R2 770.386      42  1624.772     1654.138     1755.475
265  Q.INSECT      816.666      21  1675.332     1681.749     1740.684
266  Q.INSECT+I    810.059      22  1664.118     1671.195     1732.582
267  Q.INSECT+G4   809.571      22  1663.142     1670.219     1731.606
268  Q.INSECT+I+G4 809.483      23  1664.966     1672.741     1736.542
269  Q.INSECT+R2   809.688      23  1665.377     1673.151     1736.952
287  Q.INSECT+F    784.211      40  1648.421     1674.661     1772.901
288  Q.INSECT+F+I  777.183      41  1636.366     1664.140     1763.958
289  Q.INSECT+F+G4 776.908      41  1635.816     1663.591     1763.408
290  Q.INSECT+F+I+G4 776.815      42  1637.629     1666.995     1768.332
291  Q.INSECT+F+R2 776.985      42  1637.970     1667.336     1768.673
309  Q.PLANT       808.161      21  1658.322     1664.739     1723.674
310  Q.PLANT+I     799.807      22  1643.614     1650.691     1712.077
311  Q.PLANT+G4    799.150      22  1642.300     1649.376     1710.763
312  Q.PLANT+I+G4  798.994      23  1643.989     1651.763     1715.564
313  Q.PLANT+R2    799.242      23  1644.484     1652.258     1716.059
331  Q.PLANT+F     781.145      40  1642.290     1668.530     1766.770
332  Q.PLANT+F+I   772.919      41  1627.838     1655.612     1755.429
333  Q.PLANT+F+G4  772.457      41  1626.913     1654.688     1754.505
334  Q.PLANT+F+I+G4 772.314      42  1628.628     1657.994     1759.331
335  Q.PLANT+F+R2  772.520      42  1629.041     1658.407     1759.744
353  Q.YEAST       819.291      21  1680.582     1686.999     1745.934
354  Q.YEAST+I     812.692      22  1669.385     1676.462     1737.849
355  Q.YEAST+G4    812.167      22  1668.334     1675.411     1736.798
356  Q.YEAST+I+G4  812.048      23  1670.095     1677.870     1741.671
357  Q.YEAST+R2    812.226      23  1670.452     1678.227     1742.028
375  Q.YEAST+F     785.394      40  1650.788     1677.028     1775.268
376  Q.YEAST+F+I   778.594      41  1639.189     1666.963     1766.780
377  Q.YEAST+F+G4  778.191      41  1638.383     1666.157     1765.974
378  Q.YEAST+F+I+G4 778.067      42  1640.134     1669.500     1770.838
379  Q.YEAST+F+R2  778.241      42  1640.483     1669.849     1771.186
397  JTTDCMUT      807.502      21  1657.003     1663.420     1722.355
398  JTTDCMUT+I    800.527      22  1645.054     1652.130     1713.517
399  JTTDCMUT+G4   800.040      22  1644.081     1651.157     1712.544
400  JTTDCMUT+I+G4 799.935      23  1645.871     1653.645     1717.446
401  JTTDCMUT+R2   800.057      23  1646.114     1653.888     1717.689
419  JTTDCMUT+F    780.460      40  1640.920     1667.160     1765.399
420  JTTDCMUT+F+I  773.828      41  1629.657     1657.431     1757.248
421  JTTDCMUT+F+G4 773.447      41  1628.893     1656.668     1756.485
422  JTTDCMUT+F+I+G4 773.344      42  1630.689     1660.055     1761.392
423  JTTDCMUT+F+R2 773.476      42  1630.953     1660.319     1761.656
441  DCMUT         827.933      21  1697.865     1704.282     1763.217
442  DCMUT+I       820.056      22  1684.112     1691.189     1752.576
443  DCMUT+G4      819.121      22  1682.242     1689.319     1750.705
444  DCMUT+I+G4    818.917      23  1683.835     1691.609     1755.411
445  DCMUT+R2      819.030      23  1684.060     1691.834     1755.635
463  DCMUT+F       791.893      40  1663.786     1690.026     1788.266
464  DCMUT+F+I     784.094      41  1650.188     1677.962     1777.780
465  DCMUT+F+G4    783.444      41  1648.887     1676.661     1776.479
466  DCMUT+F+I+G4  783.235      42  1650.470     1679.835     1781.173
467  DCMUT+F+R2    783.403      42  1650.807     1680.173     1781.510
485  VT            814.981      21  1671.962     1678.379     1737.314
486  VT+I          808.746      22  1661.491     1668.568     1729.955
487  VT+G4         808.331      22  1660.662     1667.739     1729.126
488  VT+I+G4       808.241      23  1662.481     1670.256     1734.057
489  VT+R2         808.293      23  1662.586     1670.360     1734.162
507  VT+F          787.518      40  1655.036     1681.276     1779.516
508  VT+F+I        781.204      41  1644.408     1672.182     1771.999
509  VT+F+G4       780.891      41  1643.782     1671.556     1771.374
510  VT+F+I+G4     780.797      42  1645.595     1674.961     1776.298
511  VT+F+R2       780.886      42  1645.771     1675.137     1776.475
529  PMB           815.231      21  1672.463     1678.879     1737.814
530  PMB+I         809.310      22  1662.621     1669.697     1731.084
531  PMB+G4        808.925      22  1661.850     1668.927     1730.314
532  PMB+I+G4      808.853      23  1663.705     1671.480     1735.281
533  PMB+R2        808.878      23  1663.755     1671.530     1735.331
551  PMB+F         793.940      40  1667.880     1694.120     1792.359
552  PMB+F+I       787.573      41  1657.145     1684.919     1784.737
553  PMB+F+G4      787.274      41  1656.547     1684.321     1784.139
554  PMB+F+I+G4    787.188      42  1658.376     1687.742     1789.080
555  PMB+F+R2      787.261      42  1658.522     1687.888     1789.226
573  BLOSUM62      817.727      21  1677.455     1683.872     1742.807
574  BLOSUM62+I    811.744      22  1667.488     1674.565     1735.951
575  BLOSUM62+G4   811.347      22  1666.695     1673.771     1735.158
576  BLOSUM62+I+G4 811.265      23  1668.531     1676.305     1740.106
577  BLOSUM62+R2   811.292      23  1668.583     1676.358     1740.159
595  BLOSUM62+F    793.139      40  1666.278     1692.518     1790.757
596  BLOSUM62+F+I  786.602      41  1655.204     1682.978     1782.795
597  BLOSUM62+F+G4 786.313      41  1654.625     1682.399     1782.217
598  BLOSUM62+F+I+G4 786.216      42  1656.432     1685.798     1787.135
599  BLOSUM62+F+R2 786.304      42  1656.608     1685.974     1787.312
617  DAYHOFF       827.903      21  1697.806     1704.223     1763.158
618  DAYHOFF+I     819.989      22  1683.978     1691.055     1752.441
619  DAYHOFF+G4    819.048      22  1682.096     1689.173     1750.560
620  DAYHOFF+I+G4  818.844      23  1683.687     1691.462     1755.263
621  DAYHOFF+R2    818.630      23  1683.260     1691.034     1754.835
639  DAYHOFF+F     791.835      40  1663.671     1689.911     1788.150
640  DAYHOFF+F+I   784.033      41  1650.067     1677.841     1777.658
641  DAYHOFF+F+G4  783.377      41  1648.755     1676.529     1776.346
642  DAYHOFF+F+I+G4 783.168      42  1650.336     1679.702     1781.040
643  DAYHOFF+F+R2  783.153      42  1650.306     1679.672     1781.010
661  MTREV         791.019      21  1624.038     1630.454     1689.389
662  MTREV+I       783.851      22  1611.701     1618.778     1680.165
663  MTREV+G4      783.166      22  1610.331     1617.408     1678.795
664  MTREV+I+G4    783.079      23  1612.159     1619.933     1683.734
665  MTREV+R2      782.936      23  1611.872     1619.647     1683.448
683  MTREV+F       778.953      40  1637.906     1664.146     1762.386
684  MTREV+F+I     771.584      41  1625.167     1652.941     1752.759
685  MTREV+F+G4    770.857      41  1623.714     1651.488     1751.306
686  MTREV+F+I+G4  770.764      42  1625.528     1654.894     1756.231
687  MTREV+F+R2    770.569      42  1625.138     1654.504     1755.842
705  MTART         805.030      21  1652.061     1658.477     1717.412
706  MTART+I       795.867      22  1635.733     1642.810     1704.197
707  MTART+G4      794.472      22  1632.944     1640.021     1701.408
708  MTART+I+G4    794.025      23  1634.051     1641.825     1705.626
709  MTART+R2      793.599      23  1633.198     1640.972     1704.773
727  MTART+F       793.924      40  1667.848     1694.088     1792.328
728  MTART+F+I     785.198      41  1652.397     1680.171     1779.988
729  MTART+F+G4    783.916      41  1649.831     1677.606     1777.423
730  MTART+F+I+G4  783.581      42  1651.162     1680.527     1781.865
731  MTART+F+R2    783.145      42  1650.289     1679.655     1780.993
749  MTZOA         790.411      21  1622.822     1629.239     1688.174
750  MTZOA+I       783.500      22  1611.000     1618.077     1679.463
751  MTZOA+G4      782.741      22  1609.481     1616.558     1677.945
752  MTZOA+I+G4    782.583      23  1611.167     1618.941     1682.742
753  MTZOA+R2      782.431      23  1610.861     1618.636     1682.437
771  MTZOA+F       783.883      40  1647.765     1674.005     1772.245
772  MTZOA+F+I     776.999      41  1635.997     1663.772     1763.589
773  MTZOA+F+G4    776.303      41  1634.606     1662.380     1762.197
774  MTZOA+F+I+G4  776.167      42  1636.334     1665.700     1767.038
775  MTZOA+F+R2    776.057      42  1636.115     1665.481     1766.818
793  MTMET         794.443      21  1630.886     1637.302     1696.238
794  MTMET+I       786.618      22  1617.236     1624.313     1685.700
795  MTMET+G4      786.257      22  1616.515     1623.592     1684.979
796  MTMET+I+G4    786.112      23  1618.223     1625.998     1689.799
797  MTMET+R2      786.408      23  1618.816     1626.591     1690.392
815  MTMET+F       776.901      40  1633.802     1660.042     1758.281
816  MTMET+F+I     769.202      41  1620.404     1648.178     1747.995
817  MTMET+F+G4    768.818      41  1619.636     1647.410     1747.227
818  MTMET+F+I+G4  768.696      42  1621.393     1650.759     1752.096
819  MTMET+F+R2    768.933      42  1621.865     1651.231     1752.569
837  MTVER         795.297      21  1632.595     1639.011     1697.946
838  MTVER+I       785.492      22  1614.985     1622.062     1683.449
839  MTVER+G4      785.004      22  1614.008     1621.085     1682.472
840  MTVER+I+G4    784.755      23  1615.509     1623.284     1687.085
841  MTVER+R2      785.138      23  1616.276     1624.050     1687.851
859  MTVER+F       779.551      40  1639.101     1665.341     1763.581
860  MTVER+F+I     769.298      41  1620.596     1648.370     1748.187
861  MTVER+F+G4    768.750      41  1619.500     1647.274     1747.092
862  MTVER+F+I+G4  768.572      42  1621.143     1650.509     1751.847
863  MTVER+F+R2    768.822      42  1621.643     1651.009     1752.347
881  MTINV         809.684      21  1661.369     1667.786     1726.721
882  MTINV+I       802.527      22  1649.054     1656.131     1717.518
883  MTINV+G4      802.156      22  1648.311     1655.388     1716.775
884  MTINV+I+G4    802.042      23  1650.084     1657.858     1721.660
885  MTINV+R2      802.205      23  1650.409     1658.184     1721.985
903  MTINV+F       779.675      40  1639.349     1665.589     1763.829
904  MTINV+F+I     773.160      41  1628.319     1656.093     1755.911
905  MTINV+F+G4    772.768      41  1627.537     1655.311     1755.128
906  MTINV+F+I+G4  772.679      42  1629.358     1658.724     1760.061
907  MTINV+F+R2    772.729      42  1629.457     1658.823     1760.161
925  MTMAM         799.253      21  1640.506     1646.923     1705.858
926  MTMAM+I       785.764      22  1615.529     1622.606     1683.993
927  MTMAM+G4      784.687      22  1613.374     1620.451     1681.837
928  MTMAM+I+G4    784.298      23  1614.596     1622.370     1686.171
929  MTMAM+R2      784.691      23  1615.383     1623.157     1686.958
947  MTMAM+F       788.318      40  1656.635     1682.875     1781.115
948  MTMAM+F+I     774.467      41  1630.934     1658.708     1758.525
949  MTMAM+F+G4    773.486      41  1628.973     1656.747     1756.564
950  MTMAM+F+I+G4  773.155      42  1630.309     1659.675     1761.013
951  MTMAM+F+R2    773.526      42  1631.051     1660.417     1761.755
969  FLAVI         809.188      21  1660.376     1666.793     1725.728
970  FLAVI+I       797.394      22  1638.787     1645.864     1707.251
971  FLAVI+G4      796.615      22  1637.230     1644.307     1705.694
972  FLAVI+I+G4    796.392      23  1638.784     1646.559     1710.360
973  FLAVI+R2      796.590      23  1639.180     1646.954     1710.755
991  FLAVI+F       789.027      40  1658.055     1684.295     1782.534
992  FLAVI+F+I     777.317      41  1636.634     1664.408     1764.226
993  FLAVI+F+G4    776.443      41  1634.885     1662.659     1762.477
994  FLAVI+F+I+G4  776.148      42  1636.297     1665.663     1767.000
995  FLAVI+F+R2    776.308      42  1636.617     1665.983     1767.320
1013  HIVB          825.008      21  1692.016     1698.433     1757.368
1014  HIVB+I        812.170      22  1668.340     1675.417     1736.804
1015  HIVB+G4       811.593      22  1667.186     1674.263     1735.650
1016  HIVB+I+G4     811.294      23  1668.588     1676.363     1740.164
1017  HIVB+R2       811.417      23  1668.833     1676.608     1740.409
1035  HIVB+F        790.780      40  1661.560     1687.800     1786.040
1036  HIVB+F+I      777.642      41  1637.285     1665.059     1764.876
1037  HIVB+F+G4     777.117      41  1636.234     1664.009     1763.826
1038  HIVB+F+I+G4   776.786      42  1637.573     1666.939     1768.276
1039  HIVB+F+R2     777.115      42  1638.230     1667.595     1768.933
1057  HIVW          830.806      21  1703.611     1710.028     1768.963
1058  HIVW+I        818.158      22  1680.316     1687.393     1748.780
1059  HIVW+G4       817.948      22  1679.897     1686.974     1748.360
1060  HIVW+I+G4     817.821      23  1681.643     1689.417     1753.218
1061  HIVW+R2       818.172      23  1682.345     1690.119     1753.920
1079  HIVW+F        784.559      40  1649.119     1675.359     1773.598
1080  HIVW+F+I      773.175      41  1628.350     1656.124     1755.941
1081  HIVW+F+G4     772.955      41  1627.910     1655.685     1755.502
1082  HIVW+F+I+G4   772.823      42  1629.646     1659.012     1760.350
1083  HIVW+F+R2     773.128      42  1630.256     1659.622     1760.959
1101  FLU           814.191      21  1670.381     1676.798     1735.733
1102  FLU+I         804.827      22  1653.654     1660.731     1722.118
1103  FLU+G4        804.083      22  1652.167     1659.244     1720.630
1104  FLU+I+G4      803.860      23  1653.719     1661.494     1725.295
1105  FLU+R2        803.841      23  1653.683     1661.457     1725.259
1123  FLU+F         783.283      40  1646.566     1672.806     1771.045
1124  FLU+F+I       774.213      41  1630.426     1658.200     1758.017
1125  FLU+F+G4      773.167      41  1628.333     1656.108     1755.925
1126  FLU+F+I+G4    772.933      42  1629.866     1659.232     1760.569
1127  FLU+F+R2      772.828      42  1629.655     1659.021     1760.359
1145  RTREV         822.937      21  1687.873     1694.290     1753.225
1146  RTREV+I       816.624      22  1677.248     1684.325     1745.712
1147  RTREV+G4      815.955      22  1675.911     1682.988     1744.375
1148  RTREV+I+G4    815.822      23  1677.644     1685.418     1749.219
1149  RTREV+R2      815.534      23  1677.067     1684.842     1748.643
1167  RTREV+F       790.639      40  1661.278     1687.518     1785.757
1168  RTREV+F+I     782.974      41  1647.948     1675.722     1775.540
1169  RTREV+F+G4    782.628      41  1647.256     1675.030     1774.847
1170  RTREV+F+I+G4  782.481      42  1648.961     1678.327     1779.665
1171  RTREV+F+R2    782.575      42  1649.150     1678.516     1779.854
1189  CPREV         811.226      21  1664.451     1670.868     1729.803
1190  CPREV+I       803.441      22  1650.882     1657.959     1719.346
1191  CPREV+G4      802.615      22  1649.229     1656.306     1717.693
1192  CPREV+I+G4    802.343      23  1650.687     1658.461     1722.263
1193  CPREV+R2      802.017      23  1650.033     1657.808     1721.609
1211  CPREV+F       788.330      40  1656.661     1682.901     1781.140
1212  CPREV+F+I     780.973      41  1643.946     1671.720     1771.537
1213  CPREV+F+G4    780.245      41  1642.491     1670.265     1770.082
1214  CPREV+F+I+G4  779.999      42  1643.999     1673.365     1774.702
1215  CPREV+F+R2    779.744      42  1643.487     1672.853     1774.191
Akaike Information Criterion:           MTZOA+G4
Corrected Akaike Information Criterion: MTZOA+G4
Bayesian Information Criterion:         MTZOA+G4
Best-fit model: MTZOA+G4 chosen according to BIC

All model information printed to 10_alignment_files/part3_alignment.afa.model.gz
CPU time for ModelFinder: 68.155 seconds (0h:1m:8s)
Wall-clock time for ModelFinder: 25.812 seconds (0h:0m:25s)
Generating 1000 samples for ultrafast bootstrap (seed: 529131)...

NOTE: 1 MB RAM (0 GB) is required!
Estimate model parameters (epsilon = 0.100)
1. Initial log-likelihood: -783.092
2. Current log-likelihood: -782.917
Optimal log-likelihood: -782.776
Gamma shape alpha: 0.349
Parameters optimization took 2 rounds (0.013 sec)
Wrote distance file to... 
Computing ML distances based on estimated model parameters...
Calculating distance matrix: done in 0.00564422 secs using 436.4% CPU
Computing ML distances took 0.005699 sec (of wall-clock time) 0.024689 sec (of CPU time)
Setting up auxiliary I and S matrices: done in 0.000220578 secs using 7.254% CPU
Constructing RapidNJ tree: done in 0.0024529 secs using 244% CPU
Computing RapidNJ tree took 0.002746 sec (of wall-clock time) 0.006175 sec (of CPU time)
Log-likelihood of RapidNJ tree: -785.247
--------------------------------------------------------------------
|             INITIALIZING CANDIDATE TREE SET                      |
--------------------------------------------------------------------
Generating 98 parsimony trees... 0.033 second
Computing log-likelihood of 98 initial trees ... 0.137 seconds
Current best score: -782.776

Do NNI search on 20 best initial trees
Optimizing NNI: done in 0.0177457 secs using 404.3% CPU
Estimate model parameters (epsilon = 0.100)
BETTER TREE FOUND at iteration 1: -782.741
Optimizing NNI: done in 0.0187703 secs using 403.6% CPU
BETTER TREE FOUND at iteration 2: -782.741
Optimizing NNI: done in 0.0193201 secs using 395% CPU
UPDATE BEST LOG-LIKELIHOOD: -782.741
Optimizing NNI: done in 0.0194845 secs using 402.8% CPU
Optimizing NNI: done in 0.0246478 secs using 404.2% CPU
Optimizing NNI: done in 0.023911 secs using 392.7% CPU
Optimizing NNI: done in 0.0235335 secs using 393.2% CPU
Optimizing NNI: done in 0.0241294 secs using 394.2% CPU
Optimizing NNI: done in 0.0208426 secs using 402.3% CPU
Optimizing NNI: done in 0.0244196 secs using 398.9% CPU
UPDATE BEST LOG-LIKELIHOOD: -782.741
Iteration 10 / LogL: -782.741 / Time: 0h:0m:26s
Optimizing NNI: done in 0.0204611 secs using 403% CPU
Estimate model parameters (epsilon = 0.100)
BETTER TREE FOUND at iteration 11: -782.061
Optimizing NNI: done in 0.0124088 secs using 404.5% CPU
Optimizing NNI: done in 0.0272012 secs using 397.8% CPU
Optimizing NNI: done in 0.0384183 secs using 396.7% CPU
UPDATE BEST LOG-LIKELIHOOD: -782.061
Optimizing NNI: done in 0.020416 secs using 385.4% CPU
Optimizing NNI: done in 0.0335882 secs using 391.7% CPU
Optimizing NNI: done in 0.0321452 secs using 398.6% CPU
Optimizing NNI: done in 0.033485 secs using 389.7% CPU
Optimizing NNI: done in 0.0297987 secs using 388.6% CPU
Optimizing NNI: done in 0.0200945 secs using 398.6% CPU
Iteration 20 / LogL: -782.741 / Time: 0h:0m:26s
Finish initializing candidate tree set (5)
Current best tree score: -782.061 / CPU time: 0.675
Number of iterations: 20
--------------------------------------------------------------------
|               OPTIMIZING CANDIDATE TREE SET                      |
--------------------------------------------------------------------
Optimizing NNI: done in 0.0246092 secs using 404.7% CPU
Optimizing NNI: done in 0.039315 secs using 402.5% CPU
Optimizing NNI: done in 0.0333793 secs using 399.5% CPU
Optimizing NNI: done in 0.0143578 secs using 413.4% CPU
Optimizing NNI: done in 0.0310759 secs using 392.8% CPU
Optimizing NNI: done in 0.0251273 secs using 390.5% CPU
Optimizing NNI: done in 0.0375639 secs using 400.8% CPU
Optimizing NNI: done in 0.0426268 secs using 402.6% CPU
Optimizing NNI: done in 0.0259052 secs using 401.1% CPU
Optimizing NNI: done in 0.0120597 secs using 398.5% CPU
Iteration 30 / LogL: -782.141 / Time: 0h:0m:26s (0h:0m:2s left)
Optimizing NNI: done in 0.028896 secs using 390.7% CPU
Optimizing NNI: done in 0.0255722 secs using 401.1% CPU
Optimizing NNI: done in 0.0279884 secs using 400.1% CPU
Optimizing NNI: done in 0.0313988 secs using 389.8% CPU
Optimizing NNI: done in 0.0174697 secs using 391.9% CPU
Optimizing NNI: done in 0.0236402 secs using 383.3% CPU
Optimizing NNI: done in 0.0231524 secs using 389.4% CPU
Optimizing NNI: done in 0.0330651 secs using 399.3% CPU
Optimizing NNI: done in 0.0222034 secs using 410.7% CPU
Optimizing NNI: done in 0.0226117 secs using 387.4% CPU
Iteration 40 / LogL: -782.061 / Time: 0h:0m:27s (0h:0m:2s left)
Optimizing NNI: done in 0.0259423 secs using 400.6% CPU
Optimizing NNI: done in 0.0408856 secs using 400.8% CPU
Optimizing NNI: done in 0.0166136 secs using 388.8% CPU
Optimizing NNI: done in 0.0420869 secs using 397% CPU
Optimizing NNI: done in 0.0116659 secs using 408.5% CPU
Optimizing NNI: done in 0.0229134 secs using 400.9% CPU
Optimizing NNI: done in 0.0224341 secs using 385.3% CPU
Optimizing NNI: done in 0.0304813 secs using 401.7% CPU
Optimizing NNI: done in 0.023446 secs using 407.1% CPU
Optimizing NNI: done in 0.0405563 secs using 403.1% CPU
Iteration 50 / LogL: -782.061 / Time: 0h:0m:27s (0h:0m:1s left)
Optimizing NNI: done in 0.0176724 secs using 399.6% CPU
Optimizing NNI: done in 0.03534 secs using 399.9% CPU
Optimizing NNI: done in 0.0342234 secs using 397.9% CPU
Optimizing NNI: done in 0.0126699 secs using 407.8% CPU
Optimizing NNI: done in 0.0260908 secs using 395.1% CPU
Optimizing NNI: done in 0.0163741 secs using 405.3% CPU
Optimizing NNI: done in 0.0368075 secs using 396.1% CPU
Optimizing NNI: done in 0.0273303 secs using 385.2% CPU
Optimizing NNI: done in 0.0285665 secs using 401% CPU
Optimizing NNI: done in 0.0424334 secs using 399.3% CPU
Iteration 60 / LogL: -782.061 / Time: 0h:0m:27s (0h:0m:1s left)
Optimizing NNI: done in 0.0336545 secs using 400.1% CPU
Optimizing NNI: done in 0.0323416 secs using 393.7% CPU
Optimizing NNI: done in 0.0292344 secs using 397.6% CPU
Optimizing NNI: done in 0.0365099 secs using 398.5% CPU
Optimizing NNI: done in 0.0130042 secs using 399.9% CPU
UPDATE BEST LOG-LIKELIHOOD: -782.061
Optimizing NNI: done in 0.0184024 secs using 393.4% CPU
Optimizing NNI: done in 0.0273844 secs using 392.1% CPU
Optimizing NNI: done in 0.0315879 secs using 400.7% CPU
Optimizing NNI: done in 0.0341296 secs using 393% CPU
Optimizing NNI: done in 0.0172626 secs using 395.4% CPU
Iteration 70 / LogL: -782.201 / Time: 0h:0m:28s (0h:0m:1s left)
Optimizing NNI: done in 0.0210919 secs using 398.2% CPU
Optimizing NNI: done in 0.0329849 secs using 394.1% CPU
Optimizing NNI: done in 0.00655998 secs using 374.3% CPU
UPDATE BEST LOG-LIKELIHOOD: -782.061
Optimizing NNI: done in 0.0355441 secs using 401% CPU
Optimizing NNI: done in 0.0222656 secs using 409.9% CPU
Optimizing NNI: done in 0.0421795 secs using 391.6% CPU
Optimizing NNI: done in 0.0192226 secs using 391.3% CPU
Optimizing NNI: done in 0.0336085 secs using 400.5% CPU
Optimizing NNI: done in 0.0292575 secs using 393.9% CPU
Optimizing NNI: done in 0.0316158 secs using 394.1% CPU
Iteration 80 / LogL: -782.061 / Time: 0h:0m:28s (0h:0m:0s left)
Optimizing NNI: done in 0.0126294 secs using 377.1% CPU
Optimizing NNI: done in 0.0327383 secs using 389.9% CPU
Optimizing NNI: done in 0.0312925 secs using 381.2% CPU
Optimizing NNI: done in 0.0308676 secs using 398% CPU
Optimizing NNI: done in 0.0372579 secs using 395% CPU
Optimizing NNI: done in 0.0318383 secs using 401.5% CPU
Optimizing NNI: done in 0.0384991 secs using 396.1% CPU
Optimizing NNI: done in 0.0259136 secs using 401% CPU
Optimizing NNI: done in 0.0308775 secs using 385% CPU
Optimizing NNI: done in 0.0337134 secs using 399.5% CPU
Iteration 90 / LogL: -782.061 / Time: 0h:0m:28s (0h:0m:0s left)
Optimizing NNI: done in 0.0332797 secs using 406.1% CPU
Optimizing NNI: done in 0.0452427 secs using 397.9% CPU
Optimizing NNI: done in 0.0264267 secs using 402.7% CPU
Optimizing NNI: done in 0.0257696 secs using 394.3% CPU
Optimizing NNI: done in 0.00686877 secs using 405.7% CPU
Optimizing NNI: done in 0.0288103 secs using 395% CPU
Optimizing NNI: done in 0.0239083 secs using 396.8% CPU
Optimizing NNI: done in 0.0259672 secs using 396.5% CPU
Optimizing NNI: done in 0.0221562 secs using 397.9% CPU
Optimizing NNI: done in 0.0196155 secs using 405.8% CPU
Iteration 100 / LogL: -782.061 / Time: 0h:0m:28s (0h:0m:0s left)
Optimizing NNI: done in 0.0154385 secs using 410.9% CPU
Optimizing NNI: done in 0.0288242 secs using 401.8% CPU
Optimizing NNI: done in 0.012675 secs using 407.6% CPU
Optimizing NNI: done in 0.0288117 secs using 381.1% CPU
Optimizing NNI: done in 0.0358432 secs using 390.1% CPU
Optimizing NNI: done in 0.0315896 secs using 403.8% CPU
Optimizing NNI: done in 0.029187 secs using 394.6% CPU
Optimizing NNI: done in 0.0250691 secs using 395.2% CPU
Optimizing NNI: done in 0.0318577 secs using 401.2% CPU
Optimizing NNI: done in 0.0273635 secs using 392.3% CPU
Iteration 110 / LogL: -782.061 / Time: 0h:0m:29s (0h:0m:0s left)
Optimizing NNI: done in 0.0361401 secs using 398.8% CPU
Optimizing NNI: done in 0.0208254 secs using 401.8% CPU
Refining ufboot trees with NNI 1 branch...
Optimizing NNI: done in 0.00228842 secs using 493.2% CPU
Optimizing NNI: done in 0.00297909 secs using 401.1% CPU
Optimizing NNI: done in 0.00159364 secs using 475.7% CPU
Optimizing NNI: done in 0.008657 secs using 411.8% CPU
Optimizing NNI: done in 0.00234594 secs using 483.5% CPU
Optimizing NNI: done in 0.0038349 secs using 334.6% CPU
Optimizing NNI: done in 0.00244307 secs using 345.5% CPU
Optimizing NNI: done in 0.00145999 secs using 305.4% CPU
Optimizing NNI: done in 0.00235237 secs using 482.4% CPU
Optimizing NNI: done in 0.00319171 secs using 475% CPU
Optimizing NNI: done in 0.00328272 secs using 465.1% CPU
Optimizing NNI: done in 0.00153585 secs using 490.5% CPU
Optimizing NNI: done in 0.00462739 secs using 424% CPU
Optimizing NNI: done in 0.00296379 secs using 403.6% CPU
Optimizing NNI: done in 0.00148294 secs using 302.2% CPU
Optimizing NNI: done in 0.00385895 secs using 385% CPU
Optimizing NNI: done in 0.0022194 secs using 370.2% CPU
Optimizing NNI: done in 0.00235379 secs using 354.8% CPU
Optimizing NNI: done in 0.00377044 secs using 418.1% CPU
Optimizing NNI: done in 0.00372957 secs using 421.7% CPU
Optimizing NNI: done in 0.00309186 secs using 390.4% CPU
Optimizing NNI: done in 0.00474076 secs using 395.4% CPU
Optimizing NNI: done in 0.00386374 secs using 410.5% CPU
Optimizing NNI: done in 0.00153301 secs using 295.6% CPU
Optimizing NNI: done in 0.00328408 secs using 374% CPU
Optimizing NNI: done in 0.00351287 secs using 441.5% CPU
Optimizing NNI: done in 0.00227463 secs using 495.6% CPU
Optimizing NNI: done in 0.00227612 secs using 495.3% CPU
Optimizing NNI: done in 0.00392693 secs using 405.6% CPU
Optimizing NNI: done in 0.0048263 secs using 348.6% CPU
Optimizing NNI: done in 0.00230931 secs using 489.6% CPU
Optimizing NNI: done in 0.00344705 secs using 448.1% CPU
Optimizing NNI: done in 0.00417285 secs using 363.6% CPU
Optimizing NNI: done in 0.00529072 secs using 383.5% CPU
Optimizing NNI: done in 0.00531059 secs using 382.4% CPU
Optimizing NNI: done in 0.00356114 secs using 324.6% CPU
Optimizing NNI: done in 0.0071405 secs using 394% CPU
Optimizing NNI: done in 0.00499583 secs using 400.2% CPU
Optimizing NNI: done in 0.00384459 secs using 412.1% CPU
Optimizing NNI: done in 0.00393911 secs using 404.6% CPU
Optimizing NNI: done in 0.00410735 secs using 440.9% CPU
Optimizing NNI: done in 0.0037484 secs using 339.5% CPU
Optimizing NNI: done in 0.00517079 secs using 351.4% CPU
Optimizing NNI: done in 0.00306067 secs using 393.9% CPU
Optimizing NNI: done in 0.00652435 secs using 375.8% CPU
Optimizing NNI: done in 0.00422634 secs using 383.8% CPU
Optimizing NNI: done in 0.00383442 secs using 412.9% CPU
Optimizing NNI: done in 0.003737 secs using 421% CPU
Optimizing NNI: done in 0.00376355 secs using 418.7% CPU
Optimizing NNI: done in 0.00407016 secs using 394.8% CPU
Optimizing NNI: done in 0.00465909 secs using 421.9% CPU
Optimizing NNI: done in 0.00234771 secs using 483.2% CPU
Optimizing NNI: done in 0.00485772 secs using 347% CPU
Optimizing NNI: done in 0.00224161 secs using 501.3% CPU
Optimizing NNI: done in 0.00636789 secs using 414.1% CPU
Optimizing NNI: done in 0.00230448 secs using 360.3% CPU
Optimizing NNI: done in 0.00225601 secs using 365.8% CPU
Optimizing NNI: done in 0.0028831 secs using 412% CPU
Optimizing NNI: done in 0.00239576 secs using 475.5% CPU
Optimizing NNI: done in 0.00350058 secs using 442.3% CPU
Optimizing NNI: done in 0.0055644 secs using 423.4% CPU
Optimizing NNI: done in 0.00392181 secs using 371.5% CPU
Optimizing NNI: done in 0.00300049 secs using 399.9% CPU
Optimizing NNI: done in 0.00235406 secs using 354.2% CPU
Optimizing NNI: done in 0.00366034 secs using 427.8% CPU
Optimizing NNI: done in 0.00141938 secs using 311.3% CPU
Optimizing NNI: done in 0.00343419 secs using 362% CPU
Optimizing NNI: done in 0.00230241 secs using 317.2% CPU
Optimizing NNI: done in 0.00311704 secs using 484.9% CPU
Optimizing NNI: done in 0.00549883 secs using 427.3% CPU
Optimizing NNI: done in 0.00353143 secs using 354.7% CPU
Optimizing NNI: done in 0.00380168 secs using 336.6% CPU
Optimizing NNI: done in 0.00482567 secs using 410.8% CPU
Optimizing NNI: done in 0.00369571 secs using 424.6% CPU
Optimizing NNI: done in 0.00346162 secs using 446.6% CPU
Optimizing NNI: done in 0.0033289 secs using 460.4% CPU
Optimizing NNI: done in 0.00395862 secs using 403.1% CPU
Optimizing NNI: done in 0.00146369 secs using 304.8% CPU
Optimizing NNI: done in 0.00359779 secs using 350.1% CPU
Optimizing NNI: done in 0.00158756 secs using 288.6% CPU
Optimizing NNI: done in 0.00149188 secs using 301% CPU
Optimizing NNI: done in 0.00146017 secs using 305.3% CPU
Optimizing NNI: done in 0.00150003 secs using 299.9% CPU
Optimizing NNI: done in 0.00312268 secs using 388.1% CPU
Optimizing NNI: done in 0.00660255 secs using 402.5% CPU
Optimizing NNI: done in 0.00222737 secs using 369.2% CPU
Optimizing NNI: done in 0.00316117 secs using 384.5% CPU
Optimizing NNI: done in 0.00208122 secs using 532.2% CPU
Optimizing NNI: done in 0.00230403 secs using 359.7% CPU
Optimizing NNI: done in 0.00337423 secs using 366.7% CPU
Optimizing NNI: done in 0.00366114 secs using 427.7% CPU
Optimizing NNI: done in 0.00221601 secs using 370.4% CPU
Optimizing NNI: done in 0.00219586 secs using 373.1% CPU
Optimizing NNI: done in 0.0030087 secs using 365.8% CPU
Optimizing NNI: done in 0.00148238 secs using 302.1% CPU
Optimizing NNI: done in 0.00145291 secs using 306.4% CPU
Optimizing NNI: done in 0.00380048 secs using 415.7% CPU
Optimizing NNI: done in 0.00394151 secs using 379.1% CPU
Optimizing NNI: done in 0.00452434 secs using 431.4% CPU
Optimizing NNI: done in 0.00364019 secs using 402.2% CPU
100 samples done
Optimizing NNI: done in 0.00401406 secs using 398.9% CPU
Optimizing NNI: done in 0.00303337 secs using 396.6% CPU
Optimizing NNI: done in 0.0022789 secs using 319.2% CPU
Optimizing NNI: done in 0.00423681 secs using 454% CPU
Optimizing NNI: done in 0.00567722 secs using 399.2% CPU
Optimizing NNI: done in 0.00297403 secs using 402.5% CPU
Optimizing NNI: done in 0.00147843 secs using 302.8% CPU
Optimizing NNI: done in 0.00219914 secs using 372.7% CPU
Optimizing NNI: done in 0.00700266 secs using 399.8% CPU
Optimizing NNI: done in 0.00351124 secs using 344.3% CPU
Optimizing NNI: done in 0.00250664 secs using 459% CPU
Optimizing NNI: done in 0.00404149 secs using 396.9% CPU
Optimizing NNI: done in 0.0040872 secs using 393% CPU
Optimizing NNI: done in 0.0038634 secs using 389.1% CPU
Optimizing NNI: done in 0.00468574 secs using 420% CPU
Optimizing NNI: done in 0.00143554 secs using 517.8% CPU
Optimizing NNI: done in 0.00388109 secs using 409.2% CPU
Optimizing NNI: done in 0.00365365 secs using 346.2% CPU
Optimizing NNI: done in 0.00506223 secs using 396.2% CPU
Optimizing NNI: done in 0.00534323 secs using 380.7% CPU
Optimizing NNI: done in 0.00270845 secs using 321.4% CPU
Optimizing NNI: done in 0.00428578 secs using 380% CPU
Optimizing NNI: done in 0.00301721 secs using 497.6% CPU
Optimizing NNI: done in 0.0047088 secs using 354.8% CPU
Optimizing NNI: done in 0.00234321 secs using 483.5% CPU
Optimizing NNI: done in 0.00372823 secs using 421.8% CPU
Optimizing NNI: done in 0.00219077 secs using 373.7% CPU
Optimizing NNI: done in 0.00427876 secs using 355.3% CPU
Optimizing NNI: done in 0.00392434 secs using 405.7% CPU
Optimizing NNI: done in 0.00394903 secs using 403.8% CPU
Optimizing NNI: done in 0.00575019 secs using 343.4% CPU
Optimizing NNI: done in 0.00465017 secs using 422.5% CPU
Optimizing NNI: done in 0.0050886 secs using 394.7% CPU
Optimizing NNI: done in 0.00370033 secs using 397.3% CPU
Optimizing NNI: done in 0.00320145 secs using 380.9% CPU
Optimizing NNI: done in 0.00464648 secs using 422.7% CPU
Optimizing NNI: done in 0.00322555 secs using 378.9% CPU
Optimizing NNI: done in 0.00359541 secs using 433.7% CPU
Optimizing NNI: done in 0.00598898 secs using 400.5% CPU
Optimizing NNI: done in 0.00458917 secs using 361.5% CPU
Optimizing NNI: done in 0.00209273 secs using 386.5% CPU
Optimizing NNI: done in 0.00230956 secs using 359.7% CPU
Optimizing NNI: done in 0.00311431 secs using 388.8% CPU
Optimizing NNI: done in 0.00367108 secs using 426.8% CPU
Optimizing NNI: done in 0.00223874 secs using 367.9% CPU
Optimizing NNI: done in 0.00235139 secs using 482.6% CPU
Optimizing NNI: done in 0.00369344 secs using 424.8% CPU
Optimizing NNI: done in 0.0052637 secs using 441.9% CPU
Optimizing NNI: done in 0.00151762 secs using 495.2% CPU
Optimizing NNI: done in 0.00372467 secs using 422% CPU
Optimizing NNI: done in 0.0044478 secs using 323.4% CPU
Optimizing NNI: done in 0.00372386 secs using 422.2% CPU
Optimizing NNI: done in 0.00232063 secs using 487.7% CPU
Optimizing NNI: done in 0.00428341 secs using 380% CPU
Optimizing NNI: done in 0.00226392 secs using 364.9% CPU
Optimizing NNI: done in 0.00512226 secs using 373.2% CPU
Optimizing NNI: done in 0.00330808 secs using 372% CPU
Optimizing NNI: done in 0.00169035 secs using 454.8% CPU
Optimizing NNI: done in 0.00221057 secs using 371.3% CPU
Optimizing NNI: done in 0.00692328 secs using 399% CPU
Optimizing NNI: done in 0.00179744 secs using 433.7% CPU
Optimizing NNI: done in 0.0028797 secs using 308.3% CPU
Optimizing NNI: done in 0.00523062 secs using 444.1% CPU
Optimizing NNI: done in 0.00241542 secs using 472.5% CPU
Optimizing NNI: done in 0.0033487 secs using 368.6% CPU
Optimizing NNI: done in 0.00220151 secs using 372.5% CPU
Optimizing NNI: done in 0.00215064 secs using 378.9% CPU
Optimizing NNI: done in 0.00295771 secs using 404.2% CPU
Optimizing NNI: done in 0.00354641 secs using 353.7% CPU
Optimizing NNI: done in 0.00600935 secs using 399% CPU
Optimizing NNI: done in 0.00155666 secs using 292.7% CPU
Optimizing NNI: done in 0.00165821 secs using 461.6% CPU
Optimizing NNI: done in 0.00385737 secs using 411% CPU
Optimizing NNI: done in 0.00152892 secs using 492.2% CPU
Optimizing NNI: done in 0.0029514 secs using 404.7% CPU
Optimizing NNI: done in 0.00478436 secs using 413.5% CPU
Optimizing NNI: done in 0.0067466 secs using 384.2% CPU
Optimizing NNI: done in 0.00415151 secs using 389% CPU
Optimizing NNI: done in 0.00381832 secs using 414.2% CPU
Optimizing NNI: done in 0.00228873 secs using 362.1% CPU
Optimizing NNI: done in 0.00789767 secs using 403.7% CPU
Optimizing NNI: done in 0.00290808 secs using 409.4% CPU
Optimizing NNI: done in 0.00235402 secs using 481.2% CPU
Optimizing NNI: done in 0.00419136 secs using 385.7% CPU
Optimizing NNI: done in 0.00225761 secs using 365.7% CPU
Optimizing NNI: done in 0.0033054 secs using 372.2% CPU
Optimizing NNI: done in 0.00449662 secs using 433.5% CPU
Optimizing NNI: done in 0.00150237 secs using 299.5% CPU
Optimizing NNI: done in 0.00367414 secs using 344.9% CPU
Optimizing NNI: done in 0.00238704 secs using 435.2% CPU
Optimizing NNI: done in 0.00378379 secs using 337.7% CPU
Optimizing NNI: done in 0.0022112 secs using 371.2% CPU
Optimizing NNI: done in 0.00237437 secs using 437% CPU
Optimizing NNI: done in 0.00343245 secs using 449.5% CPU
Optimizing NNI: done in 0.00234092 secs using 484.3% CPU
Optimizing NNI: done in 0.00334178 secs using 369.2% CPU
Optimizing NNI: done in 0.00313044 secs using 387.2% CPU
Optimizing NNI: done in 0.00155465 secs using 292.9% CPU
Optimizing NNI: done in 0.00448548 secs using 434.3% CPU
Optimizing NNI: done in 0.00468275 secs using 420.3% CPU
200 samples done
Optimizing NNI: done in 0.00228725 secs using 362.1% CPU
Optimizing NNI: done in 0.00461071 secs using 425.2% CPU
Optimizing NNI: done in 0.00230724 secs using 360% CPU
Optimizing NNI: done in 0.0023666 secs using 438.1% CPU
Optimizing NNI: done in 0.00416406 secs using 387.8% CPU
Optimizing NNI: done in 0.00482912 secs using 388.8% CPU
Optimizing NNI: done in 0.00559623 secs using 421.6% CPU
Optimizing NNI: done in 0.00230994 secs using 316.5% CPU
Optimizing NNI: done in 0.00360524 secs using 432.8% CPU
Optimizing NNI: done in 0.00166549 secs using 460% CPU
Optimizing NNI: done in 0.00336437 secs using 456.6% CPU
Optimizing NNI: done in 0.00312908 secs using 483.5% CPU
Optimizing NNI: done in 0.00142176 secs using 521.8% CPU
Optimizing NNI: done in 0.00351677 secs using 441.1% CPU
Optimizing NNI: done in 0.00153415 secs using 230.4% CPU
Optimizing NNI: done in 0.00421271 secs using 384.8% CPU
Optimizing NNI: done in 0.00229305 secs using 361.6% CPU
Optimizing NNI: done in 0.00232816 secs using 486.4% CPU
Optimizing NNI: done in 0.00383304 secs using 413% CPU
Optimizing NNI: done in 0.00241716 secs using 348.2% CPU
Optimizing NNI: done in 0.00567929 secs using 416.9% CPU
Optimizing NNI: done in 0.00231288 secs using 359.3% CPU
Optimizing NNI: done in 0.00353652 secs using 439.2% CPU
Optimizing NNI: done in 0.00292667 secs using 407.5% CPU
Optimizing NNI: done in 0.00166295 secs using 280.3% CPU
Optimizing NNI: done in 0.00378002 secs using 417.4% CPU
Optimizing NNI: done in 0.00671927 secs using 367.8% CPU
Optimizing NNI: done in 0.00221299 secs using 371% CPU
Optimizing NNI: done in 0.00232871 secs using 486.4% CPU
Optimizing NNI: done in 0.00253249 secs using 336.8% CPU
Optimizing NNI: done in 0.00229469 secs using 492.1% CPU
Optimizing NNI: done in 0.00248148 secs using 462.7% CPU
Optimizing NNI: done in 0.00459653 secs using 361% CPU
Optimizing NNI: done in 0.00229801 secs using 361% CPU
Optimizing NNI: done in 0.00317408 secs using 383.4% CPU
Optimizing NNI: done in 0.00163828 secs using 466.1% CPU
Optimizing NNI: done in 0.00229131 secs using 362% CPU
Optimizing NNI: done in 0.00622393 secs using 389.2% CPU
Optimizing NNI: done in 0.00304695 secs using 395.3% CPU
Optimizing NNI: done in 0.00280705 secs using 420.5% CPU
Optimizing NNI: done in 0.00223348 secs using 368.6% CPU
Optimizing NNI: done in 0.00223932 secs using 323.1% CPU
Optimizing NNI: done in 0.0045086 secs using 366.1% CPU
Optimizing NNI: done in 0.00362574 secs using 426.5% CPU
Optimizing NNI: done in 0.00476026 secs using 352% CPU
Optimizing NNI: done in 0.00330282 secs using 372.4% CPU
Optimizing NNI: done in 0.0037034 secs using 424% CPU
Optimizing NNI: done in 0.00303927 secs using 396% CPU
Optimizing NNI: done in 0.00220911 secs using 371.5% CPU
Optimizing NNI: done in 0.00497754 secs using 401.3% CPU
Optimizing NNI: done in 0.00220506 secs using 462.9% CPU
Optimizing NNI: done in 0.00563523 secs using 419.4% CPU
Optimizing NNI: done in 0.00235135 secs using 355.1% CPU
Optimizing NNI: done in 0.00439258 secs using 373.1% CPU
Optimizing NNI: done in 0.00172041 secs using 448.8% CPU
Optimizing NNI: done in 0.00254424 secs using 335.8% CPU
Optimizing NNI: done in 0.0029531 secs using 404.6% CPU
Optimizing NNI: done in 0.00312852 secs using 387.5% CPU
Optimizing NNI: done in 0.00421157 secs using 456.1% CPU
Optimizing NNI: done in 0.00424754 secs using 382.4% CPU
Optimizing NNI: done in 0.00231729 secs using 358.8% CPU
Optimizing NNI: done in 0.00480248 secs using 412.3% CPU
Optimizing NNI: done in 0.00348486 secs using 444.3% CPU
Optimizing NNI: done in 0.00367616 secs using 426.4% CPU
Optimizing NNI: done in 0.0056405 secs using 419% CPU
Optimizing NNI: done in 0.00318193 secs using 477% CPU
Optimizing NNI: done in 0.00285905 secs using 414.7% CPU
Optimizing NNI: done in 0.00241282 secs using 348.6% CPU
Optimizing NNI: done in 0.0025265 secs using 337.3% CPU
Optimizing NNI: done in 0.00329638 secs using 372.9% CPU
Optimizing NNI: done in 0.00437377 secs using 374.3% CPU
Optimizing NNI: done in 0.0022258 secs using 369.5% CPU
Optimizing NNI: done in 0.00262015 secs using 290.7% CPU
Optimizing NNI: done in 0.00301056 secs using 398.9% CPU
Optimizing NNI: done in 0.00291353 secs using 408.8% CPU
Optimizing NNI: done in 0.00720684 secs using 377.5% CPU
Optimizing NNI: done in 0.00349175 secs using 357.7% CPU
Optimizing NNI: done in 0.00338641 secs using 365.6% CPU
Optimizing NNI: done in 0.00239902 secs using 350.1% CPU
Optimizing NNI: done in 0.0024924 secs using 340.6% CPU
Optimizing NNI: done in 0.00369135 secs using 425% CPU
Optimizing NNI: done in 0.00344937 secs using 447.7% CPU
Optimizing NNI: done in 0.00221244 secs using 370.9% CPU
Optimizing NNI: done in 0.00157662 secs using 480.4% CPU
Optimizing NNI: done in 0.0017698 secs using 382.5% CPU
Optimizing NNI: done in 0.00257382 secs using 448.8% CPU
Optimizing NNI: done in 0.00706725 secs using 383% CPU
Optimizing NNI: done in 0.00155498 secs using 485.8% CPU
Optimizing NNI: done in 0.00389821 secs using 382.1% CPU
Optimizing NNI: done in 0.00560235 secs using 367.7% CPU
Optimizing NNI: done in 0.00241319 secs using 348.5% CPU
Optimizing NNI: done in 0.00328594 secs using 373.8% CPU
Optimizing NNI: done in 0.00220955 secs using 506.1% CPU
Optimizing NNI: done in 0.00231131 secs using 359.4% CPU
Optimizing NNI: done in 0.00434632 secs using 376% CPU
Optimizing NNI: done in 0.00292755 secs using 304.9% CPU
Optimizing NNI: done in 0.0030423 secs using 395.7% CPU
Optimizing NNI: done in 0.00359574 secs using 350.1% CPU
Optimizing NNI: done in 0.00372603 secs using 421.9% CPU
Optimizing NNI: done in 0.00323703 secs using 378% CPU
300 samples done
Optimizing NNI: done in 0.00312929 secs using 387.5% CPU
Optimizing NNI: done in 0.00395005 secs using 410.9% CPU
Optimizing NNI: done in 0.00229501 secs using 361.3% CPU
Optimizing NNI: done in 0.00384254 secs using 334.2% CPU
Optimizing NNI: done in 0.00231722 secs using 358.8% CPU
Optimizing NNI: done in 0.00283914 secs using 311.3% CPU
Optimizing NNI: done in 0.00379743 secs using 415.6% CPU
Optimizing NNI: done in 0.00224278 secs using 367.4% CPU
Optimizing NNI: done in 0.00603922 secs using 397.9% CPU
Optimizing NNI: done in 0.00153902 secs using 489.7% CPU
Optimizing NNI: done in 0.00391794 secs using 406.2% CPU
Optimizing NNI: done in 0.00422105 secs using 455.3% CPU
Optimizing NNI: done in 0.00397379 secs using 401.9% CPU
Optimizing NNI: done in 0.00462659 secs using 424.1% CPU
Optimizing NNI: done in 0.00359281 secs using 433.9% CPU
Optimizing NNI: done in 0.00338181 secs using 366% CPU
Optimizing NNI: done in 0.00542107 secs using 376.6% CPU
Optimizing NNI: done in 0.00386818 secs using 384.4% CPU
Optimizing NNI: done in 0.0067442 secs using 411.3% CPU
Optimizing NNI: done in 0.00245731 secs using 466% CPU
Optimizing NNI: done in 0.00241661 secs using 348.2% CPU
Optimizing NNI: done in 0.00300341 secs using 399.6% CPU
Optimizing NNI: done in 0.00490834 secs using 403.8% CPU
Optimizing NNI: done in 0.00289734 secs using 376.1% CPU
Optimizing NNI: done in 0.00224017 secs using 367.7% CPU
Optimizing NNI: done in 0.00449488 secs using 366.9% CPU
Optimizing NNI: done in 0.00155021 secs using 486.9% CPU
Optimizing NNI: done in 0.00147231 secs using 507.4% CPU
Optimizing NNI: done in 0.00223601 secs using 368.3% CPU
Optimizing NNI: done in 0.00237596 secs using 352.5% CPU
Optimizing NNI: done in 0.00477541 secs using 414% CPU
Optimizing NNI: done in 0.00344653 secs using 447.8% CPU
Optimizing NNI: done in 0.00568515 secs using 416.5% CPU
Optimizing NNI: done in 0.00303996 secs using 396% CPU
Optimizing NNI: done in 0.00219726 secs using 372.8% CPU
Optimizing NNI: done in 0.00223555 secs using 323.5% CPU
Optimizing NNI: done in 0.00355615 secs using 437.3% CPU
Optimizing NNI: done in 0.00373181 secs using 341.1% CPU
Optimizing NNI: done in 0.00359575 secs using 433.6% CPU
Optimizing NNI: done in 0.00152353 secs using 231.4% CPU
Optimizing NNI: done in 0.00227086 secs using 364.1% CPU
Optimizing NNI: done in 0.00223543 secs using 502.4% CPU
Optimizing NNI: done in 0.00386961 secs using 410% CPU
Optimizing NNI: done in 0.00226195 secs using 365.2% CPU
Optimizing NNI: done in 0.00224572 secs using 367.1% CPU
Optimizing NNI: done in 0.00427424 secs using 380.7% CPU
Optimizing NNI: done in 0.00453078 secs using 431% CPU
Optimizing NNI: done in 0.00393733 secs using 404.7% CPU
Optimizing NNI: done in 0.00260669 secs using 445.2% CPU
Optimizing NNI: done in 0.00513355 secs using 372.7% CPU
Optimizing NNI: done in 0.00322291 secs using 379.1% CPU
Optimizing NNI: done in 0.00364095 secs using 429.4% CPU
Optimizing NNI: done in 0.00340215 secs using 364.4% CPU
Optimizing NNI: done in 0.00224035 secs using 367.7% CPU
Optimizing NNI: done in 0.00160495 secs using 286.9% CPU
Optimizing NNI: done in 0.00234985 secs using 355.3% CPU
Optimizing NNI: done in 0.00290116 secs using 410.1% CPU
Optimizing NNI: done in 0.00812216 secs using 395.4% CPU
Optimizing NNI: done in 0.00244563 secs using 466.1% CPU
Optimizing NNI: done in 0.00377627 secs using 338.2% CPU
Optimizing NNI: done in 0.0023902 secs using 476.4% CPU
Optimizing NNI: done in 0.00444763 secs using 369.7% CPU
Optimizing NNI: done in 0.00686429 secs using 405.9% CPU
Optimizing NNI: done in 0.00335747 secs using 368% CPU
Optimizing NNI: done in 0.00224774 secs using 500.1% CPU
Optimizing NNI: done in 0.00146031 secs using 510.7% CPU
Optimizing NNI: done in 0.00318556 secs using 382.5% CPU
Optimizing NNI: done in 0.00481794 secs using 388.2% CPU
Optimizing NNI: done in 0.00220506 secs using 371.8% CPU
Optimizing NNI: done in 0.00379101 secs using 416.5% CPU
Optimizing NNI: done in 0.00235007 secs using 355% CPU
Optimizing NNI: done in 0.00225996 secs using 365.4% CPU
Optimizing NNI: done in 0.00374021 secs using 394.2% CPU
Optimizing NNI: done in 0.00237934 secs using 352% CPU
Optimizing NNI: done in 0.00247797 secs using 342.1% CPU
Optimizing NNI: done in 0.0014383 secs using 308.5% CPU
Optimizing NNI: done in 0.00300166 secs using 399.7% CPU
Optimizing NNI: done in 0.00393717 secs using 404.6% CPU
Optimizing NNI: done in 0.00321246 secs using 380.1% CPU
Optimizing NNI: done in 0.00908577 secs using 397.2% CPU
Optimizing NNI: done in 0.00306636 secs using 393.3% CPU
Optimizing NNI: done in 0.00676732 secs using 410.3% CPU
Optimizing NNI: done in 0.00348581 secs using 387% CPU
Optimizing NNI: done in 0.00231103 secs using 359.4% CPU
Optimizing NNI: done in 0.00228242 secs using 362.8% CPU
Optimizing NNI: done in 0.00366731 secs using 427.2% CPU
Optimizing NNI: done in 0.00457276 secs using 406.1% CPU
Optimizing NNI: done in 0.00347041 secs using 445.7% CPU
Optimizing NNI: done in 0.00495966 secs using 402.4% CPU
Optimizing NNI: done in 0.00437382 secs using 374.3% CPU
Optimizing NNI: done in 0.00344047 secs using 448.7% CPU
Optimizing NNI: done in 0.0038027 secs using 415.5% CPU
Optimizing NNI: done in 0.0055082 secs using 372.3% CPU
Optimizing NNI: done in 0.00153047 secs using 296% CPU
Optimizing NNI: done in 0.00311248 secs using 389.1% CPU
Optimizing NNI: done in 0.00315586 secs using 385.1% CPU
Optimizing NNI: done in 0.00234229 secs using 356.1% CPU
Optimizing NNI: done in 0.00229223 secs using 361.7% CPU
Optimizing NNI: done in 0.00316628 secs using 384.2% CPU
Optimizing NNI: done in 0.00158404 secs using 478.6% CPU
400 samples done
Optimizing NNI: done in 0.00391764 secs using 406.2% CPU
Optimizing NNI: done in 0.00339818 secs using 423.8% CPU
Optimizing NNI: done in 0.0016516 secs using 459.4% CPU
Optimizing NNI: done in 0.0023447 secs using 355.7% CPU
Optimizing NNI: done in 0.00444763 secs using 437.2% CPU
Optimizing NNI: done in 0.00220734 secs using 371.7% CPU
Optimizing NNI: done in 0.00388403 secs using 408.9% CPU
Optimizing NNI: done in 0.0054281 secs using 431.6% CPU
Optimizing NNI: done in 0.00277321 secs using 424.5% CPU
Optimizing NNI: done in 0.00252523 secs using 337.6% CPU
Optimizing NNI: done in 0.0022673 secs using 320% CPU
Optimizing NNI: done in 0.00383563 secs using 412.8% CPU
Optimizing NNI: done in 0.00161673 secs using 285.5% CPU
Optimizing NNI: done in 0.00230118 secs using 360.6% CPU
Optimizing NNI: done in 0.00343808 secs using 448.9% CPU
Optimizing NNI: done in 0.0031535 secs using 353.6% CPU
Optimizing NNI: done in 0.00586192 secs using 407% CPU
Optimizing NNI: done in 0.00238189 secs using 351.8% CPU
Optimizing NNI: done in 0.0036415 secs using 347% CPU
Optimizing NNI: done in 0.00231552 secs using 359% CPU
Optimizing NNI: done in 0.0022671 secs using 364.5% CPU
Optimizing NNI: done in 0.00157123 secs using 290.9% CPU
Optimizing NNI: done in 0.00325804 secs using 376.3% CPU
Optimizing NNI: done in 0.00284931 secs using 415.7% CPU
Optimizing NNI: done in 0.00451457 secs using 432.1% CPU
Optimizing NNI: done in 0.00306693 secs using 393.3% CPU
Optimizing NNI: done in 0.00354017 secs using 354.2% CPU
Optimizing NNI: done in 0.00556413 secs using 405.5% CPU
Optimizing NNI: done in 0.00375557 secs using 419.5% CPU
Optimizing NNI: done in 0.00393968 secs using 404.6% CPU
Optimizing NNI: done in 0.00317215 secs using 383% CPU
Optimizing NNI: done in 0.00235566 secs using 481.9% CPU
Optimizing NNI: done in 0.00407281 secs using 394.6% CPU
Optimizing NNI: done in 0.0022837 secs using 362.7% CPU
Optimizing NNI: done in 0.00238503 secs using 351.5% CPU
Optimizing NNI: done in 0.00322479 secs using 472.1% CPU
Optimizing NNI: done in 0.00443193 secs using 438.4% CPU
Optimizing NNI: done in 0.00367472 secs using 426.5% CPU
Optimizing NNI: done in 0.00239977 secs using 349.9% CPU
Optimizing NNI: done in 0.00228225 secs using 362.8% CPU
Optimizing NNI: done in 0.00448005 secs using 367.8% CPU
Optimizing NNI: done in 0.00366803 secs using 345.3% CPU
Optimizing NNI: done in 0.00292205 secs using 407.9% CPU
Optimizing NNI: done in 0.00311971 secs using 388.4% CPU
Optimizing NNI: done in 0.00226522 secs using 497.1% CPU
Optimizing NNI: done in 0.00281724 secs using 419.3% CPU
Optimizing NNI: done in 0.00151223 secs using 496.5% CPU
Optimizing NNI: done in 0.004259 secs using 452.1% CPU
Optimizing NNI: done in 0.0110598 secs using 398.4% CPU
Optimizing NNI: done in 0.00395318 secs using 378.4% CPU
Optimizing NNI: done in 0.0031055 secs using 389.6% CPU
Optimizing NNI: done in 0.00388963 secs using 408.4% CPU
Optimizing NNI: done in 0.00686792 secs using 391.1% CPU
Optimizing NNI: done in 0.0036318 secs using 430.3% CPU
Optimizing NNI: done in 0.00684925 secs using 406.6% CPU
Optimizing NNI: done in 0.00380072 secs using 415.6% CPU
Optimizing NNI: done in 0.00377709 secs using 417.3% CPU
Optimizing NNI: done in 0.00235995 secs using 354.2% CPU
Optimizing NNI: done in 0.00698095 secs using 400.8% CPU
Optimizing NNI: done in 0.00459296 secs using 361.2% CPU
Optimizing NNI: done in 0.00311841 secs using 388.5% CPU
Optimizing NNI: done in 0.00319538 secs using 381.6% CPU
Optimizing NNI: done in 0.00373895 secs using 420.9% CPU
Optimizing NNI: done in 0.00233035 secs using 357.2% CPU
Optimizing NNI: done in 0.00655702 secs using 374.4% CPU
Optimizing NNI: done in 0.00225826 secs using 498.3% CPU
Optimizing NNI: done in 0.00345134 secs using 360.7% CPU
Optimizing NNI: done in 0.00225248 secs using 366.2% CPU
Optimizing NNI: done in 0.00462378 secs using 337.9% CPU
Optimizing NNI: done in 0.00348547 secs using 444.2% CPU
Optimizing NNI: done in 0.0026267 secs using 442.5% CPU
Optimizing NNI: done in 0.00229949 secs using 360.8% CPU
Optimizing NNI: done in 0.00387725 secs using 409.4% CPU
Optimizing NNI: done in 0.00349311 secs using 443.4% CPU
Optimizing NNI: done in 0.00360721 secs using 432.5% CPU
Optimizing NNI: done in 0.00245176 secs using 344.7% CPU
Optimizing NNI: done in 0.00229567 secs using 361.3% CPU
Optimizing NNI: done in 0.00418952 secs using 457.9% CPU
Optimizing NNI: done in 0.00235049 secs using 355% CPU
Optimizing NNI: done in 0.00355147 secs using 353.3% CPU
Optimizing NNI: done in 0.00229087 secs using 492.7% CPU
Optimizing NNI: done in 0.00285447 secs using 415.2% CPU
Optimizing NNI: done in 0.00242816 secs using 347% CPU
Optimizing NNI: done in 0.003031 secs using 396.8% CPU
Optimizing NNI: done in 0.00293913 secs using 406.1% CPU
Optimizing NNI: done in 0.00229936 secs using 491.3% CPU
Optimizing NNI: done in 0.00437096 secs using 374.5% CPU
Optimizing NNI: done in 0.00551467 secs using 372% CPU
Optimizing NNI: done in 0.00409258 secs using 390% CPU
Optimizing NNI: done in 0.00311331 secs using 388.9% CPU
Optimizing NNI: done in 0.0041361 secs using 390.1% CPU
Optimizing NNI: done in 0.00230672 secs using 359.9% CPU
Optimizing NNI: done in 0.00423492 secs using 454.2% CPU
Optimizing NNI: done in 0.0039561 secs using 403.3% CPU
Optimizing NNI: done in 0.00397798 secs using 325.7% CPU
Optimizing NNI: done in 0.00162515 secs using 469.1% CPU
Optimizing NNI: done in 0.00928852 secs using 390.6% CPU
Optimizing NNI: done in 0.00227954 secs using 494.6% CPU
Optimizing NNI: done in 0.0014969 secs using 300.3% CPU
Optimizing NNI: done in 0.00441585 secs using 439.6% CPU
500 samples done
Optimizing NNI: done in 0.00416409 secs using 388.2% CPU
Optimizing NNI: done in 0.00290082 secs using 410.3% CPU
Optimizing NNI: done in 0.00292023 secs using 408.1% CPU
Optimizing NNI: done in 0.00361063 secs using 349.2% CPU
Optimizing NNI: done in 0.00379765 secs using 415.9% CPU
Optimizing NNI: done in 0.00329253 secs using 373.3% CPU
Optimizing NNI: done in 0.00489716 secs using 406.3% CPU
Optimizing NNI: done in 0.00342792 secs using 362.5% CPU
Optimizing NNI: done in 0.00229859 secs using 360.9% CPU
Optimizing NNI: done in 0.00288996 secs using 411.3% CPU
Optimizing NNI: done in 0.00346 secs using 360.1% CPU
Optimizing NNI: done in 0.00150268 secs using 499% CPU
Optimizing NNI: done in 0.00241072 secs using 348.8% CPU
Optimizing NNI: done in 0.0030661 secs using 393.5% CPU
Optimizing NNI: done in 0.00319713 secs using 475.3% CPU
Optimizing NNI: done in 0.00156748 secs using 482.6% CPU
Optimizing NNI: done in 0.00308946 secs using 391.2% CPU
Optimizing NNI: done in 0.00236358 secs using 353.7% CPU
Optimizing NNI: done in 0.00386343 secs using 410.6% CPU
Optimizing NNI: done in 0.00143191 secs using 449.3% CPU
Optimizing NNI: done in 0.00533045 secs using 381.3% CPU
Optimizing NNI: done in 0.00437104 secs using 372.5% CPU
Optimizing NNI: done in 0.00154856 secs using 293.6% CPU
Optimizing NNI: done in 0.00237641 secs using 478.5% CPU
Optimizing NNI: done in 0.00370059 secs using 343.1% CPU
Optimizing NNI: done in 0.00153029 secs using 492% CPU
Optimizing NNI: done in 0.00297424 secs using 402.5% CPU
Optimizing NNI: done in 0.0032055 secs using 380.6% CPU
Optimizing NNI: done in 0.00366357 secs using 427.5% CPU
Optimizing NNI: done in 0.00486514 secs using 408.3% CPU
Optimizing NNI: done in 0.00239175 secs using 350.7% CPU
Optimizing NNI: done in 0.00366601 secs using 427.2% CPU
Optimizing NNI: done in 0.00424569 secs using 382% CPU
Optimizing NNI: done in 0.00302759 secs using 396.5% CPU
Optimizing NNI: done in 0.00220091 secs using 508.7% CPU
Optimizing NNI: done in 0.0032021 secs using 349.8% CPU
Optimizing NNI: done in 0.00355776 secs using 352.8% CPU
Optimizing NNI: done in 0.0114915 secs using 413.3% CPU
Optimizing NNI: done in 0.00231799 secs using 358.8% CPU
Optimizing NNI: done in 0.00471347 secs using 418.2% CPU
Optimizing NNI: done in 0.00297003 secs using 402.5% CPU
Optimizing NNI: done in 0.00223713 secs using 368.1% CPU
Optimizing NNI: done in 0.00233927 secs using 356.4% CPU
Optimizing NNI: done in 0.00576697 secs using 412.1% CPU
Optimizing NNI: done in 0.00155082 secs using 487.3% CPU
Optimizing NNI: done in 0.0036998 secs using 424.2% CPU
Optimizing NNI: done in 0.00286972 secs using 412.3% CPU
Optimizing NNI: done in 0.00491474 secs using 405.1% CPU
Optimizing NNI: done in 0.00240267 secs using 349.6% CPU
Optimizing NNI: done in 0.00316896 secs using 384% CPU
Optimizing NNI: done in 0.00437741 secs using 419.9% CPU
Optimizing NNI: done in 0.00239894 secs using 368% CPU
Optimizing NNI: done in 0.0037628 secs using 418.8% CPU
Optimizing NNI: done in 0.00331735 secs using 371.2% CPU
Optimizing NNI: done in 0.00307452 secs using 392.6% CPU
Optimizing NNI: done in 0.00153777 secs using 295% CPU
Optimizing NNI: done in 0.00549311 secs using 427.6% CPU
Optimizing NNI: done in 0.00341364 secs using 451.5% CPU
Optimizing NNI: done in 0.00212618 secs using 523% CPU
Optimizing NNI: done in 0.00221199 secs using 506.7% CPU
Optimizing NNI: done in 0.0015164 secs using 495.5% CPU
Optimizing NNI: done in 0.00351493 secs using 441.3% CPU
Optimizing NNI: done in 0.00230498 secs using 360.2% CPU
Optimizing NNI: done in 0.00848803 secs using 418% CPU
Optimizing NNI: done in 0.00262958 secs using 439.7% CPU
Optimizing NNI: done in 0.00378374 secs using 417.1% CPU
Optimizing NNI: done in 0.00505877 secs using 396.5% CPU
Optimizing NNI: done in 0.00356997 secs using 436.1% CPU
Optimizing NNI: done in 0.00156598 secs using 419.6% CPU
Optimizing NNI: done in 0.00144972 secs using 513.8% CPU
Optimizing NNI: done in 0.00297831 secs using 402.1% CPU
Optimizing NNI: done in 0.00463309 secs using 402.2% CPU
Optimizing NNI: done in 0.00523918 secs using 386.2% CPU
Optimizing NNI: done in 0.00326395 secs using 375.6% CPU
Optimizing NNI: done in 0.00452476 secs using 365.2% CPU
Optimizing NNI: done in 0.00375136 secs using 419.8% CPU
Optimizing NNI: done in 0.00143613 secs using 308.8% CPU
Optimizing NNI: done in 0.00329383 secs using 464.3% CPU
Optimizing NNI: done in 0.00524917 secs using 385.7% CPU
Optimizing NNI: done in 0.0030524 secs using 394.8% CPU
Optimizing NNI: done in 0.00309078 secs using 391.1% CPU
Optimizing NNI: done in 0.00382365 secs using 413.8% CPU
Optimizing NNI: done in 0.0036438 secs using 429.2% CPU
Optimizing NNI: done in 0.00158423 secs using 289.3% CPU
Optimizing NNI: done in 0.00257133 secs using 450% CPU
Optimizing NNI: done in 0.00425475 secs using 382% CPU
Optimizing NNI: done in 0.00203492 secs using 394.8% CPU
Optimizing NNI: done in 0.00397371 secs using 401.9% CPU
Optimizing NNI: done in 0.00286886 secs using 413.6% CPU
Optimizing NNI: done in 0.0052561 secs using 383.8% CPU
Optimizing NNI: done in 0.00566702 secs using 417.5% CPU
Optimizing NNI: done in 0.00273934 secs using 428.5% CPU
Optimizing NNI: done in 0.00149416 secs using 500.9% CPU
Optimizing NNI: done in 0.00427921 secs using 380.4% CPU
Optimizing NNI: done in 0.00239978 secs using 349% CPU
Optimizing NNI: done in 0.00248828 secs using 461.7% CPU
Optimizing NNI: done in 0.00322475 secs using 378.9% CPU
Optimizing NNI: done in 0.00248154 secs using 462.6% CPU
Optimizing NNI: done in 0.00236793 secs using 479.9% CPU
Optimizing NNI: done in 0.00260446 secs using 445.5% CPU
600 samples done
Optimizing NNI: done in 0.00505224 secs using 396.8% CPU
Optimizing NNI: done in 0.00336933 secs using 367.1% CPU
Optimizing NNI: done in 0.00352223 secs using 440.6% CPU
Optimizing NNI: done in 0.00313017 secs using 355.6% CPU
Optimizing NNI: done in 0.00243854 secs using 469% CPU
Optimizing NNI: done in 0.00613455 secs using 393.3% CPU
Optimizing NNI: done in 0.00419265 secs using 384.6% CPU
Optimizing NNI: done in 0.00374252 secs using 340.4% CPU
Optimizing NNI: done in 0.0032666 secs using 467.2% CPU
Optimizing NNI: done in 0.00324319 secs using 377.4% CPU
Optimizing NNI: done in 0.00452668 secs using 365% CPU
Optimizing NNI: done in 0.00520481 secs using 368.9% CPU
Optimizing NNI: done in 0.00250142 secs using 339.9% CPU
Optimizing NNI: done in 0.00399293 secs using 375.4% CPU
Optimizing NNI: done in 0.00343193 secs using 362.1% CPU
Optimizing NNI: done in 0.0024419 secs using 345% CPU
Optimizing NNI: done in 0.00175501 secs using 441.8% CPU
Optimizing NNI: done in 0.00236643 secs using 311.3% CPU
Optimizing NNI: done in 0.00313733 secs using 386.9% CPU
Optimizing NNI: done in 0.00374552 secs using 420.2% CPU
Optimizing NNI: done in 0.00265813 secs using 363.3% CPU
Optimizing NNI: done in 0.00351852 secs using 441% CPU
Optimizing NNI: done in 0.00341258 secs using 363.6% CPU
Optimizing NNI: done in 0.00161411 secs using 471.5% CPU
Optimizing NNI: done in 0.0037723 secs using 418.1% CPU
Optimizing NNI: done in 0.00647098 secs using 378.1% CPU
Optimizing NNI: done in 0.0024208 secs using 306.8% CPU
Optimizing NNI: done in 0.00387668 secs using 409.4% CPU
Optimizing NNI: done in 0.00670631 secs using 413.1% CPU
Optimizing NNI: done in 0.00580717 secs using 392.8% CPU
Optimizing NNI: done in 0.00391429 secs using 329.7% CPU
Optimizing NNI: done in 0.00343364 secs using 449.4% CPU
Optimizing NNI: done in 0.00217626 secs using 375.6% CPU
Optimizing NNI: done in 0.00421085 secs using 384.9% CPU
Optimizing NNI: done in 0.00156948 secs using 291.1% CPU
Optimizing NNI: done in 0.0031747 secs using 383.4% CPU
Optimizing NNI: done in 0.00366392 secs using 427.4% CPU
Optimizing NNI: done in 0.00285887 secs using 414.7% CPU
Optimizing NNI: done in 0.00379107 secs using 416.5% CPU
Optimizing NNI: done in 0.00351017 secs using 413.5% CPU
Optimizing NNI: done in 0.0024276 secs using 429.6% CPU
Optimizing NNI: done in 0.00237276 secs using 352.7% CPU
Optimizing NNI: done in 0.00393288 secs using 405.1% CPU
Optimizing NNI: done in 0.00296761 secs using 403.2% CPU
Optimizing NNI: done in 0.00815237 secs using 394.4% CPU
Optimizing NNI: done in 0.00161828 secs using 470.6% CPU
Optimizing NNI: done in 0.00246665 secs using 464.8% CPU
Optimizing NNI: done in 0.00392686 secs using 405.4% CPU
Optimizing NNI: done in 0.0040358 secs using 397.2% CPU
Optimizing NNI: done in 0.00373958 secs using 340.2% CPU
Optimizing NNI: done in 0.00381028 secs using 414.7% CPU
Optimizing NNI: done in 0.003923 secs using 405.9% CPU
Optimizing NNI: done in 0.00506065 secs using 376.4% CPU
Optimizing NNI: done in 0.00361639 secs using 427.6% CPU
Optimizing NNI: done in 0.00375994 secs using 418.4% CPU
Optimizing NNI: done in 0.0066908 secs using 413.8% CPU
Optimizing NNI: done in 0.00250777 secs using 339.7% CPU
Optimizing NNI: done in 0.00516526 secs using 390.4% CPU
Optimizing NNI: done in 0.00577434 secs using 394.3% CPU
Optimizing NNI: done in 0.00256896 secs using 450.3% CPU
Optimizing NNI: done in 0.00170735 secs using 451.4% CPU
Optimizing NNI: done in 0.00225961 secs using 365.5% CPU
Optimizing NNI: done in 0.00540238 secs using 377.6% CPU
Optimizing NNI: done in 0.00245942 secs using 343.9% CPU
Optimizing NNI: done in 0.0045994 secs using 339.1% CPU
Optimizing NNI: done in 0.00511526 secs using 354.2% CPU
Optimizing NNI: done in 0.00729471 secs using 428.9% CPU
Optimizing NNI: done in 0.00434501 secs using 445.1% CPU
Optimizing NNI: done in 0.00224194 secs using 367.5% CPU
Optimizing NNI: done in 0.0023793 secs using 478.2% CPU
Optimizing NNI: done in 0.00152501 secs using 296.5% CPU
Optimizing NNI: done in 0.00232367 secs using 358.1% CPU
Optimizing NNI: done in 0.00528229 secs using 440.7% CPU
Optimizing NNI: done in 0.00328437 secs using 373.9% CPU
Optimizing NNI: done in 0.00225421 secs using 321.6% CPU
Optimizing NNI: done in 0.00426069 secs using 428.7% CPU
Optimizing NNI: done in 0.00334641 secs using 367.5% CPU
Optimizing NNI: done in 0.00239081 secs using 476.3% CPU
Optimizing NNI: done in 0.00333059 secs using 370.1% CPU
Optimizing NNI: done in 0.00403575 secs using 397.3% CPU
Optimizing NNI: done in 0.0040626 secs using 395.3% CPU
Optimizing NNI: done in 0.00303175 secs using 396.8% CPU
Optimizing NNI: done in 0.00239104 secs using 392.7% CPU
Optimizing NNI: done in 0.00331659 secs using 371.2% CPU
Optimizing NNI: done in 0.00235438 secs using 482% CPU
Optimizing NNI: done in 0.00317276 secs using 446.8% CPU
Optimizing NNI: done in 0.00446806 secs using 435.6% CPU
Optimizing NNI: done in 0.00385584 secs using 411% CPU
Optimizing NNI: done in 0.00169623 secs using 276.7% CPU
Optimizing NNI: done in 0.00706778 secs using 393.2% CPU
Optimizing NNI: done in 0.00152707 secs using 492.6% CPU
Optimizing NNI: done in 0.00382952 secs using 333.4% CPU
Optimizing NNI: done in 0.00396097 secs using 402.7% CPU
Optimizing NNI: done in 0.00169755 secs using 276.6% CPU
Optimizing NNI: done in 0.00143646 secs using 517.4% CPU
Optimizing NNI: done in 0.00225588 secs using 365.8% CPU
Optimizing NNI: done in 0.00153737 secs using 294.8% CPU
Optimizing NNI: done in 0.00228102 secs using 362.8% CPU
Optimizing NNI: done in 0.00233133 secs using 357.2% CPU
Optimizing NNI: done in 0.00313125 secs using 387.3% CPU
700 samples done
Optimizing NNI: done in 0.00712334 secs using 380.7% CPU
Optimizing NNI: done in 0.0022396 secs using 367.8% CPU
Optimizing NNI: done in 0.00381799 secs using 414.2% CPU
Optimizing NNI: done in 0.001539 secs using 489.6% CPU
Optimizing NNI: done in 0.00240171 secs using 349.8% CPU
Optimizing NNI: done in 0.0036792 secs using 425.8% CPU
Optimizing NNI: done in 0.00229364 secs using 492.2% CPU
Optimizing NNI: done in 0.00407454 secs using 393.5% CPU
Optimizing NNI: done in 0.00315592 secs using 385.1% CPU
Optimizing NNI: done in 0.00234987 secs using 312.9% CPU
Optimizing NNI: done in 0.00372332 secs using 341.7% CPU
Optimizing NNI: done in 0.00337768 secs using 455.2% CPU
Optimizing NNI: done in 0.00551447 secs using 408.2% CPU
Optimizing NNI: done in 0.0051747 secs using 389.7% CPU
Optimizing NNI: done in 0.00230546 secs using 490.2% CPU
Optimizing NNI: done in 0.002251 secs using 366.5% CPU
Optimizing NNI: done in 0.00726425 secs using 430.3% CPU
Optimizing NNI: done in 0.00144936 secs using 306.8% CPU
Optimizing NNI: done in 0.00154543 secs using 488.1% CPU
Optimizing NNI: done in 0.00228758 secs using 362.2% CPU
Optimizing NNI: done in 0.00227212 secs using 364% CPU
Optimizing NNI: done in 0.0022922 secs using 361.7% CPU
Optimizing NNI: done in 0.00396484 secs using 402.5% CPU
Optimizing NNI: done in 0.0059491 secs using 352.1% CPU
Optimizing NNI: done in 0.00244957 secs using 467.3% CPU
Optimizing NNI: done in 0.00253418 secs using 455.1% CPU
Optimizing NNI: done in 0.00367281 secs using 426.7% CPU
Optimizing NNI: done in 0.00352135 secs using 355.5% CPU
Optimizing NNI: done in 0.00391828 secs using 405.5% CPU
Optimizing NNI: done in 0.00353603 secs using 439.3% CPU
Optimizing NNI: done in 0.00437379 secs using 374.3% CPU
Optimizing NNI: done in 0.00219142 secs using 373.7% CPU
Optimizing NNI: done in 0.00293266 secs using 406.8% CPU
Optimizing NNI: done in 0.00286344 secs using 309.5% CPU
Optimizing NNI: done in 0.00153729 secs using 490.2% CPU
Optimizing NNI: done in 0.00385685 secs using 385.2% CPU
Optimizing NNI: done in 0.00309646 secs using 390.6% CPU
Optimizing NNI: done in 0.00312145 secs using 356.2% CPU
Optimizing NNI: done in 0.00445612 secs using 436.5% CPU
Optimizing NNI: done in 0.00150172 secs using 233.1% CPU
Optimizing NNI: done in 0.00232694 secs using 486.6% CPU
Optimizing NNI: done in 0.00286079 secs using 414.4% CPU
Optimizing NNI: done in 0.00230207 secs using 360.6% CPU
Optimizing NNI: done in 0.00374242 secs using 420.5% CPU
Optimizing NNI: done in 0.0045442 secs using 362.7% CPU
Optimizing NNI: done in 0.00279333 secs using 422.1% CPU
Optimizing NNI: done in 0.00582793 secs using 391.7% CPU
Optimizing NNI: done in 0.00237152 secs using 479.3% CPU
Optimizing NNI: done in 0.00451978 secs using 409.7% CPU
Optimizing NNI: done in 0.00362255 secs using 431.2% CPU
Optimizing NNI: done in 0.00356941 secs using 351.9% CPU
Optimizing NNI: done in 0.00250037 secs using 339.9% CPU
Optimizing NNI: done in 0.00439815 secs using 440.9% CPU
Optimizing NNI: done in 0.00358481 secs using 351% CPU
Optimizing NNI: done in 0.00352565 secs using 440.2% CPU
Optimizing NNI: done in 0.00403054 secs using 397.7% CPU
Optimizing NNI: done in 0.00234011 secs using 356.2% CPU
Optimizing NNI: done in 0.00593184 secs using 386.6% CPU
Optimizing NNI: done in 0.00306661 secs using 393.4% CPU
Optimizing NNI: done in 0.00386189 secs using 410.7% CPU
Optimizing NNI: done in 0.00603409 secs using 398.2% CPU
Optimizing NNI: done in 0.00543057 secs using 413.1% CPU
Optimizing NNI: done in 0.00262175 secs using 443.2% CPU
Optimizing NNI: done in 0.00269848 secs using 432.8% CPU
Optimizing NNI: done in 0.00165429 secs using 462.6% CPU
Optimizing NNI: done in 0.003436 secs using 449.2% CPU
Optimizing NNI: done in 0.00149468 secs using 297.1% CPU
Optimizing NNI: done in 0.00580903 secs using 409.5% CPU
Optimizing NNI: done in 0.00472037 secs using 417.7% CPU
Optimizing NNI: done in 0.00418469 secs using 386.8% CPU
Optimizing NNI: done in 0.00437062 secs using 374.5% CPU
Optimizing NNI: done in 0.00293173 secs using 406.9% CPU
Optimizing NNI: done in 0.00405791 secs using 395.6% CPU
Optimizing NNI: done in 0.00425405 secs using 382% CPU
Optimizing NNI: done in 0.00641301 secs using 380.6% CPU
Optimizing NNI: done in 0.00573141 secs using 396.6% CPU
Optimizing NNI: done in 0.00405059 secs using 421% CPU
Optimizing NNI: done in 0.00359137 secs using 350.3% CPU
Optimizing NNI: done in 0.00388449 secs using 408.8% CPU
Optimizing NNI: done in 0.00429405 secs using 379.4% CPU
Optimizing NNI: done in 0.0058921 secs using 405.4% CPU
Optimizing NNI: done in 0.00497169 secs using 401.6% CPU
Optimizing NNI: done in 0.00158315 secs using 478.7% CPU
Optimizing NNI: done in 0.00743768 secs using 382.3% CPU
Optimizing NNI: done in 0.00187664 secs using 259.6% CPU
Optimizing NNI: done in 0.00299548 secs using 400.4% CPU
Optimizing NNI: done in 0.00249447 secs using 460.6% CPU
Optimizing NNI: done in 0.00652608 secs using 375.8% CPU
Optimizing NNI: done in 0.00380919 secs using 336.1% CPU
Optimizing NNI: done in 0.00596735 secs using 401.6% CPU
Optimizing NNI: done in 0.00423192 secs using 383.5% CPU
Optimizing NNI: done in 0.0037372 secs using 421.1% CPU
Optimizing NNI: done in 0.0032454 secs using 377.3% CPU
Optimizing NNI: done in 0.00325516 secs using 376.4% CPU
Optimizing NNI: done in 0.00484215 secs using 409.8% CPU
Optimizing NNI: done in 0.00563607 secs using 419.3% CPU
Optimizing NNI: done in 0.00238683 secs using 351.1% CPU
Optimizing NNI: done in 0.00399799 secs using 400.1% CPU
Optimizing NNI: done in 0.00298371 secs using 401.5% CPU
Optimizing NNI: done in 0.00223445 secs using 368.3% CPU
800 samples done
Optimizing NNI: done in 0.00389464 secs using 382.4% CPU
Optimizing NNI: done in 0.00369575 secs using 370.6% CPU
Optimizing NNI: done in 0.00235691 secs using 354.3% CPU
Optimizing NNI: done in 0.00234016 secs using 356.3% CPU
Optimizing NNI: done in 0.00147536 secs using 303.2% CPU
Optimizing NNI: done in 0.00296446 secs using 403.5% CPU
Optimizing NNI: done in 0.00223335 secs using 368.5% CPU
Optimizing NNI: done in 0.00374253 secs using 420.6% CPU
Optimizing NNI: done in 0.0034516 secs using 360.7% CPU
Optimizing NNI: done in 0.00226648 secs using 497% CPU
Optimizing NNI: done in 0.00457921 secs using 362.2% CPU
Optimizing NNI: done in 0.00419243 secs using 386.1% CPU
Optimizing NNI: done in 0.00302795 secs using 397.2% CPU
Optimizing NNI: done in 0.00476858 secs using 372.4% CPU
Optimizing NNI: done in 0.00237307 secs using 310.7% CPU
Optimizing NNI: done in 0.00242203 secs using 347.6% CPU
Optimizing NNI: done in 0.00637779 secs using 380.1% CPU
Optimizing NNI: done in 0.00352607 secs using 355.1% CPU
Optimizing NNI: done in 0.00398804 secs using 400.8% CPU
Optimizing NNI: done in 0.00163531 secs using 466.8% CPU
Optimizing NNI: done in 0.00569455 secs using 416% CPU
Optimizing NNI: done in 0.0040791 secs using 394% CPU
Optimizing NNI: done in 0.00146898 secs using 508.2% CPU
Optimizing NNI: done in 0.00584227 secs using 408% CPU
Optimizing NNI: done in 0.00226967 secs using 364.2% CPU
Optimizing NNI: done in 0.00511714 secs using 373.5% CPU
Optimizing NNI: done in 0.00324096 secs using 377.6% CPU
Optimizing NNI: done in 0.0048231 secs using 410.9% CPU
Optimizing NNI: done in 0.00325197 secs using 376.7% CPU
Optimizing NNI: done in 0.00369866 secs using 424.3% CPU
Optimizing NNI: done in 0.00224073 secs using 323.1% CPU
Optimizing NNI: done in 0.0035 secs using 442.7% CPU
Optimizing NNI: done in 0.00223035 secs using 369% CPU
Optimizing NNI: done in 0.00246811 secs using 464.5% CPU
Optimizing NNI: done in 0.00503056 secs using 398.1% CPU
Optimizing NNI: done in 0.00394747 secs using 403.9% CPU
Optimizing NNI: done in 0.00141195 secs using 312.4% CPU
Optimizing NNI: done in 0.00238354 secs using 351.5% CPU
Optimizing NNI: done in 0.00337207 secs using 455.7% CPU
Optimizing NNI: done in 0.00367886 secs using 344.5% CPU
Optimizing NNI: done in 0.00319761 secs using 381.4% CPU
Optimizing NNI: done in 0.00391861 secs using 406.1% CPU
Optimizing NNI: done in 0.0024008 secs using 392.2% CPU
Optimizing NNI: done in 0.00521213 secs using 387.7% CPU
Optimizing NNI: done in 0.00461769 secs using 359.9% CPU
Optimizing NNI: done in 0.00345741 secs using 360.2% CPU
Optimizing NNI: done in 0.00815383 secs using 382.1% CPU
Optimizing NNI: done in 0.00144211 secs using 515.9% CPU
Optimizing NNI: done in 0.00347927 secs using 329.9% CPU
Optimizing NNI: done in 0.00307396 secs using 392.7% CPU
Optimizing NNI: done in 0.00361336 secs using 349% CPU
Optimizing NNI: done in 0.00153798 secs using 489.9% CPU
Optimizing NNI: done in 0.00316354 secs using 384.4% CPU
Optimizing NNI: done in 0.00781363 secs using 407.1% CPU
Optimizing NNI: done in 0.00377578 secs using 338.3% CPU
Optimizing NNI: done in 0.00472311 secs using 353.9% CPU
Optimizing NNI: done in 0.00395306 secs using 403.4% CPU
Optimizing NNI: done in 0.00294047 secs using 406% CPU
Optimizing NNI: done in 0.00383561 secs using 412.7% CPU
Optimizing NNI: done in 0.00424794 secs using 381.9% CPU
Optimizing NNI: done in 0.00153743 secs using 295% CPU
Optimizing NNI: done in 0.00258128 secs using 448.5% CPU
Optimizing NNI: done in 0.00355746 secs using 437.2% CPU
Optimizing NNI: done in 0.00545351 secs using 375% CPU
Optimizing NNI: done in 0.00336173 secs using 308.2% CPU
Optimizing NNI: done in 0.00378054 secs using 417.3% CPU
Optimizing NNI: done in 0.00407833 secs using 394.2% CPU
Optimizing NNI: done in 0.0104663 secs using 367.5% CPU
Optimizing NNI: done in 0.00289918 secs using 410.3% CPU
Optimizing NNI: done in 0.00339037 secs using 453.9% CPU
Optimizing NNI: done in 0.0049459 secs using 403.2% CPU
Optimizing NNI: done in 0.00254651 secs using 335.6% CPU
Optimizing NNI: done in 0.0052085 secs using 387.9% CPU
Optimizing NNI: done in 0.00380523 secs using 415.2% CPU
Optimizing NNI: done in 0.00178714 secs using 267.7% CPU
Optimizing NNI: done in 0.00194445 secs using 408.4% CPU
Optimizing NNI: done in 0.00420833 secs using 385.1% CPU
Optimizing NNI: done in 0.00288845 secs using 411.5% CPU
Optimizing NNI: done in 0.00359663 secs using 433.5% CPU
Optimizing NNI: done in 0.00591839 secs using 404.1% CPU
Optimizing NNI: done in 0.00295295 secs using 402.6% CPU
Optimizing NNI: done in 0.00397956 secs using 401.6% CPU
Optimizing NNI: done in 0.00409478 secs using 466.2% CPU
Optimizing NNI: done in 0.00366883 secs using 345.2% CPU
Optimizing NNI: done in 0.0014829 secs using 302.2% CPU
Optimizing NNI: done in 0.00229518 secs using 491.9% CPU
Optimizing NNI: done in 0.00226228 secs using 365.1% CPU
Optimizing NNI: done in 0.00503264 secs using 398% CPU
Optimizing NNI: done in 0.00325377 secs using 468.6% CPU
Optimizing NNI: done in 0.00226726 secs using 364.5% CPU
Optimizing NNI: done in 0.00547058 secs using 374.1% CPU
Optimizing NNI: done in 0.00610705 secs using 393.8% CPU
Optimizing NNI: done in 0.00391159 secs using 355.8% CPU
Optimizing NNI: done in 0.00156873 secs using 482.2% CPU
Optimizing NNI: done in 0.0024002 secs using 349.5% CPU
Optimizing NNI: done in 0.00416841 secs using 387.8% CPU
Optimizing NNI: done in 0.00496474 secs using 381.9% CPU
Optimizing NNI: done in 0.00355106 secs using 325.2% CPU
Optimizing NNI: done in 0.00240145 secs using 349.7% CPU
Optimizing NNI: done in 0.00164208 secs using 465.2% CPU
900 samples done
Optimizing NNI: done in 0.00394326 secs using 404.3% CPU
Optimizing NNI: done in 0.00278642 secs using 422.9% CPU
Optimizing NNI: done in 0.00156041 secs using 291.8% CPU
Optimizing NNI: done in 0.00239078 secs using 350.7% CPU
Optimizing NNI: done in 0.00394083 secs using 404.4% CPU
Optimizing NNI: done in 0.00378985 secs using 390.3% CPU
Optimizing NNI: done in 0.00316527 secs using 384.2% CPU
Optimizing NNI: done in 0.00373188 secs using 421.4% CPU
Optimizing NNI: done in 0.0044289 secs using 438.6% CPU
Optimizing NNI: done in 0.00767255 secs using 373.7% CPU
Optimizing NNI: done in 0.00173984 secs using 272.6% CPU
Optimizing NNI: done in 0.00356123 secs using 436.9% CPU
Optimizing NNI: done in 0.00648682 secs using 377.4% CPU
Optimizing NNI: done in 0.00221258 secs using 370.9% CPU
Optimizing NNI: done in 0.00174008 secs using 444.6% CPU
Optimizing NNI: done in 0.00389147 secs using 408.1% CPU
Optimizing NNI: done in 0.00418683 secs using 386.5% CPU
Optimizing NNI: done in 0.00380008 secs using 415.5% CPU
Optimizing NNI: done in 0.00242061 secs using 471.7% CPU
Optimizing NNI: done in 0.00568309 secs using 416.7% CPU
Optimizing NNI: done in 0.00189389 secs using 416.7% CPU
Optimizing NNI: done in 0.00274806 secs using 427.4% CPU
Optimizing NNI: done in 0.00304002 secs using 396% CPU
Optimizing NNI: done in 0.00357235 secs using 435.8% CPU
Optimizing NNI: done in 0.00362802 secs using 348.1% CPU
Optimizing NNI: done in 0.0024525 secs using 344.4% CPU
Optimizing NNI: done in 0.00372019 secs using 422.5% CPU
Optimizing NNI: done in 0.00362858 secs using 430.6% CPU
Optimizing NNI: done in 0.0030303 secs using 397% CPU
Optimizing NNI: done in 0.00363867 secs using 429.7% CPU
Optimizing NNI: done in 0.00380359 secs using 415.4% CPU
Optimizing NNI: done in 0.00277175 secs using 424.6% CPU
Optimizing NNI: done in 0.00217894 secs using 329.4% CPU
Optimizing NNI: done in 0.00376398 secs using 338.6% CPU
Optimizing NNI: done in 0.0036905 secs using 425.1% CPU
Optimizing NNI: done in 0.0022528 secs using 366.2% CPU
Optimizing NNI: done in 0.00359572 secs using 350.3% CPU
Optimizing NNI: done in 0.00370177 secs using 424.1% CPU
Optimizing NNI: done in 0.00230474 secs using 490.4% CPU
Optimizing NNI: done in 0.00418959 secs using 386.4% CPU
Optimizing NNI: done in 0.00252996 secs using 337.2% CPU
Optimizing NNI: done in 0.004047 secs using 395.7% CPU
Optimizing NNI: done in 0.00928704 secs using 380% CPU
Optimizing NNI: done in 0.00264683 secs using 439.9% CPU
Optimizing NNI: done in 0.00332963 secs using 370.3% CPU
Optimizing NNI: done in 0.00384061 secs using 412.4% CPU
Optimizing NNI: done in 0.00680679 secs using 364.3% CPU
Optimizing NNI: done in 0.00244056 secs using 345.8% CPU
Optimizing NNI: done in 0.00251997 secs using 457.1% CPU
Optimizing NNI: done in 0.00587918 secs using 406.1% CPU
Optimizing NNI: done in 0.00352633 secs using 355% CPU
Optimizing NNI: done in 0.00372727 secs using 421.9% CPU
Optimizing NNI: done in 0.00421905 secs using 384.4% CPU
Optimizing NNI: done in 0.00229722 secs using 491.5% CPU
Optimizing NNI: done in 0.00491494 secs using 405% CPU
Optimizing NNI: done in 0.00294814 secs using 405.2% CPU
Optimizing NNI: done in 0.00223522 secs using 368.5% CPU
Optimizing NNI: done in 0.00349937 secs using 357.1% CPU
Optimizing NNI: done in 0.00481388 secs using 411.5% CPU
Optimizing NNI: done in 0.00543047 secs using 431.4% CPU
Optimizing NNI: done in 0.00301019 secs using 398.9% CPU
Optimizing NNI: done in 0.00308714 secs using 391.5% CPU
Optimizing NNI: done in 0.00338592 secs using 453.3% CPU
Optimizing NNI: done in 0.00526762 secs using 384.7% CPU
Optimizing NNI: done in 0.00279045 secs using 422.4% CPU
Optimizing NNI: done in 0.00351177 secs using 441.6% CPU
Optimizing NNI: done in 0.00471065 secs using 418.4% CPU
Optimizing NNI: done in 0.00246767 secs using 464.5% CPU
Optimizing NNI: done in 0.00327691 secs using 374.6% CPU
Optimizing NNI: done in 0.00237763 secs using 352.1% CPU
Optimizing NNI: done in 0.00432626 secs using 446.7% CPU
Optimizing NNI: done in 0.00238493 secs using 477.3% CPU
Optimizing NNI: done in 0.00257403 secs using 333.1% CPU
Optimizing NNI: done in 0.0029853 secs using 401.3% CPU
Optimizing NNI: done in 0.00408673 secs using 393.6% CPU
Optimizing NNI: done in 0.00238559 secs using 351.4% CPU
Optimizing NNI: done in 0.00467734 secs using 420.6% CPU
Optimizing NNI: done in 0.00217107 secs using 374.9% CPU
Optimizing NNI: done in 0.00237486 secs using 352.4% CPU
Optimizing NNI: done in 0.00321339 secs using 378.5% CPU
Optimizing NNI: done in 0.00382036 secs using 414% CPU
Optimizing NNI: done in 0.003749 secs using 420% CPU
Optimizing NNI: done in 0.00398002 secs using 376.5% CPU
Optimizing NNI: done in 0.00417187 secs using 363.5% CPU
Optimizing NNI: done in 0.00303412 secs using 396.5% CPU
Optimizing NNI: done in 0.00736448 secs using 385.2% CPU
Optimizing NNI: done in 0.00451707 secs using 432% CPU
Optimizing NNI: done in 0.00249186 secs using 461.1% CPU
Optimizing NNI: done in 0.00642364 secs using 364.6% CPU
Optimizing NNI: done in 0.00153515 secs using 490.6% CPU
Optimizing NNI: done in 0.00796308 secs using 401.4% CPU
Optimizing NNI: done in 0.00393057 secs using 405.2% CPU
Optimizing NNI: done in 0.00251639 secs using 338.3% CPU
Optimizing NNI: done in 0.00238131 secs using 351.8% CPU
Optimizing NNI: done in 0.00449615 secs using 433.5% CPU
Optimizing NNI: done in 0.00221483 secs using 370.7% CPU
Optimizing NNI: done in 0.00285788 secs using 414.8% CPU
Optimizing NNI: done in 0.00310192 secs using 390.1% CPU
Optimizing NNI: done in 0.00257272 secs using 333.1% CPU
Optimizing NNI: done in 0.00149392 secs using 300.7% CPU
1000 samples done
Total 901 ufboot trees refined
TREE SEARCH COMPLETED AFTER 112 ITERATIONS / Time: 0h:0m:37s

--------------------------------------------------------------------
|                    FINALIZING TREE SEARCH                        |
--------------------------------------------------------------------
Performs final model parameters optimization
Estimate model parameters (epsilon = 0.010)
1. Initial log-likelihood: -782.061
Optimal log-likelihood: -782.061
Gamma shape alpha: 0.342
Parameters optimization took 1 rounds (0.005 sec)
BEST SCORE FOUND : -782.061
Creating bootstrap support values...
Split supports printed to NEXUS file 10_alignment_files/part3_alignment.afa.splits.nex
Total tree length: 0.529

Total number of iterations: 112
CPU time used for tree search: 47.115 sec (0h:0m:47s)
Wall-clock time used for tree search: 11.870 sec (0h:0m:11s)
Total CPU time used: 115.551 sec (0h:1m:55s)
Total wall-clock time used: 37.754 sec (0h:0m:37s)
UFBoot trees printed to 10_alignment_files/part3_alignment.afa.ufboot

Computing bootstrap consensus tree...
Reading input file 10_alignment_files/part3_alignment.afa.splits.nex...
12 taxa and 94 splits.
Consensus tree written to 10_alignment_files/part3_alignment.afa.contree
Reading input trees file 10_alignment_files/part3_alignment.afa.contree
Log-likelihood of consensus tree: -782.062

Analysis results written to: 
  IQ-TREE report:                10_alignment_files/part3_alignment.afa.iqtree
  Maximum-likelihood tree:       10_alignment_files/part3_alignment.afa.treefile
  Likelihood distances:          10_alignment_files/part3_alignment.afa.mldist

Ultrafast bootstrap approximation results written to:
  Split support values:          10_alignment_files/part3_alignment.afa.splits.nex
  Consensus tree:                10_alignment_files/part3_alignment.afa.contree
  UFBoot trees:                  10_alignment_files/part3_alignment.afa.ufboot
  Screen log file:               10_alignment_files/part3_alignment.afa.log

Date and Time: Fri Nov 28 12:15:51 2025
